[0.010s] Invoking command in '/home/developer/aerostack2_ws/build/as2_motion_controller': AMENT_PREFIX_PATH=/home/developer/aerostack2_ws/install/as2_motion_reference_handlers:/home/developer/aerostack2_ws/install/as2_core:/home/developer/aerostack2_ws/install/as2_msgs:${AMENT_PREFIX_PATH} CMAKE_PREFIX_PATH=/home/developer/aerostack2_ws/install/as2_motion_reference_handlers:/home/developer/aerostack2_ws/install/as2_core:/home/developer/aerostack2_ws/install/as2_msgs:/opt/ros/humble LD_LIBRARY_PATH=/home/developer/aerostack2_ws/install/as2_motion_reference_handlers/lib:/home/developer/aerostack2_ws/install/as2_core/lib:/home/developer/aerostack2_ws/install/as2_msgs/lib:${LD_LIBRARY_PATH} PYTHONPATH=/home/developer/aerostack2_ws/install/as2_motion_reference_handlers/local/lib/python3.10/dist-packages:/home/developer/aerostack2_ws/install/as2_core/local/lib/python3.10/dist-packages:/home/developer/aerostack2_ws/install/as2_msgs/local/lib/python3.10/dist-packages:${PYTHONPATH} /usr/bin/cmake /home/developer/aerostack2_ws/src/aerostack2-tcc_lucca/as2_motion_controller -DAMENT_CMAKE_SYMLINK_INSTALL=1 -DCMAKE_INSTALL_PREFIX=/home/developer/aerostack2_ws/install/as2_motion_controller
[0.049s] -- The C compiler identification is GNU 11.4.0
[0.085s] -- The CXX compiler identification is GNU 11.4.0
[0.090s] -- Detecting C compiler ABI info
[0.137s] -- Detecting C compiler ABI info - done
[0.144s] -- Check for working C compiler: /usr/bin/cc - skipped
[0.144s] -- Detecting C compile features
[0.144s] -- Detecting C compile features - done
[0.146s] -- Detecting CXX compiler ABI info
[0.204s] -- Detecting CXX compiler ABI info - done
[0.208s] -- Check for working CXX compiler: /usr/bin/c++ - skipped
[0.209s] -- Detecting CXX compile features
[0.209s] -- Detecting CXX compile features - done
[0.211s] -- Found ament_cmake: 1.3.14 (/opt/ros/humble/share/ament_cmake/cmake)
[0.318s] -- Found Python3: /usr/bin/python3 (found version "3.10.12") found components: Interpreter 
[0.359s] -- Override CMake install command with custom implementation using symlinks instead of copying resources
[0.381s] -- Found rclcpp: 16.0.19 (/opt/ros/humble/share/rclcpp/cmake)
[0.411s] -- Found rosidl_generator_c: 3.1.8 (/opt/ros/humble/share/rosidl_generator_c/cmake)
[0.414s] -- Found rosidl_adapter: 3.1.8 (/opt/ros/humble/share/rosidl_adapter/cmake)
[0.420s] -- Found rosidl_generator_cpp: 3.1.8 (/opt/ros/humble/share/rosidl_generator_cpp/cmake)
[0.427s] -- Using all available rosidl_typesupport_c: rosidl_typesupport_fastrtps_c;rosidl_typesupport_introspection_c
[0.437s] -- Using all available rosidl_typesupport_cpp: rosidl_typesupport_fastrtps_cpp;rosidl_typesupport_introspection_cpp
[0.465s] -- Found rmw_implementation_cmake: 6.1.2 (/opt/ros/humble/share/rmw_implementation_cmake/cmake)
[0.466s] -- Found rmw_fastrtps_cpp: 6.2.10 (/opt/ros/humble/share/rmw_fastrtps_cpp/cmake)
[0.530s] -- Found OpenSSL: /usr/lib/x86_64-linux-gnu/libcrypto.so (found version "3.0.2")  
[0.556s] -- Found FastRTPS: /opt/ros/humble/include  
[0.592s] -- Using RMW implementation 'rmw_fastrtps_cpp' as default
[0.599s] -- Looking for pthread.h
[0.656s] -- Looking for pthread.h - found
[0.656s] -- Performing Test CMAKE_HAVE_LIBC_PTHREAD
[0.710s] -- Performing Test CMAKE_HAVE_LIBC_PTHREAD - Success
[0.711s] -- Found Threads: TRUE  
[0.742s] -- Found pluginlib: 5.1.4 (/opt/ros/humble/share/pluginlib/cmake)
[0.763s] -- Found as2_core: 1.1.3 (/home/developer/aerostack2_ws/install/as2_core/share/as2_core/cmake)
[0.765s] -- Created yaml-cpp::yaml-cpp alias from yaml-cpp target
[0.766s] -- Created GeographicLib::GeographicLib target from legacy variables
[0.866s] -- Found eigen3_cmake_module: 0.1.1 (/opt/ros/humble/share/eigen3_cmake_module/cmake)
[0.866s] -- Found Eigen3: TRUE (found version "3.4.0") 
[0.866s] -- Ensuring Eigen3 include directory is part of orocos-kdl CMake target
[0.932s] -- Found as2_motion_reference_handlers: 1.1.3 (/home/developer/aerostack2_ws/install/as2_motion_reference_handlers/share/as2_motion_reference_handlers/cmake)
[0.967s] -- Found ament_cmake_gtest: 1.3.14 (/opt/ros/humble/share/ament_cmake_gtest/cmake)
[0.969s] -- Found gtest sources under '/opt/ros/humble/src/gtest_vendor': C++ tests using 'Google Test' will be built
[0.974s] -- pid_controller not found
[2.773s] -- Found GTest: /usr/lib/x86_64-linux-gnu/cmake/GTest/GTestConfig.cmake (found version "1.11.0")  
[2.776s] -- Found ament_cmake_gtest: 1.3.14 (/opt/ros/humble/share/ament_cmake_gtest/cmake)
[2.777s] -- Found gtest sources under '/opt/ros/humble/src/gtest_vendor': C++ tests using 'Google Test' will be built
[2.781s] -- Found ament_lint_auto: 0.12.15 (/opt/ros/humble/share/ament_lint_auto/cmake)
[2.836s] -- Found gtest sources under '/opt/ros/humble/src/gtest_vendor': C++ tests using 'Google Test' will be built
[2.841s] -- Added test 'copyright' to check source files copyright and LICENSE
[2.843s] -- Added test 'cppcheck' to perform static code analysis on C / C++ code
[2.844s] -- Configured cppcheck include dirs: /home/developer/aerostack2_ws/src/aerostack2-tcc_lucca/as2_motion_controller/include;/home/developer/aerostack2_ws/src/aerostack2-tcc_lucca/as2_motion_controller/include/as2_motion_controller;$<BUILD_INTERFACE:/home/developer/aerostack2_ws/src/aerostack2-tcc_lucca/as2_motion_controller/include>
[2.844s] -- Configured cppcheck exclude dirs and/or files: 
[2.846s] -- Added test 'cpplint' to check C / C++ code against the Google style
[2.846s] -- Configured cpplint exclude dirs and/or files: 
[2.846s] -- Added test 'flake8' to check Python code syntax and style conventions
[2.847s] -- Added test 'lint_cmake' to check CMake code style
[2.848s] -- Added test 'pep257' to check Python code against some of the docstring style conventions in PEP 257
[2.849s] -- Added test 'uncrustify' to check C / C++ code style
[2.850s] -- Configured uncrustify additional arguments: 
[2.850s] -- Added test 'xmllint' to check XML markup files
[2.851s] -- Configuring done
[2.905s] -- Generating done
[2.924s] -- Build files have been written to: /home/developer/aerostack2_ws/build/as2_motion_controller
[2.935s] Invoked command in '/home/developer/aerostack2_ws/build/as2_motion_controller' returned '0': AMENT_PREFIX_PATH=/home/developer/aerostack2_ws/install/as2_motion_reference_handlers:/home/developer/aerostack2_ws/install/as2_core:/home/developer/aerostack2_ws/install/as2_msgs:${AMENT_PREFIX_PATH} CMAKE_PREFIX_PATH=/home/developer/aerostack2_ws/install/as2_motion_reference_handlers:/home/developer/aerostack2_ws/install/as2_core:/home/developer/aerostack2_ws/install/as2_msgs:/opt/ros/humble LD_LIBRARY_PATH=/home/developer/aerostack2_ws/install/as2_motion_reference_handlers/lib:/home/developer/aerostack2_ws/install/as2_core/lib:/home/developer/aerostack2_ws/install/as2_msgs/lib:${LD_LIBRARY_PATH} PYTHONPATH=/home/developer/aerostack2_ws/install/as2_motion_reference_handlers/local/lib/python3.10/dist-packages:/home/developer/aerostack2_ws/install/as2_core/local/lib/python3.10/dist-packages:/home/developer/aerostack2_ws/install/as2_msgs/local/lib/python3.10/dist-packages:${PYTHONPATH} /usr/bin/cmake /home/developer/aerostack2_ws/src/aerostack2-tcc_lucca/as2_motion_controller -DAMENT_CMAKE_SYMLINK_INSTALL=1 -DCMAKE_INSTALL_PREFIX=/home/developer/aerostack2_ws/install/as2_motion_controller
[2.936s] Invoking command in '/home/developer/aerostack2_ws/build/as2_motion_controller': AMENT_PREFIX_PATH=/home/developer/aerostack2_ws/install/as2_motion_reference_handlers:/home/developer/aerostack2_ws/install/as2_core:/home/developer/aerostack2_ws/install/as2_msgs:${AMENT_PREFIX_PATH} CMAKE_PREFIX_PATH=/home/developer/aerostack2_ws/install/as2_motion_reference_handlers:/home/developer/aerostack2_ws/install/as2_core:/home/developer/aerostack2_ws/install/as2_msgs:/opt/ros/humble LD_LIBRARY_PATH=/home/developer/aerostack2_ws/install/as2_motion_reference_handlers/lib:/home/developer/aerostack2_ws/install/as2_core/lib:/home/developer/aerostack2_ws/install/as2_msgs/lib:${LD_LIBRARY_PATH} PYTHONPATH=/home/developer/aerostack2_ws/install/as2_motion_reference_handlers/local/lib/python3.10/dist-packages:/home/developer/aerostack2_ws/install/as2_core/local/lib/python3.10/dist-packages:/home/developer/aerostack2_ws/install/as2_msgs/local/lib/python3.10/dist-packages:${PYTHONPATH} /usr/bin/cmake --build /home/developer/aerostack2_ws/build/as2_motion_controller -- -j20 -l20
[2.978s] [  3%] [32m[1mLinking CXX shared library libas2_motion_controller_plugin_base.so[0m
[2.978s] [  6%] [32m[1mLinking CXX shared library libpid_controller.so[0m
[2.979s] [ 10%] [32mBuilding CXX object gtest/CMakeFiles/gtest_main.dir/src/gtest_main.cc.o[0m
[2.979s] [ 13%] [32mBuilding CXX object CMakeFiles/as2_motion_controller.dir/src/controller_manager.cpp.o[0m
[2.981s] [ 17%] [32mBuilding CXX object gtest/CMakeFiles/gtest.dir/src/gtest-all.cc.o[0m
[2.981s] [ 20%] [32mBuilding CXX object CMakeFiles/as2_motion_controller.dir/src/controller_handler.cpp.o[0m
[3.003s] [ 20%] Built target pid_controller
[3.019s] [ 24%] [32mBuilding CXX object _deps/pid_controller-build/tests/CMakeFiles/pid_controller_pid_1d_gtest.dir/pid_1d_test/pid_1d_gtest.cpp.o[0m
[3.019s] [ 27%] [32mBuilding CXX object _deps/pid_controller-build/tests/CMakeFiles/pid_controller_pid_gtest.dir/pid_test/pid_gtest.cpp.o[0m
[3.021s] [ 31%] [32mBuilding CXX object _deps/pid_controller-build/tests/CMakeFiles/pid_controller_saturate_output_gtest.dir/pid_test/saturate_output_gtest.cpp.o[0m
[3.033s] [ 31%] Built target as2_motion_controller_plugin_base
[3.538s] [ 34%] [32m[1mLinking CXX static library libgtest_main.a[0m
[3.566s] [ 34%] Built target gtest_main
[4.078s] [ 37%] [32m[1mLinking CXX executable pid_controller_saturate_output_gtest[0m
[4.152s] [ 37%] Built target pid_controller_saturate_output_gtest
[4.374s] [ 41%] [32m[1mLinking CXX executable pid_controller_pid_1d_gtest[0m
[4.443s] [ 41%] Built target pid_controller_pid_1d_gtest
[5.297s] [ 44%] [32m[1mLinking CXX executable pid_controller_pid_gtest[0m
[5.372s] [ 44%] Built target pid_controller_pid_gtest
[7.612s] [ 48%] [32m[1mLinking CXX static library libgtest.a[0m
[7.640s] [ 48%] Built target gtest
[21.287s] [ 51%] [32m[1mLinking CXX shared library libas2_motion_controller.so[0m
[21.525s] [ 51%] Built target as2_motion_controller
[21.539s] [ 55%] [32mBuilding CXX object plugins/differential_flatness_controller/CMakeFiles/differential_flatness_controller.dir/src/differential_flatness_controller.cpp.o[0m
[21.539s] [ 58%] [32mBuilding CXX object plugins/pid_speed_controller/CMakeFiles/pid_speed_controller.dir/src/pid_speed_controller.cpp.o[0m
[21.539s] [ 62%] [32mBuilding CXX object tests/CMakeFiles/as2_motion_controller_find_mode_match_test.dir/find_mode_match_test.cpp.o[0m
[21.540s] [ 65%] [32mBuilding CXX object tests/CMakeFiles/as2_motion_controller_as2_motion_controller_gtest.dir/as2_motion_controller_gtest.cpp.o[0m
[21.542s] [ 68%] [32mBuilding CXX object CMakeFiles/as2_motion_controller_node.dir/src/controller_manager_node.cpp.o[0m
[22.525s] [ 72%] [32m[1mLinking CXX executable as2_motion_controller_find_mode_match_test[0m
[22.631s] [ 72%] Built target as2_motion_controller_find_mode_match_test
[24.672s] [ 75%] [32m[1mLinking CXX executable as2_motion_controller_node[0m
[24.815s] [ 75%] Built target as2_motion_controller_node
[25.026s] [ 79%] [32m[1mLinking CXX shared library libdifferential_flatness_controller.so[0m
[25.157s] [ 79%] Built target differential_flatness_controller
[25.159s] [ 82%] [32m[1mLinking CXX executable as2_motion_controller_as2_motion_controller_gtest[0m
[25.175s] [ 86%] [32mBuilding CXX object plugins/differential_flatness_controller/tests/CMakeFiles/as2_motion_controller_differential_flatness_controller_gtest.dir/differential_flatness_controller_gtest.cpp.o[0m
[25.302s] [ 86%] Built target as2_motion_controller_as2_motion_controller_gtest
[25.364s] [ 89%] [32m[1mLinking CXX shared library libpid_speed_controller.so[0m
[25.491s] [ 89%] Built target pid_speed_controller
[25.507s] [ 93%] [32mBuilding CXX object plugins/pid_speed_controller/tests/CMakeFiles/as2_motion_controller_pid_speed_controller_gtest.dir/pid_speed_controller_gtest.cpp.o[0m
[29.093s] [ 96%] [32m[1mLinking CXX executable as2_motion_controller_differential_flatness_controller_gtest[0m
[29.238s] [ 96%] Built target as2_motion_controller_differential_flatness_controller_gtest
[29.629s] [100%] [32m[1mLinking CXX executable as2_motion_controller_pid_speed_controller_gtest[0m
[29.768s] [100%] Built target as2_motion_controller_pid_speed_controller_gtest
[29.776s] Invoked command in '/home/developer/aerostack2_ws/build/as2_motion_controller' returned '0': AMENT_PREFIX_PATH=/home/developer/aerostack2_ws/install/as2_motion_reference_handlers:/home/developer/aerostack2_ws/install/as2_core:/home/developer/aerostack2_ws/install/as2_msgs:${AMENT_PREFIX_PATH} CMAKE_PREFIX_PATH=/home/developer/aerostack2_ws/install/as2_motion_reference_handlers:/home/developer/aerostack2_ws/install/as2_core:/home/developer/aerostack2_ws/install/as2_msgs:/opt/ros/humble LD_LIBRARY_PATH=/home/developer/aerostack2_ws/install/as2_motion_reference_handlers/lib:/home/developer/aerostack2_ws/install/as2_core/lib:/home/developer/aerostack2_ws/install/as2_msgs/lib:${LD_LIBRARY_PATH} PYTHONPATH=/home/developer/aerostack2_ws/install/as2_motion_reference_handlers/local/lib/python3.10/dist-packages:/home/developer/aerostack2_ws/install/as2_core/local/lib/python3.10/dist-packages:/home/developer/aerostack2_ws/install/as2_msgs/local/lib/python3.10/dist-packages:${PYTHONPATH} /usr/bin/cmake --build /home/developer/aerostack2_ws/build/as2_motion_controller -- -j20 -l20
[29.777s] Invoking command in '/home/developer/aerostack2_ws/build/as2_motion_controller': AMENT_PREFIX_PATH=/home/developer/aerostack2_ws/install/as2_motion_reference_handlers:/home/developer/aerostack2_ws/install/as2_core:/home/developer/aerostack2_ws/install/as2_msgs:${AMENT_PREFIX_PATH} CMAKE_PREFIX_PATH=/home/developer/aerostack2_ws/install/as2_motion_reference_handlers:/home/developer/aerostack2_ws/install/as2_core:/home/developer/aerostack2_ws/install/as2_msgs:/opt/ros/humble LD_LIBRARY_PATH=/home/developer/aerostack2_ws/install/as2_motion_reference_handlers/lib:/home/developer/aerostack2_ws/install/as2_core/lib:/home/developer/aerostack2_ws/install/as2_msgs/lib:${LD_LIBRARY_PATH} PYTHONPATH=/home/developer/aerostack2_ws/install/as2_motion_reference_handlers/local/lib/python3.10/dist-packages:/home/developer/aerostack2_ws/install/as2_core/local/lib/python3.10/dist-packages:/home/developer/aerostack2_ws/install/as2_msgs/local/lib/python3.10/dist-packages:${PYTHONPATH} /usr/bin/cmake --install /home/developer/aerostack2_ws/build/as2_motion_controller
[29.783s] -- Install configuration: "Release"
[29.783s] -- Execute custom install script
[29.783s] -- Symlinking: /home/developer/aerostack2_ws/install/as2_motion_controller/lib/as2_motion_controller/as2_motion_controller_node
[29.791s] -- Symlinking: /home/developer/aerostack2_ws/install/as2_motion_controller/include/as2_motion_controller/controller_base.hpp
[29.797s] -- Symlinking: /home/developer/aerostack2_ws/install/as2_motion_controller/include/as2_motion_controller/controller_handler.hpp
[29.803s] -- Symlinking: /home/developer/aerostack2_ws/install/as2_motion_controller/include/as2_motion_controller/controller_manager.hpp
[29.809s] -- Symlinking: /home/developer/aerostack2_ws/install/as2_motion_controller/share/as2_motion_controller/environment/library_path.sh
[29.814s] -- Symlinking: /home/developer/aerostack2_ws/install/as2_motion_controller/share/as2_motion_controller/environment/library_path.dsv
[29.820s] -- Symlinking: /home/developer/aerostack2_ws/install/as2_motion_controller/include/differential_flatness_controller/differential_flatness_controller.hpp
[29.826s] -- Symlinking: /home/developer/aerostack2_ws/install/as2_motion_controller/include/pid_speed_controller/pid_speed_controller.hpp
[29.833s] -- Symlinking: /home/developer/aerostack2_ws/install/as2_motion_controller/share/as2_motion_controller//plugins.xml
[29.839s] -- Symlinking: /home/developer/aerostack2_ws/install/as2_motion_controller/share/as2_motion_controller/plugins/differential_flatness_controller/config/available_modes.yaml
[29.845s] -- Symlinking: /home/developer/aerostack2_ws/install/as2_motion_controller/share/as2_motion_controller/plugins/differential_flatness_controller/config/controller_default.yaml
[29.852s] -- Symlinking: /home/developer/aerostack2_ws/install/as2_motion_controller/share/as2_motion_controller/plugins/pid_speed_controller/config/available_modes.yaml
[29.858s] -- Symlinking: /home/developer/aerostack2_ws/install/as2_motion_controller/share/as2_motion_controller/plugins/pid_speed_controller/config/controller_default.yaml
[29.864s] -- Symlinking: /home/developer/aerostack2_ws/install/as2_motion_controller/share/as2_motion_controller/launch/controller_launch.py
[29.871s] -- Symlinking: /home/developer/aerostack2_ws/install/as2_motion_controller/share/as2_motion_controller/launch/differential_flatness_controller.launch.py
[29.878s] -- Symlinking: /home/developer/aerostack2_ws/install/as2_motion_controller/share/as2_motion_controller/launch/pid_speed_controller.launch.py
[29.885s] -- Symlinking: /home/developer/aerostack2_ws/install/as2_motion_controller/share/as2_motion_controller/config/motion_controller_default.yaml
[29.892s] -- Symlinking: /home/developer/aerostack2_ws/install/as2_motion_controller/share/ament_index/resource_index/package_run_dependencies/as2_motion_controller
[29.899s] -- Symlinking: /home/developer/aerostack2_ws/install/as2_motion_controller/share/ament_index/resource_index/parent_prefix_path/as2_motion_controller
[29.906s] -- Symlinking: /home/developer/aerostack2_ws/install/as2_motion_controller/share/as2_motion_controller/environment/ament_prefix_path.sh
[29.914s] -- Symlinking: /home/developer/aerostack2_ws/install/as2_motion_controller/share/as2_motion_controller/environment/ament_prefix_path.dsv
[29.921s] -- Symlinking: /home/developer/aerostack2_ws/install/as2_motion_controller/share/as2_motion_controller/environment/path.sh
[29.927s] -- Symlinking: /home/developer/aerostack2_ws/install/as2_motion_controller/share/as2_motion_controller/environment/path.dsv
[29.935s] -- Symlinking: /home/developer/aerostack2_ws/install/as2_motion_controller/share/as2_motion_controller/local_setup.bash
[29.940s] -- Symlinking: /home/developer/aerostack2_ws/install/as2_motion_controller/share/as2_motion_controller/local_setup.sh
[29.947s] -- Symlinking: /home/developer/aerostack2_ws/install/as2_motion_controller/share/as2_motion_controller/local_setup.zsh
[29.952s] -- Symlinking: /home/developer/aerostack2_ws/install/as2_motion_controller/share/as2_motion_controller/local_setup.dsv
[29.957s] -- Symlinking: /home/developer/aerostack2_ws/install/as2_motion_controller/share/as2_motion_controller/package.dsv
[29.962s] -- Symlinking: /home/developer/aerostack2_ws/install/as2_motion_controller/share/ament_index/resource_index/packages/as2_motion_controller
[29.966s] -- Symlinking: /home/developer/aerostack2_ws/install/as2_motion_controller/share/ament_index/resource_index/as2_motion_controller__pluginlib__plugin/as2_motion_controller
[29.972s] -- Symlinking: /home/developer/aerostack2_ws/install/as2_motion_controller/share/as2_motion_controller/cmake/ament_cmake_export_include_directories-extras.cmake
[29.977s] -- Symlinking: /home/developer/aerostack2_ws/install/as2_motion_controller/share/as2_motion_controller/cmake/ament_cmake_export_libraries-extras.cmake
[29.982s] -- Symlinking: /home/developer/aerostack2_ws/install/as2_motion_controller/share/as2_motion_controller/cmake/as2_motion_controllerConfig.cmake
[29.990s] -- Symlinking: /home/developer/aerostack2_ws/install/as2_motion_controller/share/as2_motion_controller/cmake/as2_motion_controllerConfig-version.cmake
[29.996s] -- Symlinking: /home/developer/aerostack2_ws/install/as2_motion_controller/share/as2_motion_controller/package.xml
[30.002s] -- Installing: /home/developer/aerostack2_ws/install/as2_motion_controller/lib/libas2_motion_controller.so
[30.006s] -- Set runtime path of "/home/developer/aerostack2_ws/install/as2_motion_controller/lib/libas2_motion_controller.so" to ""
[30.006s] -- Installing: /home/developer/aerostack2_ws/install/as2_motion_controller/lib/libas2_motion_controller_plugin_base.so
[30.006s] -- Set runtime path of "/home/developer/aerostack2_ws/install/as2_motion_controller/lib/libas2_motion_controller_plugin_base.so" to ""
[30.006s] -- Installing: /home/developer/aerostack2_ws/install/as2_motion_controller/lib/libdifferential_flatness_controller.so
[30.006s] -- Set runtime path of "/home/developer/aerostack2_ws/install/as2_motion_controller/lib/libdifferential_flatness_controller.so" to ""
[30.007s] -- Installing: /home/developer/aerostack2_ws/install/as2_motion_controller/lib/libpid_speed_controller.so
[30.007s] -- Set runtime path of "/home/developer/aerostack2_ws/install/as2_motion_controller/lib/libpid_speed_controller.so" to ""
[30.008s] Invoked command in '/home/developer/aerostack2_ws/build/as2_motion_controller' returned '0': AMENT_PREFIX_PATH=/home/developer/aerostack2_ws/install/as2_motion_reference_handlers:/home/developer/aerostack2_ws/install/as2_core:/home/developer/aerostack2_ws/install/as2_msgs:${AMENT_PREFIX_PATH} CMAKE_PREFIX_PATH=/home/developer/aerostack2_ws/install/as2_motion_reference_handlers:/home/developer/aerostack2_ws/install/as2_core:/home/developer/aerostack2_ws/install/as2_msgs:/opt/ros/humble LD_LIBRARY_PATH=/home/developer/aerostack2_ws/install/as2_motion_reference_handlers/lib:/home/developer/aerostack2_ws/install/as2_core/lib:/home/developer/aerostack2_ws/install/as2_msgs/lib:${LD_LIBRARY_PATH} PYTHONPATH=/home/developer/aerostack2_ws/install/as2_motion_reference_handlers/local/lib/python3.10/dist-packages:/home/developer/aerostack2_ws/install/as2_core/local/lib/python3.10/dist-packages:/home/developer/aerostack2_ws/install/as2_msgs/local/lib/python3.10/dist-packages:${PYTHONPATH} /usr/bin/cmake --install /home/developer/aerostack2_ws/build/as2_motion_controller
