[0.010s] Invoking command in '/home/developer/aerostack2_ws/build/as2_platform_gazebo': AMENT_PREFIX_PATH=/home/developer/aerostack2_ws/install/as2_gazebo_assets:/home/developer/aerostack2_ws/install/as2_core:/home/developer/aerostack2_ws/install/as2_msgs:${AMENT_PREFIX_PATH} CMAKE_PREFIX_PATH=/home/developer/aerostack2_ws/install/as2_gazebo_assets:/home/developer/aerostack2_ws/install/as2_core:/home/developer/aerostack2_ws/install/as2_msgs:/opt/ros/humble GZ_SIM_RESOURCE_PATH=/home/developer/aerostack2_ws/install/as2_gazebo_assets/share/as2_ign_gazebo_assets/worlds:/home/developer/aerostack2_ws/install/as2_gazebo_assets/share/as2_ign_gazebo_assets/models GZ_SIM_SYSTEM_PLUGIN_PATH=/home/developer/aerostack2_ws/install/as2_gazebo_assets/lib GZ_VERSION=@GZ_VERSION@ LD_LIBRARY_PATH=/home/developer/aerostack2_ws/install/as2_gazebo_assets/lib:/home/developer/aerostack2_ws/install/as2_core/lib:/home/developer/aerostack2_ws/install/as2_msgs/lib:${LD_LIBRARY_PATH} PYTHONPATH=/home/developer/aerostack2_ws/install/as2_gazebo_assets/local/lib/python3.10/dist-packages:/home/developer/aerostack2_ws/install/as2_core/local/lib/python3.10/dist-packages:/home/developer/aerostack2_ws/install/as2_msgs/local/lib/python3.10/dist-packages:${PYTHONPATH} /usr/bin/cmake /home/developer/aerostack2_ws/src/aerostack2-tcc_lucca/as2_aerial_platforms/as2_platform_gazebo -DAMENT_CMAKE_SYMLINK_INSTALL=1 -DCMAKE_INSTALL_PREFIX=/home/developer/aerostack2_ws/install/as2_platform_gazebo
[0.050s] -- The C compiler identification is GNU 11.4.0
[0.086s] -- The CXX compiler identification is GNU 11.4.0
[0.090s] -- Detecting C compiler ABI info
[0.143s] -- Detecting C compiler ABI info - done
[0.147s] -- Check for working C compiler: /usr/bin/cc - skipped
[0.147s] -- Detecting C compile features
[0.147s] -- Detecting C compile features - done
[0.149s] -- Detecting CXX compiler ABI info
[0.207s] -- Detecting CXX compiler ABI info - done
[0.214s] -- Check for working CXX compiler: /usr/bin/c++ - skipped
[0.214s] -- Detecting CXX compile features
[0.214s] -- Detecting CXX compile features - done
[0.216s] -- Found ament_cmake: 1.3.14 (/opt/ros/humble/share/ament_cmake/cmake)
[0.316s] -- Found Python3: /usr/bin/python3 (found version "3.10.12") found components: Interpreter 
[0.357s] -- Override CMake install command with custom implementation using symlinks instead of copying resources
[0.379s] -- Found ament_cmake_ros: 0.10.0 (/opt/ros/humble/share/ament_cmake_ros/cmake)
[0.387s] -- Found rclcpp: 16.0.19 (/opt/ros/humble/share/rclcpp/cmake)
[0.415s] -- Found rosidl_generator_c: 3.1.8 (/opt/ros/humble/share/rosidl_generator_c/cmake)
[0.418s] -- Found rosidl_adapter: 3.1.8 (/opt/ros/humble/share/rosidl_adapter/cmake)
[0.423s] -- Found rosidl_generator_cpp: 3.1.8 (/opt/ros/humble/share/rosidl_generator_cpp/cmake)
[0.431s] -- Using all available rosidl_typesupport_c: rosidl_typesupport_fastrtps_c;rosidl_typesupport_introspection_c
[0.440s] -- Using all available rosidl_typesupport_cpp: rosidl_typesupport_fastrtps_cpp;rosidl_typesupport_introspection_cpp
[0.468s] -- Found rmw_implementation_cmake: 6.1.2 (/opt/ros/humble/share/rmw_implementation_cmake/cmake)
[0.470s] -- Found rmw_fastrtps_cpp: 6.2.10 (/opt/ros/humble/share/rmw_fastrtps_cpp/cmake)
[0.532s] -- Found OpenSSL: /usr/lib/x86_64-linux-gnu/libcrypto.so (found version "3.0.2")  
[0.554s] -- Found FastRTPS: /opt/ros/humble/include  
[0.588s] -- Using RMW implementation 'rmw_fastrtps_cpp' as default
[0.594s] -- Looking for pthread.h
[0.646s] -- Looking for pthread.h - found
[0.646s] -- Performing Test CMAKE_HAVE_LIBC_PTHREAD
[0.700s] -- Performing Test CMAKE_HAVE_LIBC_PTHREAD - Success
[0.701s] -- Found Threads: TRUE  
[0.733s] -- Found as2_core: 1.1.3 (/home/developer/aerostack2_ws/install/as2_core/share/as2_core/cmake)
[0.735s] -- Created yaml-cpp::yaml-cpp alias from yaml-cpp target
[0.736s] -- Created GeographicLib::GeographicLib target from legacy variables
[0.824s] -- Found eigen3_cmake_module: 0.1.1 (/opt/ros/humble/share/eigen3_cmake_module/cmake)
[0.824s] -- Found Eigen3: TRUE (found version "3.4.0") 
[0.824s] -- Ensuring Eigen3 include directory is part of orocos-kdl CMake target
[0.920s] -- Found as2_gazebo_assets: 1.1.3 (/home/developer/aerostack2_ws/install/as2_gazebo_assets/share/as2_gazebo_assets/cmake)
[0.923s] -- Found ament_lint_auto: 0.12.15 (/opt/ros/humble/share/ament_lint_auto/cmake)
[0.977s] -- Found gtest sources under '/opt/ros/humble/src/gtest_vendor': C++ tests using 'Google Test' will be built
[0.982s] -- Added test 'copyright' to check source files copyright and LICENSE
[0.983s] -- Added test 'cppcheck' to perform static code analysis on C / C++ code
[0.984s] -- Configured cppcheck include dirs: /home/developer/aerostack2_ws/src/aerostack2-tcc_lucca/as2_aerial_platforms/as2_platform_gazebo/include;/home/developer/aerostack2_ws/src/aerostack2-tcc_lucca/as2_aerial_platforms/as2_platform_gazebo/include/as2_platform_gazebo
[0.984s] -- Configured cppcheck exclude dirs and/or files: 
[0.985s] -- Added test 'cpplint' to check C / C++ code against the Google style
[0.985s] -- Configured cpplint exclude dirs and/or files: 
[0.985s] -- Added test 'flake8' to check Python code syntax and style conventions
[0.985s] -- Added test 'lint_cmake' to check CMake code style
[0.985s] -- Added test 'pep257' to check Python code against some of the docstring style conventions in PEP 257
[0.986s] -- Added test 'uncrustify' to check C / C++ code style
[0.986s] -- Configured uncrustify additional arguments: 
[0.987s] -- Added test 'xmllint' to check XML markup files
[0.987s] -- Configuring done
[1.006s] -- Generating done
[1.012s] -- Build files have been written to: /home/developer/aerostack2_ws/build/as2_platform_gazebo
[1.021s] Invoked command in '/home/developer/aerostack2_ws/build/as2_platform_gazebo' returned '0': AMENT_PREFIX_PATH=/home/developer/aerostack2_ws/install/as2_gazebo_assets:/home/developer/aerostack2_ws/install/as2_core:/home/developer/aerostack2_ws/install/as2_msgs:${AMENT_PREFIX_PATH} CMAKE_PREFIX_PATH=/home/developer/aerostack2_ws/install/as2_gazebo_assets:/home/developer/aerostack2_ws/install/as2_core:/home/developer/aerostack2_ws/install/as2_msgs:/opt/ros/humble GZ_SIM_RESOURCE_PATH=/home/developer/aerostack2_ws/install/as2_gazebo_assets/share/as2_ign_gazebo_assets/worlds:/home/developer/aerostack2_ws/install/as2_gazebo_assets/share/as2_ign_gazebo_assets/models GZ_SIM_SYSTEM_PLUGIN_PATH=/home/developer/aerostack2_ws/install/as2_gazebo_assets/lib GZ_VERSION=@GZ_VERSION@ LD_LIBRARY_PATH=/home/developer/aerostack2_ws/install/as2_gazebo_assets/lib:/home/developer/aerostack2_ws/install/as2_core/lib:/home/developer/aerostack2_ws/install/as2_msgs/lib:${LD_LIBRARY_PATH} PYTHONPATH=/home/developer/aerostack2_ws/install/as2_gazebo_assets/local/lib/python3.10/dist-packages:/home/developer/aerostack2_ws/install/as2_core/local/lib/python3.10/dist-packages:/home/developer/aerostack2_ws/install/as2_msgs/local/lib/python3.10/dist-packages:${PYTHONPATH} /usr/bin/cmake /home/developer/aerostack2_ws/src/aerostack2-tcc_lucca/as2_aerial_platforms/as2_platform_gazebo -DAMENT_CMAKE_SYMLINK_INSTALL=1 -DCMAKE_INSTALL_PREFIX=/home/developer/aerostack2_ws/install/as2_platform_gazebo
[1.022s] Invoking command in '/home/developer/aerostack2_ws/build/as2_platform_gazebo': AMENT_PREFIX_PATH=/home/developer/aerostack2_ws/install/as2_gazebo_assets:/home/developer/aerostack2_ws/install/as2_core:/home/developer/aerostack2_ws/install/as2_msgs:${AMENT_PREFIX_PATH} CMAKE_PREFIX_PATH=/home/developer/aerostack2_ws/install/as2_gazebo_assets:/home/developer/aerostack2_ws/install/as2_core:/home/developer/aerostack2_ws/install/as2_msgs:/opt/ros/humble GZ_SIM_RESOURCE_PATH=/home/developer/aerostack2_ws/install/as2_gazebo_assets/share/as2_ign_gazebo_assets/worlds:/home/developer/aerostack2_ws/install/as2_gazebo_assets/share/as2_ign_gazebo_assets/models GZ_SIM_SYSTEM_PLUGIN_PATH=/home/developer/aerostack2_ws/install/as2_gazebo_assets/lib GZ_VERSION=@GZ_VERSION@ LD_LIBRARY_PATH=/home/developer/aerostack2_ws/install/as2_gazebo_assets/lib:/home/developer/aerostack2_ws/install/as2_core/lib:/home/developer/aerostack2_ws/install/as2_msgs/lib:${LD_LIBRARY_PATH} PYTHONPATH=/home/developer/aerostack2_ws/install/as2_gazebo_assets/local/lib/python3.10/dist-packages:/home/developer/aerostack2_ws/install/as2_core/local/lib/python3.10/dist-packages:/home/developer/aerostack2_ws/install/as2_msgs/local/lib/python3.10/dist-packages:${PYTHONPATH} /usr/bin/cmake --build /home/developer/aerostack2_ws/build/as2_platform_gazebo -- -j20 -l20
[1.060s] [ 18%] [32mBuilding CXX object CMakeFiles/as2_platform_gazebo_node.dir/src/as2_platform_gazebo_node.cpp.o[0m
[1.060s] [ 18%] [32mBuilding CXX object CMakeFiles/as2_platform_gazebo_node.dir/src/as2_platform_gazebo.cpp.o[0m
[1.062s] [ 27%] [32mBuilding CXX object gtest/CMakeFiles/gtest.dir/src/gtest-all.cc.o[0m
[1.062s] [ 36%] [32mBuilding CXX object gtest/CMakeFiles/gtest_main.dir/src/gtest_main.cc.o[0m
[1.062s] [ 45%] [32mBuilding CXX object CMakeFiles/as2_platform_gazebo.dir/src/as2_platform_gazebo.cpp.o[0m
[1.609s] [ 54%] [32m[1mLinking CXX static library libgtest_main.a[0m
[1.638s] [ 54%] Built target gtest_main
[5.532s] [ 63%] [32m[1mLinking CXX static library libgtest.a[0m
[5.565s] [ 63%] Built target gtest
[9.805s] [ 72%] [32m[1mLinking CXX static library libas2_platform_gazebo.a[0m
[9.845s] [ 72%] Built target as2_platform_gazebo
[9.863s] [ 81%] [32mBuilding CXX object tests/CMakeFiles/as2_platform_gazebo_as2_platform_gazebo_gtest.dir/as2_platform_gazebo_gtest.cpp.o[0m
[9.896s] [ 90%] [32m[1mLinking CXX executable as2_platform_gazebo_node[0m
[10.146s] [ 90%] Built target as2_platform_gazebo_node
[13.066s] [100%] [32m[1mLinking CXX executable as2_platform_gazebo_as2_platform_gazebo_gtest[0m
[13.305s] [100%] Built target as2_platform_gazebo_as2_platform_gazebo_gtest
[13.315s] Invoked command in '/home/developer/aerostack2_ws/build/as2_platform_gazebo' returned '0': AMENT_PREFIX_PATH=/home/developer/aerostack2_ws/install/as2_gazebo_assets:/home/developer/aerostack2_ws/install/as2_core:/home/developer/aerostack2_ws/install/as2_msgs:${AMENT_PREFIX_PATH} CMAKE_PREFIX_PATH=/home/developer/aerostack2_ws/install/as2_gazebo_assets:/home/developer/aerostack2_ws/install/as2_core:/home/developer/aerostack2_ws/install/as2_msgs:/opt/ros/humble GZ_SIM_RESOURCE_PATH=/home/developer/aerostack2_ws/install/as2_gazebo_assets/share/as2_ign_gazebo_assets/worlds:/home/developer/aerostack2_ws/install/as2_gazebo_assets/share/as2_ign_gazebo_assets/models GZ_SIM_SYSTEM_PLUGIN_PATH=/home/developer/aerostack2_ws/install/as2_gazebo_assets/lib GZ_VERSION=@GZ_VERSION@ LD_LIBRARY_PATH=/home/developer/aerostack2_ws/install/as2_gazebo_assets/lib:/home/developer/aerostack2_ws/install/as2_core/lib:/home/developer/aerostack2_ws/install/as2_msgs/lib:${LD_LIBRARY_PATH} PYTHONPATH=/home/developer/aerostack2_ws/install/as2_gazebo_assets/local/lib/python3.10/dist-packages:/home/developer/aerostack2_ws/install/as2_core/local/lib/python3.10/dist-packages:/home/developer/aerostack2_ws/install/as2_msgs/local/lib/python3.10/dist-packages:${PYTHONPATH} /usr/bin/cmake --build /home/developer/aerostack2_ws/build/as2_platform_gazebo -- -j20 -l20
[13.316s] Invoking command in '/home/developer/aerostack2_ws/build/as2_platform_gazebo': AMENT_PREFIX_PATH=/home/developer/aerostack2_ws/install/as2_gazebo_assets:/home/developer/aerostack2_ws/install/as2_core:/home/developer/aerostack2_ws/install/as2_msgs:${AMENT_PREFIX_PATH} CMAKE_PREFIX_PATH=/home/developer/aerostack2_ws/install/as2_gazebo_assets:/home/developer/aerostack2_ws/install/as2_core:/home/developer/aerostack2_ws/install/as2_msgs:/opt/ros/humble GZ_SIM_RESOURCE_PATH=/home/developer/aerostack2_ws/install/as2_gazebo_assets/share/as2_ign_gazebo_assets/worlds:/home/developer/aerostack2_ws/install/as2_gazebo_assets/share/as2_ign_gazebo_assets/models GZ_SIM_SYSTEM_PLUGIN_PATH=/home/developer/aerostack2_ws/install/as2_gazebo_assets/lib GZ_VERSION=@GZ_VERSION@ LD_LIBRARY_PATH=/home/developer/aerostack2_ws/install/as2_gazebo_assets/lib:/home/developer/aerostack2_ws/install/as2_core/lib:/home/developer/aerostack2_ws/install/as2_msgs/lib:${LD_LIBRARY_PATH} PYTHONPATH=/home/developer/aerostack2_ws/install/as2_gazebo_assets/local/lib/python3.10/dist-packages:/home/developer/aerostack2_ws/install/as2_core/local/lib/python3.10/dist-packages:/home/developer/aerostack2_ws/install/as2_msgs/local/lib/python3.10/dist-packages:${PYTHONPATH} /usr/bin/cmake --install /home/developer/aerostack2_ws/build/as2_platform_gazebo
[13.321s] -- Install configuration: "Release"
[13.321s] -- Execute custom install script
[13.321s] -- Symlinking: /home/developer/aerostack2_ws/install/as2_platform_gazebo/include/as2_platform_gazebo/as2_platform_gazebo.hpp
[13.328s] -- Symlinking: /home/developer/aerostack2_ws/install/as2_platform_gazebo/lib/as2_platform_gazebo/as2_platform_gazebo_node
[13.334s] -- Symlinking: /home/developer/aerostack2_ws/install/as2_platform_gazebo/share/as2_platform_gazebo/launch/platform_gazebo_launch.py
[13.339s] -- Symlinking: /home/developer/aerostack2_ws/install/as2_platform_gazebo/share/as2_platform_gazebo/config/control_modes.yaml
[13.347s] -- Symlinking: /home/developer/aerostack2_ws/install/as2_platform_gazebo/share/as2_platform_gazebo/config/control_modes_acro.yaml
[13.353s] -- Symlinking: /home/developer/aerostack2_ws/install/as2_platform_gazebo/share/as2_platform_gazebo/config/platform_config_file.yaml
[13.360s] -- Symlinking: /home/developer/aerostack2_ws/install/as2_platform_gazebo/share/ament_index/resource_index/package_run_dependencies/as2_platform_gazebo
[13.366s] -- Symlinking: /home/developer/aerostack2_ws/install/as2_platform_gazebo/share/ament_index/resource_index/parent_prefix_path/as2_platform_gazebo
[13.371s] -- Symlinking: /home/developer/aerostack2_ws/install/as2_platform_gazebo/share/as2_platform_gazebo/environment/ament_prefix_path.sh
[13.379s] -- Symlinking: /home/developer/aerostack2_ws/install/as2_platform_gazebo/share/as2_platform_gazebo/environment/ament_prefix_path.dsv
[13.386s] -- Symlinking: /home/developer/aerostack2_ws/install/as2_platform_gazebo/share/as2_platform_gazebo/environment/path.sh
[13.391s] -- Symlinking: /home/developer/aerostack2_ws/install/as2_platform_gazebo/share/as2_platform_gazebo/environment/path.dsv
[13.398s] -- Symlinking: /home/developer/aerostack2_ws/install/as2_platform_gazebo/share/as2_platform_gazebo/local_setup.bash
[13.403s] -- Symlinking: /home/developer/aerostack2_ws/install/as2_platform_gazebo/share/as2_platform_gazebo/local_setup.sh
[13.410s] -- Symlinking: /home/developer/aerostack2_ws/install/as2_platform_gazebo/share/as2_platform_gazebo/local_setup.zsh
[13.414s] -- Symlinking: /home/developer/aerostack2_ws/install/as2_platform_gazebo/share/as2_platform_gazebo/local_setup.dsv
[13.419s] -- Symlinking: /home/developer/aerostack2_ws/install/as2_platform_gazebo/share/as2_platform_gazebo/package.dsv
[13.424s] -- Symlinking: /home/developer/aerostack2_ws/install/as2_platform_gazebo/share/ament_index/resource_index/packages/as2_platform_gazebo
[13.431s] -- Symlinking: /home/developer/aerostack2_ws/install/as2_platform_gazebo/share/as2_platform_gazebo/cmake/as2_platform_gazeboConfig.cmake
[13.438s] -- Symlinking: /home/developer/aerostack2_ws/install/as2_platform_gazebo/share/as2_platform_gazebo/cmake/as2_platform_gazeboConfig-version.cmake
[13.446s] -- Symlinking: /home/developer/aerostack2_ws/install/as2_platform_gazebo/share/as2_platform_gazebo/package.xml
[13.450s] -- Installing: /home/developer/aerostack2_ws/install/as2_platform_gazebo/lib/libas2_platform_gazebo.a
[13.453s] Invoked command in '/home/developer/aerostack2_ws/build/as2_platform_gazebo' returned '0': AMENT_PREFIX_PATH=/home/developer/aerostack2_ws/install/as2_gazebo_assets:/home/developer/aerostack2_ws/install/as2_core:/home/developer/aerostack2_ws/install/as2_msgs:${AMENT_PREFIX_PATH} CMAKE_PREFIX_PATH=/home/developer/aerostack2_ws/install/as2_gazebo_assets:/home/developer/aerostack2_ws/install/as2_core:/home/developer/aerostack2_ws/install/as2_msgs:/opt/ros/humble GZ_SIM_RESOURCE_PATH=/home/developer/aerostack2_ws/install/as2_gazebo_assets/share/as2_ign_gazebo_assets/worlds:/home/developer/aerostack2_ws/install/as2_gazebo_assets/share/as2_ign_gazebo_assets/models GZ_SIM_SYSTEM_PLUGIN_PATH=/home/developer/aerostack2_ws/install/as2_gazebo_assets/lib GZ_VERSION=@GZ_VERSION@ LD_LIBRARY_PATH=/home/developer/aerostack2_ws/install/as2_gazebo_assets/lib:/home/developer/aerostack2_ws/install/as2_core/lib:/home/developer/aerostack2_ws/install/as2_msgs/lib:${LD_LIBRARY_PATH} PYTHONPATH=/home/developer/aerostack2_ws/install/as2_gazebo_assets/local/lib/python3.10/dist-packages:/home/developer/aerostack2_ws/install/as2_core/local/lib/python3.10/dist-packages:/home/developer/aerostack2_ws/install/as2_msgs/local/lib/python3.10/dist-packages:${PYTHONPATH} /usr/bin/cmake --install /home/developer/aerostack2_ws/build/as2_platform_gazebo
