[0.022s] Invoking command in '/home/developer/aerostack2_ws/build/as2_gazebo_assets': AMENT_PREFIX_PATH=/home/developer/aerostack2_ws/install/as2_core:/home/developer/aerostack2_ws/install/as2_msgs:${AMENT_PREFIX_PATH} CMAKE_PREFIX_PATH=/home/developer/aerostack2_ws/install/as2_core:/home/developer/aerostack2_ws/install/as2_msgs:/opt/ros/humble LD_LIBRARY_PATH=/home/developer/aerostack2_ws/install/as2_core/lib:/home/developer/aerostack2_ws/install/as2_msgs/lib:${LD_LIBRARY_PATH} PYTHONPATH=/home/developer/aerostack2_ws/install/as2_core/local/lib/python3.10/dist-packages:/home/developer/aerostack2_ws/install/as2_msgs/local/lib/python3.10/dist-packages:${PYTHONPATH} /usr/bin/cmake /home/developer/aerostack2_ws/src/aerostack2-tcc_lucca/as2_simulation_assets/as2_gazebo_assets -DAMENT_CMAKE_SYMLINK_INSTALL=1 -DCMAKE_INSTALL_PREFIX=/home/developer/aerostack2_ws/install/as2_gazebo_assets
[0.058s] -- The C compiler identification is GNU 11.4.0
[0.096s] -- The CXX compiler identification is GNU 11.4.0
[0.103s] -- Detecting C compiler ABI info
[0.142s] -- Detecting C compiler ABI info - done
[0.150s] -- Check for working C compiler: /usr/bin/cc - skipped
[0.150s] -- Detecting C compile features
[0.150s] -- Detecting C compile features - done
[0.153s] -- Detecting CXX compiler ABI info
[0.201s] -- Detecting CXX compiler ABI info - done
[0.208s] -- Check for working CXX compiler: /usr/bin/c++ - skipped
[0.209s] -- Detecting CXX compile features
[0.209s] -- Detecting CXX compile features - done
[0.223s] [0mUsing GAZEBO version: fortress[0m
[0.226s] -- Looking for ignition-gazebo6 -- found version 6.16.0
[0.235s] -- Searching for dependencies of ignition-gazebo6
[0.238s] -- Looking for sdformat12 -- found version 12.7.2
[0.238s] -- Searching for dependencies of sdformat12
[0.241s] -- Checking for module 'tinyxml2'
[0.248s] --   Found tinyxml2, version 9.0.0
[0.275s] -- Looking for ignition-math6 -- found version 6.15.1
[0.276s] -- Searching for dependencies of ignition-math6
[0.280s] -- Looking for ignition-utils1 -- found version 1.5.1
[0.280s] -- Searching for dependencies of ignition-utils1
[0.284s] -- Looking for ignition-plugin1 -- found version 1.4.0
[0.285s] -- Searching for dependencies of ignition-plugin1
[0.285s] -- Searching for <ignition-plugin1> component [loader]
[0.288s] -- Looking for ignition-plugin1-loader -- found version 1.4.0
[0.289s] -- Searching for dependencies of ignition-plugin1-loader
[0.289s] -- Searching for <ignition-plugin1> component [register]
[0.292s] -- Looking for ignition-plugin1-register -- found version 1.4.0
[0.293s] -- Searching for dependencies of ignition-plugin1-register
[0.296s] -- Looking for ignition-transport11 -- found version 11.4.1
[0.297s] -- Searching for dependencies of ignition-transport11
[0.443s] -- Found Protobuf: /usr/lib/x86_64-linux-gnu/libprotobuf.so (found version "3.12.4") 
[0.456s] -- Config-file not installed for ZeroMQ -- checking for pkg-config
[0.460s] -- Checking for module 'libzmq >= 4'
[0.469s] --   Found libzmq , version 4.3.4
[0.492s] -- Found ZeroMQ: TRUE (Required is at least version "4") 
[0.495s] -- Checking for module 'uuid'
[0.503s] --   Found uuid, version 2.37.2
[0.524s] -- Found UUID: TRUE  
[0.524s] -- Looking for ignition-utils1 -- found version 1.5.1
[0.524s] -- Searching for dependencies of ignition-utils1
[0.524s] -- Searching for <ignition-utils1> component [cli]
[0.527s] -- Looking for ignition-utils1-cli -- found version 1.5.1
[0.527s] -- Searching for dependencies of ignition-utils1-cli
[0.529s] -- Looking for ignition-msgs8 -- found version 8.7.0
[0.529s] -- Searching for dependencies of ignition-msgs8
[0.542s] -- Found Protobuf: /usr/lib/x86_64-linux-gnu/libprotobuf.so (found suitable version "3.12.4", minimum required is "3") 
[0.543s] -- Looking for ignition-math6 -- found version 6.15.1
[0.553s] -- Searching for <ignition-transport11> component [log]
[0.556s] -- Looking for ignition-transport11-log -- found version 11.4.1
[0.556s] -- Searching for dependencies of ignition-transport11-log
[0.557s] -- Searching for <ignition-transport11> component [parameters]
[0.559s] -- Looking for ignition-transport11-parameters -- found version 11.4.1
[0.559s] -- Searching for dependencies of ignition-transport11-parameters
[0.560s] -- Looking for ignition-msgs8 -- found version 8.7.0
[0.563s] -- Looking for ignition-common4 -- found version 4.7.0
[0.563s] -- Searching for dependencies of ignition-common4
[0.565s] -- Looking for dlfcn.h - found
[0.566s] -- Looking for libdl - found
[0.567s] -- Found DL: TRUE  
[0.573s] -- Searching for <ignition-common4> component [profiler]
[0.576s] -- Looking for ignition-common4-profiler -- found version 4.7.0
[0.577s] -- Searching for dependencies of ignition-common4-profiler
[0.577s] -- Searching for <ignition-common4> component [events]
[0.580s] -- Looking for ignition-common4-events -- found version 4.7.0
[0.580s] -- Searching for dependencies of ignition-common4-events
[0.580s] -- Looking for ignition-math6 -- found version 6.15.1
[0.581s] -- Searching for <ignition-common4> component [av]
[0.583s] -- Looking for ignition-common4-av -- found version 4.7.0
[0.583s] -- Searching for dependencies of ignition-common4-av
[0.586s] -- Checking for module 'libswscale'
[0.593s] --   Found libswscale, version 5.9.100
[0.610s] -- Found SWSCALE: TRUE  
[0.614s] -- Checking for module 'libavdevice >= 56.4.100'
[0.622s] --   Found libavdevice , version 58.13.100
[0.644s] -- Found AVDEVICE: TRUE (Required is at least version "56.4.100") 
[0.648s] -- Checking for module 'libavformat'
[0.655s] --   Found libavformat, version 58.76.100
[0.679s] -- Found AVFORMAT: TRUE  
[0.683s] -- Checking for module 'libavcodec'
[0.691s] --   Found libavcodec, version 58.134.100
[0.710s] -- Found AVCODEC: TRUE  
[0.713s] -- Checking for module 'libavutil'
[0.722s] --   Found libavutil, version 56.70.100
[0.741s] -- Found AVUTIL: TRUE  
[0.743s] -- Looking for ignition-fuel_tools7 -- found version 7.3.0
[0.744s] -- Searching for dependencies of ignition-fuel_tools7
[0.796s] -- Found CURL: /usr/lib/x86_64-linux-gnu/libcurl.so (found version "7.81.0")  
[0.802s] -- Checking for module 'jsoncpp'
[0.808s] --   Found jsoncpp, version 1.9.5
[0.825s] -- Found JSONCPP: TRUE  
[0.830s] -- Checking for module 'libzip'
[0.838s] --   Found libzip, version 1.7.3
[0.862s] -- Found ZIP: TRUE  
[0.862s] -- Looking for ignition-common4 -- found version 4.7.0
[0.862s] -- Looking for ignition-math6 -- found version 6.15.1
[0.863s] -- Looking for ignition-msgs8 -- found version 8.7.0
[0.866s] -- Looking for ignition-gui6 -- found version 6.8.0
[0.866s] -- Searching for dependencies of ignition-gui6
[0.889s] -- Looking for ignition-math6 -- found version 6.15.1
[0.890s] -- Looking for ignition-common4 -- found version 4.7.0
[0.890s] -- Looking for ignition-plugin1 -- found version 1.4.0
[0.890s] -- Looking for ignition-transport11 -- found version 11.4.1
[0.892s] -- Looking for ignition-rendering6 -- found version 6.6.3
[0.892s] -- Searching for dependencies of ignition-rendering6
[0.892s] -- Looking for ignition-math6 -- found version 6.15.1
[0.893s] -- Searching for dependencies of ignition-math6
[0.893s] -- Searching for <ignition-math6> component [eigen3]
[0.894s] -- Looking for ignition-math6-eigen3 -- found version 6.15.1
[0.895s] -- Searching for dependencies of ignition-math6-eigen3
[0.904s] -- Looking for ignition-common4 -- found version 4.7.0
[0.904s] -- Searching for dependencies of ignition-common4
[0.904s] -- Looking for dlfcn.h - found
[0.904s] -- Looking for libdl - found
[0.911s] -- Searching for <ignition-common4> component [graphics]
[0.914s] -- Looking for ignition-common4-graphics -- found version 4.7.0
[0.914s] -- Searching for dependencies of ignition-common4-graphics
[0.914s] -- Looking for ignition-math6 -- found version 6.15.1
[0.915s] -- Looking for ignition-utils1 -- found version 1.5.1
[0.916s] -- Searching for <ignition-common4> component [events]
[0.917s] -- Looking for ignition-plugin1 -- found version 1.4.0
[0.917s] -- Searching for dependencies of ignition-plugin1
[0.917s] -- Searching for <ignition-plugin1> component [all]
[0.920s] -- Looking for all libraries of ignition-plugin1 -- found version 1.4.0
[0.921s] -- Looking for ignition-plugin1 -- found version 1.4.0
[0.922s] -- Looking for ignition-msgs8 -- found version 8.7.0
[0.955s] -- Looking for ignition-physics5 -- found version 5.3.2
[0.956s] -- Searching for dependencies of ignition-physics5
[0.956s] -- Looking for ignition-math6 -- found version 6.15.1
[0.956s] -- Looking for ignition-plugin1 -- found version 1.4.0
[0.957s] -- Looking for ignition-utils1 -- found version 1.5.1
[0.958s] -- Searching for <ignition-physics5> component [heightmap]
[0.962s] -- Looking for ignition-physics5-heightmap -- found version 5.3.2
[0.962s] -- Searching for dependencies of ignition-physics5-heightmap
[0.963s] -- Looking for ignition-common4 -- found version 4.7.0
[0.963s] -- Searching for <ignition-physics5> component [mesh]
[0.967s] -- Looking for ignition-physics5-mesh -- found version 5.3.2
[0.967s] -- Searching for dependencies of ignition-physics5-mesh
[0.967s] -- Looking for ignition-common4 -- found version 4.7.0
[0.968s] -- Searching for <ignition-physics5> component [sdf]
[0.971s] -- Looking for ignition-physics5-sdf -- found version 5.3.2
[0.971s] -- Searching for dependencies of ignition-physics5-sdf
[0.971s] -- Looking for sdformat12 -- found version 12.7.2
[0.974s] -- Looking for ignition-sensors6 -- found version 6.8.0
[0.975s] -- Searching for dependencies of ignition-sensors6
[0.996s] -- Found Protobuf: /usr/lib/x86_64-linux-gnu/libprotobuf.so (found version "3.12.4") 
[0.997s] -- Looking for ignition-math6 -- found version 6.15.1
[0.997s] -- Looking for ignition-common4 -- found version 4.7.0
[0.997s] -- Looking for ignition-transport11 -- found version 11.4.1
[0.998s] -- Looking for ignition-rendering6 -- found version 6.6.3
[0.998s] -- Looking for ignition-msgs8 -- found version 8.7.0
[0.998s] -- Looking for sdformat12 -- found version 12.7.2
[0.999s] -- Searching for <ignition-sensors6> component [air_pressure]
[1.002s] -- Looking for ignition-sensors6-air_pressure -- found version 6.8.0
[1.002s] -- Searching for dependencies of ignition-sensors6-air_pressure
[1.002s] -- Searching for <ignition-sensors6> component [altimeter]
[1.005s] -- Looking for ignition-sensors6-altimeter -- found version 6.8.0
[1.005s] -- Searching for dependencies of ignition-sensors6-altimeter
[1.005s] -- Searching for <ignition-sensors6> component [imu]
[1.007s] -- Looking for ignition-sensors6-imu -- found version 6.8.0
[1.008s] -- Searching for dependencies of ignition-sensors6-imu
[1.009s] -- Searching for <ignition-sensors6> component [force_torque]
[1.011s] -- Looking for ignition-sensors6-force_torque -- found version 6.8.0
[1.011s] -- Searching for dependencies of ignition-sensors6-force_torque
[1.013s] -- Searching for <ignition-sensors6> component [logical_camera]
[1.015s] -- Looking for ignition-sensors6-logical_camera -- found version 6.8.0
[1.015s] -- Searching for dependencies of ignition-sensors6-logical_camera
[1.017s] -- Searching for <ignition-sensors6> component [magnetometer]
[1.018s] -- Looking for ignition-sensors6-magnetometer -- found version 6.8.0
[1.018s] -- Searching for dependencies of ignition-sensors6-magnetometer
[1.019s] -- Searching for <ignition-sensors6> component [navsat]
[1.020s] -- Looking for ignition-sensors6-navsat -- found version 6.8.0
[1.021s] -- Searching for dependencies of ignition-sensors6-navsat
[1.021s] -- Searching for <ignition-sensors6> component [rendering]
[1.023s] -- Looking for ignition-sensors6-rendering -- found version 6.8.0
[1.023s] -- Searching for dependencies of ignition-sensors6-rendering
[1.024s] -- Searching for <ignition-sensors6> component [lidar]
[1.026s] -- Looking for ignition-sensors6-lidar -- found version 6.8.0
[1.026s] -- Searching for dependencies of ignition-sensors6-lidar
[1.026s] -- Looking for ignition-sensors6 -- found version 6.8.0
[1.027s] -- Searching for <ignition-sensors6> component [gpu_lidar]
[1.028s] -- Looking for ignition-sensors6-gpu_lidar -- found version 6.8.0
[1.029s] -- Searching for dependencies of ignition-sensors6-gpu_lidar
[1.029s] -- Looking for ignition-sensors6 -- found version 6.8.0
[1.029s] -- Searching for <ignition-sensors6> component [camera]
[1.032s] -- Looking for ignition-sensors6-camera -- found version 6.8.0
[1.032s] -- Searching for dependencies of ignition-sensors6-camera
[1.032s] -- Looking for ignition-sensors6 -- found version 6.8.0
[1.033s] -- Searching for <ignition-sensors6> component [boundingbox_camera]
[1.035s] -- Looking for ignition-sensors6-boundingbox_camera -- found version 6.8.0
[1.035s] -- Searching for dependencies of ignition-sensors6-boundingbox_camera
[1.035s] -- Searching for <ignition-sensors6> component [segmentation_camera]
[1.037s] -- Looking for ignition-sensors6-segmentation_camera -- found version 6.8.0
[1.037s] -- Searching for dependencies of ignition-sensors6-segmentation_camera
[1.039s] -- Searching for <ignition-sensors6> component [depth_camera]
[1.041s] -- Looking for ignition-sensors6-depth_camera -- found version 6.8.0
[1.042s] -- Searching for dependencies of ignition-sensors6-depth_camera
[1.042s] -- Looking for ignition-sensors6 -- found version 6.8.0
[1.042s] -- Searching for <ignition-sensors6> component [rgbd_camera]
[1.044s] -- Looking for ignition-sensors6-rgbd_camera -- found version 6.8.0
[1.044s] -- Searching for dependencies of ignition-sensors6-rgbd_camera
[1.044s] -- Looking for ignition-sensors6 -- found version 6.8.0
[1.045s] -- Searching for <ignition-sensors6> component [thermal_camera]
[1.046s] -- Looking for ignition-sensors6-thermal_camera -- found version 6.8.0
[1.047s] -- Searching for dependencies of ignition-sensors6-thermal_camera
[1.047s] -- Looking for ignition-sensors6 -- found version 6.8.0
[1.048s] -- Looking for ignition-rendering6 -- found version 6.6.3
[1.048s] -- Looking for ignition-math6 -- found version 6.15.1
[1.050s] -- Looking for ignition-utils1 -- found version 1.5.1
[1.064s] -- Looking for ignition-common4 -- found version 4.7.0
[1.064s] -- Looking for ignition-math6 -- found version 6.15.1
[1.064s] -- Looking for ignition-transport11 -- found version 11.4.1
[1.065s] -- Looking for ignition-plugin1 -- found version 1.4.0
[1.065s] -- Looking for ignition-rendering6 -- found version 6.6.3
[1.066s] -- Looking for ignition-msgs8 -- found version 8.7.0
[1.068s] -- Found ament_cmake: 1.3.14 (/opt/ros/humble/share/ament_cmake/cmake)
[1.172s] -- Found Python3: /usr/bin/python3 (found version "3.10.12") found components: Interpreter 
[1.210s] -- Override CMake install command with custom implementation using symlinks instead of copying resources
[1.233s] -- Found ros_gz_sim: 0.244.24 (/opt/ros/humble/share/ros_gz_sim/cmake)
[1.257s] -- Found rosidl_generator_c: 3.1.8 (/opt/ros/humble/share/rosidl_generator_c/cmake)
[1.260s] -- Found rosidl_adapter: 3.1.8 (/opt/ros/humble/share/rosidl_adapter/cmake)
[1.265s] -- Found rosidl_generator_cpp: 3.1.8 (/opt/ros/humble/share/rosidl_generator_cpp/cmake)
[1.273s] -- Using all available rosidl_typesupport_c: rosidl_typesupport_fastrtps_c;rosidl_typesupport_introspection_c
[1.283s] -- Using all available rosidl_typesupport_cpp: rosidl_typesupport_fastrtps_cpp;rosidl_typesupport_introspection_cpp
[1.309s] -- Found rmw_implementation_cmake: 6.1.2 (/opt/ros/humble/share/rmw_implementation_cmake/cmake)
[1.311s] -- Found rmw_fastrtps_cpp: 6.2.10 (/opt/ros/humble/share/rmw_fastrtps_cpp/cmake)
[1.375s] -- Found OpenSSL: /usr/lib/x86_64-linux-gnu/libcrypto.so (found version "3.0.2")  
[1.392s] -- Found FastRTPS: /opt/ros/humble/include  
[1.420s] -- Using RMW implementation 'rmw_fastrtps_cpp' as default
[1.426s] -- Found Threads: TRUE  
[1.455s] -- Found ros_gz_bridge: 0.244.24 (/opt/ros/humble/share/ros_gz_bridge/cmake)
[1.578s] -- Found as2_core: 1.1.3 (/home/developer/aerostack2_ws/install/as2_core/share/as2_core/cmake)
[1.578s] -- Created yaml-cpp::yaml-cpp alias from yaml-cpp target
[1.579s] -- Created GeographicLib::GeographicLib target from legacy variables
[1.620s] -- Found eigen3_cmake_module: 0.1.1 (/opt/ros/humble/share/eigen3_cmake_module/cmake)
[1.621s] -- Found Eigen3: TRUE (found version "3.4.0") 
[1.621s] -- Ensuring Eigen3 include directory is part of orocos-kdl CMake target
[1.737s] -- Found ament_lint_auto: 0.12.15 (/opt/ros/humble/share/ament_lint_auto/cmake)
[1.796s] -- Found ament_cmake_pytest: 1.3.14 (/opt/ros/humble/share/ament_cmake_pytest/cmake)
[2.407s] -- Added test 'copyright' to check source files copyright and LICENSE
[2.419s] -- Added test 'cppcheck' to perform static code analysis on C / C++ code
[2.419s] -- Configured cppcheck include dirs: /home/developer/aerostack2_ws/src/aerostack2-tcc_lucca/as2_simulation_assets/as2_gazebo_assets/include;/home/developer/aerostack2_ws/src/aerostack2-tcc_lucca/as2_simulation_assets/as2_gazebo_assets/include/as2_gazebo_assets
[2.419s] -- Configured cppcheck exclude dirs and/or files: /home/developer/aerostack2_ws/src/aerostack2-tcc_lucca/as2_simulation_assets/as2_gazebo_assets/plugins/indi-control/Common.cpp;/home/developer/aerostack2_ws/src/aerostack2-tcc_lucca/as2_simulation_assets/as2_gazebo_assets/plugins/indi-control/Common.hpp;/home/developer/aerostack2_ws/src/aerostack2-tcc_lucca/as2_simulation_assets/as2_gazebo_assets/plugins/indi-control/INDIControlPlugin.cpp;/home/developer/aerostack2_ws/src/aerostack2-tcc_lucca/as2_simulation_assets/as2_gazebo_assets/plugins/indi-control/INDIControlPlugin.hpp;/home/developer/aerostack2_ws/src/aerostack2-tcc_lucca/as2_simulation_assets/as2_gazebo_assets/plugins/indi-control/IndiController.hpp;/home/developer/aerostack2_ws/src/aerostack2-tcc_lucca/as2_simulation_assets/as2_gazebo_assets/plugins/indi-control/PIDController.hpp;/home/developer/aerostack2_ws/src/aerostack2-tcc_lucca/as2_simulation_assets/as2_gazebo_assets/plugins/indi-control/Parameters.hpp;/home/developer/aerostack2_ws/src/aerostack2-tcc_lucca/as2_simulation_assets/as2_gazebo_assets/plugins/indi-control_ign/Common.cpp;/home/developer/aerostack2_ws/src/aerostack2-tcc_lucca/as2_simulation_assets/as2_gazebo_assets/plugins/indi-control_ign/Common.hpp;/home/developer/aerostack2_ws/src/aerostack2-tcc_lucca/as2_simulation_assets/as2_gazebo_assets/plugins/indi-control_ign/INDIControlPlugin.cpp;/home/developer/aerostack2_ws/src/aerostack2-tcc_lucca/as2_simulation_assets/as2_gazebo_assets/plugins/indi-control_ign/INDIControlPlugin.hpp;/home/developer/aerostack2_ws/src/aerostack2-tcc_lucca/as2_simulation_assets/as2_gazebo_assets/plugins/indi-control_ign/IndiController.hpp;/home/developer/aerostack2_ws/src/aerostack2-tcc_lucca/as2_simulation_assets/as2_gazebo_assets/plugins/indi-control_ign/PIDController.hpp;/home/developer/aerostack2_ws/src/aerostack2-tcc_lucca/as2_simulation_assets/as2_gazebo_assets/plugins/indi-control_ign/Parameters.hpp
[2.430s] -- Added test 'cpplint' to check C / C++ code against the Google style
[2.430s] -- Configured cpplint exclude dirs and/or files: /home/developer/aerostack2_ws/src/aerostack2-tcc_lucca/as2_simulation_assets/as2_gazebo_assets/plugins/indi-control/Common.cpp;/home/developer/aerostack2_ws/src/aerostack2-tcc_lucca/as2_simulation_assets/as2_gazebo_assets/plugins/indi-control/Common.hpp;/home/developer/aerostack2_ws/src/aerostack2-tcc_lucca/as2_simulation_assets/as2_gazebo_assets/plugins/indi-control/INDIControlPlugin.cpp;/home/developer/aerostack2_ws/src/aerostack2-tcc_lucca/as2_simulation_assets/as2_gazebo_assets/plugins/indi-control/INDIControlPlugin.hpp;/home/developer/aerostack2_ws/src/aerostack2-tcc_lucca/as2_simulation_assets/as2_gazebo_assets/plugins/indi-control/IndiController.hpp;/home/developer/aerostack2_ws/src/aerostack2-tcc_lucca/as2_simulation_assets/as2_gazebo_assets/plugins/indi-control/PIDController.hpp;/home/developer/aerostack2_ws/src/aerostack2-tcc_lucca/as2_simulation_assets/as2_gazebo_assets/plugins/indi-control/Parameters.hpp;/home/developer/aerostack2_ws/src/aerostack2-tcc_lucca/as2_simulation_assets/as2_gazebo_assets/plugins/indi-control_ign/Common.cpp;/home/developer/aerostack2_ws/src/aerostack2-tcc_lucca/as2_simulation_assets/as2_gazebo_assets/plugins/indi-control_ign/Common.hpp;/home/developer/aerostack2_ws/src/aerostack2-tcc_lucca/as2_simulation_assets/as2_gazebo_assets/plugins/indi-control_ign/INDIControlPlugin.cpp;/home/developer/aerostack2_ws/src/aerostack2-tcc_lucca/as2_simulation_assets/as2_gazebo_assets/plugins/indi-control_ign/INDIControlPlugin.hpp;/home/developer/aerostack2_ws/src/aerostack2-tcc_lucca/as2_simulation_assets/as2_gazebo_assets/plugins/indi-control_ign/IndiController.hpp;/home/developer/aerostack2_ws/src/aerostack2-tcc_lucca/as2_simulation_assets/as2_gazebo_assets/plugins/indi-control_ign/PIDController.hpp;/home/developer/aerostack2_ws/src/aerostack2-tcc_lucca/as2_simulation_assets/as2_gazebo_assets/plugins/indi-control_ign/Parameters.hpp
[2.432s] -- Added test 'flake8' to check Python code syntax and style conventions
[2.435s] -- Added test 'lint_cmake' to check CMake code style
[2.436s] -- Added test 'pep257' to check Python code against some of the docstring style conventions in PEP 257
[2.447s] -- Added test 'uncrustify' to check C / C++ code style
[2.447s] -- Configured uncrustify additional arguments: 
[2.449s] -- Added test 'xmllint' to check XML markup files
[2.449s] -- Configuring done
[2.489s] -- Generating done
[2.503s] -- Build files have been written to: /home/developer/aerostack2_ws/build/as2_gazebo_assets
