[0.014s] Invoking command in '/home/developer/aerostack2_ws/build/as2_behaviors_motion': AMENT_PREFIX_PATH=/home/developer/aerostack2_ws/install/as2_motion_reference_handlers:/home/developer/aerostack2_ws/install/as2_behavior:/home/developer/aerostack2_ws/install/as2_core:/home/developer/aerostack2_ws/install/as2_msgs:${AMENT_PREFIX_PATH} CMAKE_PREFIX_PATH=/home/developer/aerostack2_ws/install/as2_motion_reference_handlers:/home/developer/aerostack2_ws/install/as2_behavior:/home/developer/aerostack2_ws/install/as2_core:/home/developer/aerostack2_ws/install/as2_msgs:/opt/ros/humble LD_LIBRARY_PATH=/home/developer/aerostack2_ws/install/as2_motion_reference_handlers/lib:/home/developer/aerostack2_ws/install/as2_behavior/lib:/home/developer/aerostack2_ws/install/as2_core/lib:/home/developer/aerostack2_ws/install/as2_msgs/lib:${LD_LIBRARY_PATH} PYTHONPATH=/home/developer/aerostack2_ws/install/as2_motion_reference_handlers/local/lib/python3.10/dist-packages:/home/developer/aerostack2_ws/install/as2_core/local/lib/python3.10/dist-packages:/home/developer/aerostack2_ws/install/as2_msgs/local/lib/python3.10/dist-packages:${PYTHONPATH} /usr/bin/cmake /home/developer/aerostack2_ws/src/aerostack2-tcc_lucca/as2_behaviors/as2_behaviors_motion -DAMENT_CMAKE_SYMLINK_INSTALL=1 -DCMAKE_INSTALL_PREFIX=/home/developer/aerostack2_ws/install/as2_behaviors_motion
[0.083s] -- The C compiler identification is GNU 11.4.0
[0.122s] -- The CXX compiler identification is GNU 11.4.0
[0.128s] -- Detecting C compiler ABI info
[0.182s] -- Detecting C compiler ABI info - done
[0.186s] -- Check for working C compiler: /usr/bin/cc - skipped
[0.186s] -- Detecting C compile features
[0.187s] -- Detecting C compile features - done
[0.189s] -- Detecting CXX compiler ABI info
[0.242s] -- Detecting CXX compiler ABI info - done
[0.246s] -- Check for working CXX compiler: /usr/bin/c++ - skipped
[0.246s] -- Detecting CXX compile features
[0.246s] -- Detecting CXX compile features - done
[0.253s] -- Found ament_cmake: 1.3.14 (/opt/ros/humble/share/ament_cmake/cmake)
[0.371s] -- Found Python3: /usr/bin/python3 (found version "3.10.12") found components: Interpreter 
[0.419s] -- Override CMake install command with custom implementation using symlinks instead of copying resources
[0.448s] -- Found ament_cmake_ros: 0.10.0 (/opt/ros/humble/share/ament_cmake_ros/cmake)
[0.456s] -- Found pluginlib: 5.1.4 (/opt/ros/humble/share/pluginlib/cmake)
[0.500s] -- Found rclcpp: 16.0.19 (/opt/ros/humble/share/rclcpp/cmake)
[0.527s] -- Found rosidl_generator_c: 3.1.8 (/opt/ros/humble/share/rosidl_generator_c/cmake)
[0.533s] -- Found rosidl_adapter: 3.1.8 (/opt/ros/humble/share/rosidl_adapter/cmake)
[0.540s] -- Found rosidl_generator_cpp: 3.1.8 (/opt/ros/humble/share/rosidl_generator_cpp/cmake)
[0.550s] -- Using all available rosidl_typesupport_c: rosidl_typesupport_fastrtps_c;rosidl_typesupport_introspection_c
[0.561s] -- Using all available rosidl_typesupport_cpp: rosidl_typesupport_fastrtps_cpp;rosidl_typesupport_introspection_cpp
[0.595s] -- Found rmw_implementation_cmake: 6.1.2 (/opt/ros/humble/share/rmw_implementation_cmake/cmake)
[0.597s] -- Found rmw_fastrtps_cpp: 6.2.10 (/opt/ros/humble/share/rmw_fastrtps_cpp/cmake)
[0.616s] -- Found TinyXML2 via Config file: TinyXML2_DIR-NOTFOUND
[0.657s] -- Found OpenSSL: /usr/lib/x86_64-linux-gnu/libcrypto.so (found version "3.0.2")  
[0.659s] -- Found TinyXML2 via Config file: TinyXML2_DIR-NOTFOUND
[0.669s] -- Found FastRTPS: /opt/ros/humble/include  
[0.672s] -- Found TinyXML2 via Config file: TinyXML2_DIR-NOTFOUND
[0.677s] -- Found TinyXML2 via Config file: TinyXML2_DIR-NOTFOUND
[0.684s] -- Using RMW implementation 'rmw_fastrtps_cpp' as default
[0.692s] -- Looking for pthread.h
[0.743s] -- Looking for pthread.h - found
[0.743s] -- Performing Test CMAKE_HAVE_LIBC_PTHREAD
[0.793s] -- Performing Test CMAKE_HAVE_LIBC_PTHREAD - Success
[0.794s] -- Found Threads: TRUE  
[0.830s] -- Found rclcpp_action: 16.0.19 (/opt/ros/humble/share/rclcpp_action/cmake)
[0.854s] -- Found as2_core: 1.1.3 (/home/developer/aerostack2_ws/install/as2_core/share/as2_core/cmake)
[0.856s] -- Created yaml-cpp::yaml-cpp alias from yaml-cpp target
[0.857s] -- Created GeographicLib::GeographicLib target from legacy variables
[0.944s] -- Found eigen3_cmake_module: 0.1.1 (/opt/ros/humble/share/eigen3_cmake_module/cmake)
[0.945s] -- Found Eigen3: TRUE (found version "3.4.0") 
[0.945s] -- Ensuring Eigen3 include directory is part of orocos-kdl CMake target
[1.016s] -- Found as2_behavior: 1.1.3 (/home/developer/aerostack2_ws/install/as2_behavior/share/as2_behavior/cmake)
[1.017s] -- Found as2_motion_reference_handlers: 1.1.3 (/home/developer/aerostack2_ws/install/as2_motion_reference_handlers/share/as2_motion_reference_handlers/cmake)
[1.061s] -- Found ament_lint_auto: 0.12.15 (/opt/ros/humble/share/ament_lint_auto/cmake)
[1.122s] -- Added test 'copyright' to check source files copyright and LICENSE
[1.128s] -- Added test 'cppcheck' to perform static code analysis on C / C++ code
[1.132s] -- Configured cppcheck include dirs: /home/developer/aerostack2_ws/src/aerostack2-tcc_lucca/as2_behaviors/as2_behaviors_motion/follow_path_behavior/include;/home/developer/aerostack2_ws/src/aerostack2-tcc_lucca/as2_behaviors/as2_behaviors_motion/follow_path_behavior/include/as2_behaviors_motion;/home/developer/aerostack2_ws/src/aerostack2-tcc_lucca/as2_behaviors/as2_behaviors_motion/go_to_behavior/include;/home/developer/aerostack2_ws/src/aerostack2-tcc_lucca/as2_behaviors/as2_behaviors_motion/go_to_behavior/include/as2_behaviors_motion;/home/developer/aerostack2_ws/src/aerostack2-tcc_lucca/as2_behaviors/as2_behaviors_motion/land_behavior/include;/home/developer/aerostack2_ws/src/aerostack2-tcc_lucca/as2_behaviors/as2_behaviors_motion/land_behavior/include/as2_behaviors_motion;/home/developer/aerostack2_ws/src/aerostack2-tcc_lucca/as2_behaviors/as2_behaviors_motion/takeoff_behavior/include;/home/developer/aerostack2_ws/src/aerostack2-tcc_lucca/as2_behaviors/as2_behaviors_motion/takeoff_behavior/include/as2_behaviors_motion;/home/developer/aerostack2_ws/src/aerostack2-tcc_lucca/as2_behaviors/as2_behaviors_motion/precision_landing_behavior/include;/home/developer/aerostack2_ws/src/aerostack2-tcc_lucca/as2_behaviors/as2_behaviors_motion/precision_landing_behavior/include/as2_behaviors_motion;/home/developer/aerostack2_ws/src/aerostack2-tcc_lucca/as2_behaviors/as2_behaviors_motion/follow_reference_behavior/include;/home/developer/aerostack2_ws/src/aerostack2-tcc_lucca/as2_behaviors/as2_behaviors_motion/follow_reference_behavior/include/as2_behaviors_motion;$<BUILD_INTERFACE:/home/developer/aerostack2_ws/src/aerostack2-tcc_lucca/as2_behaviors/as2_behaviors_motion/include>
[1.132s] -- Configured cppcheck exclude dirs and/or files: 
[1.136s] -- Added test 'cpplint' to check C / C++ code against the Google style
[1.136s] -- Configured cpplint exclude dirs and/or files: 
[1.137s] -- Added test 'flake8' to check Python code syntax and style conventions
[1.138s] -- Added test 'lint_cmake' to check CMake code style
[1.139s] -- Added test 'pep257' to check Python code against some of the docstring style conventions in PEP 257
[1.142s] -- Added test 'uncrustify' to check C / C++ code style
[1.142s] -- Configured uncrustify additional arguments: 
[1.143s] -- Added test 'xmllint' to check XML markup files
[1.144s] -- Configuring done
[1.205s] -- Generating done
[1.228s] -- Build files have been written to: /home/developer/aerostack2_ws/build/as2_behaviors_motion
[1.236s] Invoked command in '/home/developer/aerostack2_ws/build/as2_behaviors_motion' returned '0': AMENT_PREFIX_PATH=/home/developer/aerostack2_ws/install/as2_motion_reference_handlers:/home/developer/aerostack2_ws/install/as2_behavior:/home/developer/aerostack2_ws/install/as2_core:/home/developer/aerostack2_ws/install/as2_msgs:${AMENT_PREFIX_PATH} CMAKE_PREFIX_PATH=/home/developer/aerostack2_ws/install/as2_motion_reference_handlers:/home/developer/aerostack2_ws/install/as2_behavior:/home/developer/aerostack2_ws/install/as2_core:/home/developer/aerostack2_ws/install/as2_msgs:/opt/ros/humble LD_LIBRARY_PATH=/home/developer/aerostack2_ws/install/as2_motion_reference_handlers/lib:/home/developer/aerostack2_ws/install/as2_behavior/lib:/home/developer/aerostack2_ws/install/as2_core/lib:/home/developer/aerostack2_ws/install/as2_msgs/lib:${LD_LIBRARY_PATH} PYTHONPATH=/home/developer/aerostack2_ws/install/as2_motion_reference_handlers/local/lib/python3.10/dist-packages:/home/developer/aerostack2_ws/install/as2_core/local/lib/python3.10/dist-packages:/home/developer/aerostack2_ws/install/as2_msgs/local/lib/python3.10/dist-packages:${PYTHONPATH} /usr/bin/cmake /home/developer/aerostack2_ws/src/aerostack2-tcc_lucca/as2_behaviors/as2_behaviors_motion -DAMENT_CMAKE_SYMLINK_INSTALL=1 -DCMAKE_INSTALL_PREFIX=/home/developer/aerostack2_ws/install/as2_behaviors_motion
[1.238s] Invoking command in '/home/developer/aerostack2_ws/build/as2_behaviors_motion': AMENT_PREFIX_PATH=/home/developer/aerostack2_ws/install/as2_motion_reference_handlers:/home/developer/aerostack2_ws/install/as2_behavior:/home/developer/aerostack2_ws/install/as2_core:/home/developer/aerostack2_ws/install/as2_msgs:${AMENT_PREFIX_PATH} CMAKE_PREFIX_PATH=/home/developer/aerostack2_ws/install/as2_motion_reference_handlers:/home/developer/aerostack2_ws/install/as2_behavior:/home/developer/aerostack2_ws/install/as2_core:/home/developer/aerostack2_ws/install/as2_msgs:/opt/ros/humble LD_LIBRARY_PATH=/home/developer/aerostack2_ws/install/as2_motion_reference_handlers/lib:/home/developer/aerostack2_ws/install/as2_behavior/lib:/home/developer/aerostack2_ws/install/as2_core/lib:/home/developer/aerostack2_ws/install/as2_msgs/lib:${LD_LIBRARY_PATH} PYTHONPATH=/home/developer/aerostack2_ws/install/as2_motion_reference_handlers/local/lib/python3.10/dist-packages:/home/developer/aerostack2_ws/install/as2_core/local/lib/python3.10/dist-packages:/home/developer/aerostack2_ws/install/as2_msgs/local/lib/python3.10/dist-packages:${PYTHONPATH} /usr/bin/cmake --build /home/developer/aerostack2_ws/build/as2_behaviors_motion -- -j20 -l20
[1.275s] [  2%] [32mBuilding CXX object CMakeFiles/precision_landing_behavior_node.dir/precision_landing_behavior/src/precision_landing_behavior.cpp.o[0m
[1.275s] [  8%] [32mBuilding CXX object CMakeFiles/takeoff_behavior_node.dir/takeoff_behavior/src/takeoff_behavior.cpp.o[0m
[1.275s] [  8%] [32mBuilding CXX object CMakeFiles/as2_behaviors_motion.dir/precision_landing_behavior/plugins/precision_landing_plugin_p.cpp.o[0m
[1.275s] [  8%] [32mBuilding CXX object CMakeFiles/follow_reference_behavior_node.dir/follow_reference_behavior/src/follow_reference_behavior.cpp.o[0m
[1.276s] [ 10%] [32mBuilding CXX object CMakeFiles/as2_behaviors_motion.dir/precision_landing_behavior/plugins/precision_landing_plugin_cone.cpp.o[0m
[1.276s] [ 13%] [32mBuilding CXX object CMakeFiles/follow_reference_behavior_node.dir/follow_reference_behavior/src/follow_reference_behavior_node.cpp.o[0m
[1.276s] [ 15%] [32mBuilding CXX object CMakeFiles/as2_behaviors_motion.dir/precision_landing_behavior/plugins/precision_landing_plugin_pi.cpp.o[0m
[1.276s] [ 17%] [32mBuilding CXX object CMakeFiles/follow_reference_component.dir/follow_reference_behavior/src/follow_reference_behavior.cpp.o[0m
[1.276s] [ 19%] [32mBuilding CXX object CMakeFiles/takeoff_behavior_node.dir/takeoff_behavior/src/takeoff_behavior_node.cpp.o[0m
[1.276s] [ 21%] [32mBuilding CXX object CMakeFiles/follow_path_behavior_node.dir/follow_path_behavior/src/follow_path_behavior.cpp.o[0m
[1.276s] [ 23%] [32mBuilding CXX object CMakeFiles/follow_path_behavior_node.dir/follow_path_behavior/src/follow_path_behavior_node.cpp.o[0m
[1.277s] [ 26%] [32mBuilding CXX object CMakeFiles/land_component.dir/land_behavior/src/land_behavior.cpp.o[0m
[1.277s] [ 30%] [32mBuilding CXX object CMakeFiles/takeoff_component.dir/takeoff_behavior/src/takeoff_behavior.cpp.o[0m
[1.277s] [ 30%] [32mBuilding CXX object CMakeFiles/go_to_behavior_node.dir/go_to_behavior/src/go_to_behavior.cpp.o[0m
[1.277s] [ 32%] [32mBuilding CXX object CMakeFiles/as2_behaviors_motion.dir/precision_landing_behavior/plugins/precision_landing_plugin_pid.cpp.o[0m
[1.278s] [ 34%] [32mBuilding CXX object CMakeFiles/follow_path_component.dir/follow_path_behavior/src/follow_path_behavior.cpp.o[0m
[1.278s] [ 36%] [32mBuilding CXX object CMakeFiles/precision_landing_behavior_node.dir/precision_landing_behavior/src/precision_landing_behavior_node.cpp.o[0m
[1.278s] [ 39%] [32mBuilding CXX object CMakeFiles/land_behavior_node.dir/land_behavior/src/land_behavior.cpp.o[0m
[1.282s] [ 41%] [32mBuilding CXX object CMakeFiles/go_to_component.dir/go_to_behavior/src/go_to_behavior.cpp.o[0m
[1.283s] [ 43%] [32mBuilding CXX object CMakeFiles/precision_landing_component.dir/precision_landing_behavior/src/precision_landing_behavior.cpp.o[0m
[7.004s] [ 45%] [32mBuilding CXX object CMakeFiles/land_behavior_node.dir/land_behavior/src/land_behavior_node.cpp.o[0m
[7.156s] [ 47%] [32mBuilding CXX object CMakeFiles/as2_behaviors_motion.dir/follow_path_behavior/plugins/follow_path_plugin_position.cpp.o[0m
[7.474s] [ 50%] [32mBuilding CXX object CMakeFiles/go_to_behavior_node.dir/go_to_behavior/src/go_to_behavior_node.cpp.o[0m
[7.493s] [ 52%] [32mBuilding CXX object CMakeFiles/as2_behaviors_motion.dir/follow_path_behavior/plugins/follow_path_plugin_trajectory.cpp.o[0m
[7.601s] [ 54%] [32mBuilding CXX object CMakeFiles/as2_behaviors_motion.dir/go_to_behavior/plugins/go_to_plugin_position.cpp.o[0m
[7.845s] [ 56%] [32mBuilding CXX object CMakeFiles/as2_behaviors_motion.dir/go_to_behavior/plugins/go_to_plugin_trajectory.cpp.o[0m
[8.134s] [ 58%] [32mBuilding CXX object CMakeFiles/as2_behaviors_motion.dir/land_behavior/plugins/land_plugin_platform.cpp.o[0m
[8.370s] [ 60%] [32mBuilding CXX object CMakeFiles/as2_behaviors_motion.dir/land_behavior/plugins/land_plugin_speed.cpp.o[0m
[13.439s] [ 63%] [32mBuilding CXX object CMakeFiles/as2_behaviors_motion.dir/land_behavior/plugins/land_plugin_trajectory.cpp.o[0m
[13.625s] [ 65%] [32mBuilding CXX object CMakeFiles/as2_behaviors_motion.dir/takeoff_behavior/plugins/takeoff_plugin_platform.cpp.o[0m
[13.733s] [ 67%] [32mBuilding CXX object CMakeFiles/as2_behaviors_motion.dir/takeoff_behavior/plugins/takeoff_plugin_position.cpp.o[0m
[14.530s] [ 69%] [32mBuilding CXX object CMakeFiles/as2_behaviors_motion.dir/takeoff_behavior/plugins/takeoff_plugin_speed.cpp.o[0m
[14.696s] [ 71%] [32mBuilding CXX object CMakeFiles/as2_behaviors_motion.dir/takeoff_behavior/plugins/takeoff_plugin_trajectory.cpp.o[0m
[22.131s] [ 73%] [32m[1mLinking CXX shared library libas2_behaviors_motion.so[0m
[22.436s] [ 73%] Built target as2_behaviors_motion
[23.736s] [ 76%] [32m[1mLinking CXX shared library libfollow_reference_component.so[0m
[24.052s] [ 76%] Built target follow_reference_component
[24.218s] [ 78%] [32m[1mLinking CXX executable follow_reference_behavior_node[0m
[24.509s] [ 78%] Built target follow_reference_behavior_node
[25.818s] [ 80%] [32m[1mLinking CXX executable takeoff_behavior_node[0m
[25.933s] [ 82%] [32m[1mLinking CXX shared library libtakeoff_component.so[0m
[26.115s] [ 82%] Built target takeoff_behavior_node
[26.197s] [ 82%] Built target takeoff_component
[29.318s] [ 84%] [32m[1mLinking CXX shared library libland_component.so[0m
[29.555s] [ 86%] [32m[1mLinking CXX shared library libprecision_landing_component.so[0m
[29.600s] [ 86%] Built target land_component
[29.656s] [ 89%] [32m[1mLinking CXX executable precision_landing_behavior_node[0m
[29.746s] [ 91%] [32m[1mLinking CXX executable follow_path_behavior_node[0m
[29.818s] [ 91%] Built target precision_landing_component
[29.913s] [ 91%] Built target precision_landing_behavior_node
[30.004s] [ 91%] Built target follow_path_behavior_node
[30.102s] [ 93%] [32m[1mLinking CXX executable land_behavior_node[0m
[30.333s] [ 93%] Built target land_behavior_node
[30.416s] [ 95%] [32m[1mLinking CXX shared library libgo_to_component.so[0m
[30.658s] [ 95%] Built target go_to_component
[30.795s] [ 97%] [32m[1mLinking CXX executable go_to_behavior_node[0m
[30.922s] [100%] [32m[1mLinking CXX shared library libfollow_path_component.so[0m
[31.035s] [100%] Built target go_to_behavior_node
[31.147s] [100%] Built target follow_path_component
[31.169s] Invoked command in '/home/developer/aerostack2_ws/build/as2_behaviors_motion' returned '0': AMENT_PREFIX_PATH=/home/developer/aerostack2_ws/install/as2_motion_reference_handlers:/home/developer/aerostack2_ws/install/as2_behavior:/home/developer/aerostack2_ws/install/as2_core:/home/developer/aerostack2_ws/install/as2_msgs:${AMENT_PREFIX_PATH} CMAKE_PREFIX_PATH=/home/developer/aerostack2_ws/install/as2_motion_reference_handlers:/home/developer/aerostack2_ws/install/as2_behavior:/home/developer/aerostack2_ws/install/as2_core:/home/developer/aerostack2_ws/install/as2_msgs:/opt/ros/humble LD_LIBRARY_PATH=/home/developer/aerostack2_ws/install/as2_motion_reference_handlers/lib:/home/developer/aerostack2_ws/install/as2_behavior/lib:/home/developer/aerostack2_ws/install/as2_core/lib:/home/developer/aerostack2_ws/install/as2_msgs/lib:${LD_LIBRARY_PATH} PYTHONPATH=/home/developer/aerostack2_ws/install/as2_motion_reference_handlers/local/lib/python3.10/dist-packages:/home/developer/aerostack2_ws/install/as2_core/local/lib/python3.10/dist-packages:/home/developer/aerostack2_ws/install/as2_msgs/local/lib/python3.10/dist-packages:${PYTHONPATH} /usr/bin/cmake --build /home/developer/aerostack2_ws/build/as2_behaviors_motion -- -j20 -l20
[31.170s] Invoking command in '/home/developer/aerostack2_ws/build/as2_behaviors_motion': AMENT_PREFIX_PATH=/home/developer/aerostack2_ws/install/as2_motion_reference_handlers:/home/developer/aerostack2_ws/install/as2_behavior:/home/developer/aerostack2_ws/install/as2_core:/home/developer/aerostack2_ws/install/as2_msgs:${AMENT_PREFIX_PATH} CMAKE_PREFIX_PATH=/home/developer/aerostack2_ws/install/as2_motion_reference_handlers:/home/developer/aerostack2_ws/install/as2_behavior:/home/developer/aerostack2_ws/install/as2_core:/home/developer/aerostack2_ws/install/as2_msgs:/opt/ros/humble LD_LIBRARY_PATH=/home/developer/aerostack2_ws/install/as2_motion_reference_handlers/lib:/home/developer/aerostack2_ws/install/as2_behavior/lib:/home/developer/aerostack2_ws/install/as2_core/lib:/home/developer/aerostack2_ws/install/as2_msgs/lib:${LD_LIBRARY_PATH} PYTHONPATH=/home/developer/aerostack2_ws/install/as2_motion_reference_handlers/local/lib/python3.10/dist-packages:/home/developer/aerostack2_ws/install/as2_core/local/lib/python3.10/dist-packages:/home/developer/aerostack2_ws/install/as2_msgs/local/lib/python3.10/dist-packages:${PYTHONPATH} /usr/bin/cmake --install /home/developer/aerostack2_ws/build/as2_behaviors_motion
[31.178s] -- Install configuration: "Release"
[31.179s] -- Execute custom install script
[31.179s] -- Symlinking: /home/developer/aerostack2_ws/install/as2_behaviors_motion/share/as2_behaviors_motion//plugins.xml
[31.187s] -- Symlinking: /home/developer/aerostack2_ws/install/as2_behaviors_motion/share/as2_behaviors_motion/environment/library_path.sh
[31.192s] -- Symlinking: /home/developer/aerostack2_ws/install/as2_behaviors_motion/share/as2_behaviors_motion/environment/library_path.dsv
[31.197s] -- Symlinking: /home/developer/aerostack2_ws/install/as2_behaviors_motion/lib/as2_behaviors_motion/follow_path_behavior_node
[31.205s] -- Symlinking: /home/developer/aerostack2_ws/install/as2_behaviors_motion/include/follow_path_behavior/follow_path_base.hpp
[31.210s] -- Symlinking: /home/developer/aerostack2_ws/install/as2_behaviors_motion/include/follow_path_behavior/follow_path_behavior.hpp
[31.216s] -- Symlinking: /home/developer/aerostack2_ws/install/as2_behaviors_motion/share/as2_behaviors_motion/follow_path_behavior/config//config_default.yaml
[31.223s] -- Symlinking: /home/developer/aerostack2_ws/install/as2_behaviors_motion/lib/as2_behaviors_motion/go_to_behavior_node
[31.228s] -- Symlinking: /home/developer/aerostack2_ws/install/as2_behaviors_motion/include/go_to_behavior/go_to_base.hpp
[31.233s] -- Symlinking: /home/developer/aerostack2_ws/install/as2_behaviors_motion/include/go_to_behavior/go_to_behavior.hpp
[31.241s] -- Symlinking: /home/developer/aerostack2_ws/install/as2_behaviors_motion/share/as2_behaviors_motion/go_to_behavior/config//config_default.yaml
[31.247s] -- Symlinking: /home/developer/aerostack2_ws/install/as2_behaviors_motion/lib/as2_behaviors_motion/land_behavior_node
[31.253s] -- Symlinking: /home/developer/aerostack2_ws/install/as2_behaviors_motion/include/land_behavior/land_base.hpp
[31.260s] -- Symlinking: /home/developer/aerostack2_ws/install/as2_behaviors_motion/include/land_behavior/land_behavior.hpp
[31.265s] -- Symlinking: /home/developer/aerostack2_ws/install/as2_behaviors_motion/share/as2_behaviors_motion/land_behavior/config//config_default.yaml
[31.271s] -- Symlinking: /home/developer/aerostack2_ws/install/as2_behaviors_motion/lib/as2_behaviors_motion/takeoff_behavior_node
[31.276s] -- Symlinking: /home/developer/aerostack2_ws/install/as2_behaviors_motion/include/takeoff_behavior/takeoff_base.hpp
[31.283s] -- Symlinking: /home/developer/aerostack2_ws/install/as2_behaviors_motion/include/takeoff_behavior/takeoff_behavior.hpp
[31.290s] -- Symlinking: /home/developer/aerostack2_ws/install/as2_behaviors_motion/share/as2_behaviors_motion/takeoff_behavior/config//config_default.yaml
[31.295s] -- Symlinking: /home/developer/aerostack2_ws/install/as2_behaviors_motion/lib/as2_behaviors_motion/precision_landing_behavior_node
[31.302s] -- Symlinking: /home/developer/aerostack2_ws/install/as2_behaviors_motion/include/precision_landing_behavior/precision_landing_base.hpp
[31.308s] -- Symlinking: /home/developer/aerostack2_ws/install/as2_behaviors_motion/include/precision_landing_behavior/precision_landing_behavior.hpp
[31.313s] -- Symlinking: /home/developer/aerostack2_ws/install/as2_behaviors_motion/share/as2_behaviors_motion/precision_landing_behavior/config//config_default.yaml
[31.318s] -- Symlinking: /home/developer/aerostack2_ws/install/as2_behaviors_motion/lib/as2_behaviors_motion/follow_reference_behavior_node
[31.324s] -- Symlinking: /home/developer/aerostack2_ws/install/as2_behaviors_motion/include/follow_reference_behavior/follow_reference_behavior.hpp
[31.328s] -- Symlinking: /home/developer/aerostack2_ws/install/as2_behaviors_motion/share/as2_behaviors_motion/follow_reference_behavior/config//config_default.yaml
[31.333s] -- Symlinking: /home/developer/aerostack2_ws/install/as2_behaviors_motion/lib/libtakeoff_component.so
[31.337s] -- Symlinking: /home/developer/aerostack2_ws/install/as2_behaviors_motion/lib/libland_component.so
[31.343s] -- Symlinking: /home/developer/aerostack2_ws/install/as2_behaviors_motion/lib/libgo_to_component.so
[31.348s] -- Symlinking: /home/developer/aerostack2_ws/install/as2_behaviors_motion/lib/libfollow_path_component.so
[31.353s] -- Symlinking: /home/developer/aerostack2_ws/install/as2_behaviors_motion/lib/libprecision_landing_component.so
[31.358s] -- Symlinking: /home/developer/aerostack2_ws/install/as2_behaviors_motion/lib/libfollow_reference_component.so
[31.365s] -- Symlinking: /home/developer/aerostack2_ws/install/as2_behaviors_motion/share/as2_behaviors_motion/launch/composable_follow_reference.launch.py
[31.371s] -- Symlinking: /home/developer/aerostack2_ws/install/as2_behaviors_motion/share/as2_behaviors_motion/launch/composable_motion_behaviors.launch.py
[31.378s] -- Symlinking: /home/developer/aerostack2_ws/install/as2_behaviors_motion/share/as2_behaviors_motion/launch/follow_path_behavior_launch.py
[31.386s] -- Symlinking: /home/developer/aerostack2_ws/install/as2_behaviors_motion/share/as2_behaviors_motion/launch/follow_reference_behavior_launch.py
[31.391s] -- Symlinking: /home/developer/aerostack2_ws/install/as2_behaviors_motion/share/as2_behaviors_motion/launch/go_to_behavior_launch.py
[31.396s] -- Symlinking: /home/developer/aerostack2_ws/install/as2_behaviors_motion/share/as2_behaviors_motion/launch/land_behavior_launch.py
[31.403s] -- Symlinking: /home/developer/aerostack2_ws/install/as2_behaviors_motion/share/as2_behaviors_motion/launch/motion_behaviors_launch.py
[31.409s] -- Symlinking: /home/developer/aerostack2_ws/install/as2_behaviors_motion/share/as2_behaviors_motion/launch/precision_landing_behavior_launch.py
[31.414s] -- Symlinking: /home/developer/aerostack2_ws/install/as2_behaviors_motion/share/as2_behaviors_motion/launch/takeoff_behavior_launch.py
[31.418s] -- Symlinking: /home/developer/aerostack2_ws/install/as2_behaviors_motion/share/ament_index/resource_index/package_run_dependencies/as2_behaviors_motion
[31.425s] -- Symlinking: /home/developer/aerostack2_ws/install/as2_behaviors_motion/share/ament_index/resource_index/parent_prefix_path/as2_behaviors_motion
[31.430s] -- Symlinking: /home/developer/aerostack2_ws/install/as2_behaviors_motion/share/as2_behaviors_motion/environment/ament_prefix_path.sh
[31.436s] -- Symlinking: /home/developer/aerostack2_ws/install/as2_behaviors_motion/share/as2_behaviors_motion/environment/ament_prefix_path.dsv
[31.441s] -- Symlinking: /home/developer/aerostack2_ws/install/as2_behaviors_motion/share/as2_behaviors_motion/environment/path.sh
[31.447s] -- Symlinking: /home/developer/aerostack2_ws/install/as2_behaviors_motion/share/as2_behaviors_motion/environment/path.dsv
[31.453s] -- Symlinking: /home/developer/aerostack2_ws/install/as2_behaviors_motion/share/as2_behaviors_motion/local_setup.bash
[31.458s] -- Symlinking: /home/developer/aerostack2_ws/install/as2_behaviors_motion/share/as2_behaviors_motion/local_setup.sh
[31.465s] -- Symlinking: /home/developer/aerostack2_ws/install/as2_behaviors_motion/share/as2_behaviors_motion/local_setup.zsh
[31.471s] -- Symlinking: /home/developer/aerostack2_ws/install/as2_behaviors_motion/share/as2_behaviors_motion/local_setup.dsv
[31.475s] -- Symlinking: /home/developer/aerostack2_ws/install/as2_behaviors_motion/share/as2_behaviors_motion/package.dsv
[31.481s] -- Symlinking: /home/developer/aerostack2_ws/install/as2_behaviors_motion/share/ament_index/resource_index/packages/as2_behaviors_motion
[31.488s] -- Symlinking: /home/developer/aerostack2_ws/install/as2_behaviors_motion/share/ament_index/resource_index/as2_behaviors_motion__pluginlib__plugin/as2_behaviors_motion
[31.495s] -- Symlinking: /home/developer/aerostack2_ws/install/as2_behaviors_motion/share/ament_index/resource_index/rclcpp_components/as2_behaviors_motion
[31.501s] -- Symlinking: /home/developer/aerostack2_ws/install/as2_behaviors_motion/share/as2_behaviors_motion/cmake/ament_cmake_export_libraries-extras.cmake
[31.508s] -- Symlinking: /home/developer/aerostack2_ws/install/as2_behaviors_motion/share/as2_behaviors_motion/cmake/ament_cmake_export_targets-extras.cmake
[31.513s] -- Symlinking: /home/developer/aerostack2_ws/install/as2_behaviors_motion/share/as2_behaviors_motion/cmake/ament_cmake_export_include_directories-extras.cmake
[31.518s] -- Symlinking: /home/developer/aerostack2_ws/install/as2_behaviors_motion/share/as2_behaviors_motion/cmake/as2_behaviors_motionConfig.cmake
[31.522s] -- Symlinking: /home/developer/aerostack2_ws/install/as2_behaviors_motion/share/as2_behaviors_motion/cmake/as2_behaviors_motionConfig-version.cmake
[31.529s] -- Symlinking: /home/developer/aerostack2_ws/install/as2_behaviors_motion/share/as2_behaviors_motion/package.xml
[31.534s] -- Installing: /home/developer/aerostack2_ws/install/as2_behaviors_motion/lib/libas2_behaviors_motion.so
[31.535s] -- Set runtime path of "/home/developer/aerostack2_ws/install/as2_behaviors_motion/lib/libas2_behaviors_motion.so" to ""
[31.535s] -- Installing: /home/developer/aerostack2_ws/install/as2_behaviors_motion/share/as2_behaviors_motion/cmake/export_as2_behaviors_motionExport.cmake
[31.535s] -- Installing: /home/developer/aerostack2_ws/install/as2_behaviors_motion/share/as2_behaviors_motion/cmake/export_as2_behaviors_motionExport-release.cmake
[31.537s] Invoked command in '/home/developer/aerostack2_ws/build/as2_behaviors_motion' returned '0': AMENT_PREFIX_PATH=/home/developer/aerostack2_ws/install/as2_motion_reference_handlers:/home/developer/aerostack2_ws/install/as2_behavior:/home/developer/aerostack2_ws/install/as2_core:/home/developer/aerostack2_ws/install/as2_msgs:${AMENT_PREFIX_PATH} CMAKE_PREFIX_PATH=/home/developer/aerostack2_ws/install/as2_motion_reference_handlers:/home/developer/aerostack2_ws/install/as2_behavior:/home/developer/aerostack2_ws/install/as2_core:/home/developer/aerostack2_ws/install/as2_msgs:/opt/ros/humble LD_LIBRARY_PATH=/home/developer/aerostack2_ws/install/as2_motion_reference_handlers/lib:/home/developer/aerostack2_ws/install/as2_behavior/lib:/home/developer/aerostack2_ws/install/as2_core/lib:/home/developer/aerostack2_ws/install/as2_msgs/lib:${LD_LIBRARY_PATH} PYTHONPATH=/home/developer/aerostack2_ws/install/as2_motion_reference_handlers/local/lib/python3.10/dist-packages:/home/developer/aerostack2_ws/install/as2_core/local/lib/python3.10/dist-packages:/home/developer/aerostack2_ws/install/as2_msgs/local/lib/python3.10/dist-packages:${PYTHONPATH} /usr/bin/cmake --install /home/developer/aerostack2_ws/build/as2_behaviors_motion
