[0.035s] Invoking command in '/home/developer/aerostack2_ws/build/as2_gazebo_assets': AMENT_PREFIX_PATH=/home/developer/aerostack2_ws/install/as2_core:/home/developer/aerostack2_ws/install/as2_msgs:${AMENT_PREFIX_PATH} CMAKE_PREFIX_PATH=/home/developer/aerostack2_ws/install/as2_core:/home/developer/aerostack2_ws/install/as2_msgs:/opt/ros/humble LD_LIBRARY_PATH=/home/developer/aerostack2_ws/install/as2_core/lib:/home/developer/aerostack2_ws/install/as2_msgs/lib:${LD_LIBRARY_PATH} PYTHONPATH=/home/developer/aerostack2_ws/install/as2_core/local/lib/python3.10/dist-packages:/home/developer/aerostack2_ws/install/as2_msgs/local/lib/python3.10/dist-packages:${PYTHONPATH} /usr/bin/cmake --build /home/developer/aerostack2_ws/build/as2_gazebo_assets -- -j20 -l20
[0.167s] [0mUsing GAZEBO version: harmonic[0m
[0.177s] -- Looking for gz-sim8 -- found version 8.13.0
[0.182s] -- Searching for dependencies of gz-sim8
[0.191s] -- Looking for sdformat14 -- found version 14.9.0
[0.192s] -- Searching for dependencies of sdformat14
[0.200s] -- Checking for module 'tinyxml2'
[0.236s] --   Found tinyxml2, version 9.0.0
[0.354s] -- Looking for gz-math7 -- found version 7.6.0
[0.354s] -- Searching for dependencies of gz-math7
[0.354s] -- Looking for gz-utils2 -- found version 2.2.1
[0.368s] -- Looking for gz-utils2 -- found version 2.2.1
[0.368s] -- Searching for dependencies of gz-utils2
[0.368s] -- Searching for <gz-utils2> component [cli]
[0.389s] -- Looking for gz-utils2-cli -- found version 2.2.1
[0.398s] -- Searching for dependencies of gz-utils2-cli
[0.416s] -- Looking for gz-plugin2 -- found version 2.0.4
[0.416s] -- Searching for dependencies of gz-plugin2
[0.417s] -- Looking for gz-utils2 -- found version 2.2.1
[0.417s] -- Searching for <gz-plugin2> component [loader]
[0.432s] -- Looking for gz-plugin2-loader -- found version 2.0.4
[0.441s] -- Searching for dependencies of gz-plugin2-loader
[0.441s] -- Searching for <gz-plugin2> component [register]
[0.457s] -- Looking for gz-plugin2-register -- found version 2.0.4
[0.457s] -- Searching for dependencies of gz-plugin2-register
[0.482s] -- Looking for gz-transport13 -- found version 13.5.0
[0.482s] -- Searching for dependencies of gz-transport13
[0.715s] -- Config-file not installed for ZeroMQ -- checking for pkg-config
[0.726s] -- Checking for module 'libzmq >= 4'
[0.754s] --   Found libzmq , version 4.3.4
[0.843s] -- Checking for module 'uuid'
[0.873s] --   Found uuid, version 2.37.2
[0.932s] -- Looking for gz-utils2 -- found version 2.2.1
[0.949s] -- Looking for gz-msgs10 -- found version 10.3.2
[0.951s] -- Searching for dependencies of gz-msgs10
[1.090s] -- Looking for gz-utils2 -- found version 2.2.1
[1.090s] -- Looking for gz-math7 -- found version 7.6.0
[1.165s] -- Searching for <gz-transport13> component [log]
[1.173s] -- Looking for gz-transport13-log -- found version 13.5.0
[1.176s] -- Searching for dependencies of gz-transport13-log
[1.177s] -- Searching for <gz-transport13> component [parameters]
[1.182s] -- Looking for gz-transport13-parameters -- found version 13.5.0
[1.183s] -- Searching for dependencies of gz-transport13-parameters
[1.184s] -- Looking for gz-msgs10 -- found version 10.3.2
[1.184s] -- Looking for gz-common5 -- found version 5.8.0
[1.185s] -- Searching for dependencies of gz-common5
[1.185s] -- Looking for gz-utils2 -- found version 2.2.1
[1.185s] -- Looking for dlfcn.h - found
[1.185s] -- Looking for libdl - found
[1.202s] -- Searching for <gz-common5> component [av]
[1.210s] -- Looking for gz-common5-av -- found version 5.8.0
[1.211s] -- Searching for dependencies of gz-common5-av
[1.216s] -- Checking for module 'libswscale'
[1.253s] --   Found libswscale, version 5.9.100
[1.331s] -- Checking for module 'libavdevice >= 56.4.100'
[1.352s] --   Found libavdevice , version 58.13.100
[1.419s] -- Checking for module 'libavformat'
[1.452s] --   Found libavformat, version 58.76.100
[1.607s] -- Checking for module 'libavcodec'
[1.620s] --   Found libavcodec, version 58.134.100
[1.732s] -- Checking for module 'libavutil'
[1.745s] --   Found libavutil, version 56.70.100
[1.874s] -- Searching for <gz-common5> component [events]
[1.878s] -- Looking for gz-common5-events -- found version 5.8.0
[1.878s] -- Searching for dependencies of gz-common5-events
[1.878s] -- Looking for gz-math7 -- found version 7.6.0
[1.878s] -- Searching for <gz-common5> component [graphics]
[1.882s] -- Looking for gz-common5-graphics -- found version 5.8.0
[1.882s] -- Searching for dependencies of gz-common5-graphics
[1.882s] -- Looking for gz-math7 -- found version 7.6.0
[1.915s] -- Found GzAssimp: TRUE (found version "5.2.0") 
[1.915s] -- Searching for <gz-common5> component [io]
[1.919s] -- Looking for gz-common5-io -- found version 5.8.0
[1.919s] -- Searching for dependencies of gz-common5-io
[1.920s] -- Searching for <gz-common5> component [profiler]
[1.925s] -- Looking for gz-common5-profiler -- found version 5.8.0
[1.925s] -- Searching for dependencies of gz-common5-profiler
[1.930s] -- Looking for gz-fuel_tools9 -- found version 9.1.1
[1.930s] -- Searching for dependencies of gz-fuel_tools9
[2.122s] -- Checking for module 'jsoncpp'
[2.144s] --   Found jsoncpp, version 1.9.5
[2.293s] -- Checking for module 'libzip'
[2.345s] --   Found libzip, version 1.7.3
[2.490s] -- Looking for gz-utils2 -- found version 2.2.1
[2.491s] -- Looking for gz-common5 -- found version 5.8.0
[2.495s] -- Searching for dependencies of gz-common5
[2.495s] -- Looking for gz-utils2 -- found version 2.2.1
[2.495s] -- Looking for dlfcn.h - found
[2.495s] -- Looking for libdl - found
[2.500s] -- Searching for <gz-common5> component [testing]
[2.504s] -- Looking for gz-common5-testing -- found version 5.8.0
[2.504s] -- Searching for dependencies of gz-common5-testing
[2.507s] -- Looking for gz-math7 -- found version 7.6.0
[2.507s] -- Looking for gz-msgs10 -- found version 10.3.2
[2.510s] -- Looking for gz-gui8 -- found version 8.4.0
[2.510s] -- Searching for dependencies of gz-gui8
[2.598s] -- Looking for gz-utils2 -- found version 2.2.1
[2.598s] -- Looking for gz-math7 -- found version 7.6.0
[2.600s] -- Looking for gz-common5 -- found version 5.8.0
[2.600s] -- Looking for gz-plugin2 -- found version 2.0.4
[2.600s] -- Looking for gz-transport13 -- found version 13.5.0
[2.602s] -- Looking for gz-rendering8 -- found version 8.2.3
[2.602s] -- Searching for dependencies of gz-rendering8
[2.603s] -- Looking for gz-math7 -- found version 7.6.0
[2.603s] -- Searching for dependencies of gz-math7
[2.603s] -- Looking for gz-utils2 -- found version 2.2.1
[2.603s] -- Searching for <gz-math7> component [eigen3]
[2.608s] -- Looking for gz-math7-eigen3 -- found version 7.6.0
[2.608s] -- Searching for dependencies of gz-math7-eigen3
[2.609s] -- Looking for gz-common5 -- found version 5.8.0
[2.610s] -- Searching for dependencies of gz-common5
[2.610s] -- Looking for gz-utils2 -- found version 2.2.1
[2.612s] -- Looking for dlfcn.h - found
[2.612s] -- Looking for libdl - found
[2.618s] -- Searching for <gz-common5> component [graphics]
[2.619s] -- Searching for <gz-common5> component [events]
[2.619s] -- Searching for <gz-common5> component [geospatial]
[2.622s] -- Looking for gz-common5-geospatial -- found version 5.8.0
[2.626s] -- Searching for dependencies of gz-common5-geospatial
[2.626s] -- Looking for gz-math7 -- found version 7.6.0
[2.626s] -- Looking for gz-common5 -- found version 5.8.0
[2.626s] -- Looking for gz-plugin2 -- found version 2.0.4
[2.626s] -- Searching for dependencies of gz-plugin2
[2.626s] -- Looking for gz-utils2 -- found version 2.2.1
[2.626s] -- Searching for <gz-plugin2> component [all]
[2.629s] -- Looking for all libraries of gz-plugin2 -- found version 2.0.4
[2.631s] -- Looking for gz-plugin2 -- found version 2.0.4
[2.631s] -- Looking for gz-utils2 -- found version 2.2.1
[2.706s] -- Found OpenGL: /usr/lib/x86_64-linux-gnu/libOpenGL.so  found components: OpenGL 
[2.712s] -- Looking for gz-msgs10 -- found version 10.3.2
[2.852s] -- Looking for gz-physics7 -- found version 7.8.0
[2.852s] -- Searching for dependencies of gz-physics7
[2.853s] -- Looking for gz-common5 -- found version 5.8.0
[2.853s] -- Looking for gz-math7 -- found version 7.6.0
[2.853s] -- Looking for gz-plugin2 -- found version 2.0.4
[2.855s] -- Looking for gz-utils2 -- found version 2.2.1
[2.865s] -- Searching for <gz-physics7> component [heightmap]
[2.871s] -- Looking for gz-physics7-heightmap -- found version 7.8.0
[2.871s] -- Searching for dependencies of gz-physics7-heightmap
[2.871s] -- Looking for gz-common5 -- found version 5.8.0
[2.872s] -- Searching for <gz-physics7> component [mesh]
[2.878s] -- Looking for gz-physics7-mesh -- found version 7.8.0
[2.878s] -- Searching for dependencies of gz-physics7-mesh
[2.878s] -- Looking for gz-common5 -- found version 5.8.0
[2.878s] -- Searching for <gz-physics7> component [sdf]
[2.893s] -- Looking for gz-physics7-sdf -- found version 7.8.0
[2.893s] -- Searching for dependencies of gz-physics7-sdf
[2.893s] -- Looking for sdformat14 -- found version 14.9.0
[2.900s] -- Looking for gz-sensors8 -- found version 8.2.2
[2.900s] -- Searching for dependencies of gz-sensors8
[2.948s] -- Looking for gz-math7 -- found version 7.6.0
[2.950s] -- Looking for gz-common5 -- found version 5.8.0
[2.950s] -- Looking for gz-transport13 -- found version 13.5.0
[2.950s] -- Looking for gz-rendering8 -- found version 8.2.3
[2.950s] -- Looking for gz-msgs10 -- found version 10.3.2
[2.950s] -- Looking for sdformat14 -- found version 14.9.0
[2.952s] -- Searching for <gz-sensors8> component [air_pressure]
[2.953s] -- Looking for gz-sensors8-air_pressure -- found version 8.2.2
[2.954s] -- Searching for dependencies of gz-sensors8-air_pressure
[2.957s] -- Searching for <gz-sensors8> component [air_speed]
[2.958s] -- Looking for gz-sensors8-air_speed -- found version 8.2.2
[2.959s] -- Searching for dependencies of gz-sensors8-air_speed
[2.959s] -- Searching for <gz-sensors8> component [altimeter]
[2.963s] -- Looking for gz-sensors8-altimeter -- found version 8.2.2
[2.964s] -- Searching for dependencies of gz-sensors8-altimeter
[2.964s] -- Searching for <gz-sensors8> component [imu]
[2.980s] -- Looking for gz-sensors8-imu -- found version 8.2.2
[2.980s] -- Searching for dependencies of gz-sensors8-imu
[2.980s] -- Searching for <gz-sensors8> component [force_torque]
[2.980s] -- Looking for gz-sensors8-force_torque -- found version 8.2.2
[2.981s] -- Searching for dependencies of gz-sensors8-force_torque
[2.991s] -- Searching for <gz-sensors8> component [logical_camera]
[2.992s] -- Looking for gz-sensors8-logical_camera -- found version 8.2.2
[2.993s] -- Searching for dependencies of gz-sensors8-logical_camera
[2.993s] -- Searching for <gz-sensors8> component [magnetometer]
[2.998s] -- Looking for gz-sensors8-magnetometer -- found version 8.2.2
[2.998s] -- Searching for dependencies of gz-sensors8-magnetometer
[2.998s] -- Searching for <gz-sensors8> component [navsat]
[3.002s] -- Looking for gz-sensors8-navsat -- found version 8.2.2
[3.002s] -- Searching for dependencies of gz-sensors8-navsat
[3.003s] -- Searching for <gz-sensors8> component [dvl]
[3.005s] -- Looking for gz-sensors8-dvl -- found version 8.2.2
[3.006s] -- Searching for dependencies of gz-sensors8-dvl
[3.006s] -- Looking for gz-sensors8 -- found version 8.2.2
[3.007s] -- Searching for dependencies of gz-sensors8
[3.060s] -- Looking for gz-math7 -- found version 7.6.0
[3.060s] -- Looking for gz-common5 -- found version 5.8.0
[3.060s] -- Looking for gz-transport13 -- found version 13.5.0
[3.061s] -- Looking for gz-rendering8 -- found version 8.2.3
[3.061s] -- Looking for gz-msgs10 -- found version 10.3.2
[3.062s] -- Looking for sdformat14 -- found version 14.9.0
[3.062s] -- Searching for <gz-sensors8> component [rendering]
[3.064s] -- Looking for gz-sensors8-rendering -- found version 8.2.2
[3.064s] -- Searching for dependencies of gz-sensors8-rendering
[3.065s] -- Searching for <gz-sensors8> component [rendering]
[3.066s] -- Searching for <gz-sensors8> component [lidar]
[3.070s] -- Looking for gz-sensors8-lidar -- found version 8.2.2
[3.070s] -- Searching for dependencies of gz-sensors8-lidar
[3.070s] -- Looking for gz-sensors8 -- found version 8.2.2
[3.070s] -- Searching for <gz-sensors8> component [gpu_lidar]
[3.075s] -- Looking for gz-sensors8-gpu_lidar -- found version 8.2.2
[3.075s] -- Searching for dependencies of gz-sensors8-gpu_lidar
[3.075s] -- Looking for gz-sensors8 -- found version 8.2.2
[3.075s] -- Searching for <gz-sensors8> component [camera]
[3.088s] -- Looking for gz-sensors8-camera -- found version 8.2.2
[3.088s] -- Searching for dependencies of gz-sensors8-camera
[3.095s] -- Looking for gz-sensors8 -- found version 8.2.2
[3.095s] -- Searching for <gz-sensors8> component [boundingbox_camera]
[3.095s] -- Looking for gz-sensors8-boundingbox_camera -- found version 8.2.2
[3.095s] -- Searching for dependencies of gz-sensors8-boundingbox_camera
[3.095s] -- Searching for <gz-sensors8> component [segmentation_camera]
[3.098s] -- Looking for gz-sensors8-segmentation_camera -- found version 8.2.2
[3.098s] -- Searching for dependencies of gz-sensors8-segmentation_camera
[3.098s] -- Searching for <gz-sensors8> component [depth_camera]
[3.101s] -- Looking for gz-sensors8-depth_camera -- found version 8.2.2
[3.101s] -- Searching for dependencies of gz-sensors8-depth_camera
[3.102s] -- Looking for gz-sensors8 -- found version 8.2.2
[3.102s] -- Searching for <gz-sensors8> component [rgbd_camera]
[3.106s] -- Looking for gz-sensors8-rgbd_camera -- found version 8.2.2
[3.106s] -- Searching for dependencies of gz-sensors8-rgbd_camera
[3.107s] -- Looking for gz-sensors8 -- found version 8.2.2
[3.107s] -- Searching for <gz-sensors8> component [thermal_camera]
[3.111s] -- Looking for gz-sensors8-thermal_camera -- found version 8.2.2
[3.111s] -- Searching for dependencies of gz-sensors8-thermal_camera
[3.112s] -- Looking for gz-sensors8 -- found version 8.2.2
[3.112s] -- Searching for <gz-sensors8> component [wide_angle_camera]
[3.115s] -- Looking for gz-sensors8-wide_angle_camera -- found version 8.2.2
[3.116s] -- Searching for dependencies of gz-sensors8-wide_angle_camera
[3.117s] -- Looking for gz-rendering8 -- found version 8.2.3
[3.117s] -- Looking for gz-math7 -- found version 7.6.0
[3.118s] -- Looking for gz-utils2 -- found version 2.2.1
[3.163s] -- Looking for gz-common5 -- found version 5.8.0
[3.164s] -- Looking for gz-math7 -- found version 7.6.0
[3.164s] -- Looking for gz-transport13 -- found version 13.5.0
[3.164s] -- Looking for gz-plugin2 -- found version 2.0.4
[3.164s] -- Looking for gz-rendering8 -- found version 8.2.3
[3.164s] -- Looking for gz-msgs10 -- found version 10.3.2
[3.180s] -- Found ament_cmake: 1.3.14 (/opt/ros/humble/share/ament_cmake/cmake)
[3.406s] -- Override CMake install command with custom implementation using symlinks instead of copying resources
[3.541s] -- Found ros_gz_sim: 0.244.12 (/opt/ros/humble/share/ros_gz_sim/cmake)
[3.590s] -- Found rosidl_generator_c: 3.1.8 (/opt/ros/humble/share/rosidl_generator_c/cmake)
[3.609s] -- Found rosidl_adapter: 3.1.8 (/opt/ros/humble/share/rosidl_adapter/cmake)
[3.633s] -- Found rosidl_generator_cpp: 3.1.8 (/opt/ros/humble/share/rosidl_generator_cpp/cmake)
[3.657s] -- Using all available rosidl_typesupport_c: rosidl_typesupport_fastrtps_c;rosidl_typesupport_introspection_c
[3.679s] -- Using all available rosidl_typesupport_cpp: rosidl_typesupport_fastrtps_cpp;rosidl_typesupport_introspection_cpp
[3.783s] -- Found rmw_implementation_cmake: 6.1.2 (/opt/ros/humble/share/rmw_implementation_cmake/cmake)
[3.785s] -- Found rmw_fastrtps_cpp: 6.2.10 (/opt/ros/humble/share/rmw_fastrtps_cpp/cmake)
[4.138s] -- Using RMW implementation 'rmw_fastrtps_cpp' as default
[4.199s] -- Found ros_gz_bridge: 0.244.12 (/opt/ros/humble/share/ros_gz_bridge/cmake)
[4.565s] -- Found as2_core: 1.1.3 (/home/developer/aerostack2_ws/install/as2_core/share/as2_core/cmake)
[4.566s] -- Created yaml-cpp::yaml-cpp alias from yaml-cpp target
[4.567s] -- Created GeographicLib::GeographicLib target from legacy variables
[4.739s] -- Found eigen3_cmake_module: 0.1.1 (/opt/ros/humble/share/eigen3_cmake_module/cmake)
[4.752s] -- Ensuring Eigen3 include directory is part of orocos-kdl CMake target
[5.640s] -- Found ament_lint_auto: 0.12.15 (/opt/ros/humble/share/ament_lint_auto/cmake)
[6.018s] -- Found ament_cmake_pytest: 1.3.14 (/opt/ros/humble/share/ament_cmake_pytest/cmake)
