[0.012s] Invoking command in '/home/developer/aerostack2_ws/build/as2_behaviors_trajectory_generation': AMENT_PREFIX_PATH=/home/developer/aerostack2_ws/install/as2_motion_reference_handlers:/home/developer/aerostack2_ws/install/as2_behavior:/home/developer/aerostack2_ws/install/as2_core:/home/developer/aerostack2_ws/install/as2_msgs:${AMENT_PREFIX_PATH} CMAKE_PREFIX_PATH=/home/developer/aerostack2_ws/install/as2_motion_reference_handlers:/home/developer/aerostack2_ws/install/as2_behavior:/home/developer/aerostack2_ws/install/as2_core:/home/developer/aerostack2_ws/install/as2_msgs:/opt/ros/humble LD_LIBRARY_PATH=/home/developer/aerostack2_ws/install/as2_motion_reference_handlers/lib:/home/developer/aerostack2_ws/install/as2_behavior/lib:/home/developer/aerostack2_ws/install/as2_core/lib:/home/developer/aerostack2_ws/install/as2_msgs/lib:${LD_LIBRARY_PATH} PYTHONPATH=/home/developer/aerostack2_ws/install/as2_motion_reference_handlers/local/lib/python3.10/dist-packages:/home/developer/aerostack2_ws/install/as2_core/local/lib/python3.10/dist-packages:/home/developer/aerostack2_ws/install/as2_msgs/local/lib/python3.10/dist-packages:${PYTHONPATH} /usr/bin/cmake /home/developer/aerostack2_ws/src/aerostack2-tcc_lucca/as2_behaviors/as2_behaviors_trajectory_generation -DAMENT_CMAKE_SYMLINK_INSTALL=1 -DCMAKE_INSTALL_PREFIX=/home/developer/aerostack2_ws/install/as2_behaviors_trajectory_generation
[0.050s] -- The C compiler identification is GNU 11.4.0
[0.087s] -- The CXX compiler identification is GNU 11.4.0
[0.092s] -- Detecting C compiler ABI info
[0.143s] -- Detecting C compiler ABI info - done
[0.147s] -- Check for working C compiler: /usr/bin/cc - skipped
[0.147s] -- Detecting C compile features
[0.148s] -- Detecting C compile features - done
[0.150s] -- Detecting CXX compiler ABI info
[0.206s] -- Detecting CXX compiler ABI info - done
[0.209s] -- Check for working CXX compiler: /usr/bin/c++ - skipped
[0.210s] -- Detecting CXX compile features
[0.210s] -- Detecting CXX compile features - done
[0.212s] -- Found ament_cmake: 1.3.14 (/opt/ros/humble/share/ament_cmake/cmake)
[0.316s] -- Found Python3: /usr/bin/python3 (found version "3.10.12") found components: Interpreter 
[0.355s] -- Override CMake install command with custom implementation using symlinks instead of copying resources
[0.377s] -- Found rclcpp: 16.0.19 (/opt/ros/humble/share/rclcpp/cmake)
[0.403s] -- Found rosidl_generator_c: 3.1.8 (/opt/ros/humble/share/rosidl_generator_c/cmake)
[0.407s] -- Found rosidl_adapter: 3.1.8 (/opt/ros/humble/share/rosidl_adapter/cmake)
[0.412s] -- Found rosidl_generator_cpp: 3.1.8 (/opt/ros/humble/share/rosidl_generator_cpp/cmake)
[0.420s] -- Using all available rosidl_typesupport_c: rosidl_typesupport_fastrtps_c;rosidl_typesupport_introspection_c
[0.430s] -- Using all available rosidl_typesupport_cpp: rosidl_typesupport_fastrtps_cpp;rosidl_typesupport_introspection_cpp
[0.458s] -- Found rmw_implementation_cmake: 6.1.2 (/opt/ros/humble/share/rmw_implementation_cmake/cmake)
[0.459s] -- Found rmw_fastrtps_cpp: 6.2.10 (/opt/ros/humble/share/rmw_fastrtps_cpp/cmake)
[0.527s] -- Found OpenSSL: /usr/lib/x86_64-linux-gnu/libcrypto.so (found version "3.0.2")  
[0.552s] -- Found FastRTPS: /opt/ros/humble/include  
[0.589s] -- Using RMW implementation 'rmw_fastrtps_cpp' as default
[0.595s] -- Looking for pthread.h
[0.652s] -- Looking for pthread.h - found
[0.652s] -- Performing Test CMAKE_HAVE_LIBC_PTHREAD
[0.708s] -- Performing Test CMAKE_HAVE_LIBC_PTHREAD - Success
[0.709s] -- Found Threads: TRUE  
[0.741s] -- Found std_srvs: 4.9.1 (/opt/ros/humble/share/std_srvs/cmake)
[0.746s] -- Found as2_core: 1.1.3 (/home/developer/aerostack2_ws/install/as2_core/share/as2_core/cmake)
[0.747s] -- Created yaml-cpp::yaml-cpp alias from yaml-cpp target
[0.749s] -- Created GeographicLib::GeographicLib target from legacy variables
[0.833s] -- Found eigen3_cmake_module: 0.1.1 (/opt/ros/humble/share/eigen3_cmake_module/cmake)
[0.834s] -- Found Eigen3: TRUE (found version "3.4.0") 
[0.834s] -- Ensuring Eigen3 include directory is part of orocos-kdl CMake target
[0.924s] -- Found as2_behavior: 1.1.3 (/home/developer/aerostack2_ws/install/as2_behavior/share/as2_behavior/cmake)
[0.933s] -- Found as2_motion_reference_handlers: 1.1.3 (/home/developer/aerostack2_ws/install/as2_motion_reference_handlers/share/as2_motion_reference_handlers/cmake)
[0.965s] -- dynamic_trajectory_generator not found
[2.691s] -- Could not locate glog.
[3.664s] -- Looking for gflags namespace
[3.845s] -- Looking for gflags namespace - gflags
[3.848s] -- Could NOT find Unwind (missing: Unwind_INCLUDE_DIR Unwind_LIBRARY Unwind_PLATFORM_LIBRARY) 
[3.848s] -- Looking for C++ include unwind.h
[3.905s] -- Looking for C++ include unwind.h - found
[3.905s] -- Looking for _Unwind_Backtrace
[3.961s] -- Looking for _Unwind_Backtrace - found
[3.961s] -- Looking for C++ include dlfcn.h
[4.024s] -- Looking for C++ include dlfcn.h - found
[4.024s] -- Looking for C++ include execinfo.h
[4.086s] -- Looking for C++ include execinfo.h - found
[4.086s] -- Looking for C++ include glob.h
[4.148s] -- Looking for C++ include glob.h - found
[4.148s] -- Looking for C++ include inttypes.h
[4.208s] -- Looking for C++ include inttypes.h - found
[4.208s] -- Looking for C++ include memory.h
[4.269s] -- Looking for C++ include memory.h - found
[4.269s] -- Looking for C++ include pwd.h
[4.328s] -- Looking for C++ include pwd.h - found
[4.328s] -- Looking for C++ include stdint.h
[4.389s] -- Looking for C++ include stdint.h - found
[4.389s] -- Looking for C++ include strings.h
[4.445s] -- Looking for C++ include strings.h - found
[4.445s] -- Looking for C++ include sys/stat.h
[4.504s] -- Looking for C++ include sys/stat.h - found
[4.504s] -- Looking for C++ include sys/syscall.h
[4.565s] -- Looking for C++ include sys/syscall.h - found
[4.565s] -- Looking for C++ include sys/time.h
[4.625s] -- Looking for C++ include sys/time.h - found
[4.625s] -- Looking for C++ include sys/types.h
[4.685s] -- Looking for C++ include sys/types.h - found
[4.685s] -- Looking for C++ include sys/utsname.h
[4.745s] -- Looking for C++ include sys/utsname.h - found
[4.745s] -- Looking for C++ include sys/wait.h
[4.810s] -- Looking for C++ include sys/wait.h - found
[4.811s] -- Looking for C++ include syscall.h
[4.876s] -- Looking for C++ include syscall.h - found
[4.877s] -- Looking for C++ include syslog.h
[4.940s] -- Looking for C++ include syslog.h - found
[4.941s] -- Looking for C++ include ucontext.h
[4.999s] -- Looking for C++ include ucontext.h - found
[4.999s] -- Looking for C++ include unistd.h
[5.060s] -- Looking for C++ include unistd.h - found
[5.060s] -- Looking for C++ include ext/hash_map
[5.287s] -- Looking for C++ include ext/hash_map - found
[5.288s] -- Looking for C++ include ext/hash_set
[5.502s] -- Looking for C++ include ext/hash_set - found
[5.502s] -- Looking for C++ include ext/slist
[5.653s] -- Looking for C++ include ext/slist - found
[5.653s] -- Looking for C++ include tr1/unordered_map
[5.748s] -- Looking for C++ include tr1/unordered_map - found
[5.748s] -- Looking for C++ include tr1/unordered_set
[5.845s] -- Looking for C++ include tr1/unordered_set - found
[5.845s] -- Looking for C++ include unordered_map
[5.966s] -- Looking for C++ include unordered_map - found
[5.966s] -- Looking for C++ include unordered_set
[6.092s] -- Looking for C++ include unordered_set - found
[6.092s] -- Looking for C++ include stddef.h
[6.150s] -- Looking for C++ include stddef.h - found
[6.150s] -- Check size of unsigned __int16
[6.178s] -- Check size of unsigned __int16 - failed
[6.178s] -- Check size of u_int16_t
[6.243s] -- Check size of u_int16_t - done
[6.243s] -- Check size of uint16_t
[6.309s] -- Check size of uint16_t - done
[6.310s] -- Looking for dladdr
[6.367s] -- Looking for dladdr - found
[6.367s] -- Looking for fcntl
[6.427s] -- Looking for fcntl - found
[6.428s] -- Looking for pread
[6.483s] -- Looking for pread - found
[6.483s] -- Looking for pwrite
[6.534s] -- Looking for pwrite - found
[6.534s] -- Looking for sigaction
[6.587s] -- Looking for sigaction - found
[6.587s] -- Looking for sigaltstack
[6.640s] -- Looking for sigaltstack - found
[6.640s] -- Performing Test HAVE_NO_DEPRECATED
[6.698s] -- Performing Test HAVE_NO_DEPRECATED - Success
[6.699s] -- Performing Test HAVE_NO_UNNAMED_TYPE_TEMPLATE_ARGS
[6.725s] -- Performing Test HAVE_NO_UNNAMED_TYPE_TEMPLATE_ARGS - Failed
[6.726s] -- Looking for pthread_threadid_np
[6.752s] -- Looking for pthread_threadid_np - not found
[6.752s] -- Looking for snprintf
[6.811s] -- Looking for snprintf - found
[6.811s] -- Looking for UnDecorateSymbolName in dbghelp
[6.860s] -- Looking for UnDecorateSymbolName in dbghelp - not found
[6.860s] -- Performing Test HAVE___ATTRIBUTE__
[6.925s] -- Performing Test HAVE___ATTRIBUTE__ - Success
[6.925s] -- Performing Test HAVE___ATTRIBUTE__VISIBILITY_DEFAULT
[6.990s] -- Performing Test HAVE___ATTRIBUTE__VISIBILITY_DEFAULT - Success
[6.990s] -- Performing Test HAVE___ATTRIBUTE__VISIBILITY_HIDDEN
[7.060s] -- Performing Test HAVE___ATTRIBUTE__VISIBILITY_HIDDEN - Success
[7.061s] -- Performing Test HAVE___BUILTIN_EXPECT
[7.116s] -- Performing Test HAVE___BUILTIN_EXPECT - Success
[7.116s] -- Performing Test HAVE___SYNC_VAL_COMPARE_AND_SWAP
[7.177s] -- Performing Test HAVE___SYNC_VAL_COMPARE_AND_SWAP - Success
[7.177s] -- Performing Test HAVE_RWLOCK
[7.242s] -- Performing Test HAVE_RWLOCK - Success
[7.242s] -- Performing Test HAVE___DECLSPEC
[7.264s] -- Performing Test HAVE___DECLSPEC - Failed
[7.264s] -- Performing Test STL_NO_NAMESPACE
[7.316s] -- Performing Test STL_NO_NAMESPACE - Failed
[7.316s] -- Performing Test STL_STD_NAMESPACE
[7.429s] -- Performing Test STL_STD_NAMESPACE - Success
[7.429s] -- Performing Test HAVE_USING_OPERATOR
[7.608s] -- Performing Test HAVE_USING_OPERATOR - Success
[7.608s] -- Performing Test HAVE_NAMESPACES
[7.670s] -- Performing Test HAVE_NAMESPACES - Success
[7.670s] -- Performing Test HAVE_GCC_TLS
[7.727s] -- Performing Test HAVE_GCC_TLS - Success
[7.727s] -- Performing Test HAVE_MSVC_TLS
[7.747s] -- Performing Test HAVE_MSVC_TLS - Failed
[7.747s] -- Performing Test HAVE_CXX11_TLS
[7.803s] -- Performing Test HAVE_CXX11_TLS - Success
[7.803s] -- Performing Test HAVE_ALIGNED_STORAGE
[7.869s] -- Performing Test HAVE_ALIGNED_STORAGE - Success
[7.869s] -- Performing Test HAVE_CXX11_ATOMIC
[7.946s] -- Performing Test HAVE_CXX11_ATOMIC - Success
[7.946s] -- Performing Test HAVE_CXX11_CONSTEXPR
[8.011s] -- Performing Test HAVE_CXX11_CONSTEXPR - Success
[8.011s] -- Performing Test HAVE_CXX11_CHRONO
[8.092s] -- Performing Test HAVE_CXX11_CHRONO - Success
[8.093s] -- Performing Test HAVE_CXX11_NULLPTR_T
[8.152s] -- Performing Test HAVE_CXX11_NULLPTR_T - Success
[8.985s] -- Performing Test HAVE_LOCALTIME_R
[9.049s] -- Performing Test HAVE_LOCALTIME_R - Success
[9.051s] -- Performing Test COMPILER_HAS_HIDDEN_VISIBILITY
[9.110s] -- Performing Test COMPILER_HAS_HIDDEN_VISIBILITY - Success
[9.110s] -- Performing Test COMPILER_HAS_HIDDEN_INLINE_VISIBILITY
[9.168s] -- Performing Test COMPILER_HAS_HIDDEN_INLINE_VISIBILITY - Success
[9.168s] -- Performing Test COMPILER_HAS_DEPRECATED_ATTR
[9.229s] -- Performing Test COMPILER_HAS_DEPRECATED_ATTR - Success
[9.256s] -- GLOG Used config file: 
[9.267s] -- Could not locate NLopt.
[10.915s] -- NLopt version 2.7.1
[10.917s] -- Looking for getopt.h
[10.969s] -- Looking for getopt.h - found
[10.969s] -- Looking for time.h
[11.026s] -- Looking for time.h - found
[11.026s] -- Looking for getpid
[11.083s] -- Looking for getpid - found
[11.083s] -- Looking for syscall
[11.135s] -- Looking for syscall - found
[11.135s] -- Looking for isinf
[11.189s] -- Looking for isinf - found
[11.189s] -- Looking for isnan
[11.241s] -- Looking for isnan - found
[11.241s] -- Looking for gettimeofday
[11.289s] -- Looking for gettimeofday - found
[11.289s] -- Looking for qsort_r
[11.341s] -- Looking for qsort_r - found
[11.342s] -- Looking for time
[11.397s] -- Looking for time - found
[11.397s] -- Looking for copysign
[11.449s] -- Looking for copysign - found
[11.449s] -- Looking for getopt
[11.502s] -- Looking for getopt - found
[11.502s] -- Check size of uint32_t
[11.552s] -- Check size of uint32_t - done
[11.552s] -- Check size of unsigned int
[11.606s] -- Check size of unsigned int - done
[11.606s] -- Check size of unsigned long
[11.661s] -- Check size of unsigned long - done
[11.661s] -- Looking for sqrt in m
[11.722s] -- Looking for sqrt in m - found
[11.722s] -- Looking for fpclassify
[11.782s] -- Looking for fpclassify - TRUE
[11.782s] -- Performing Test HAVE_THREAD_LOCAL_STORAGE
[11.835s] -- Performing Test HAVE_THREAD_LOCAL_STORAGE - Success
[11.835s] -- Performing Test HAVE_THREAD_LOCAL_STORAGE
[11.855s] -- Performing Test HAVE_THREAD_LOCAL_STORAGE - Failed
[11.855s] -- Looking for __cplusplus
[11.915s] -- Looking for __cplusplus - found
[11.916s] -- Performing Test SUPPORTS_STDCXX11
[11.971s] -- Performing Test SUPPORTS_STDCXX11 - Success
[11.990s] -- Found PythonInterp: /usr/bin/python3.10 (found version "3.10.12") 
[11.994s] -- Found PythonLibs: /usr/lib/x86_64-linux-gnu/libpython3.10.so (found suitable exact version "3.10.12") 
[12.115s] -- Found NumPy: /usr/local/lib/python3.10/dist-packages/numpy/core/include (found version "1.24.4") 
[12.118s] -- Could NOT find Guile (missing: GUILE_EXECUTABLE GUILE_ROOT_DIR GUILE_INCLUDE_DIRS GUILE_LIBRARIES) 
[12.120s] -- Could NOT find SWIG (missing: SWIG_EXECUTABLE SWIG_DIR) 
[12.123s] -- Could NOT find Octave (missing: OCTAVE_EXECUTABLE OCTAVE_ROOT_DIR OCTAVE_INCLUDE_DIRS OCTAVE_LIBRARIES) 
[12.125s] -- Could NOT find Matlab (missing: Matlab_INCLUDE_DIRS Matlab_MEX_LIBRARY Matlab_MEX_EXTENSION Matlab_ROOT_DIR Matlab_MX_LIBRARY MX_LIBRARY MAIN_PROGRAM) (found version "NOTFOUND")
[12.138s] -- Used config file: /usr/lib/x86_64-linux-gnu/cmake/yaml-cpp/yaml-cpp-config.cmake
[12.138s] -- No yaml_cpp_catkin, using yaml-cpp system library instead.
[12.142s] -- Found visualization_msgs: 4.9.1 (/opt/ros/humble/share/visualization_msgs/cmake)
[12.160s] -- Found ament_lint_auto: 0.12.15 (/opt/ros/humble/share/ament_lint_auto/cmake)
[12.215s] -- Found gtest sources under '/opt/ros/humble/src/gtest_vendor': C++ tests using 'Google Test' will be built
[12.218s] -- Found ament_lint_auto: 0.12.15 (/opt/ros/humble/share/ament_lint_auto/cmake)
[12.262s] -- Added test 'copyright' to check source files copyright and LICENSE
[12.263s] -- Added test 'cppcheck' to perform static code analysis on C / C++ code
[12.264s] -- Configured cppcheck include dirs: 
[12.264s] -- Configured cppcheck exclude dirs and/or files: 
[12.265s] -- Added test 'cpplint' to check C / C++ code against the Google style
[12.265s] -- Configured cpplint exclude dirs and/or files: 
[12.265s] -- Added test 'flake8' to check Python code syntax and style conventions
[12.265s] -- Added test 'lint_cmake' to check CMake code style
[12.266s] -- Added test 'pep257' to check Python code against some of the docstring style conventions in PEP 257
[12.267s] -- Added test 'uncrustify' to check C / C++ code style
[12.267s] -- Configured uncrustify additional arguments: 
[12.267s] -- Added test 'xmllint' to check XML markup files
[12.268s] -- Configuring done
[12.354s] -- Generating done
[12.373s] -- Build files have been written to: /home/developer/aerostack2_ws/build/as2_behaviors_trajectory_generation
[12.386s] Invoked command in '/home/developer/aerostack2_ws/build/as2_behaviors_trajectory_generation' returned '0': AMENT_PREFIX_PATH=/home/developer/aerostack2_ws/install/as2_motion_reference_handlers:/home/developer/aerostack2_ws/install/as2_behavior:/home/developer/aerostack2_ws/install/as2_core:/home/developer/aerostack2_ws/install/as2_msgs:${AMENT_PREFIX_PATH} CMAKE_PREFIX_PATH=/home/developer/aerostack2_ws/install/as2_motion_reference_handlers:/home/developer/aerostack2_ws/install/as2_behavior:/home/developer/aerostack2_ws/install/as2_core:/home/developer/aerostack2_ws/install/as2_msgs:/opt/ros/humble LD_LIBRARY_PATH=/home/developer/aerostack2_ws/install/as2_motion_reference_handlers/lib:/home/developer/aerostack2_ws/install/as2_behavior/lib:/home/developer/aerostack2_ws/install/as2_core/lib:/home/developer/aerostack2_ws/install/as2_msgs/lib:${LD_LIBRARY_PATH} PYTHONPATH=/home/developer/aerostack2_ws/install/as2_motion_reference_handlers/local/lib/python3.10/dist-packages:/home/developer/aerostack2_ws/install/as2_core/local/lib/python3.10/dist-packages:/home/developer/aerostack2_ws/install/as2_msgs/local/lib/python3.10/dist-packages:${PYTHONPATH} /usr/bin/cmake /home/developer/aerostack2_ws/src/aerostack2-tcc_lucca/as2_behaviors/as2_behaviors_trajectory_generation -DAMENT_CMAKE_SYMLINK_INSTALL=1 -DCMAKE_INSTALL_PREFIX=/home/developer/aerostack2_ws/install/as2_behaviors_trajectory_generation
[12.387s] Invoking command in '/home/developer/aerostack2_ws/build/as2_behaviors_trajectory_generation': AMENT_PREFIX_PATH=/home/developer/aerostack2_ws/install/as2_motion_reference_handlers:/home/developer/aerostack2_ws/install/as2_behavior:/home/developer/aerostack2_ws/install/as2_core:/home/developer/aerostack2_ws/install/as2_msgs:${AMENT_PREFIX_PATH} CMAKE_PREFIX_PATH=/home/developer/aerostack2_ws/install/as2_motion_reference_handlers:/home/developer/aerostack2_ws/install/as2_behavior:/home/developer/aerostack2_ws/install/as2_core:/home/developer/aerostack2_ws/install/as2_msgs:/opt/ros/humble LD_LIBRARY_PATH=/home/developer/aerostack2_ws/install/as2_motion_reference_handlers/lib:/home/developer/aerostack2_ws/install/as2_behavior/lib:/home/developer/aerostack2_ws/install/as2_core/lib:/home/developer/aerostack2_ws/install/as2_msgs/lib:${LD_LIBRARY_PATH} PYTHONPATH=/home/developer/aerostack2_ws/install/as2_motion_reference_handlers/local/lib/python3.10/dist-packages:/home/developer/aerostack2_ws/install/as2_core/local/lib/python3.10/dist-packages:/home/developer/aerostack2_ws/install/as2_msgs/local/lib/python3.10/dist-packages:${PYTHONPATH} /usr/bin/cmake --build /home/developer/aerostack2_ws/build/as2_behaviors_trajectory_generation -- -j20 -l20
[12.428s] [  3%] [32mBuilding CXX object _deps/glog-build/CMakeFiles/glogbase.dir/src/demangle.cc.o[0m
[12.428s] [  3%] [32mBuilding CXX object _deps/glog-build/CMakeFiles/glogbase.dir/src/raw_logging.cc.o[0m
[12.428s] [  3%] [34m[1mGenerating nlopt.hpp[0m
[12.428s] [  5%] [32mBuilding CXX object _deps/glog-build/CMakeFiles/glogbase.dir/src/symbolize.cc.o[0m
[12.428s] [  5%] [32mBuilding CXX object gtest/CMakeFiles/gtest_main.dir/src/gtest_main.cc.o[0m
[12.428s] [  6%] [32mBuilding CXX object _deps/glog-build/CMakeFiles/glogbase.dir/src/signalhandler.cc.o[0m
[12.429s] [  7%] [32mBuilding CXX object gtest/CMakeFiles/gtest.dir/src/gtest-all.cc.o[0m
[12.429s] [  8%] [34m[1mGenerating nlopt.f[0m
[12.430s] [  9%] [32mBuilding CXX object _deps/glog-build/CMakeFiles/glogbase.dir/src/logging.cc.o[0m
[12.430s] [ 11%] [32mBuilding CXX object _deps/glog-build/CMakeFiles/glogbase.dir/src/vlog_is_on.cc.o[0m
[12.430s] [ 11%] [32mBuilding CXX object _deps/glog-build/CMakeFiles/glogbase.dir/src/utilities.cc.o[0m
[12.445s] [ 11%] Built target generate-fortran
[12.462s] [ 11%] Built target generate-cpp
[12.485s] [ 12%] [32mBuilding C object _deps/nlopt-build/CMakeFiles/nlopt.dir/src/algs/direct/direct_wrap.c.o[0m
[12.485s] [ 15%] [32mBuilding C object _deps/nlopt-build/CMakeFiles/nlopt.dir/src/algs/luksan/pnet.c.o[0m
[12.485s] [ 16%] [32mBuilding C object _deps/nlopt-build/CMakeFiles/nlopt.dir/src/algs/cdirect/cdirect.c.o[0m
[12.485s] [ 13%] [32mBuilding C object _deps/nlopt-build/CMakeFiles/nlopt.dir/src/algs/direct/DIRect.c.o[0m
[12.485s] [ 14%] [32mBuilding C object _deps/nlopt-build/CMakeFiles/nlopt.dir/src/algs/direct/DIRsubrout.c.o[0m
[12.485s] [ 18%] [32mBuilding C object _deps/nlopt-build/CMakeFiles/nlopt.dir/src/algs/luksan/plip.c.o[0m
[12.485s] [ 18%] [32mBuilding C object _deps/nlopt-build/CMakeFiles/nlopt.dir/src/algs/luksan/plis.c.o[0m
[12.485s] [ 18%] [32mBuilding C object _deps/nlopt-build/CMakeFiles/nlopt.dir/src/algs/praxis/praxis.c.o[0m
[12.485s] [ 19%] [32mBuilding C object _deps/nlopt-build/CMakeFiles/nlopt.dir/src/algs/luksan/mssubs.c.o[0m
[12.486s] [ 20%] [32mBuilding C object _deps/nlopt-build/CMakeFiles/nlopt.dir/src/algs/direct/DIRserial.c.o[0m
[12.489s] [ 21%] [32mBuilding C object _deps/nlopt-build/CMakeFiles/nlopt.dir/src/algs/cdirect/hybrid.c.o[0m
[12.546s] [ 22%] [32mBuilding C object _deps/nlopt-build/CMakeFiles/nlopt.dir/src/algs/luksan/pssubs.c.o[0m
[12.559s] [ 23%] [32mBuilding C object _deps/nlopt-build/CMakeFiles/nlopt.dir/src/algs/crs/crs.c.o[0m
[12.633s] [ 24%] [32mBuilding C object _deps/nlopt-build/CMakeFiles/nlopt.dir/src/algs/mlsl/mlsl.c.o[0m
[12.646s] [ 25%] [32mBuilding C object _deps/nlopt-build/CMakeFiles/nlopt.dir/src/algs/mma/mma.c.o[0m
[12.657s] [ 26%] [32mBuilding C object _deps/nlopt-build/CMakeFiles/nlopt.dir/src/algs/mma/ccsa_quadratic.c.o[0m
[12.666s] [ 27%] [32mBuilding C object _deps/nlopt-build/CMakeFiles/nlopt.dir/src/algs/cobyla/cobyla.c.o[0m
[12.724s] [ 28%] [32mBuilding C object _deps/nlopt-build/CMakeFiles/nlopt.dir/src/algs/newuoa/newuoa.c.o[0m
[12.735s] [ 29%] [32mBuilding C object _deps/nlopt-build/CMakeFiles/nlopt.dir/src/algs/neldermead/nldrmd.c.o[0m
[12.740s] [ 30%] [32mBuilding C object _deps/nlopt-build/CMakeFiles/nlopt.dir/src/algs/neldermead/sbplx.c.o[0m
[12.762s] [ 31%] [32mBuilding C object _deps/nlopt-build/CMakeFiles/nlopt.dir/src/algs/auglag/auglag.c.o[0m
[12.762s] [ 31%] [32mBuilding C object _deps/nlopt-build/CMakeFiles/nlopt.dir/src/algs/bobyqa/bobyqa.c.o[0m
[12.763s] [ 32%] [32mBuilding C object _deps/nlopt-build/CMakeFiles/nlopt.dir/src/algs/isres/isres.c.o[0m
[12.802s] [ 33%] [32mBuilding C object _deps/nlopt-build/CMakeFiles/nlopt.dir/src/algs/slsqp/slsqp.c.o[0m
[12.895s] [ 34%] [32mBuilding C object _deps/nlopt-build/CMakeFiles/nlopt.dir/src/algs/esch/esch.c.o[0m
[12.922s] [ 35%] [32mBuilding C object _deps/nlopt-build/CMakeFiles/nlopt.dir/src/api/general.c.o[0m
[12.925s] [ 36%] [32mBuilding C object _deps/nlopt-build/CMakeFiles/nlopt.dir/src/api/options.c.o[0m
[12.935s] [ 37%] [32mBuilding C object _deps/nlopt-build/CMakeFiles/nlopt.dir/src/api/optimize.c.o[0m
[12.945s] [ 38%] [32mBuilding C object _deps/nlopt-build/CMakeFiles/nlopt.dir/src/api/deprecated.c.o[0m
[12.974s] [ 39%] [32mBuilding C object _deps/nlopt-build/CMakeFiles/nlopt.dir/src/api/f77api.c.o[0m
[12.995s] [ 40%] [32mBuilding C object _deps/nlopt-build/CMakeFiles/nlopt.dir/src/util/mt19937ar.c.o[0m
[13.001s] [ 41%] [32mBuilding C object _deps/nlopt-build/CMakeFiles/nlopt.dir/src/util/sobolseq.c.o[0m
[13.014s] [ 42%] [32mBuilding C object _deps/nlopt-build/CMakeFiles/nlopt.dir/src/util/timer.c.o[0m
[13.020s] [ 43%] [32mBuilding C object _deps/nlopt-build/CMakeFiles/nlopt.dir/src/util/stop.c.o[0m
[13.032s] [ 43%] [32mBuilding C object _deps/nlopt-build/CMakeFiles/nlopt.dir/src/util/redblack.c.o[0m
[13.048s] [ 44%] [32mBuilding C object _deps/nlopt-build/CMakeFiles/nlopt.dir/src/util/qsort_r.c.o[0m
[13.052s] [ 45%] [32mBuilding C object _deps/nlopt-build/CMakeFiles/nlopt.dir/src/util/rescale.c.o[0m
[13.063s] [ 47%] [32mBuilding CXX object _deps/nlopt-build/CMakeFiles/nlopt.dir/src/algs/stogo/global.cc.o[0m
[13.063s] [ 47%] [32mBuilding CXX object _deps/nlopt-build/CMakeFiles/nlopt.dir/src/algs/stogo/linalg.cc.o[0m
[13.073s] [ 48%] [32mBuilding CXX object _deps/nlopt-build/CMakeFiles/nlopt.dir/src/algs/stogo/local.cc.o[0m
[13.117s] [ 49%] [32mBuilding CXX object _deps/nlopt-build/CMakeFiles/nlopt.dir/src/algs/stogo/stogo.cc.o[0m
[13.130s] [ 50%] [32mBuilding CXX object _deps/nlopt-build/CMakeFiles/nlopt.dir/src/algs/stogo/tools.cc.o[0m
[13.150s] [ 51%] [32mBuilding CXX object _deps/nlopt-build/CMakeFiles/nlopt.dir/src/algs/ags/evolvent.cc.o[0m
[13.215s] [ 52%] [32mBuilding CXX object _deps/nlopt-build/CMakeFiles/nlopt.dir/src/algs/ags/solver.cc.o[0m
[13.241s] [ 53%] [32mBuilding CXX object _deps/nlopt-build/CMakeFiles/nlopt.dir/src/algs/ags/local_optimizer.cc.o[0m
[13.250s] [ 54%] [32mBuilding CXX object _deps/nlopt-build/CMakeFiles/nlopt.dir/src/algs/ags/ags.cc.o[0m
[13.315s] [ 55%] [32m[1mLinking CXX static library libgtest_main.a[0m
[13.346s] [ 55%] Built target gtest_main
[14.089s] [ 55%] Built target glogbase
[14.111s] [ 56%] [32m[1mLinking CXX static library libglogtest.a[0m
[14.112s] [ 56%] [32m[1mLinking CXX shared library libglog.so[0m
[14.150s] [ 56%] Built target glogtest
[14.166s] [ 58%] [32mBuilding CXX object _deps/glog-build/CMakeFiles/stl_logging_unittest.dir/src/stl_logging_unittest.cc.o[0m
[14.166s] [ 58%] [32mBuilding CXX object _deps/glog-build/CMakeFiles/demangle_unittest.dir/src/demangle_unittest.cc.o[0m
[14.166s] [ 59%] [32mBuilding CXX object _deps/glog-build/CMakeFiles/cleanup_immediately_unittest.dir/src/cleanup_immediately_unittest.cc.o[0m
[14.167s] [ 60%] [32mBuilding CXX object _deps/glog-build/CMakeFiles/logging_unittest.dir/src/logging_unittest.cc.o[0m
[14.167s] [ 61%] [32mBuilding CXX object _deps/glog-build/CMakeFiles/stacktrace_unittest.dir/src/stacktrace_unittest.cc.o[0m
[14.167s] [ 62%] [32mBuilding CXX object _deps/glog-build/CMakeFiles/symbolize_unittest.dir/src/symbolize_unittest.cc.o[0m
[14.168s] [ 63%] [32mBuilding CXX object _deps/glog-build/CMakeFiles/cleanup_with_relative_prefix_unittest.dir/src/cleanup_with_relative_prefix_unittest.cc.o[0m
[14.170s] [ 63%] [32mBuilding CXX object _deps/glog-build/CMakeFiles/signalhandler_unittest.dir/src/signalhandler_unittest.cc.o[0m
[14.170s] [ 65%] [32mBuilding CXX object _deps/glog-build/CMakeFiles/utilities_unittest.dir/src/utilities_unittest.cc.o[0m
[14.170s] [ 65%] [32mBuilding CXX object _deps/glog-build/CMakeFiles/cleanup_with_absolute_prefix_unittest.dir/src/cleanup_with_absolute_prefix_unittest.cc.o[0m
[14.198s] [ 65%] Built target glog
[14.481s] [ 66%] [32m[1mLinking CXX executable stacktrace_unittest[0m
[14.549s] [ 66%] Built target stacktrace_unittest
[14.609s] [ 67%] [32m[1mLinking CXX executable signalhandler_unittest[0m
[14.706s] [ 67%] Built target signalhandler_unittest
[14.901s] [ 68%] [32m[1mLinking CXX executable cleanup_immediately_unittest[0m
[14.974s] [ 68%] Built target cleanup_immediately_unittest
[15.058s] [ 69%] [32m[1mLinking CXX executable symbolize_unittest[0m
[15.073s] [ 70%] [32m[1mLinking CXX executable cleanup_with_relative_prefix_unittest[0m
[15.129s] [ 70%] Built target symbolize_unittest
[15.172s] [ 70%] Built target cleanup_with_relative_prefix_unittest
[15.301s] [ 71%] [32m[1mLinking CXX executable cleanup_with_absolute_prefix_unittest[0m
[15.324s] [ 72%] [32m[1mLinking CXX executable utilities_unittest[0m
[15.376s] [ 72%] Built target cleanup_with_absolute_prefix_unittest
[15.413s] [ 72%] Built target utilities_unittest
[15.517s] [ 73%] [32m[1mLinking CXX executable demangle_unittest[0m
[15.587s] [ 73%] Built target demangle_unittest
[15.970s] [ 74%] [32m[1mLinking CXX executable stl_logging_unittest[0m
[16.042s] [ 74%] Built target stl_logging_unittest
[16.116s] [ 75%] [32m[1mLinking CXX shared library libnlopt.so[0m
[16.191s] [ 77%] Built target nlopt
[16.210s] [ 79%] [32mBuilding CXX object _deps/dynamic_trajectory_generator-build/subpackages/mav_trajectory_generation/CMakeFiles/mav_trajectory_generation.dir/src/timing.cpp.o[0m
[16.210s] [ 79%] [32mBuilding CXX object _deps/dynamic_trajectory_generator-build/subpackages/mav_trajectory_generation/CMakeFiles/mav_trajectory_generation.dir/src/polynomial.cpp.o[0m
[16.211s] [ 80%] [32mBuilding CXX object _deps/dynamic_trajectory_generator-build/subpackages/mav_trajectory_generation/CMakeFiles/mav_trajectory_generation.dir/src/rpoly/rpoly_ak1.cpp.o[0m
[16.211s] [ 81%] [32mBuilding CXX object _deps/dynamic_trajectory_generator-build/subpackages/mav_trajectory_generation/CMakeFiles/mav_trajectory_generation.dir/src/polynomial_timing_evaluation.cpp.o[0m
[16.212s] [ 82%] [32mBuilding CXX object _deps/dynamic_trajectory_generator-build/subpackages/mav_trajectory_generation/CMakeFiles/mav_trajectory_generation.dir/src/motion_defines.cpp.o[0m
[16.212s] [ 83%] [32mBuilding CXX object _deps/dynamic_trajectory_generator-build/subpackages/mav_trajectory_generation/CMakeFiles/mav_trajectory_generation.dir/src/segment.cpp.o[0m
[16.212s] [ 83%] [32mBuilding CXX object _deps/dynamic_trajectory_generator-build/subpackages/mav_trajectory_generation/CMakeFiles/mav_trajectory_generation.dir/src/vertex.cpp.o[0m
[16.212s] [ 85%] [32mBuilding CXX object _deps/dynamic_trajectory_generator-build/subpackages/mav_trajectory_generation/CMakeFiles/mav_trajectory_generation.dir/src/trajectory.cpp.o[0m
[16.213s] [ 85%] [32mBuilding CXX object _deps/dynamic_trajectory_generator-build/subpackages/mav_trajectory_generation/CMakeFiles/mav_trajectory_generation.dir/src/trajectory_sampling.cpp.o[0m
[16.213s] [ 86%] [32mBuilding CXX object _deps/dynamic_trajectory_generator-build/subpackages/mav_trajectory_generation/CMakeFiles/mav_trajectory_generation.dir/src/io.cpp.o[0m
[16.229s] [ 87%] [32m[1mLinking CXX executable logging_unittest[0m
[16.327s] [ 87%] Built target logging_unittest
[18.773s] [ 88%] [32m[1mLinking CXX static library libgtest.a[0m
[18.806s] [ 88%] Built target gtest
[21.826s] [ 89%] [32m[1mLinking CXX shared library libmav_trajectory_generation.so[0m
[21.955s] [ 89%] Built target mav_trajectory_generation
[21.970s] [ 90%] [32mBuilding CXX object _deps/dynamic_trajectory_generator-build/CMakeFiles/dynamic_trajectory_generator.dir/src/dynamic_trajectory.cpp.o[0m
[21.971s] [ 92%] [32mBuilding CXX object _deps/dynamic_trajectory_generator-build/CMakeFiles/dynamic_trajectory_generator.dir/src/utils/logging_utils.cpp.o[0m
[21.971s] [ 92%] [32mBuilding CXX object _deps/dynamic_trajectory_generator-build/subpackages/mav_trajectory_generation/CMakeFiles/test_polynomial.dir/test/test_polynomial.cpp.o[0m
[21.972s] [ 93%] [32mBuilding CXX object _deps/dynamic_trajectory_generator-build/CMakeFiles/dynamic_trajectory_generator.dir/src/dynamic_waypoint.cpp.o[0m
[23.032s] [ 94%] [32m[1mLinking CXX executable test_polynomial[0m
[23.092s] [ 94%] Built target test_polynomial
[29.632s] [ 94%] [32m[1mLinking CXX shared library libdynamic_trajectory_generator.so[0m
[29.696s] [ 94%] Built target dynamic_trajectory_generator
[29.713s] [ 95%] [32mBuilding CXX object generate_polynomial_trajectory_behavior/CMakeFiles/generate_polynomial_trajectory_behavior_node.dir/src/generate_polynomial_trajectory_behavior.cpp.o[0m
[29.714s] [ 96%] [32mBuilding CXX object generate_polynomial_trajectory_behavior/CMakeFiles/trajectory_generator_component.dir/src/generate_polynomial_trajectory_behavior.cpp.o[0m
[29.714s] [ 97%] [32mBuilding CXX object generate_polynomial_trajectory_behavior/CMakeFiles/generate_polynomial_trajectory_behavior_node.dir/src/generate_polynomial_trajectory_behavior_node.cpp.o[0m
[46.272s] [ 98%] [32m[1mLinking CXX shared library libtrajectory_generator_component.so[0m
[46.454s] [ 99%] [32m[1mLinking CXX executable generate_polynomial_trajectory_behavior_node[0m
[46.533s] [ 99%] Built target trajectory_generator_component
[46.550s] [ 99%] [32mBuilding CXX object generate_polynomial_trajectory_behavior/tests/CMakeFiles/as2_behaviors_trajectory_generation_generate_polynomial_trajectory_behavior_gtest.dir/generate_polynomial_trajectory_behavior_gtest.cpp.o[0m
[46.713s] [ 99%] Built target generate_polynomial_trajectory_behavior_node
[50.403s] [100%] [32m[1mLinking CXX executable as2_behaviors_trajectory_generation_generate_polynomial_trajectory_behavior_gtest[0m
[50.559s] [100%] Built target as2_behaviors_trajectory_generation_generate_polynomial_trajectory_behavior_gtest
[50.569s] Invoked command in '/home/developer/aerostack2_ws/build/as2_behaviors_trajectory_generation' returned '0': AMENT_PREFIX_PATH=/home/developer/aerostack2_ws/install/as2_motion_reference_handlers:/home/developer/aerostack2_ws/install/as2_behavior:/home/developer/aerostack2_ws/install/as2_core:/home/developer/aerostack2_ws/install/as2_msgs:${AMENT_PREFIX_PATH} CMAKE_PREFIX_PATH=/home/developer/aerostack2_ws/install/as2_motion_reference_handlers:/home/developer/aerostack2_ws/install/as2_behavior:/home/developer/aerostack2_ws/install/as2_core:/home/developer/aerostack2_ws/install/as2_msgs:/opt/ros/humble LD_LIBRARY_PATH=/home/developer/aerostack2_ws/install/as2_motion_reference_handlers/lib:/home/developer/aerostack2_ws/install/as2_behavior/lib:/home/developer/aerostack2_ws/install/as2_core/lib:/home/developer/aerostack2_ws/install/as2_msgs/lib:${LD_LIBRARY_PATH} PYTHONPATH=/home/developer/aerostack2_ws/install/as2_motion_reference_handlers/local/lib/python3.10/dist-packages:/home/developer/aerostack2_ws/install/as2_core/local/lib/python3.10/dist-packages:/home/developer/aerostack2_ws/install/as2_msgs/local/lib/python3.10/dist-packages:${PYTHONPATH} /usr/bin/cmake --build /home/developer/aerostack2_ws/build/as2_behaviors_trajectory_generation -- -j20 -l20
[50.571s] Invoking command in '/home/developer/aerostack2_ws/build/as2_behaviors_trajectory_generation': AMENT_PREFIX_PATH=/home/developer/aerostack2_ws/install/as2_motion_reference_handlers:/home/developer/aerostack2_ws/install/as2_behavior:/home/developer/aerostack2_ws/install/as2_core:/home/developer/aerostack2_ws/install/as2_msgs:${AMENT_PREFIX_PATH} CMAKE_PREFIX_PATH=/home/developer/aerostack2_ws/install/as2_motion_reference_handlers:/home/developer/aerostack2_ws/install/as2_behavior:/home/developer/aerostack2_ws/install/as2_core:/home/developer/aerostack2_ws/install/as2_msgs:/opt/ros/humble LD_LIBRARY_PATH=/home/developer/aerostack2_ws/install/as2_motion_reference_handlers/lib:/home/developer/aerostack2_ws/install/as2_behavior/lib:/home/developer/aerostack2_ws/install/as2_core/lib:/home/developer/aerostack2_ws/install/as2_msgs/lib:${LD_LIBRARY_PATH} PYTHONPATH=/home/developer/aerostack2_ws/install/as2_motion_reference_handlers/local/lib/python3.10/dist-packages:/home/developer/aerostack2_ws/install/as2_core/local/lib/python3.10/dist-packages:/home/developer/aerostack2_ws/install/as2_msgs/local/lib/python3.10/dist-packages:${PYTHONPATH} /usr/bin/cmake --install /home/developer/aerostack2_ws/build/as2_behaviors_trajectory_generation
[50.577s] -- Install configuration: "Release"
[50.577s] -- Execute custom install script
[50.577s] -- Symlinking: /home/developer/aerostack2_ws/install/as2_behaviors_trajectory_generation/lib/pkgconfig/libglog.pc
[50.582s] -- Symlinking: /home/developer/aerostack2_ws/install/as2_behaviors_trajectory_generation/lib/cmake/glog/glog-config.cmake
[50.589s] -- Symlinking: /home/developer/aerostack2_ws/install/as2_behaviors_trajectory_generation/lib/cmake/glog/glog-config-version.cmake
[50.597s] -- Symlinking: /home/developer/aerostack2_ws/install/as2_behaviors_trajectory_generation/lib/pkgconfig/nlopt.pc
[50.602s] -- Symlinking: /home/developer/aerostack2_ws/install/as2_behaviors_trajectory_generation/include/nlopt.h
[50.609s] -- Symlinking: /home/developer/aerostack2_ws/install/as2_behaviors_trajectory_generation/include/nlopt.hpp
[50.616s] -- Symlinking: /home/developer/aerostack2_ws/install/as2_behaviors_trajectory_generation/include/nlopt.f
[50.624s] -- Symlinking: /home/developer/aerostack2_ws/install/as2_behaviors_trajectory_generation/share/man/man3/nlopt.3
[50.630s] -- Symlinking: /home/developer/aerostack2_ws/install/as2_behaviors_trajectory_generation/share/man/man3/nlopt_minimize.3
[50.637s] -- Symlinking: /home/developer/aerostack2_ws/install/as2_behaviors_trajectory_generation/share/man/man3/nlopt_minimize_constrained.3
[50.643s] -- Symlinking: /home/developer/aerostack2_ws/install/as2_behaviors_trajectory_generation/share/as2_behaviors_trajectory_generation/launch/composable_generate_polynomial_trajectory_behavior.launch.py
[50.649s] -- Symlinking: /home/developer/aerostack2_ws/install/as2_behaviors_trajectory_generation/share/as2_behaviors_trajectory_generation/launch/generate_polynomial_trajectory_behavior_launch.py
[50.657s] -- Symlinking: /home/developer/aerostack2_ws/install/as2_behaviors_trajectory_generation/share/as2_behaviors_trajectory_generation/generate_polynomial_trajectory_behavior/config/config_default.yaml
[50.662s] -- Symlinking: /home/developer/aerostack2_ws/install/as2_behaviors_trajectory_generation/lib/as2_behaviors_trajectory_generation/generate_polynomial_trajectory_behavior_node
[50.669s] -- Symlinking: /home/developer/aerostack2_ws/install/as2_behaviors_trajectory_generation/share/ament_index/resource_index/package_run_dependencies/as2_behaviors_trajectory_generation
[50.675s] -- Symlinking: /home/developer/aerostack2_ws/install/as2_behaviors_trajectory_generation/share/ament_index/resource_index/parent_prefix_path/as2_behaviors_trajectory_generation
[50.681s] -- Symlinking: /home/developer/aerostack2_ws/install/as2_behaviors_trajectory_generation/share/as2_behaviors_trajectory_generation/environment/ament_prefix_path.sh
[50.688s] -- Symlinking: /home/developer/aerostack2_ws/install/as2_behaviors_trajectory_generation/share/as2_behaviors_trajectory_generation/environment/ament_prefix_path.dsv
[50.693s] -- Symlinking: /home/developer/aerostack2_ws/install/as2_behaviors_trajectory_generation/share/as2_behaviors_trajectory_generation/environment/path.sh
[50.701s] -- Symlinking: /home/developer/aerostack2_ws/install/as2_behaviors_trajectory_generation/share/as2_behaviors_trajectory_generation/environment/path.dsv
[50.708s] -- Symlinking: /home/developer/aerostack2_ws/install/as2_behaviors_trajectory_generation/share/as2_behaviors_trajectory_generation/local_setup.bash
[50.713s] -- Symlinking: /home/developer/aerostack2_ws/install/as2_behaviors_trajectory_generation/share/as2_behaviors_trajectory_generation/local_setup.sh
[50.720s] -- Symlinking: /home/developer/aerostack2_ws/install/as2_behaviors_trajectory_generation/share/as2_behaviors_trajectory_generation/local_setup.zsh
[50.725s] -- Symlinking: /home/developer/aerostack2_ws/install/as2_behaviors_trajectory_generation/share/as2_behaviors_trajectory_generation/local_setup.dsv
[50.730s] -- Symlinking: /home/developer/aerostack2_ws/install/as2_behaviors_trajectory_generation/share/as2_behaviors_trajectory_generation/package.dsv
[50.736s] -- Symlinking: /home/developer/aerostack2_ws/install/as2_behaviors_trajectory_generation/share/ament_index/resource_index/packages/as2_behaviors_trajectory_generation
[50.744s] -- Symlinking: /home/developer/aerostack2_ws/install/as2_behaviors_trajectory_generation/share/ament_index/resource_index/rclcpp_components/as2_behaviors_trajectory_generation
[50.751s] -- Symlinking: /home/developer/aerostack2_ws/install/as2_behaviors_trajectory_generation/share/as2_behaviors_trajectory_generation/cmake/ament_cmake_export_dependencies-extras.cmake
[50.757s] -- Symlinking: /home/developer/aerostack2_ws/install/as2_behaviors_trajectory_generation/share/as2_behaviors_trajectory_generation/cmake/as2_behaviors_trajectory_generationConfig.cmake
[50.764s] -- Symlinking: /home/developer/aerostack2_ws/install/as2_behaviors_trajectory_generation/share/as2_behaviors_trajectory_generation/cmake/as2_behaviors_trajectory_generationConfig-version.cmake
[50.770s] -- Symlinking: /home/developer/aerostack2_ws/install/as2_behaviors_trajectory_generation/share/as2_behaviors_trajectory_generation/package.xml
[50.777s] -- Installing: /home/developer/aerostack2_ws/install/as2_behaviors_trajectory_generation/lib/libtrajectory_generator_component.so
[50.780s] -- Set runtime path of "/home/developer/aerostack2_ws/install/as2_behaviors_trajectory_generation/lib/libtrajectory_generator_component.so" to ""
[50.780s] -- Installing: /home/developer/aerostack2_ws/install/as2_behaviors_trajectory_generation/lib/libdynamic_trajectory_generator.so
[50.781s] -- Set runtime path of "/home/developer/aerostack2_ws/install/as2_behaviors_trajectory_generation/lib/libdynamic_trajectory_generator.so" to ""
[50.781s] -- Installing: /home/developer/aerostack2_ws/install/as2_behaviors_trajectory_generation/lib/libmav_trajectory_generation.so
[50.781s] -- Set runtime path of "/home/developer/aerostack2_ws/install/as2_behaviors_trajectory_generation/lib/libmav_trajectory_generation.so" to ""
[50.781s] -- Installing: /home/developer/aerostack2_ws/install/as2_behaviors_trajectory_generation/lib/libglog.so.0.6.0
[50.781s] -- Installing: /home/developer/aerostack2_ws/install/as2_behaviors_trajectory_generation/lib/libglog.so.1
[50.781s] -- Installing: /home/developer/aerostack2_ws/install/as2_behaviors_trajectory_generation/lib/libglog.so
[50.781s] -- Installing: /home/developer/aerostack2_ws/install/as2_behaviors_trajectory_generation/include/glog/export.h
[50.782s] -- Installing: /home/developer/aerostack2_ws/install/as2_behaviors_trajectory_generation/include/glog/logging.h
[50.782s] -- Installing: /home/developer/aerostack2_ws/install/as2_behaviors_trajectory_generation/include/glog/raw_logging.h
[50.782s] -- Installing: /home/developer/aerostack2_ws/install/as2_behaviors_trajectory_generation/include/glog/stl_logging.h
[50.782s] -- Installing: /home/developer/aerostack2_ws/install/as2_behaviors_trajectory_generation/include/glog/vlog_is_on.h
[50.782s] -- Installing: /home/developer/aerostack2_ws/install/as2_behaviors_trajectory_generation/include/glog/log_severity.h
[50.782s] -- Installing: /home/developer/aerostack2_ws/install/as2_behaviors_trajectory_generation/include/glog/platform.h
[50.782s] -- Installing: /home/developer/aerostack2_ws/install/as2_behaviors_trajectory_generation/lib/cmake/glog/glog-modules.cmake
[50.782s] -- Installing: /home/developer/aerostack2_ws/install/as2_behaviors_trajectory_generation/lib/cmake/glog/glog-targets.cmake
[50.782s] -- Installing: /home/developer/aerostack2_ws/install/as2_behaviors_trajectory_generation/lib/cmake/glog/glog-targets-release.cmake
[50.782s] -- Installing: /home/developer/aerostack2_ws/install/as2_behaviors_trajectory_generation/lib/libnlopt.so.0.11.1
[50.783s] -- Installing: /home/developer/aerostack2_ws/install/as2_behaviors_trajectory_generation/lib/libnlopt.so.0
[50.783s] -- Set runtime path of "/home/developer/aerostack2_ws/install/as2_behaviors_trajectory_generation/lib/libnlopt.so.0.11.1" to "/home/developer/aerostack2_ws/install/as2_behaviors_trajectory_generation/lib"
[50.783s] -- Installing: /home/developer/aerostack2_ws/install/as2_behaviors_trajectory_generation/lib/libnlopt.so
[50.783s] -- Installing: /home/developer/aerostack2_ws/install/as2_behaviors_trajectory_generation/lib/cmake/nlopt/NLoptLibraryDepends.cmake
[50.783s] -- Installing: /home/developer/aerostack2_ws/install/as2_behaviors_trajectory_generation/lib/cmake/nlopt/NLoptLibraryDepends-release.cmake
[50.783s] -- Installing: /home/developer/aerostack2_ws/install/as2_behaviors_trajectory_generation/lib/cmake/nlopt/NLoptConfig.cmake
[50.783s] -- Installing: /home/developer/aerostack2_ws/install/as2_behaviors_trajectory_generation/lib/cmake/nlopt/NLoptConfigVersion.cmake
[50.785s] Invoked command in '/home/developer/aerostack2_ws/build/as2_behaviors_trajectory_generation' returned '0': AMENT_PREFIX_PATH=/home/developer/aerostack2_ws/install/as2_motion_reference_handlers:/home/developer/aerostack2_ws/install/as2_behavior:/home/developer/aerostack2_ws/install/as2_core:/home/developer/aerostack2_ws/install/as2_msgs:${AMENT_PREFIX_PATH} CMAKE_PREFIX_PATH=/home/developer/aerostack2_ws/install/as2_motion_reference_handlers:/home/developer/aerostack2_ws/install/as2_behavior:/home/developer/aerostack2_ws/install/as2_core:/home/developer/aerostack2_ws/install/as2_msgs:/opt/ros/humble LD_LIBRARY_PATH=/home/developer/aerostack2_ws/install/as2_motion_reference_handlers/lib:/home/developer/aerostack2_ws/install/as2_behavior/lib:/home/developer/aerostack2_ws/install/as2_core/lib:/home/developer/aerostack2_ws/install/as2_msgs/lib:${LD_LIBRARY_PATH} PYTHONPATH=/home/developer/aerostack2_ws/install/as2_motion_reference_handlers/local/lib/python3.10/dist-packages:/home/developer/aerostack2_ws/install/as2_core/local/lib/python3.10/dist-packages:/home/developer/aerostack2_ws/install/as2_msgs/local/lib/python3.10/dist-packages:${PYTHONPATH} /usr/bin/cmake --install /home/developer/aerostack2_ws/build/as2_behaviors_trajectory_generation
