[ 12%] [32mBuilding CXX object CMakeFiles/as2_motion_reference_handlers.dir/src/basic_motion_references.cpp.o[0m
[ 25%] [32mBuilding CXX object CMakeFiles/as2_motion_reference_handlers.dir/src/trajectory_motion.cpp.o[0m
[ 37%] [32mBuilding CXX object CMakeFiles/as2_motion_reference_handlers.dir/src/position_motion.cpp.o[0m
[ 50%] [32mBuilding CXX object CMakeFiles/as2_motion_reference_handlers.dir/src/speed_in_a_plane_motion.cpp.o[0m
[ 62%] [32mBuilding CXX object CMakeFiles/as2_motion_reference_handlers.dir/src/hover_motion.cpp.o[0m
[ 75%] [32mBuilding CXX object CMakeFiles/as2_motion_reference_handlers.dir/src/speed_motion.cpp.o[0m
[ 87%] [32mBuilding CXX object CMakeFiles/as2_motion_reference_handlers.dir/src/acro_motion.cpp.o[0m
[ 87%] Built target ament_cmake_python_symlink_as2_motion_reference_handlers
running egg_info
writing as2_motion_reference_handlers.egg-info/PKG-INFO
writing dependency_links to as2_motion_reference_handlers.egg-info/dependency_links.txt
writing top-level names to as2_motion_reference_handlers.egg-info/top_level.txt
reading manifest file 'as2_motion_reference_handlers.egg-info/SOURCES.txt'
writing manifest file 'as2_motion_reference_handlers.egg-info/SOURCES.txt'
[ 87%] Built target ament_cmake_python_build_as2_motion_reference_handlers_egg
[100%] [32m[1mLinking CXX static library libas2_motion_reference_handlers.a[0m
[100%] Built target as2_motion_reference_handlers
-- Install configuration: "Release"
-- Execute custom install script
-- Symlinking: /home/developer/aerostack2_ws/install/as2_motion_reference_handlers/share/as2_motion_reference_handlers/environment/library_path.sh
-- Symlinking: /home/developer/aerostack2_ws/install/as2_motion_reference_handlers/share/as2_motion_reference_handlers/environment/library_path.dsv
-- Symlinking: /home/developer/aerostack2_ws/install/as2_motion_reference_handlers/include/as2_motion_reference_handlers/acro_motion.hpp
-- Symlinking: /home/developer/aerostack2_ws/install/as2_motion_reference_handlers/include/as2_motion_reference_handlers/basic_motion_references.hpp
-- Symlinking: /home/developer/aerostack2_ws/install/as2_motion_reference_handlers/include/as2_motion_reference_handlers/hover_motion.hpp
-- Symlinking: /home/developer/aerostack2_ws/install/as2_motion_reference_handlers/include/as2_motion_reference_handlers/position_motion.hpp
-- Symlinking: /home/developer/aerostack2_ws/install/as2_motion_reference_handlers/include/as2_motion_reference_handlers/speed_in_a_plane_motion.hpp
-- Symlinking: /home/developer/aerostack2_ws/install/as2_motion_reference_handlers/include/as2_motion_reference_handlers/speed_motion.hpp
-- Symlinking: /home/developer/aerostack2_ws/install/as2_motion_reference_handlers/include/as2_motion_reference_handlers/trajectory_motion.hpp
-- Symlinking: /home/developer/aerostack2_ws/install/as2_motion_reference_handlers/share/as2_motion_reference_handlers/environment/pythonpath.sh
-- Symlinking: /home/developer/aerostack2_ws/install/as2_motion_reference_handlers/share/as2_motion_reference_handlers/environment/pythonpath.dsv
-- Symlinking: /home/developer/aerostack2_ws/install/as2_motion_reference_handlers/local/lib/python3.10/dist-packages/as2_motion_reference_handlers-1.1.3-py3.10.egg-info/PKG-INFO
-- Symlinking: /home/developer/aerostack2_ws/install/as2_motion_reference_handlers/local/lib/python3.10/dist-packages/as2_motion_reference_handlers-1.1.3-py3.10.egg-info/SOURCES.txt
-- Symlinking: /home/developer/aerostack2_ws/install/as2_motion_reference_handlers/local/lib/python3.10/dist-packages/as2_motion_reference_handlers-1.1.3-py3.10.egg-info/dependency_links.txt
-- Symlinking: /home/developer/aerostack2_ws/install/as2_motion_reference_handlers/local/lib/python3.10/dist-packages/as2_motion_reference_handlers-1.1.3-py3.10.egg-info/top_level.txt
-- Symlinking: /home/developer/aerostack2_ws/install/as2_motion_reference_handlers/local/lib/python3.10/dist-packages/as2_motion_reference_handlers/__init__.py
-- Symlinking: /home/developer/aerostack2_ws/install/as2_motion_reference_handlers/local/lib/python3.10/dist-packages/as2_motion_reference_handlers/basic_motion_references.py
-- Symlinking: /home/developer/aerostack2_ws/install/as2_motion_reference_handlers/local/lib/python3.10/dist-packages/as2_motion_reference_handlers/hover_motion.py
-- Symlinking: /home/developer/aerostack2_ws/install/as2_motion_reference_handlers/local/lib/python3.10/dist-packages/as2_motion_reference_handlers/position_motion.py
-- Symlinking: /home/developer/aerostack2_ws/install/as2_motion_reference_handlers/local/lib/python3.10/dist-packages/as2_motion_reference_handlers/speed_in_a_plane.py
-- Symlinking: /home/developer/aerostack2_ws/install/as2_motion_reference_handlers/local/lib/python3.10/dist-packages/as2_motion_reference_handlers/speed_motion.py
-- Symlinking: /home/developer/aerostack2_ws/install/as2_motion_reference_handlers/local/lib/python3.10/dist-packages/as2_motion_reference_handlers/utils.py
-- Symlinking: /home/developer/aerostack2_ws/install/as2_motion_reference_handlers/share/ament_index/resource_index/package_run_dependencies/as2_motion_reference_handlers
-- Symlinking: /home/developer/aerostack2_ws/install/as2_motion_reference_handlers/share/ament_index/resource_index/parent_prefix_path/as2_motion_reference_handlers
-- Symlinking: /home/developer/aerostack2_ws/install/as2_motion_reference_handlers/share/as2_motion_reference_handlers/environment/ament_prefix_path.sh
-- Symlinking: /home/developer/aerostack2_ws/install/as2_motion_reference_handlers/share/as2_motion_reference_handlers/environment/ament_prefix_path.dsv
-- Symlinking: /home/developer/aerostack2_ws/install/as2_motion_reference_handlers/share/as2_motion_reference_handlers/environment/path.sh
-- Symlinking: /home/developer/aerostack2_ws/install/as2_motion_reference_handlers/share/as2_motion_reference_handlers/environment/path.dsv
-- Symlinking: /home/developer/aerostack2_ws/install/as2_motion_reference_handlers/share/as2_motion_reference_handlers/local_setup.bash
-- Symlinking: /home/developer/aerostack2_ws/install/as2_motion_reference_handlers/share/as2_motion_reference_handlers/local_setup.sh
-- Symlinking: /home/developer/aerostack2_ws/install/as2_motion_reference_handlers/share/as2_motion_reference_handlers/local_setup.zsh
-- Symlinking: /home/developer/aerostack2_ws/install/as2_motion_reference_handlers/share/as2_motion_reference_handlers/local_setup.dsv
-- Symlinking: /home/developer/aerostack2_ws/install/as2_motion_reference_handlers/share/as2_motion_reference_handlers/package.dsv
-- Symlinking: /home/developer/aerostack2_ws/install/as2_motion_reference_handlers/share/ament_index/resource_index/packages/as2_motion_reference_handlers
-- Symlinking: /home/developer/aerostack2_ws/install/as2_motion_reference_handlers/share/as2_motion_reference_handlers/cmake/ament_cmake_export_include_directories-extras.cmake
-- Symlinking: /home/developer/aerostack2_ws/install/as2_motion_reference_handlers/share/as2_motion_reference_handlers/cmake/ament_cmake_export_targets-extras.cmake
-- Symlinking: /home/developer/aerostack2_ws/install/as2_motion_reference_handlers/share/as2_motion_reference_handlers/cmake/ament_cmake_export_dependencies-extras.cmake
-- Symlinking: /home/developer/aerostack2_ws/install/as2_motion_reference_handlers/share/as2_motion_reference_handlers/cmake/ament_cmake_export_libraries-extras.cmake
-- Symlinking: /home/developer/aerostack2_ws/install/as2_motion_reference_handlers/share/as2_motion_reference_handlers/cmake/as2_motion_reference_handlersConfig.cmake
-- Symlinking: /home/developer/aerostack2_ws/install/as2_motion_reference_handlers/share/as2_motion_reference_handlers/cmake/as2_motion_reference_handlersConfig-version.cmake
-- Symlinking: /home/developer/aerostack2_ws/install/as2_motion_reference_handlers/share/as2_motion_reference_handlers/package.xml
-- Installing: /home/developer/aerostack2_ws/install/as2_motion_reference_handlers/lib/libas2_motion_reference_handlers.a
Listing '/home/developer/aerostack2_ws/install/as2_motion_reference_handlers/local/lib/python3.10/dist-packages/as2_motion_reference_handlers'...
Compiling '/home/developer/aerostack2_ws/install/as2_motion_reference_handlers/local/lib/python3.10/dist-packages/as2_motion_reference_handlers/__init__.py'...
Compiling '/home/developer/aerostack2_ws/install/as2_motion_reference_handlers/local/lib/python3.10/dist-packages/as2_motion_reference_handlers/basic_motion_references.py'...
Compiling '/home/developer/aerostack2_ws/install/as2_motion_reference_handlers/local/lib/python3.10/dist-packages/as2_motion_reference_handlers/hover_motion.py'...
Compiling '/home/developer/aerostack2_ws/install/as2_motion_reference_handlers/local/lib/python3.10/dist-packages/as2_motion_reference_handlers/position_motion.py'...
Compiling '/home/developer/aerostack2_ws/install/as2_motion_reference_handlers/local/lib/python3.10/dist-packages/as2_motion_reference_handlers/speed_in_a_plane.py'...
Compiling '/home/developer/aerostack2_ws/install/as2_motion_reference_handlers/local/lib/python3.10/dist-packages/as2_motion_reference_handlers/speed_motion.py'...
Compiling '/home/developer/aerostack2_ws/install/as2_motion_reference_handlers/local/lib/python3.10/dist-packages/as2_motion_reference_handlers/utils.py'...
-- Installing: /home/developer/aerostack2_ws/install/as2_motion_reference_handlers/share/as2_motion_reference_handlers/cmake/export_as2_motion_reference_handlersExport.cmake
-- Installing: /home/developer/aerostack2_ws/install/as2_motion_reference_handlers/share/as2_motion_reference_handlers/cmake/export_as2_motion_reference_handlersExport-release.cmake
