[0.009s] Invoking command in '/home/developer/aerostack2_ws/build/as2_motion_reference_handlers': AMENT_PREFIX_PATH=/home/developer/aerostack2_ws/install/as2_core:/home/developer/aerostack2_ws/install/as2_msgs:${AMENT_PREFIX_PATH} CMAKE_PREFIX_PATH=/home/developer/aerostack2_ws/install/as2_core:/home/developer/aerostack2_ws/install/as2_msgs:/opt/ros/humble LD_LIBRARY_PATH=/home/developer/aerostack2_ws/install/as2_core/lib:/home/developer/aerostack2_ws/install/as2_msgs/lib:${LD_LIBRARY_PATH} PYTHONPATH=/home/developer/aerostack2_ws/install/as2_core/local/lib/python3.10/dist-packages:/home/developer/aerostack2_ws/install/as2_msgs/local/lib/python3.10/dist-packages:${PYTHONPATH} /usr/bin/cmake --build /home/developer/aerostack2_ws/build/as2_motion_reference_handlers -- -j20 -l20
[0.050s] [ 12%] [32mBuilding CXX object CMakeFiles/as2_motion_reference_handlers.dir/src/basic_motion_references.cpp.o[0m
[0.050s] [ 25%] [32mBuilding CXX object CMakeFiles/as2_motion_reference_handlers.dir/src/trajectory_motion.cpp.o[0m
[0.050s] [ 37%] [32mBuilding CXX object CMakeFiles/as2_motion_reference_handlers.dir/src/position_motion.cpp.o[0m
[0.050s] [ 50%] [32mBuilding CXX object CMakeFiles/as2_motion_reference_handlers.dir/src/speed_in_a_plane_motion.cpp.o[0m
[0.052s] [ 62%] [32mBuilding CXX object CMakeFiles/as2_motion_reference_handlers.dir/src/hover_motion.cpp.o[0m
[0.052s] [ 75%] [32mBuilding CXX object CMakeFiles/as2_motion_reference_handlers.dir/src/speed_motion.cpp.o[0m
[0.053s] [ 87%] [32mBuilding CXX object CMakeFiles/as2_motion_reference_handlers.dir/src/acro_motion.cpp.o[0m
[0.059s] [ 87%] Built target ament_cmake_python_symlink_as2_motion_reference_handlers
[0.196s] running egg_info
[0.196s] writing as2_motion_reference_handlers.egg-info/PKG-INFO
[0.196s] writing dependency_links to as2_motion_reference_handlers.egg-info/dependency_links.txt
[0.196s] writing top-level names to as2_motion_reference_handlers.egg-info/top_level.txt
[0.197s] reading manifest file 'as2_motion_reference_handlers.egg-info/SOURCES.txt'
[0.198s] writing manifest file 'as2_motion_reference_handlers.egg-info/SOURCES.txt'
[0.217s] [ 87%] Built target ament_cmake_python_build_as2_motion_reference_handlers_egg
[8.233s] [100%] [32m[1mLinking CXX static library libas2_motion_reference_handlers.a[0m
[8.271s] [100%] Built target as2_motion_reference_handlers
[8.281s] Invoked command in '/home/developer/aerostack2_ws/build/as2_motion_reference_handlers' returned '0': AMENT_PREFIX_PATH=/home/developer/aerostack2_ws/install/as2_core:/home/developer/aerostack2_ws/install/as2_msgs:${AMENT_PREFIX_PATH} CMAKE_PREFIX_PATH=/home/developer/aerostack2_ws/install/as2_core:/home/developer/aerostack2_ws/install/as2_msgs:/opt/ros/humble LD_LIBRARY_PATH=/home/developer/aerostack2_ws/install/as2_core/lib:/home/developer/aerostack2_ws/install/as2_msgs/lib:${LD_LIBRARY_PATH} PYTHONPATH=/home/developer/aerostack2_ws/install/as2_core/local/lib/python3.10/dist-packages:/home/developer/aerostack2_ws/install/as2_msgs/local/lib/python3.10/dist-packages:${PYTHONPATH} /usr/bin/cmake --build /home/developer/aerostack2_ws/build/as2_motion_reference_handlers -- -j20 -l20
[8.283s] Invoking command in '/home/developer/aerostack2_ws/build/as2_motion_reference_handlers': AMENT_PREFIX_PATH=/home/developer/aerostack2_ws/install/as2_core:/home/developer/aerostack2_ws/install/as2_msgs:${AMENT_PREFIX_PATH} CMAKE_PREFIX_PATH=/home/developer/aerostack2_ws/install/as2_core:/home/developer/aerostack2_ws/install/as2_msgs:/opt/ros/humble LD_LIBRARY_PATH=/home/developer/aerostack2_ws/install/as2_core/lib:/home/developer/aerostack2_ws/install/as2_msgs/lib:${LD_LIBRARY_PATH} PYTHONPATH=/home/developer/aerostack2_ws/install/as2_core/local/lib/python3.10/dist-packages:/home/developer/aerostack2_ws/install/as2_msgs/local/lib/python3.10/dist-packages:${PYTHONPATH} /usr/bin/cmake --install /home/developer/aerostack2_ws/build/as2_motion_reference_handlers
[8.289s] -- Install configuration: "Release"
[8.290s] -- Execute custom install script
[8.290s] -- Symlinking: /home/developer/aerostack2_ws/install/as2_motion_reference_handlers/share/as2_motion_reference_handlers/environment/library_path.sh
[8.296s] -- Symlinking: /home/developer/aerostack2_ws/install/as2_motion_reference_handlers/share/as2_motion_reference_handlers/environment/library_path.dsv
[8.303s] -- Symlinking: /home/developer/aerostack2_ws/install/as2_motion_reference_handlers/include/as2_motion_reference_handlers/acro_motion.hpp
[8.308s] -- Symlinking: /home/developer/aerostack2_ws/install/as2_motion_reference_handlers/include/as2_motion_reference_handlers/basic_motion_references.hpp
[8.312s] -- Symlinking: /home/developer/aerostack2_ws/install/as2_motion_reference_handlers/include/as2_motion_reference_handlers/hover_motion.hpp
[8.316s] -- Symlinking: /home/developer/aerostack2_ws/install/as2_motion_reference_handlers/include/as2_motion_reference_handlers/position_motion.hpp
[8.323s] -- Symlinking: /home/developer/aerostack2_ws/install/as2_motion_reference_handlers/include/as2_motion_reference_handlers/speed_in_a_plane_motion.hpp
[8.327s] -- Symlinking: /home/developer/aerostack2_ws/install/as2_motion_reference_handlers/include/as2_motion_reference_handlers/speed_motion.hpp
[8.332s] -- Symlinking: /home/developer/aerostack2_ws/install/as2_motion_reference_handlers/include/as2_motion_reference_handlers/trajectory_motion.hpp
[8.336s] -- Symlinking: /home/developer/aerostack2_ws/install/as2_motion_reference_handlers/share/as2_motion_reference_handlers/environment/pythonpath.sh
[8.343s] -- Symlinking: /home/developer/aerostack2_ws/install/as2_motion_reference_handlers/share/as2_motion_reference_handlers/environment/pythonpath.dsv
[8.348s] -- Symlinking: /home/developer/aerostack2_ws/install/as2_motion_reference_handlers/local/lib/python3.10/dist-packages/as2_motion_reference_handlers-1.1.3-py3.10.egg-info/PKG-INFO
[8.353s] -- Symlinking: /home/developer/aerostack2_ws/install/as2_motion_reference_handlers/local/lib/python3.10/dist-packages/as2_motion_reference_handlers-1.1.3-py3.10.egg-info/SOURCES.txt
[8.360s] -- Symlinking: /home/developer/aerostack2_ws/install/as2_motion_reference_handlers/local/lib/python3.10/dist-packages/as2_motion_reference_handlers-1.1.3-py3.10.egg-info/dependency_links.txt
[8.366s] -- Symlinking: /home/developer/aerostack2_ws/install/as2_motion_reference_handlers/local/lib/python3.10/dist-packages/as2_motion_reference_handlers-1.1.3-py3.10.egg-info/top_level.txt
[8.373s] -- Symlinking: /home/developer/aerostack2_ws/install/as2_motion_reference_handlers/local/lib/python3.10/dist-packages/as2_motion_reference_handlers/__init__.py
[8.378s] -- Symlinking: /home/developer/aerostack2_ws/install/as2_motion_reference_handlers/local/lib/python3.10/dist-packages/as2_motion_reference_handlers/basic_motion_references.py
[8.385s] -- Symlinking: /home/developer/aerostack2_ws/install/as2_motion_reference_handlers/local/lib/python3.10/dist-packages/as2_motion_reference_handlers/hover_motion.py
[8.389s] -- Symlinking: /home/developer/aerostack2_ws/install/as2_motion_reference_handlers/local/lib/python3.10/dist-packages/as2_motion_reference_handlers/position_motion.py
[8.395s] -- Symlinking: /home/developer/aerostack2_ws/install/as2_motion_reference_handlers/local/lib/python3.10/dist-packages/as2_motion_reference_handlers/speed_in_a_plane.py
[8.402s] -- Symlinking: /home/developer/aerostack2_ws/install/as2_motion_reference_handlers/local/lib/python3.10/dist-packages/as2_motion_reference_handlers/speed_motion.py
[8.408s] -- Symlinking: /home/developer/aerostack2_ws/install/as2_motion_reference_handlers/local/lib/python3.10/dist-packages/as2_motion_reference_handlers/utils.py
[8.412s] -- Symlinking: /home/developer/aerostack2_ws/install/as2_motion_reference_handlers/share/ament_index/resource_index/package_run_dependencies/as2_motion_reference_handlers
[8.419s] -- Symlinking: /home/developer/aerostack2_ws/install/as2_motion_reference_handlers/share/ament_index/resource_index/parent_prefix_path/as2_motion_reference_handlers
[8.426s] -- Symlinking: /home/developer/aerostack2_ws/install/as2_motion_reference_handlers/share/as2_motion_reference_handlers/environment/ament_prefix_path.sh
[8.430s] -- Symlinking: /home/developer/aerostack2_ws/install/as2_motion_reference_handlers/share/as2_motion_reference_handlers/environment/ament_prefix_path.dsv
[8.435s] -- Symlinking: /home/developer/aerostack2_ws/install/as2_motion_reference_handlers/share/as2_motion_reference_handlers/environment/path.sh
[8.442s] -- Symlinking: /home/developer/aerostack2_ws/install/as2_motion_reference_handlers/share/as2_motion_reference_handlers/environment/path.dsv
[8.448s] -- Symlinking: /home/developer/aerostack2_ws/install/as2_motion_reference_handlers/share/as2_motion_reference_handlers/local_setup.bash
[8.455s] -- Symlinking: /home/developer/aerostack2_ws/install/as2_motion_reference_handlers/share/as2_motion_reference_handlers/local_setup.sh
[8.461s] -- Symlinking: /home/developer/aerostack2_ws/install/as2_motion_reference_handlers/share/as2_motion_reference_handlers/local_setup.zsh
[8.467s] -- Symlinking: /home/developer/aerostack2_ws/install/as2_motion_reference_handlers/share/as2_motion_reference_handlers/local_setup.dsv
[8.472s] -- Symlinking: /home/developer/aerostack2_ws/install/as2_motion_reference_handlers/share/as2_motion_reference_handlers/package.dsv
[8.476s] -- Symlinking: /home/developer/aerostack2_ws/install/as2_motion_reference_handlers/share/ament_index/resource_index/packages/as2_motion_reference_handlers
[8.483s] -- Symlinking: /home/developer/aerostack2_ws/install/as2_motion_reference_handlers/share/as2_motion_reference_handlers/cmake/ament_cmake_export_include_directories-extras.cmake
[8.489s] -- Symlinking: /home/developer/aerostack2_ws/install/as2_motion_reference_handlers/share/as2_motion_reference_handlers/cmake/ament_cmake_export_targets-extras.cmake
[8.495s] -- Symlinking: /home/developer/aerostack2_ws/install/as2_motion_reference_handlers/share/as2_motion_reference_handlers/cmake/ament_cmake_export_dependencies-extras.cmake
[8.501s] -- Symlinking: /home/developer/aerostack2_ws/install/as2_motion_reference_handlers/share/as2_motion_reference_handlers/cmake/ament_cmake_export_libraries-extras.cmake
[8.507s] -- Symlinking: /home/developer/aerostack2_ws/install/as2_motion_reference_handlers/share/as2_motion_reference_handlers/cmake/as2_motion_reference_handlersConfig.cmake
[8.512s] -- Symlinking: /home/developer/aerostack2_ws/install/as2_motion_reference_handlers/share/as2_motion_reference_handlers/cmake/as2_motion_reference_handlersConfig-version.cmake
[8.516s] -- Symlinking: /home/developer/aerostack2_ws/install/as2_motion_reference_handlers/share/as2_motion_reference_handlers/package.xml
[8.523s] -- Installing: /home/developer/aerostack2_ws/install/as2_motion_reference_handlers/lib/libas2_motion_reference_handlers.a
[8.554s] Listing '/home/developer/aerostack2_ws/install/as2_motion_reference_handlers/local/lib/python3.10/dist-packages/as2_motion_reference_handlers'...
[8.554s] Compiling '/home/developer/aerostack2_ws/install/as2_motion_reference_handlers/local/lib/python3.10/dist-packages/as2_motion_reference_handlers/__init__.py'...
[8.554s] Compiling '/home/developer/aerostack2_ws/install/as2_motion_reference_handlers/local/lib/python3.10/dist-packages/as2_motion_reference_handlers/basic_motion_references.py'...
[8.554s] Compiling '/home/developer/aerostack2_ws/install/as2_motion_reference_handlers/local/lib/python3.10/dist-packages/as2_motion_reference_handlers/hover_motion.py'...
[8.554s] Compiling '/home/developer/aerostack2_ws/install/as2_motion_reference_handlers/local/lib/python3.10/dist-packages/as2_motion_reference_handlers/position_motion.py'...
[8.554s] Compiling '/home/developer/aerostack2_ws/install/as2_motion_reference_handlers/local/lib/python3.10/dist-packages/as2_motion_reference_handlers/speed_in_a_plane.py'...
[8.554s] Compiling '/home/developer/aerostack2_ws/install/as2_motion_reference_handlers/local/lib/python3.10/dist-packages/as2_motion_reference_handlers/speed_motion.py'...
[8.555s] Compiling '/home/developer/aerostack2_ws/install/as2_motion_reference_handlers/local/lib/python3.10/dist-packages/as2_motion_reference_handlers/utils.py'...
[8.557s] -- Installing: /home/developer/aerostack2_ws/install/as2_motion_reference_handlers/share/as2_motion_reference_handlers/cmake/export_as2_motion_reference_handlersExport.cmake
[8.558s] -- Installing: /home/developer/aerostack2_ws/install/as2_motion_reference_handlers/share/as2_motion_reference_handlers/cmake/export_as2_motion_reference_handlersExport-release.cmake
[8.560s] Invoked command in '/home/developer/aerostack2_ws/build/as2_motion_reference_handlers' returned '0': AMENT_PREFIX_PATH=/home/developer/aerostack2_ws/install/as2_core:/home/developer/aerostack2_ws/install/as2_msgs:${AMENT_PREFIX_PATH} CMAKE_PREFIX_PATH=/home/developer/aerostack2_ws/install/as2_core:/home/developer/aerostack2_ws/install/as2_msgs:/opt/ros/humble LD_LIBRARY_PATH=/home/developer/aerostack2_ws/install/as2_core/lib:/home/developer/aerostack2_ws/install/as2_msgs/lib:${LD_LIBRARY_PATH} PYTHONPATH=/home/developer/aerostack2_ws/install/as2_core/local/lib/python3.10/dist-packages:/home/developer/aerostack2_ws/install/as2_msgs/local/lib/python3.10/dist-packages:${PYTHONPATH} /usr/bin/cmake --install /home/developer/aerostack2_ws/build/as2_motion_reference_handlers
