[0.009s] Invoking command in '/home/developer/aerostack2_ws/build/as2_behaviors_platform': AMENT_PREFIX_PATH=/home/developer/aerostack2_ws/install/as2_behavior:/home/developer/aerostack2_ws/install/as2_core:/home/developer/aerostack2_ws/install/as2_msgs:${AMENT_PREFIX_PATH} CMAKE_PREFIX_PATH=/home/developer/aerostack2_ws/install/as2_behavior:/home/developer/aerostack2_ws/install/as2_core:/home/developer/aerostack2_ws/install/as2_msgs:/opt/ros/humble LD_LIBRARY_PATH=/home/developer/aerostack2_ws/install/as2_behavior/lib:/home/developer/aerostack2_ws/install/as2_core/lib:/home/developer/aerostack2_ws/install/as2_msgs/lib:${LD_LIBRARY_PATH} PYTHONPATH=/home/developer/aerostack2_ws/install/as2_core/local/lib/python3.10/dist-packages:/home/developer/aerostack2_ws/install/as2_msgs/local/lib/python3.10/dist-packages:${PYTHONPATH} /usr/bin/cmake /home/developer/aerostack2_ws/src/aerostack2-tcc_lucca/as2_behaviors/as2_behaviors_platform -DAMENT_CMAKE_SYMLINK_INSTALL=1 -DCMAKE_INSTALL_PREFIX=/home/developer/aerostack2_ws/install/as2_behaviors_platform
[0.044s] -- The C compiler identification is GNU 11.4.0
[0.078s] -- The CXX compiler identification is GNU 11.4.0
[0.083s] -- Detecting C compiler ABI info
[0.130s] -- Detecting C compiler ABI info - done
[0.133s] -- Check for working C compiler: /usr/bin/cc - skipped
[0.134s] -- Detecting C compile features
[0.134s] -- Detecting C compile features - done
[0.136s] -- Detecting CXX compiler ABI info
[0.190s] -- Detecting CXX compiler ABI info - done
[0.195s] -- Check for working CXX compiler: /usr/bin/c++ - skipped
[0.195s] -- Detecting CXX compile features
[0.195s] -- Detecting CXX compile features - done
[0.197s] -- Found ament_cmake: 1.3.14 (/opt/ros/humble/share/ament_cmake/cmake)
[0.293s] -- Found Python3: /usr/bin/python3 (found version "3.10.12") found components: Interpreter 
[0.331s] -- Override CMake install command with custom implementation using symlinks instead of copying resources
[0.350s] -- Found rclcpp: 16.0.19 (/opt/ros/humble/share/rclcpp/cmake)
[0.376s] -- Found rosidl_generator_c: 3.1.8 (/opt/ros/humble/share/rosidl_generator_c/cmake)
[0.379s] -- Found rosidl_adapter: 3.1.8 (/opt/ros/humble/share/rosidl_adapter/cmake)
[0.384s] -- Found rosidl_generator_cpp: 3.1.8 (/opt/ros/humble/share/rosidl_generator_cpp/cmake)
[0.391s] -- Using all available rosidl_typesupport_c: rosidl_typesupport_fastrtps_c;rosidl_typesupport_introspection_c
[0.402s] -- Using all available rosidl_typesupport_cpp: rosidl_typesupport_fastrtps_cpp;rosidl_typesupport_introspection_cpp
[0.429s] -- Found rmw_implementation_cmake: 6.1.2 (/opt/ros/humble/share/rmw_implementation_cmake/cmake)
[0.431s] -- Found rmw_fastrtps_cpp: 6.2.10 (/opt/ros/humble/share/rmw_fastrtps_cpp/cmake)
[0.492s] -- Found OpenSSL: /usr/lib/x86_64-linux-gnu/libcrypto.so (found version "3.0.2")  
[0.515s] -- Found FastRTPS: /opt/ros/humble/include  
[0.551s] -- Using RMW implementation 'rmw_fastrtps_cpp' as default
[0.557s] -- Looking for pthread.h
[0.604s] -- Looking for pthread.h - found
[0.604s] -- Performing Test CMAKE_HAVE_LIBC_PTHREAD
[0.655s] -- Performing Test CMAKE_HAVE_LIBC_PTHREAD - Success
[0.656s] -- Found Threads: TRUE  
[0.687s] -- Found rclcpp_action: 16.0.19 (/opt/ros/humble/share/rclcpp_action/cmake)
[0.706s] -- Found as2_behavior: 1.1.3 (/home/developer/aerostack2_ws/install/as2_behavior/share/as2_behavior/cmake)
[0.708s] -- Found std_srvs: 4.9.1 (/opt/ros/humble/share/std_srvs/cmake)
[0.714s] -- Found as2_core: 1.1.3 (/home/developer/aerostack2_ws/install/as2_core/share/as2_core/cmake)
[0.715s] -- Created yaml-cpp::yaml-cpp alias from yaml-cpp target
[0.716s] -- Created GeographicLib::GeographicLib target from legacy variables
[0.789s] -- Found eigen3_cmake_module: 0.1.1 (/opt/ros/humble/share/eigen3_cmake_module/cmake)
[0.789s] -- Found Eigen3: TRUE (found version "3.4.0") 
[0.789s] -- Ensuring Eigen3 include directory is part of orocos-kdl CMake target
[0.875s] -- Found ament_lint_auto: 0.12.15 (/opt/ros/humble/share/ament_lint_auto/cmake)
[0.938s] -- Found gtest sources under '/opt/ros/humble/src/gtest_vendor': C++ tests using 'Google Test' will be built
[0.943s] -- Added test 'copyright' to check source files copyright and LICENSE
[0.944s] -- Added test 'cppcheck' to perform static code analysis on C / C++ code
[0.945s] -- Configured cppcheck include dirs: /home/developer/aerostack2_ws/src/aerostack2-tcc_lucca/as2_behaviors/as2_behaviors_platform/include;/home/developer/aerostack2_ws/src/aerostack2-tcc_lucca/as2_behaviors/as2_behaviors_platform/include/as2_behaviors_platform
[0.945s] -- Configured cppcheck exclude dirs and/or files: 
[0.945s] -- Added test 'cpplint' to check C / C++ code against the Google style
[0.945s] -- Configured cpplint exclude dirs and/or files: 
[0.946s] -- Added test 'flake8' to check Python code syntax and style conventions
[0.946s] -- Added test 'lint_cmake' to check CMake code style
[0.946s] -- Added test 'pep257' to check Python code against some of the docstring style conventions in PEP 257
[0.947s] -- Added test 'uncrustify' to check C / C++ code style
[0.947s] -- Configured uncrustify additional arguments: 
[0.947s] -- Added test 'xmllint' to check XML markup files
[0.948s] -- Configuring done
[0.969s] -- Generating done
[0.976s] -- Build files have been written to: /home/developer/aerostack2_ws/build/as2_behaviors_platform
[0.984s] Invoked command in '/home/developer/aerostack2_ws/build/as2_behaviors_platform' returned '0': AMENT_PREFIX_PATH=/home/developer/aerostack2_ws/install/as2_behavior:/home/developer/aerostack2_ws/install/as2_core:/home/developer/aerostack2_ws/install/as2_msgs:${AMENT_PREFIX_PATH} CMAKE_PREFIX_PATH=/home/developer/aerostack2_ws/install/as2_behavior:/home/developer/aerostack2_ws/install/as2_core:/home/developer/aerostack2_ws/install/as2_msgs:/opt/ros/humble LD_LIBRARY_PATH=/home/developer/aerostack2_ws/install/as2_behavior/lib:/home/developer/aerostack2_ws/install/as2_core/lib:/home/developer/aerostack2_ws/install/as2_msgs/lib:${LD_LIBRARY_PATH} PYTHONPATH=/home/developer/aerostack2_ws/install/as2_core/local/lib/python3.10/dist-packages:/home/developer/aerostack2_ws/install/as2_msgs/local/lib/python3.10/dist-packages:${PYTHONPATH} /usr/bin/cmake /home/developer/aerostack2_ws/src/aerostack2-tcc_lucca/as2_behaviors/as2_behaviors_platform -DAMENT_CMAKE_SYMLINK_INSTALL=1 -DCMAKE_INSTALL_PREFIX=/home/developer/aerostack2_ws/install/as2_behaviors_platform
[0.984s] Invoking command in '/home/developer/aerostack2_ws/build/as2_behaviors_platform': AMENT_PREFIX_PATH=/home/developer/aerostack2_ws/install/as2_behavior:/home/developer/aerostack2_ws/install/as2_core:/home/developer/aerostack2_ws/install/as2_msgs:${AMENT_PREFIX_PATH} CMAKE_PREFIX_PATH=/home/developer/aerostack2_ws/install/as2_behavior:/home/developer/aerostack2_ws/install/as2_core:/home/developer/aerostack2_ws/install/as2_msgs:/opt/ros/humble LD_LIBRARY_PATH=/home/developer/aerostack2_ws/install/as2_behavior/lib:/home/developer/aerostack2_ws/install/as2_core/lib:/home/developer/aerostack2_ws/install/as2_msgs/lib:${LD_LIBRARY_PATH} PYTHONPATH=/home/developer/aerostack2_ws/install/as2_core/local/lib/python3.10/dist-packages:/home/developer/aerostack2_ws/install/as2_msgs/local/lib/python3.10/dist-packages:${PYTHONPATH} /usr/bin/cmake --build /home/developer/aerostack2_ws/build/as2_behaviors_platform -- -j20 -l20
[1.021s] [ 15%] [32mBuilding CXX object gtest/CMakeFiles/gtest.dir/src/gtest-all.cc.o[0m
[1.021s] [ 15%] [32mBuilding CXX object CMakeFiles/as2_behaviors_platform.dir/src/set_offboard_mode_behavior_main.cpp.o[0m
[1.022s] [ 23%] [32mBuilding CXX object gtest/CMakeFiles/gtest_main.dir/src/gtest_main.cc.o[0m
[1.023s] [ 30%] [32mBuilding CXX object CMakeFiles/arm_behavior.dir/src/set_arming_state_behavior_main.cpp.o[0m
[1.023s] [ 38%] [32mBuilding CXX object CMakeFiles/as2_behaviors_platform.dir/src/set_arming_state_behavior_main.cpp.o[0m
[1.024s] [ 46%] [32mBuilding CXX object CMakeFiles/offboard_behavior.dir/src/set_offboard_mode_behavior_main.cpp.o[0m
[1.562s] [ 53%] [32m[1mLinking CXX static library libgtest_main.a[0m
[1.592s] [ 53%] Built target gtest_main
[2.902s] [ 61%] [32m[1mLinking CXX static library libgtest.a[0m
[2.947s] [ 61%] Built target gtest
[5.602s] [ 69%] [32m[1mLinking CXX executable offboard_behavior[0m
[5.633s] [ 76%] [32m[1mLinking CXX executable arm_behavior[0m
[5.636s] [ 84%] [32m[1mLinking CXX static library libas2_behaviors_platform.a[0m
[5.756s] [ 84%] Built target as2_behaviors_platform
[5.774s] [ 92%] [32mBuilding CXX object tests/CMakeFiles/as2_behaviors_platform_as2_behaviors_platform_gtest.dir/as2_behaviors_platform_gtest.cpp.o[0m
[5.863s] [ 92%] Built target offboard_behavior
[5.891s] [ 92%] Built target arm_behavior
[11.381s] [100%] [32m[1mLinking CXX executable as2_behaviors_platform_as2_behaviors_platform_gtest[0m
[11.740s] [100%] Built target as2_behaviors_platform_as2_behaviors_platform_gtest
[11.748s] Invoked command in '/home/developer/aerostack2_ws/build/as2_behaviors_platform' returned '0': AMENT_PREFIX_PATH=/home/developer/aerostack2_ws/install/as2_behavior:/home/developer/aerostack2_ws/install/as2_core:/home/developer/aerostack2_ws/install/as2_msgs:${AMENT_PREFIX_PATH} CMAKE_PREFIX_PATH=/home/developer/aerostack2_ws/install/as2_behavior:/home/developer/aerostack2_ws/install/as2_core:/home/developer/aerostack2_ws/install/as2_msgs:/opt/ros/humble LD_LIBRARY_PATH=/home/developer/aerostack2_ws/install/as2_behavior/lib:/home/developer/aerostack2_ws/install/as2_core/lib:/home/developer/aerostack2_ws/install/as2_msgs/lib:${LD_LIBRARY_PATH} PYTHONPATH=/home/developer/aerostack2_ws/install/as2_core/local/lib/python3.10/dist-packages:/home/developer/aerostack2_ws/install/as2_msgs/local/lib/python3.10/dist-packages:${PYTHONPATH} /usr/bin/cmake --build /home/developer/aerostack2_ws/build/as2_behaviors_platform -- -j20 -l20
[11.749s] Invoking command in '/home/developer/aerostack2_ws/build/as2_behaviors_platform': AMENT_PREFIX_PATH=/home/developer/aerostack2_ws/install/as2_behavior:/home/developer/aerostack2_ws/install/as2_core:/home/developer/aerostack2_ws/install/as2_msgs:${AMENT_PREFIX_PATH} CMAKE_PREFIX_PATH=/home/developer/aerostack2_ws/install/as2_behavior:/home/developer/aerostack2_ws/install/as2_core:/home/developer/aerostack2_ws/install/as2_msgs:/opt/ros/humble LD_LIBRARY_PATH=/home/developer/aerostack2_ws/install/as2_behavior/lib:/home/developer/aerostack2_ws/install/as2_core/lib:/home/developer/aerostack2_ws/install/as2_msgs/lib:${LD_LIBRARY_PATH} PYTHONPATH=/home/developer/aerostack2_ws/install/as2_core/local/lib/python3.10/dist-packages:/home/developer/aerostack2_ws/install/as2_msgs/local/lib/python3.10/dist-packages:${PYTHONPATH} /usr/bin/cmake --install /home/developer/aerostack2_ws/build/as2_behaviors_platform
[11.754s] -- Install configuration: ""
[11.754s] -- Execute custom install script
[11.755s] -- Symlinking: /home/developer/aerostack2_ws/install/as2_behaviors_platform/lib/as2_behaviors_platform/arm_behavior
[11.761s] -- Symlinking: /home/developer/aerostack2_ws/install/as2_behaviors_platform/lib/as2_behaviors_platform/offboard_behavior
[11.765s] -- Symlinking: /home/developer/aerostack2_ws/install/as2_behaviors_platform/share/as2_behaviors_platform/launch/as2_platform_behaviors_launch.py
[11.772s] -- Symlinking: /home/developer/aerostack2_ws/install/as2_behaviors_platform/share/as2_behaviors_platform/launch/test.launch.py
[11.780s] -- Symlinking: /home/developer/aerostack2_ws/install/as2_behaviors_platform/share/ament_index/resource_index/package_run_dependencies/as2_behaviors_platform
[11.785s] -- Symlinking: /home/developer/aerostack2_ws/install/as2_behaviors_platform/share/ament_index/resource_index/parent_prefix_path/as2_behaviors_platform
[11.790s] -- Symlinking: /home/developer/aerostack2_ws/install/as2_behaviors_platform/share/as2_behaviors_platform/environment/ament_prefix_path.sh
[11.797s] -- Symlinking: /home/developer/aerostack2_ws/install/as2_behaviors_platform/share/as2_behaviors_platform/environment/ament_prefix_path.dsv
[11.804s] -- Symlinking: /home/developer/aerostack2_ws/install/as2_behaviors_platform/share/as2_behaviors_platform/environment/path.sh
[11.808s] -- Symlinking: /home/developer/aerostack2_ws/install/as2_behaviors_platform/share/as2_behaviors_platform/environment/path.dsv
[11.815s] -- Symlinking: /home/developer/aerostack2_ws/install/as2_behaviors_platform/share/as2_behaviors_platform/local_setup.bash
[11.823s] -- Symlinking: /home/developer/aerostack2_ws/install/as2_behaviors_platform/share/as2_behaviors_platform/local_setup.sh
[11.830s] -- Symlinking: /home/developer/aerostack2_ws/install/as2_behaviors_platform/share/as2_behaviors_platform/local_setup.zsh
[11.836s] -- Symlinking: /home/developer/aerostack2_ws/install/as2_behaviors_platform/share/as2_behaviors_platform/local_setup.dsv
[11.841s] -- Symlinking: /home/developer/aerostack2_ws/install/as2_behaviors_platform/share/as2_behaviors_platform/package.dsv
[11.847s] -- Symlinking: /home/developer/aerostack2_ws/install/as2_behaviors_platform/share/ament_index/resource_index/packages/as2_behaviors_platform
[11.855s] -- Symlinking: /home/developer/aerostack2_ws/install/as2_behaviors_platform/share/as2_behaviors_platform/cmake/as2_behaviors_platformConfig.cmake
[11.861s] -- Symlinking: /home/developer/aerostack2_ws/install/as2_behaviors_platform/share/as2_behaviors_platform/cmake/as2_behaviors_platformConfig-version.cmake
[11.866s] -- Symlinking: /home/developer/aerostack2_ws/install/as2_behaviors_platform/share/as2_behaviors_platform/package.xml
[11.872s] -- Installing: /home/developer/aerostack2_ws/install/as2_behaviors_platform/lib/libas2_behaviors_platform.a
[11.880s] Invoked command in '/home/developer/aerostack2_ws/build/as2_behaviors_platform' returned '0': AMENT_PREFIX_PATH=/home/developer/aerostack2_ws/install/as2_behavior:/home/developer/aerostack2_ws/install/as2_core:/home/developer/aerostack2_ws/install/as2_msgs:${AMENT_PREFIX_PATH} CMAKE_PREFIX_PATH=/home/developer/aerostack2_ws/install/as2_behavior:/home/developer/aerostack2_ws/install/as2_core:/home/developer/aerostack2_ws/install/as2_msgs:/opt/ros/humble LD_LIBRARY_PATH=/home/developer/aerostack2_ws/install/as2_behavior/lib:/home/developer/aerostack2_ws/install/as2_core/lib:/home/developer/aerostack2_ws/install/as2_msgs/lib:${LD_LIBRARY_PATH} PYTHONPATH=/home/developer/aerostack2_ws/install/as2_core/local/lib/python3.10/dist-packages:/home/developer/aerostack2_ws/install/as2_msgs/local/lib/python3.10/dist-packages:${PYTHONPATH} /usr/bin/cmake --install /home/developer/aerostack2_ws/build/as2_behaviors_platform
