-- The C compiler identification is GNU 11.4.0
-- The CXX compiler identification is GNU 11.4.0
-- Detecting C compiler ABI info
-- Detecting C compiler ABI info - done
-- Check for working C compiler: /usr/bin/cc - skipped
-- Detecting C compile features
-- Detecting C compile features - done
-- Detecting CXX compiler ABI info
-- Detecting CXX compiler ABI info - done
-- Check for working CXX compiler: /usr/bin/c++ - skipped
-- Detecting CXX compile features
-- Detecting CXX compile features - done
-- Found ament_cmake: 1.3.14 (/opt/ros/humble/share/ament_cmake/cmake)
-- Found Python3: /usr/bin/python3 (found version "3.10.12") found components: Interpreter 
-- Override CMake install command with custom implementation using symlinks instead of copying resources
-- Found rclcpp: 16.0.19 (/opt/ros/humble/share/rclcpp/cmake)
-- Found rosidl_generator_c: 3.1.8 (/opt/ros/humble/share/rosidl_generator_c/cmake)
-- Found rosidl_adapter: 3.1.8 (/opt/ros/humble/share/rosidl_adapter/cmake)
-- Found rosidl_generator_cpp: 3.1.8 (/opt/ros/humble/share/rosidl_generator_cpp/cmake)
-- Using all available rosidl_typesupport_c: rosidl_typesupport_fastrtps_c;rosidl_typesupport_introspection_c
-- Using all available rosidl_typesupport_cpp: rosidl_typesupport_fastrtps_cpp;rosidl_typesupport_introspection_cpp
-- Found rmw_implementation_cmake: 6.1.2 (/opt/ros/humble/share/rmw_implementation_cmake/cmake)
-- Found rmw_fastrtps_cpp: 6.2.10 (/opt/ros/humble/share/rmw_fastrtps_cpp/cmake)
-- Found OpenSSL: /usr/lib/x86_64-linux-gnu/libcrypto.so (found version "3.0.2")  
-- Found FastRTPS: /opt/ros/humble/include  
-- Using RMW implementation 'rmw_fastrtps_cpp' as default
-- Looking for pthread.h
-- Looking for pthread.h - found
-- Performing Test CMAKE_HAVE_LIBC_PTHREAD
-- Performing Test CMAKE_HAVE_LIBC_PTHREAD - Success
-- Found Threads: TRUE  
-- Found rclcpp_action: 16.0.19 (/opt/ros/humble/share/rclcpp_action/cmake)
-- Found std_srvs: 4.9.1 (/opt/ros/humble/share/std_srvs/cmake)
-- Found as2_core: 1.1.3 (/home/developer/aerostack2_ws/install/as2_core/share/as2_core/cmake)
-- Created yaml-cpp::yaml-cpp alias from yaml-cpp target
-- Created GeographicLib::GeographicLib target from legacy variables
-- Found eigen3_cmake_module: 0.1.1 (/opt/ros/humble/share/eigen3_cmake_module/cmake)
-- Found Eigen3: TRUE (found version "3.4.0") 
-- Ensuring Eigen3 include directory is part of orocos-kdl CMake target
-- Found as2_behavior: 1.1.3 (/home/developer/aerostack2_ws/install/as2_behavior/share/as2_behavior/cmake)
-- Found ament_lint_auto: 0.12.15 (/opt/ros/humble/share/ament_lint_auto/cmake)
-- Found gtest sources under '/opt/ros/humble/src/gtest_vendor': C++ tests using 'Google Test' will be built
-- Found ament_cmake_gtest: 1.3.14 (/opt/ros/humble/share/ament_cmake_gtest/cmake)
-- Found gtest sources under '/opt/ros/humble/src/gtest_vendor': C++ tests using 'Google Test' will be built
-- Found ament_lint_auto: 0.12.15 (/opt/ros/humble/share/ament_lint_auto/cmake)
-- Added test 'copyright' to check source files copyright and LICENSE
-- Added test 'cppcheck' to perform static code analysis on C / C++ code
-- Configured cppcheck include dirs: 
-- Configured cppcheck exclude dirs and/or files: 
-- Added test 'cpplint' to check C / C++ code against the Google style
-- Configured cpplint exclude dirs and/or files: 
-- Added test 'flake8' to check Python code syntax and style conventions
-- Added test 'lint_cmake' to check CMake code style
-- Added test 'pep257' to check Python code against some of the docstring style conventions in PEP 257
-- Added test 'uncrustify' to check C / C++ code style
-- Configured uncrustify additional arguments: 
-- Added test 'xmllint' to check XML markup files
-- Configuring done
-- Generating done
-- Build files have been written to: /home/developer/aerostack2_ws/build/as2_behaviors_payload
[ 13%] [32m[1mLinking CXX shared library libgripper_behavior_plugin_base.so[0m
[ 13%] [32mBuilding CXX object gtest/CMakeFiles/gtest.dir/src/gtest-all.cc.o[0m
[ 13%] [32mBuilding CXX object point_gimbal_behavior/CMakeFiles/point_gimbal_behavior.dir/src/point_gimbal_behavior.cpp.o[0m
[ 17%] [32mBuilding CXX object point_gimbal_behavior/CMakeFiles/point_gimbal_behavior.dir/src/point_gimbal_behavior_node.cpp.o[0m
[ 21%] [32mBuilding CXX object point_gimbal_behavior/CMakeFiles/point_gimbal_behavior_node.dir/src/point_gimbal_behavior.cpp.o[0m
[ 26%] [32mBuilding CXX object gtest/CMakeFiles/gtest_main.dir/src/gtest_main.cc.o[0m
[ 30%] [32mBuilding CXX object point_gimbal_behavior/CMakeFiles/point_gimbal_behavior_node.dir/src/point_gimbal_behavior_node.cpp.o[0m
[ 30%] Built target gripper_behavior_plugin_base
[ 34%] [32mBuilding CXX object gripper_behavior/CMakeFiles/gripper_behavior_lib.dir/src/gripper_behavior.cpp.o[0m
[ 39%] [32m[1mLinking CXX static library libgtest_main.a[0m
[ 39%] Built target gtest_main
[ 43%] [32m[1mLinking CXX static library libgtest.a[0m
[ 43%] Built target gtest
[ 47%] [32m[1mLinking CXX shared library libpoint_gimbal_behavior.so[0m
[ 47%] Built target point_gimbal_behavior
[ 52%] [32mBuilding CXX object point_gimbal_behavior/tests/CMakeFiles/point_gimbal_behavior_point_gimbal_gtest.dir/point_gimbal_gtest.cpp.o[0m
[ 56%] [32m[1mLinking CXX executable point_gimbal_behavior_node[0m
[ 56%] Built target point_gimbal_behavior_node
[ 60%] [32m[1mLinking CXX shared library libgripper_behavior_lib.so[0m
[ 60%] Built target gripper_behavior_lib
[ 65%] [32mBuilding CXX object gripper_behavior/CMakeFiles/as2_gripper_behavior_node.dir/src/as2_gripper_behavior_node.cpp.o[0m
[ 69%] [32mBuilding CXX object gripper_behavior/plugins/two_fingers/CMakeFiles/two_fingers.dir/src/two_fingers.cpp.o[0m
[ 73%] [32mBuilding CXX object gripper_behavior/tests/CMakeFiles/gripper_behavior_as2_behaviors_gripper_gtest.dir/as2_behaviors_gripper_gtest.cpp.o[0m
[ 78%] [32mBuilding CXX object gripper_behavior/plugins/dc_servo/CMakeFiles/dc_servo.dir/src/dc_servo.cpp.o[0m
[ 82%] [32m[1mLinking CXX executable point_gimbal_behavior_point_gimbal_gtest[0m
[ 82%] Built target point_gimbal_behavior_point_gimbal_gtest
[ 86%] [32m[1mLinking CXX executable as2_gripper_behavior_node[0m
[ 86%] Built target as2_gripper_behavior_node
[ 91%] [32m[1mLinking CXX shared library libdc_servo.so[0m
[ 95%] [32m[1mLinking CXX executable gripper_behavior_as2_behaviors_gripper_gtest[0m
[ 95%] Built target dc_servo
[100%] [32m[1mLinking CXX shared library libtwo_fingers.so[0m
[100%] Built target two_fingers
[100%] Built target gripper_behavior_as2_behaviors_gripper_gtest
-- Install configuration: "Release"
-- Execute custom install script
-- Symlinking: /home/developer/aerostack2_ws/install/as2_behaviors_payload/lib/as2_behaviors_payload/as2_gripper_behavior_node
-- Symlinking: /home/developer/aerostack2_ws/install/as2_behaviors_payload/include/as2_behaviors_payload/gripper_behavior/gripper_behavior/gripper_behavior.hpp
-- Symlinking: /home/developer/aerostack2_ws/install/as2_behaviors_payload/include/as2_behaviors_payload/gripper_behavior/gripper_behavior/gripper_behavior_plugin_base.hpp
-- Symlinking: /home/developer/aerostack2_ws/install/as2_behaviors_payload/include/as2_behaviors_payload/gripper_behavior/two_fingers/two_fingers.hpp
-- Symlinking: /home/developer/aerostack2_ws/install/as2_behaviors_payload/share/as2_behaviors_payload/environment/library_path.sh
-- Symlinking: /home/developer/aerostack2_ws/install/as2_behaviors_payload/share/as2_behaviors_payload/environment/library_path.dsv
-- Symlinking: /home/developer/aerostack2_ws/install/as2_behaviors_payload/include/as2_behaviors_payload/gripper_behavior/dc_servo/dc_servo.hpp
-- Up-to-date symlink: /home/developer/aerostack2_ws/install/as2_behaviors_payload/share/as2_behaviors_payload/environment/library_path.sh
-- Up-to-date symlink: /home/developer/aerostack2_ws/install/as2_behaviors_payload/share/as2_behaviors_payload/environment/library_path.dsv
-- Symlinking: /home/developer/aerostack2_ws/install/as2_behaviors_payload/share/as2_behaviors_payload/gripper_behavior/launch/dc_servo_gripper.launch.py
-- Symlinking: /home/developer/aerostack2_ws/install/as2_behaviors_payload/share/as2_behaviors_payload/gripper_behavior/launch/gripper_behavior_launch.py
-- Symlinking: /home/developer/aerostack2_ws/install/as2_behaviors_payload/share/as2_behaviors_payload/gripper_behavior/launch/two_fingers.launch.py
-- Symlinking: /home/developer/aerostack2_ws/install/as2_behaviors_payload/share/as2_behaviors_payload/gripper_behavior/plugins/two_fingers/config/plugin_default.yaml
-- Symlinking: /home/developer/aerostack2_ws/install/as2_behaviors_payload/share/as2_behaviors_payload/gripper_behavior/plugins/dc_servo/config/plugin_default.yaml
-- Symlinking: /home/developer/aerostack2_ws/install/as2_behaviors_payload/include/point_gimbal_behavior/point_gimbal_behavior.hpp
-- Symlinking: /home/developer/aerostack2_ws/install/as2_behaviors_payload/share/as2_behaviors_payload/launch/point_gimbal_behavior.launch.py
-- Symlinking: /home/developer/aerostack2_ws/install/as2_behaviors_payload/share/as2_behaviors_payload/point_gimbal_behavior/config/config_default.yaml
-- Symlinking: /home/developer/aerostack2_ws/install/as2_behaviors_payload/lib/as2_behaviors_payload/point_gimbal_behavior_node
-- Up-to-date symlink: /home/developer/aerostack2_ws/install/as2_behaviors_payload/share/as2_behaviors_payload/environment/library_path.sh
-- Up-to-date symlink: /home/developer/aerostack2_ws/install/as2_behaviors_payload/share/as2_behaviors_payload/environment/library_path.dsv
-- Symlinking: /home/developer/aerostack2_ws/install/as2_behaviors_payload/share/as2_behaviors_payload/gripper_behavior/plugins.xml
-- Symlinking: /home/developer/aerostack2_ws/install/as2_behaviors_payload/share/ament_index/resource_index/package_run_dependencies/as2_behaviors_payload
-- Symlinking: /home/developer/aerostack2_ws/install/as2_behaviors_payload/share/ament_index/resource_index/parent_prefix_path/as2_behaviors_payload
-- Symlinking: /home/developer/aerostack2_ws/install/as2_behaviors_payload/share/as2_behaviors_payload/environment/ament_prefix_path.sh
-- Symlinking: /home/developer/aerostack2_ws/install/as2_behaviors_payload/share/as2_behaviors_payload/environment/ament_prefix_path.dsv
-- Symlinking: /home/developer/aerostack2_ws/install/as2_behaviors_payload/share/as2_behaviors_payload/environment/path.sh
-- Symlinking: /home/developer/aerostack2_ws/install/as2_behaviors_payload/share/as2_behaviors_payload/environment/path.dsv
-- Symlinking: /home/developer/aerostack2_ws/install/as2_behaviors_payload/share/as2_behaviors_payload/local_setup.bash
-- Symlinking: /home/developer/aerostack2_ws/install/as2_behaviors_payload/share/as2_behaviors_payload/local_setup.sh
-- Symlinking: /home/developer/aerostack2_ws/install/as2_behaviors_payload/share/as2_behaviors_payload/local_setup.zsh
-- Symlinking: /home/developer/aerostack2_ws/install/as2_behaviors_payload/share/as2_behaviors_payload/local_setup.dsv
-- Symlinking: /home/developer/aerostack2_ws/install/as2_behaviors_payload/share/as2_behaviors_payload/package.dsv
-- Symlinking: /home/developer/aerostack2_ws/install/as2_behaviors_payload/share/ament_index/resource_index/packages/as2_behaviors_payload
-- Symlinking: /home/developer/aerostack2_ws/install/as2_behaviors_payload/share/ament_index/resource_index/as2_behaviors_payload__pluginlib__plugin/as2_behaviors_payload
-- Symlinking: /home/developer/aerostack2_ws/install/as2_behaviors_payload/share/as2_behaviors_payload/cmake/ament_cmake_export_dependencies-extras.cmake
-- Symlinking: /home/developer/aerostack2_ws/install/as2_behaviors_payload/share/as2_behaviors_payload/cmake/as2_behaviors_payloadConfig.cmake
-- Symlinking: /home/developer/aerostack2_ws/install/as2_behaviors_payload/share/as2_behaviors_payload/cmake/as2_behaviors_payloadConfig-version.cmake
-- Symlinking: /home/developer/aerostack2_ws/install/as2_behaviors_payload/share/as2_behaviors_payload/package.xml
-- Installing: /home/developer/aerostack2_ws/install/as2_behaviors_payload/lib/libgripper_behavior_lib.so
-- Set runtime path of "/home/developer/aerostack2_ws/install/as2_behaviors_payload/lib/libgripper_behavior_lib.so" to ""
-- Installing: /home/developer/aerostack2_ws/install/as2_behaviors_payload/lib/libgripper_behavior_plugin_base.so
-- Set runtime path of "/home/developer/aerostack2_ws/install/as2_behaviors_payload/lib/libgripper_behavior_plugin_base.so" to ""
-- Installing: /home/developer/aerostack2_ws/install/as2_behaviors_payload/lib/libtwo_fingers.so
-- Set runtime path of "/home/developer/aerostack2_ws/install/as2_behaviors_payload/lib/libtwo_fingers.so" to ""
-- Installing: /home/developer/aerostack2_ws/install/as2_behaviors_payload/lib/libdc_servo.so
-- Set runtime path of "/home/developer/aerostack2_ws/install/as2_behaviors_payload/lib/libdc_servo.so" to ""
-- Installing: /home/developer/aerostack2_ws/install/as2_behaviors_payload/lib/libpoint_gimbal_behavior.so
-- Set runtime path of "/home/developer/aerostack2_ws/install/as2_behaviors_payload/lib/libpoint_gimbal_behavior.so" to ""
