[0.010s] Invoking command in '/home/developer/aerostack2_ws/build/as2_behaviors_payload': AMENT_PREFIX_PATH=/home/developer/aerostack2_ws/install/as2_behavior:/home/developer/aerostack2_ws/install/as2_core:/home/developer/aerostack2_ws/install/as2_msgs:${AMENT_PREFIX_PATH} CMAKE_PREFIX_PATH=/home/developer/aerostack2_ws/install/as2_behavior:/home/developer/aerostack2_ws/install/as2_core:/home/developer/aerostack2_ws/install/as2_msgs:/opt/ros/humble LD_LIBRARY_PATH=/home/developer/aerostack2_ws/install/as2_behavior/lib:/home/developer/aerostack2_ws/install/as2_core/lib:/home/developer/aerostack2_ws/install/as2_msgs/lib:${LD_LIBRARY_PATH} PYTHONPATH=/home/developer/aerostack2_ws/install/as2_core/local/lib/python3.10/dist-packages:/home/developer/aerostack2_ws/install/as2_msgs/local/lib/python3.10/dist-packages:${PYTHONPATH} /usr/bin/cmake /home/developer/aerostack2_ws/src/aerostack2-tcc_lucca/as2_behaviors/as2_behaviors_payload -DAMENT_CMAKE_SYMLINK_INSTALL=1 -DCMAKE_INSTALL_PREFIX=/home/developer/aerostack2_ws/install/as2_behaviors_payload
[0.053s] -- The C compiler identification is GNU 11.4.0
[0.093s] -- The CXX compiler identification is GNU 11.4.0
[0.097s] -- Detecting C compiler ABI info
[0.149s] -- Detecting C compiler ABI info - done
[0.155s] -- Check for working C compiler: /usr/bin/cc - skipped
[0.156s] -- Detecting C compile features
[0.156s] -- Detecting C compile features - done
[0.159s] -- Detecting CXX compiler ABI info
[0.220s] -- Detecting CXX compiler ABI info - done
[0.224s] -- Check for working CXX compiler: /usr/bin/c++ - skipped
[0.224s] -- Detecting CXX compile features
[0.224s] -- Detecting CXX compile features - done
[0.226s] -- Found ament_cmake: 1.3.14 (/opt/ros/humble/share/ament_cmake/cmake)
[0.331s] -- Found Python3: /usr/bin/python3 (found version "3.10.12") found components: Interpreter 
[0.372s] -- Override CMake install command with custom implementation using symlinks instead of copying resources
[0.391s] -- Found rclcpp: 16.0.19 (/opt/ros/humble/share/rclcpp/cmake)
[0.417s] -- Found rosidl_generator_c: 3.1.8 (/opt/ros/humble/share/rosidl_generator_c/cmake)
[0.420s] -- Found rosidl_adapter: 3.1.8 (/opt/ros/humble/share/rosidl_adapter/cmake)
[0.426s] -- Found rosidl_generator_cpp: 3.1.8 (/opt/ros/humble/share/rosidl_generator_cpp/cmake)
[0.433s] -- Using all available rosidl_typesupport_c: rosidl_typesupport_fastrtps_c;rosidl_typesupport_introspection_c
[0.443s] -- Using all available rosidl_typesupport_cpp: rosidl_typesupport_fastrtps_cpp;rosidl_typesupport_introspection_cpp
[0.470s] -- Found rmw_implementation_cmake: 6.1.2 (/opt/ros/humble/share/rmw_implementation_cmake/cmake)
[0.472s] -- Found rmw_fastrtps_cpp: 6.2.10 (/opt/ros/humble/share/rmw_fastrtps_cpp/cmake)
[0.536s] -- Found OpenSSL: /usr/lib/x86_64-linux-gnu/libcrypto.so (found version "3.0.2")  
[0.558s] -- Found FastRTPS: /opt/ros/humble/include  
[0.597s] -- Using RMW implementation 'rmw_fastrtps_cpp' as default
[0.606s] -- Looking for pthread.h
[0.658s] -- Looking for pthread.h - found
[0.659s] -- Performing Test CMAKE_HAVE_LIBC_PTHREAD
[0.714s] -- Performing Test CMAKE_HAVE_LIBC_PTHREAD - Success
[0.715s] -- Found Threads: TRUE  
[0.750s] -- Found rclcpp_action: 16.0.19 (/opt/ros/humble/share/rclcpp_action/cmake)
[0.770s] -- Found std_srvs: 4.9.1 (/opt/ros/humble/share/std_srvs/cmake)
[0.775s] -- Found as2_core: 1.1.3 (/home/developer/aerostack2_ws/install/as2_core/share/as2_core/cmake)
[0.777s] -- Created yaml-cpp::yaml-cpp alias from yaml-cpp target
[0.779s] -- Created GeographicLib::GeographicLib target from legacy variables
[0.850s] -- Found eigen3_cmake_module: 0.1.1 (/opt/ros/humble/share/eigen3_cmake_module/cmake)
[0.851s] -- Found Eigen3: TRUE (found version "3.4.0") 
[0.851s] -- Ensuring Eigen3 include directory is part of orocos-kdl CMake target
[0.932s] -- Found as2_behavior: 1.1.3 (/home/developer/aerostack2_ws/install/as2_behavior/share/as2_behavior/cmake)
[0.959s] -- Found ament_lint_auto: 0.12.15 (/opt/ros/humble/share/ament_lint_auto/cmake)
[1.016s] -- Found gtest sources under '/opt/ros/humble/src/gtest_vendor': C++ tests using 'Google Test' will be built
[1.034s] -- Found ament_cmake_gtest: 1.3.14 (/opt/ros/humble/share/ament_cmake_gtest/cmake)
[1.034s] -- Found gtest sources under '/opt/ros/humble/src/gtest_vendor': C++ tests using 'Google Test' will be built
[1.036s] -- Found ament_lint_auto: 0.12.15 (/opt/ros/humble/share/ament_lint_auto/cmake)
[1.083s] -- Added test 'copyright' to check source files copyright and LICENSE
[1.087s] -- Added test 'cppcheck' to perform static code analysis on C / C++ code
[1.087s] -- Configured cppcheck include dirs: 
[1.087s] -- Configured cppcheck exclude dirs and/or files: 
[1.089s] -- Added test 'cpplint' to check C / C++ code against the Google style
[1.089s] -- Configured cpplint exclude dirs and/or files: 
[1.089s] -- Added test 'flake8' to check Python code syntax and style conventions
[1.090s] -- Added test 'lint_cmake' to check CMake code style
[1.091s] -- Added test 'pep257' to check Python code against some of the docstring style conventions in PEP 257
[1.093s] -- Added test 'uncrustify' to check C / C++ code style
[1.093s] -- Configured uncrustify additional arguments: 
[1.093s] -- Added test 'xmllint' to check XML markup files
[1.094s] -- Configuring done
[1.140s] -- Generating done
[1.155s] -- Build files have been written to: /home/developer/aerostack2_ws/build/as2_behaviors_payload
[1.166s] Invoked command in '/home/developer/aerostack2_ws/build/as2_behaviors_payload' returned '0': AMENT_PREFIX_PATH=/home/developer/aerostack2_ws/install/as2_behavior:/home/developer/aerostack2_ws/install/as2_core:/home/developer/aerostack2_ws/install/as2_msgs:${AMENT_PREFIX_PATH} CMAKE_PREFIX_PATH=/home/developer/aerostack2_ws/install/as2_behavior:/home/developer/aerostack2_ws/install/as2_core:/home/developer/aerostack2_ws/install/as2_msgs:/opt/ros/humble LD_LIBRARY_PATH=/home/developer/aerostack2_ws/install/as2_behavior/lib:/home/developer/aerostack2_ws/install/as2_core/lib:/home/developer/aerostack2_ws/install/as2_msgs/lib:${LD_LIBRARY_PATH} PYTHONPATH=/home/developer/aerostack2_ws/install/as2_core/local/lib/python3.10/dist-packages:/home/developer/aerostack2_ws/install/as2_msgs/local/lib/python3.10/dist-packages:${PYTHONPATH} /usr/bin/cmake /home/developer/aerostack2_ws/src/aerostack2-tcc_lucca/as2_behaviors/as2_behaviors_payload -DAMENT_CMAKE_SYMLINK_INSTALL=1 -DCMAKE_INSTALL_PREFIX=/home/developer/aerostack2_ws/install/as2_behaviors_payload
[1.167s] Invoking command in '/home/developer/aerostack2_ws/build/as2_behaviors_payload': AMENT_PREFIX_PATH=/home/developer/aerostack2_ws/install/as2_behavior:/home/developer/aerostack2_ws/install/as2_core:/home/developer/aerostack2_ws/install/as2_msgs:${AMENT_PREFIX_PATH} CMAKE_PREFIX_PATH=/home/developer/aerostack2_ws/install/as2_behavior:/home/developer/aerostack2_ws/install/as2_core:/home/developer/aerostack2_ws/install/as2_msgs:/opt/ros/humble LD_LIBRARY_PATH=/home/developer/aerostack2_ws/install/as2_behavior/lib:/home/developer/aerostack2_ws/install/as2_core/lib:/home/developer/aerostack2_ws/install/as2_msgs/lib:${LD_LIBRARY_PATH} PYTHONPATH=/home/developer/aerostack2_ws/install/as2_core/local/lib/python3.10/dist-packages:/home/developer/aerostack2_ws/install/as2_msgs/local/lib/python3.10/dist-packages:${PYTHONPATH} /usr/bin/cmake --build /home/developer/aerostack2_ws/build/as2_behaviors_payload -- -j20 -l20
[1.205s] [ 13%] [32m[1mLinking CXX shared library libgripper_behavior_plugin_base.so[0m
[1.205s] [ 13%] [32mBuilding CXX object gtest/CMakeFiles/gtest.dir/src/gtest-all.cc.o[0m
[1.205s] [ 13%] [32mBuilding CXX object point_gimbal_behavior/CMakeFiles/point_gimbal_behavior.dir/src/point_gimbal_behavior.cpp.o[0m
[1.207s] [ 17%] [32mBuilding CXX object point_gimbal_behavior/CMakeFiles/point_gimbal_behavior.dir/src/point_gimbal_behavior_node.cpp.o[0m
[1.207s] [ 21%] [32mBuilding CXX object point_gimbal_behavior/CMakeFiles/point_gimbal_behavior_node.dir/src/point_gimbal_behavior.cpp.o[0m
[1.208s] [ 26%] [32mBuilding CXX object gtest/CMakeFiles/gtest_main.dir/src/gtest_main.cc.o[0m
[1.210s] [ 30%] [32mBuilding CXX object point_gimbal_behavior/CMakeFiles/point_gimbal_behavior_node.dir/src/point_gimbal_behavior_node.cpp.o[0m
[1.259s] [ 30%] Built target gripper_behavior_plugin_base
[1.279s] [ 34%] [32mBuilding CXX object gripper_behavior/CMakeFiles/gripper_behavior_lib.dir/src/gripper_behavior.cpp.o[0m
[1.893s] [ 39%] [32m[1mLinking CXX static library libgtest_main.a[0m
[1.924s] [ 39%] Built target gtest_main
[6.000s] [ 43%] [32m[1mLinking CXX static library libgtest.a[0m
[6.033s] [ 43%] Built target gtest
[8.231s] [ 47%] [32m[1mLinking CXX shared library libpoint_gimbal_behavior.so[0m
[8.369s] [ 47%] Built target point_gimbal_behavior
[8.387s] [ 52%] [32mBuilding CXX object point_gimbal_behavior/tests/CMakeFiles/point_gimbal_behavior_point_gimbal_gtest.dir/point_gimbal_gtest.cpp.o[0m
[8.458s] [ 56%] [32m[1mLinking CXX executable point_gimbal_behavior_node[0m
[8.596s] [ 56%] Built target point_gimbal_behavior_node
[9.976s] [ 60%] [32m[1mLinking CXX shared library libgripper_behavior_lib.so[0m
[10.098s] [ 60%] Built target gripper_behavior_lib
[10.109s] [ 65%] [32mBuilding CXX object gripper_behavior/CMakeFiles/as2_gripper_behavior_node.dir/src/as2_gripper_behavior_node.cpp.o[0m
[10.114s] [ 69%] [32mBuilding CXX object gripper_behavior/plugins/two_fingers/CMakeFiles/two_fingers.dir/src/two_fingers.cpp.o[0m
[10.114s] [ 73%] [32mBuilding CXX object gripper_behavior/tests/CMakeFiles/gripper_behavior_as2_behaviors_gripper_gtest.dir/as2_behaviors_gripper_gtest.cpp.o[0m
[10.116s] [ 78%] [32mBuilding CXX object gripper_behavior/plugins/dc_servo/CMakeFiles/dc_servo.dir/src/dc_servo.cpp.o[0m
[12.047s] [ 82%] [32m[1mLinking CXX executable point_gimbal_behavior_point_gimbal_gtest[0m
[12.186s] [ 82%] Built target point_gimbal_behavior_point_gimbal_gtest
[12.693s] [ 86%] [32m[1mLinking CXX executable as2_gripper_behavior_node[0m
[12.805s] [ 86%] Built target as2_gripper_behavior_node
[13.413s] [ 91%] [32m[1mLinking CXX shared library libdc_servo.so[0m
[13.510s] [ 95%] [32m[1mLinking CXX executable gripper_behavior_as2_behaviors_gripper_gtest[0m
[13.517s] [ 95%] Built target dc_servo
[13.529s] [100%] [32m[1mLinking CXX shared library libtwo_fingers.so[0m
[13.622s] [100%] Built target two_fingers
[13.627s] [100%] Built target gripper_behavior_as2_behaviors_gripper_gtest
[13.636s] Invoked command in '/home/developer/aerostack2_ws/build/as2_behaviors_payload' returned '0': AMENT_PREFIX_PATH=/home/developer/aerostack2_ws/install/as2_behavior:/home/developer/aerostack2_ws/install/as2_core:/home/developer/aerostack2_ws/install/as2_msgs:${AMENT_PREFIX_PATH} CMAKE_PREFIX_PATH=/home/developer/aerostack2_ws/install/as2_behavior:/home/developer/aerostack2_ws/install/as2_core:/home/developer/aerostack2_ws/install/as2_msgs:/opt/ros/humble LD_LIBRARY_PATH=/home/developer/aerostack2_ws/install/as2_behavior/lib:/home/developer/aerostack2_ws/install/as2_core/lib:/home/developer/aerostack2_ws/install/as2_msgs/lib:${LD_LIBRARY_PATH} PYTHONPATH=/home/developer/aerostack2_ws/install/as2_core/local/lib/python3.10/dist-packages:/home/developer/aerostack2_ws/install/as2_msgs/local/lib/python3.10/dist-packages:${PYTHONPATH} /usr/bin/cmake --build /home/developer/aerostack2_ws/build/as2_behaviors_payload -- -j20 -l20
[13.638s] Invoking command in '/home/developer/aerostack2_ws/build/as2_behaviors_payload': AMENT_PREFIX_PATH=/home/developer/aerostack2_ws/install/as2_behavior:/home/developer/aerostack2_ws/install/as2_core:/home/developer/aerostack2_ws/install/as2_msgs:${AMENT_PREFIX_PATH} CMAKE_PREFIX_PATH=/home/developer/aerostack2_ws/install/as2_behavior:/home/developer/aerostack2_ws/install/as2_core:/home/developer/aerostack2_ws/install/as2_msgs:/opt/ros/humble LD_LIBRARY_PATH=/home/developer/aerostack2_ws/install/as2_behavior/lib:/home/developer/aerostack2_ws/install/as2_core/lib:/home/developer/aerostack2_ws/install/as2_msgs/lib:${LD_LIBRARY_PATH} PYTHONPATH=/home/developer/aerostack2_ws/install/as2_core/local/lib/python3.10/dist-packages:/home/developer/aerostack2_ws/install/as2_msgs/local/lib/python3.10/dist-packages:${PYTHONPATH} /usr/bin/cmake --install /home/developer/aerostack2_ws/build/as2_behaviors_payload
[13.641s] -- Install configuration: "Release"
[13.642s] -- Execute custom install script
[13.642s] -- Symlinking: /home/developer/aerostack2_ws/install/as2_behaviors_payload/lib/as2_behaviors_payload/as2_gripper_behavior_node
[13.648s] -- Symlinking: /home/developer/aerostack2_ws/install/as2_behaviors_payload/include/as2_behaviors_payload/gripper_behavior/gripper_behavior/gripper_behavior.hpp
[13.655s] -- Symlinking: /home/developer/aerostack2_ws/install/as2_behaviors_payload/include/as2_behaviors_payload/gripper_behavior/gripper_behavior/gripper_behavior_plugin_base.hpp
[13.660s] -- Symlinking: /home/developer/aerostack2_ws/install/as2_behaviors_payload/include/as2_behaviors_payload/gripper_behavior/two_fingers/two_fingers.hpp
[13.665s] -- Symlinking: /home/developer/aerostack2_ws/install/as2_behaviors_payload/share/as2_behaviors_payload/environment/library_path.sh
[13.673s] -- Symlinking: /home/developer/aerostack2_ws/install/as2_behaviors_payload/share/as2_behaviors_payload/environment/library_path.dsv
[13.678s] -- Symlinking: /home/developer/aerostack2_ws/install/as2_behaviors_payload/include/as2_behaviors_payload/gripper_behavior/dc_servo/dc_servo.hpp
[13.683s] -- Up-to-date symlink: /home/developer/aerostack2_ws/install/as2_behaviors_payload/share/as2_behaviors_payload/environment/library_path.sh
[13.683s] -- Up-to-date symlink: /home/developer/aerostack2_ws/install/as2_behaviors_payload/share/as2_behaviors_payload/environment/library_path.dsv
[13.683s] -- Symlinking: /home/developer/aerostack2_ws/install/as2_behaviors_payload/share/as2_behaviors_payload/gripper_behavior/launch/dc_servo_gripper.launch.py
[13.689s] -- Symlinking: /home/developer/aerostack2_ws/install/as2_behaviors_payload/share/as2_behaviors_payload/gripper_behavior/launch/gripper_behavior_launch.py
[13.696s] -- Symlinking: /home/developer/aerostack2_ws/install/as2_behaviors_payload/share/as2_behaviors_payload/gripper_behavior/launch/two_fingers.launch.py
[13.701s] -- Symlinking: /home/developer/aerostack2_ws/install/as2_behaviors_payload/share/as2_behaviors_payload/gripper_behavior/plugins/two_fingers/config/plugin_default.yaml
[13.706s] -- Symlinking: /home/developer/aerostack2_ws/install/as2_behaviors_payload/share/as2_behaviors_payload/gripper_behavior/plugins/dc_servo/config/plugin_default.yaml
[13.711s] -- Symlinking: /home/developer/aerostack2_ws/install/as2_behaviors_payload/include/point_gimbal_behavior/point_gimbal_behavior.hpp
[13.718s] -- Symlinking: /home/developer/aerostack2_ws/install/as2_behaviors_payload/share/as2_behaviors_payload/launch/point_gimbal_behavior.launch.py
[13.724s] -- Symlinking: /home/developer/aerostack2_ws/install/as2_behaviors_payload/share/as2_behaviors_payload/point_gimbal_behavior/config/config_default.yaml
[13.730s] -- Symlinking: /home/developer/aerostack2_ws/install/as2_behaviors_payload/lib/as2_behaviors_payload/point_gimbal_behavior_node
[13.737s] -- Up-to-date symlink: /home/developer/aerostack2_ws/install/as2_behaviors_payload/share/as2_behaviors_payload/environment/library_path.sh
[13.737s] -- Up-to-date symlink: /home/developer/aerostack2_ws/install/as2_behaviors_payload/share/as2_behaviors_payload/environment/library_path.dsv
[13.737s] -- Symlinking: /home/developer/aerostack2_ws/install/as2_behaviors_payload/share/as2_behaviors_payload/gripper_behavior/plugins.xml
[13.742s] -- Symlinking: /home/developer/aerostack2_ws/install/as2_behaviors_payload/share/ament_index/resource_index/package_run_dependencies/as2_behaviors_payload
[13.748s] -- Symlinking: /home/developer/aerostack2_ws/install/as2_behaviors_payload/share/ament_index/resource_index/parent_prefix_path/as2_behaviors_payload
[13.755s] -- Symlinking: /home/developer/aerostack2_ws/install/as2_behaviors_payload/share/as2_behaviors_payload/environment/ament_prefix_path.sh
[13.760s] -- Symlinking: /home/developer/aerostack2_ws/install/as2_behaviors_payload/share/as2_behaviors_payload/environment/ament_prefix_path.dsv
[13.765s] -- Symlinking: /home/developer/aerostack2_ws/install/as2_behaviors_payload/share/as2_behaviors_payload/environment/path.sh
[13.770s] -- Symlinking: /home/developer/aerostack2_ws/install/as2_behaviors_payload/share/as2_behaviors_payload/environment/path.dsv
[13.778s] -- Symlinking: /home/developer/aerostack2_ws/install/as2_behaviors_payload/share/as2_behaviors_payload/local_setup.bash
[13.782s] -- Symlinking: /home/developer/aerostack2_ws/install/as2_behaviors_payload/share/as2_behaviors_payload/local_setup.sh
[13.787s] -- Symlinking: /home/developer/aerostack2_ws/install/as2_behaviors_payload/share/as2_behaviors_payload/local_setup.zsh
[13.795s] -- Symlinking: /home/developer/aerostack2_ws/install/as2_behaviors_payload/share/as2_behaviors_payload/local_setup.dsv
[13.801s] -- Symlinking: /home/developer/aerostack2_ws/install/as2_behaviors_payload/share/as2_behaviors_payload/package.dsv
[13.807s] -- Symlinking: /home/developer/aerostack2_ws/install/as2_behaviors_payload/share/ament_index/resource_index/packages/as2_behaviors_payload
[13.814s] -- Symlinking: /home/developer/aerostack2_ws/install/as2_behaviors_payload/share/ament_index/resource_index/as2_behaviors_payload__pluginlib__plugin/as2_behaviors_payload
[13.822s] -- Symlinking: /home/developer/aerostack2_ws/install/as2_behaviors_payload/share/as2_behaviors_payload/cmake/ament_cmake_export_dependencies-extras.cmake
[13.827s] -- Symlinking: /home/developer/aerostack2_ws/install/as2_behaviors_payload/share/as2_behaviors_payload/cmake/as2_behaviors_payloadConfig.cmake
[13.833s] -- Symlinking: /home/developer/aerostack2_ws/install/as2_behaviors_payload/share/as2_behaviors_payload/cmake/as2_behaviors_payloadConfig-version.cmake
[13.839s] -- Symlinking: /home/developer/aerostack2_ws/install/as2_behaviors_payload/share/as2_behaviors_payload/package.xml
[13.847s] -- Installing: /home/developer/aerostack2_ws/install/as2_behaviors_payload/lib/libgripper_behavior_lib.so
[13.848s] -- Set runtime path of "/home/developer/aerostack2_ws/install/as2_behaviors_payload/lib/libgripper_behavior_lib.so" to ""
[13.848s] -- Installing: /home/developer/aerostack2_ws/install/as2_behaviors_payload/lib/libgripper_behavior_plugin_base.so
[13.848s] -- Set runtime path of "/home/developer/aerostack2_ws/install/as2_behaviors_payload/lib/libgripper_behavior_plugin_base.so" to ""
[13.848s] -- Installing: /home/developer/aerostack2_ws/install/as2_behaviors_payload/lib/libtwo_fingers.so
[13.848s] -- Set runtime path of "/home/developer/aerostack2_ws/install/as2_behaviors_payload/lib/libtwo_fingers.so" to ""
[13.849s] -- Installing: /home/developer/aerostack2_ws/install/as2_behaviors_payload/lib/libdc_servo.so
[13.849s] -- Set runtime path of "/home/developer/aerostack2_ws/install/as2_behaviors_payload/lib/libdc_servo.so" to ""
[13.849s] -- Installing: /home/developer/aerostack2_ws/install/as2_behaviors_payload/lib/libpoint_gimbal_behavior.so
[13.850s] -- Set runtime path of "/home/developer/aerostack2_ws/install/as2_behaviors_payload/lib/libpoint_gimbal_behavior.so" to ""
[13.851s] Invoked command in '/home/developer/aerostack2_ws/build/as2_behaviors_payload' returned '0': AMENT_PREFIX_PATH=/home/developer/aerostack2_ws/install/as2_behavior:/home/developer/aerostack2_ws/install/as2_core:/home/developer/aerostack2_ws/install/as2_msgs:${AMENT_PREFIX_PATH} CMAKE_PREFIX_PATH=/home/developer/aerostack2_ws/install/as2_behavior:/home/developer/aerostack2_ws/install/as2_core:/home/developer/aerostack2_ws/install/as2_msgs:/opt/ros/humble LD_LIBRARY_PATH=/home/developer/aerostack2_ws/install/as2_behavior/lib:/home/developer/aerostack2_ws/install/as2_core/lib:/home/developer/aerostack2_ws/install/as2_msgs/lib:${LD_LIBRARY_PATH} PYTHONPATH=/home/developer/aerostack2_ws/install/as2_core/local/lib/python3.10/dist-packages:/home/developer/aerostack2_ws/install/as2_msgs/local/lib/python3.10/dist-packages:${PYTHONPATH} /usr/bin/cmake --install /home/developer/aerostack2_ws/build/as2_behaviors_payload
