-- The C compiler identification is GNU 11.4.0
-- The CXX compiler identification is GNU 11.4.0
-- Detecting C compiler ABI info
-- Detecting C compiler ABI info - done
-- Check for working C compiler: /usr/bin/cc - skipped
-- Detecting C compile features
-- Detecting C compile features - done
-- Detecting CXX compiler ABI info
-- Detecting CXX compiler ABI info - done
-- Check for working CXX compiler: /usr/bin/c++ - skipped
-- Detecting CXX compile features
-- Detecting CXX compile features - done
-- Found ament_cmake: 1.3.14 (/opt/ros/humble/share/ament_cmake/cmake)
-- Found Python3: /usr/bin/python3 (found version "3.10.12") found components: Interpreter 
-- Override CMake install command with custom implementation using symlinks instead of copying resources
-- Found rclcpp: 16.0.19 (/opt/ros/humble/share/rclcpp/cmake)
-- Found rosidl_generator_c: 3.1.8 (/opt/ros/humble/share/rosidl_generator_c/cmake)
-- Found rosidl_adapter: 3.1.8 (/opt/ros/humble/share/rosidl_adapter/cmake)
-- Found rosidl_generator_cpp: 3.1.8 (/opt/ros/humble/share/rosidl_generator_cpp/cmake)
-- Using all available rosidl_typesupport_c: rosidl_typesupport_fastrtps_c;rosidl_typesupport_introspection_c
-- Using all available rosidl_typesupport_cpp: rosidl_typesupport_fastrtps_cpp;rosidl_typesupport_introspection_cpp
-- Found rmw_implementation_cmake: 6.1.2 (/opt/ros/humble/share/rmw_implementation_cmake/cmake)
-- Found rmw_fastrtps_cpp: 6.2.10 (/opt/ros/humble/share/rmw_fastrtps_cpp/cmake)
-- Found OpenSSL: /usr/lib/x86_64-linux-gnu/libcrypto.so (found version "3.0.2")  
-- Found FastRTPS: /opt/ros/humble/include  
-- Using RMW implementation 'rmw_fastrtps_cpp' as default
-- Looking for pthread.h
-- Looking for pthread.h - found
-- Performing Test CMAKE_HAVE_LIBC_PTHREAD
-- Performing Test CMAKE_HAVE_LIBC_PTHREAD - Success
-- Found Threads: TRUE  
-- Found rclcpp_action: 16.0.19 (/opt/ros/humble/share/rclcpp_action/cmake)
-- Found std_srvs: 4.9.1 (/opt/ros/humble/share/std_srvs/cmake)
-- Found as2_core: 1.1.3 (/home/developer/aerostack2_ws/install/as2_core/share/as2_core/cmake)
-- Created yaml-cpp::yaml-cpp alias from yaml-cpp target
-- Created GeographicLib::GeographicLib target from legacy variables
-- Found eigen3_cmake_module: 0.1.1 (/opt/ros/humble/share/eigen3_cmake_module/cmake)
-- Found Eigen3: TRUE (found version "3.4.0") 
-- Ensuring Eigen3 include directory is part of orocos-kdl CMake target
-- Found as2_behavior: 1.1.3 (/home/developer/aerostack2_ws/install/as2_behavior/share/as2_behavior/cmake)
-- Found ament_cmake_gtest: 1.3.14 (/opt/ros/humble/share/ament_cmake_gtest/cmake)
-- Found gtest sources under '/opt/ros/humble/src/gtest_vendor': C++ tests using 'Google Test' will be built
-- Found ament_cmake_gtest: 1.3.14 (/opt/ros/humble/share/ament_cmake_gtest/cmake)
-- Found gtest sources under '/opt/ros/humble/src/gtest_vendor': C++ tests using 'Google Test' will be built
-- Found ament_lint_auto: 0.12.15 (/opt/ros/humble/share/ament_lint_auto/cmake)
-- Added test 'copyright' to check source files copyright and LICENSE
-- Added test 'cppcheck' to perform static code analysis on C / C++ code
-- Configured cppcheck include dirs: 
-- Configured cppcheck exclude dirs and/or files: 
-- Added test 'cpplint' to check C / C++ code against the Google style
-- Configured cpplint exclude dirs and/or files: 
-- Added test 'flake8' to check Python code syntax and style conventions
-- Added test 'lint_cmake' to check CMake code style
-- Added test 'pep257' to check Python code against some of the docstring style conventions in PEP 257
-- Added test 'uncrustify' to check C / C++ code style
-- Configured uncrustify additional arguments: 
-- Added test 'xmllint' to check XML markup files
-- Configuring done
-- Generating done
-- Build files have been written to: /home/developer/aerostack2_ws/build/as2_behaviors_param_estimation
[ 12%] [32mBuilding CXX object mass_estimation_behavior/CMakeFiles/mass_estimation_behavior.dir/src/mass_estimation_behavior.cpp.o[0m
[ 12%] [32mBuilding CXX object force_estimation_behavior/CMakeFiles/force_estimation_behavior_node.dir/src/force_estimation_behavior.cpp.o[0m
[ 12%] [32mBuilding CXX object force_estimation_behavior/CMakeFiles/force_estimation_behavior_node.dir/src/force_estimation.cpp.o[0m
[ 16%] [32mBuilding CXX object gtest/CMakeFiles/gtest_main.dir/src/gtest_main.cc.o[0m
[ 20%] [32mBuilding CXX object force_estimation_behavior/CMakeFiles/force_estimation_behavior_node.dir/src/force_estimation_behavior_node.cpp.o[0m
[ 25%] [32mBuilding CXX object mass_estimation_behavior/CMakeFiles/mass_estimation_behavior.dir/src/param_estimation.cpp.o[0m
[ 29%] [32mBuilding CXX object mass_estimation_behavior/CMakeFiles/mass_estimation_behavior_node.dir/src/param_estimation.cpp.o[0m
[ 33%] [32mBuilding CXX object mass_estimation_behavior/CMakeFiles/mass_estimation_behavior.dir/src/mass_estimation_behavior_node.cpp.o[0m
[ 37%] [32mBuilding CXX object force_estimation_behavior/CMakeFiles/force_estimation_behavior.dir/src/force_estimation.cpp.o[0m
[ 41%] [32mBuilding CXX object force_estimation_behavior/CMakeFiles/force_estimation_behavior.dir/src/force_estimation_behavior.cpp.o[0m
[ 50%] [32mBuilding CXX object mass_estimation_behavior/CMakeFiles/mass_estimation_behavior_node.dir/src/mass_estimation_behavior.cpp.o[0m
[ 50%] [32mBuilding CXX object gtest/CMakeFiles/gtest.dir/src/gtest-all.cc.o[0m
[ 54%] [32mBuilding CXX object mass_estimation_behavior/CMakeFiles/mass_estimation_behavior_node.dir/src/mass_estimation_behavior_node.cpp.o[0m
[ 58%] [32mBuilding CXX object force_estimation_behavior/CMakeFiles/force_estimation_behavior.dir/src/force_estimation_behavior_node.cpp.o[0m
[ 62%] [32m[1mLinking CXX static library libgtest_main.a[0m
[ 62%] Built target gtest_main
[ 66%] [32m[1mLinking CXX static library libgtest.a[0m
[ 66%] Built target gtest
[ 70%] [32m[1mLinking CXX shared library libmass_estimation_behavior.so[0m
[ 70%] Built target mass_estimation_behavior
[ 75%] [32mBuilding CXX object mass_estimation_behavior/tests/CMakeFiles/mass_estimation_behavior_mass_estimation_behavior_gtest.dir/mass_estimation_behavior_gtest.cpp.o[0m
[ 79%] [32m[1mLinking CXX executable force_estimation_behavior_node[0m
[ 79%] Built target force_estimation_behavior_node
[ 83%] [32m[1mLinking CXX executable mass_estimation_behavior_node[0m
[ 83%] Built target mass_estimation_behavior_node
[ 87%] [32m[1mLinking CXX shared library libforce_estimation_behavior.so[0m
[ 87%] Built target force_estimation_behavior
[ 91%] [32mBuilding CXX object force_estimation_behavior/tests/CMakeFiles/force_estimation_behavior_force_estimation_behavior_gtest.dir/force_estimation_behavior_gtest.cpp.o[0m
[ 95%] [32m[1mLinking CXX executable mass_estimation_behavior_mass_estimation_behavior_gtest[0m
[ 95%] Built target mass_estimation_behavior_mass_estimation_behavior_gtest
[100%] [32m[1mLinking CXX executable force_estimation_behavior_force_estimation_behavior_gtest[0m
[100%] Built target force_estimation_behavior_force_estimation_behavior_gtest
-- Install configuration: "Release"
-- Execute custom install script
-- Symlinking: /home/developer/aerostack2_ws/install/as2_behaviors_param_estimation/include/mass_estimation_behavior/mass_estimation_behavior.hpp
-- Symlinking: /home/developer/aerostack2_ws/install/as2_behaviors_param_estimation/include/mass_estimation_behavior/param_estimation.hpp
-- Symlinking: /home/developer/aerostack2_ws/install/as2_behaviors_param_estimation/share/as2_behaviors_param_estimation/mass_estimation_behavior/config/config_default.yaml
-- Symlinking: /home/developer/aerostack2_ws/install/as2_behaviors_param_estimation/share/as2_behaviors_param_estimation/mass_estimation_behavior/launch/mass_estimation_behavior_auto_launch.py
-- Symlinking: /home/developer/aerostack2_ws/install/as2_behaviors_param_estimation/share/as2_behaviors_param_estimation/mass_estimation_behavior/launch/mass_estimation_behavior_launch.py
-- Symlinking: /home/developer/aerostack2_ws/install/as2_behaviors_param_estimation/lib/as2_behaviors_param_estimation/mass_estimation_behavior_node
-- Symlinking: /home/developer/aerostack2_ws/install/as2_behaviors_param_estimation/share/as2_behaviors_param_estimation/environment/library_path.sh
-- Symlinking: /home/developer/aerostack2_ws/install/as2_behaviors_param_estimation/share/as2_behaviors_param_estimation/environment/library_path.dsv
-- Symlinking: /home/developer/aerostack2_ws/install/as2_behaviors_param_estimation/include/force_estimation_behavior/force_estimation.hpp
-- Symlinking: /home/developer/aerostack2_ws/install/as2_behaviors_param_estimation/include/force_estimation_behavior/force_estimation_behavior.hpp
-- Symlinking: /home/developer/aerostack2_ws/install/as2_behaviors_param_estimation/share/as2_behaviors_param_estimation/force_estimation_behavior/config/config_default.yaml
-- Symlinking: /home/developer/aerostack2_ws/install/as2_behaviors_param_estimation/share/as2_behaviors_param_estimation/force_estimation_behavior/launch/force_estimation_behavior_auto_launch.py
-- Symlinking: /home/developer/aerostack2_ws/install/as2_behaviors_param_estimation/share/as2_behaviors_param_estimation/force_estimation_behavior/launch/force_estimation_behavior_launch.py
-- Symlinking: /home/developer/aerostack2_ws/install/as2_behaviors_param_estimation/lib/as2_behaviors_param_estimation/force_estimation_behavior_node
-- Up-to-date symlink: /home/developer/aerostack2_ws/install/as2_behaviors_param_estimation/share/as2_behaviors_param_estimation/environment/library_path.sh
-- Up-to-date symlink: /home/developer/aerostack2_ws/install/as2_behaviors_param_estimation/share/as2_behaviors_param_estimation/environment/library_path.dsv
-- Symlinking: /home/developer/aerostack2_ws/install/as2_behaviors_param_estimation/share/ament_index/resource_index/package_run_dependencies/as2_behaviors_param_estimation
-- Symlinking: /home/developer/aerostack2_ws/install/as2_behaviors_param_estimation/share/ament_index/resource_index/parent_prefix_path/as2_behaviors_param_estimation
-- Symlinking: /home/developer/aerostack2_ws/install/as2_behaviors_param_estimation/share/as2_behaviors_param_estimation/environment/ament_prefix_path.sh
-- Symlinking: /home/developer/aerostack2_ws/install/as2_behaviors_param_estimation/share/as2_behaviors_param_estimation/environment/ament_prefix_path.dsv
-- Symlinking: /home/developer/aerostack2_ws/install/as2_behaviors_param_estimation/share/as2_behaviors_param_estimation/environment/path.sh
-- Symlinking: /home/developer/aerostack2_ws/install/as2_behaviors_param_estimation/share/as2_behaviors_param_estimation/environment/path.dsv
-- Symlinking: /home/developer/aerostack2_ws/install/as2_behaviors_param_estimation/share/as2_behaviors_param_estimation/local_setup.bash
-- Symlinking: /home/developer/aerostack2_ws/install/as2_behaviors_param_estimation/share/as2_behaviors_param_estimation/local_setup.sh
-- Symlinking: /home/developer/aerostack2_ws/install/as2_behaviors_param_estimation/share/as2_behaviors_param_estimation/local_setup.zsh
-- Symlinking: /home/developer/aerostack2_ws/install/as2_behaviors_param_estimation/share/as2_behaviors_param_estimation/local_setup.dsv
-- Symlinking: /home/developer/aerostack2_ws/install/as2_behaviors_param_estimation/share/as2_behaviors_param_estimation/package.dsv
-- Symlinking: /home/developer/aerostack2_ws/install/as2_behaviors_param_estimation/share/ament_index/resource_index/packages/as2_behaviors_param_estimation
-- Symlinking: /home/developer/aerostack2_ws/install/as2_behaviors_param_estimation/share/as2_behaviors_param_estimation/cmake/ament_cmake_export_dependencies-extras.cmake
-- Symlinking: /home/developer/aerostack2_ws/install/as2_behaviors_param_estimation/share/as2_behaviors_param_estimation/cmake/as2_behaviors_param_estimationConfig.cmake
-- Symlinking: /home/developer/aerostack2_ws/install/as2_behaviors_param_estimation/share/as2_behaviors_param_estimation/cmake/as2_behaviors_param_estimationConfig-version.cmake
-- Symlinking: /home/developer/aerostack2_ws/install/as2_behaviors_param_estimation/share/as2_behaviors_param_estimation/package.xml
-- Installing: /home/developer/aerostack2_ws/install/as2_behaviors_param_estimation/lib/libmass_estimation_behavior.so
-- Set runtime path of "/home/developer/aerostack2_ws/install/as2_behaviors_param_estimation/lib/libmass_estimation_behavior.so" to ""
-- Installing: /home/developer/aerostack2_ws/install/as2_behaviors_param_estimation/lib/libforce_estimation_behavior.so
-- Set runtime path of "/home/developer/aerostack2_ws/install/as2_behaviors_param_estimation/lib/libforce_estimation_behavior.so" to ""
