[0.012s] Invoking command in '/home/developer/aerostack2_ws/build/as2_behaviors_param_estimation': AMENT_PREFIX_PATH=/home/developer/aerostack2_ws/install/as2_behavior:/home/developer/aerostack2_ws/install/as2_core:/home/developer/aerostack2_ws/install/as2_msgs:${AMENT_PREFIX_PATH} CMAKE_PREFIX_PATH=/home/developer/aerostack2_ws/install/as2_behavior:/home/developer/aerostack2_ws/install/as2_core:/home/developer/aerostack2_ws/install/as2_msgs:/opt/ros/humble LD_LIBRARY_PATH=/home/developer/aerostack2_ws/install/as2_behavior/lib:/home/developer/aerostack2_ws/install/as2_core/lib:/home/developer/aerostack2_ws/install/as2_msgs/lib:${LD_LIBRARY_PATH} PYTHONPATH=/home/developer/aerostack2_ws/install/as2_core/local/lib/python3.10/dist-packages:/home/developer/aerostack2_ws/install/as2_msgs/local/lib/python3.10/dist-packages:${PYTHONPATH} /usr/bin/cmake /home/developer/aerostack2_ws/src/aerostack2-tcc_lucca/as2_behaviors/as2_behaviors_param_estimation -DAMENT_CMAKE_SYMLINK_INSTALL=1 -DCMAKE_INSTALL_PREFIX=/home/developer/aerostack2_ws/install/as2_behaviors_param_estimation
[0.055s] -- The C compiler identification is GNU 11.4.0
[0.098s] -- The CXX compiler identification is GNU 11.4.0
[0.103s] -- Detecting C compiler ABI info
[0.155s] -- Detecting C compiler ABI info - done
[0.159s] -- Check for working C compiler: /usr/bin/cc - skipped
[0.159s] -- Detecting C compile features
[0.159s] -- Detecting C compile features - done
[0.161s] -- Detecting CXX compiler ABI info
[0.226s] -- Detecting CXX compiler ABI info - done
[0.233s] -- Check for working CXX compiler: /usr/bin/c++ - skipped
[0.233s] -- Detecting CXX compile features
[0.233s] -- Detecting CXX compile features - done
[0.235s] -- Found ament_cmake: 1.3.14 (/opt/ros/humble/share/ament_cmake/cmake)
[0.332s] -- Found Python3: /usr/bin/python3 (found version "3.10.12") found components: Interpreter 
[0.372s] -- Override CMake install command with custom implementation using symlinks instead of copying resources
[0.393s] -- Found rclcpp: 16.0.19 (/opt/ros/humble/share/rclcpp/cmake)
[0.420s] -- Found rosidl_generator_c: 3.1.8 (/opt/ros/humble/share/rosidl_generator_c/cmake)
[0.423s] -- Found rosidl_adapter: 3.1.8 (/opt/ros/humble/share/rosidl_adapter/cmake)
[0.428s] -- Found rosidl_generator_cpp: 3.1.8 (/opt/ros/humble/share/rosidl_generator_cpp/cmake)
[0.435s] -- Using all available rosidl_typesupport_c: rosidl_typesupport_fastrtps_c;rosidl_typesupport_introspection_c
[0.445s] -- Using all available rosidl_typesupport_cpp: rosidl_typesupport_fastrtps_cpp;rosidl_typesupport_introspection_cpp
[0.472s] -- Found rmw_implementation_cmake: 6.1.2 (/opt/ros/humble/share/rmw_implementation_cmake/cmake)
[0.473s] -- Found rmw_fastrtps_cpp: 6.2.10 (/opt/ros/humble/share/rmw_fastrtps_cpp/cmake)
[0.534s] -- Found OpenSSL: /usr/lib/x86_64-linux-gnu/libcrypto.so (found version "3.0.2")  
[0.555s] -- Found FastRTPS: /opt/ros/humble/include  
[0.593s] -- Using RMW implementation 'rmw_fastrtps_cpp' as default
[0.599s] -- Looking for pthread.h
[0.652s] -- Looking for pthread.h - found
[0.653s] -- Performing Test CMAKE_HAVE_LIBC_PTHREAD
[0.706s] -- Performing Test CMAKE_HAVE_LIBC_PTHREAD - Success
[0.706s] -- Found Threads: TRUE  
[0.736s] -- Found rclcpp_action: 16.0.19 (/opt/ros/humble/share/rclcpp_action/cmake)
[0.757s] -- Found std_srvs: 4.9.1 (/opt/ros/humble/share/std_srvs/cmake)
[0.762s] -- Found as2_core: 1.1.3 (/home/developer/aerostack2_ws/install/as2_core/share/as2_core/cmake)
[0.763s] -- Created yaml-cpp::yaml-cpp alias from yaml-cpp target
[0.764s] -- Created GeographicLib::GeographicLib target from legacy variables
[0.835s] -- Found eigen3_cmake_module: 0.1.1 (/opt/ros/humble/share/eigen3_cmake_module/cmake)
[0.835s] -- Found Eigen3: TRUE (found version "3.4.0") 
[0.835s] -- Ensuring Eigen3 include directory is part of orocos-kdl CMake target
[0.916s] -- Found as2_behavior: 1.1.3 (/home/developer/aerostack2_ws/install/as2_behavior/share/as2_behavior/cmake)
[0.933s] -- Found ament_cmake_gtest: 1.3.14 (/opt/ros/humble/share/ament_cmake_gtest/cmake)
[0.934s] -- Found gtest sources under '/opt/ros/humble/src/gtest_vendor': C++ tests using 'Google Test' will be built
[0.946s] -- Found ament_cmake_gtest: 1.3.14 (/opt/ros/humble/share/ament_cmake_gtest/cmake)
[0.946s] -- Found gtest sources under '/opt/ros/humble/src/gtest_vendor': C++ tests using 'Google Test' will be built
[0.950s] -- Found ament_lint_auto: 0.12.15 (/opt/ros/humble/share/ament_lint_auto/cmake)
[1.005s] -- Added test 'copyright' to check source files copyright and LICENSE
[1.008s] -- Added test 'cppcheck' to perform static code analysis on C / C++ code
[1.008s] -- Configured cppcheck include dirs: 
[1.008s] -- Configured cppcheck exclude dirs and/or files: 
[1.010s] -- Added test 'cpplint' to check C / C++ code against the Google style
[1.010s] -- Configured cpplint exclude dirs and/or files: 
[1.010s] -- Added test 'flake8' to check Python code syntax and style conventions
[1.011s] -- Added test 'lint_cmake' to check CMake code style
[1.011s] -- Added test 'pep257' to check Python code against some of the docstring style conventions in PEP 257
[1.013s] -- Added test 'uncrustify' to check C / C++ code style
[1.013s] -- Configured uncrustify additional arguments: 
[1.013s] -- Added test 'xmllint' to check XML markup files
[1.014s] -- Configuring done
[1.047s] -- Generating done
[1.059s] -- Build files have been written to: /home/developer/aerostack2_ws/build/as2_behaviors_param_estimation
[1.069s] Invoked command in '/home/developer/aerostack2_ws/build/as2_behaviors_param_estimation' returned '0': AMENT_PREFIX_PATH=/home/developer/aerostack2_ws/install/as2_behavior:/home/developer/aerostack2_ws/install/as2_core:/home/developer/aerostack2_ws/install/as2_msgs:${AMENT_PREFIX_PATH} CMAKE_PREFIX_PATH=/home/developer/aerostack2_ws/install/as2_behavior:/home/developer/aerostack2_ws/install/as2_core:/home/developer/aerostack2_ws/install/as2_msgs:/opt/ros/humble LD_LIBRARY_PATH=/home/developer/aerostack2_ws/install/as2_behavior/lib:/home/developer/aerostack2_ws/install/as2_core/lib:/home/developer/aerostack2_ws/install/as2_msgs/lib:${LD_LIBRARY_PATH} PYTHONPATH=/home/developer/aerostack2_ws/install/as2_core/local/lib/python3.10/dist-packages:/home/developer/aerostack2_ws/install/as2_msgs/local/lib/python3.10/dist-packages:${PYTHONPATH} /usr/bin/cmake /home/developer/aerostack2_ws/src/aerostack2-tcc_lucca/as2_behaviors/as2_behaviors_param_estimation -DAMENT_CMAKE_SYMLINK_INSTALL=1 -DCMAKE_INSTALL_PREFIX=/home/developer/aerostack2_ws/install/as2_behaviors_param_estimation
[1.070s] Invoking command in '/home/developer/aerostack2_ws/build/as2_behaviors_param_estimation': AMENT_PREFIX_PATH=/home/developer/aerostack2_ws/install/as2_behavior:/home/developer/aerostack2_ws/install/as2_core:/home/developer/aerostack2_ws/install/as2_msgs:${AMENT_PREFIX_PATH} CMAKE_PREFIX_PATH=/home/developer/aerostack2_ws/install/as2_behavior:/home/developer/aerostack2_ws/install/as2_core:/home/developer/aerostack2_ws/install/as2_msgs:/opt/ros/humble LD_LIBRARY_PATH=/home/developer/aerostack2_ws/install/as2_behavior/lib:/home/developer/aerostack2_ws/install/as2_core/lib:/home/developer/aerostack2_ws/install/as2_msgs/lib:${LD_LIBRARY_PATH} PYTHONPATH=/home/developer/aerostack2_ws/install/as2_core/local/lib/python3.10/dist-packages:/home/developer/aerostack2_ws/install/as2_msgs/local/lib/python3.10/dist-packages:${PYTHONPATH} /usr/bin/cmake --build /home/developer/aerostack2_ws/build/as2_behaviors_param_estimation -- -j20 -l20
[1.114s] [ 12%] [32mBuilding CXX object mass_estimation_behavior/CMakeFiles/mass_estimation_behavior.dir/src/mass_estimation_behavior.cpp.o[0m
[1.114s] [ 12%] [32mBuilding CXX object force_estimation_behavior/CMakeFiles/force_estimation_behavior_node.dir/src/force_estimation_behavior.cpp.o[0m
[1.114s] [ 12%] [32mBuilding CXX object force_estimation_behavior/CMakeFiles/force_estimation_behavior_node.dir/src/force_estimation.cpp.o[0m
[1.114s] [ 16%] [32mBuilding CXX object gtest/CMakeFiles/gtest_main.dir/src/gtest_main.cc.o[0m
[1.114s] [ 20%] [32mBuilding CXX object force_estimation_behavior/CMakeFiles/force_estimation_behavior_node.dir/src/force_estimation_behavior_node.cpp.o[0m
[1.114s] [ 25%] [32mBuilding CXX object mass_estimation_behavior/CMakeFiles/mass_estimation_behavior.dir/src/param_estimation.cpp.o[0m
[1.116s] [ 29%] [32mBuilding CXX object mass_estimation_behavior/CMakeFiles/mass_estimation_behavior_node.dir/src/param_estimation.cpp.o[0m
[1.116s] [ 33%] [32mBuilding CXX object mass_estimation_behavior/CMakeFiles/mass_estimation_behavior.dir/src/mass_estimation_behavior_node.cpp.o[0m
[1.117s] [ 37%] [32mBuilding CXX object force_estimation_behavior/CMakeFiles/force_estimation_behavior.dir/src/force_estimation.cpp.o[0m
[1.117s] [ 41%] [32mBuilding CXX object force_estimation_behavior/CMakeFiles/force_estimation_behavior.dir/src/force_estimation_behavior.cpp.o[0m
[1.117s] [ 50%] [32mBuilding CXX object mass_estimation_behavior/CMakeFiles/mass_estimation_behavior_node.dir/src/mass_estimation_behavior.cpp.o[0m
[1.117s] [ 50%] [32mBuilding CXX object gtest/CMakeFiles/gtest.dir/src/gtest-all.cc.o[0m
[1.118s] [ 54%] [32mBuilding CXX object mass_estimation_behavior/CMakeFiles/mass_estimation_behavior_node.dir/src/mass_estimation_behavior_node.cpp.o[0m
[1.119s] [ 58%] [32mBuilding CXX object force_estimation_behavior/CMakeFiles/force_estimation_behavior.dir/src/force_estimation_behavior_node.cpp.o[0m
[1.847s] [ 62%] [32m[1mLinking CXX static library libgtest_main.a[0m
[1.877s] [ 62%] Built target gtest_main
[7.058s] [ 66%] [32m[1mLinking CXX static library libgtest.a[0m
[7.090s] [ 66%] Built target gtest
[14.132s] [ 70%] [32m[1mLinking CXX shared library libmass_estimation_behavior.so[0m
[14.306s] [ 70%] Built target mass_estimation_behavior
[14.327s] [ 75%] [32mBuilding CXX object mass_estimation_behavior/tests/CMakeFiles/mass_estimation_behavior_mass_estimation_behavior_gtest.dir/mass_estimation_behavior_gtest.cpp.o[0m
[14.356s] [ 79%] [32m[1mLinking CXX executable force_estimation_behavior_node[0m
[14.537s] [ 79%] Built target force_estimation_behavior_node
[14.909s] [ 83%] [32m[1mLinking CXX executable mass_estimation_behavior_node[0m
[15.085s] [ 83%] Built target mass_estimation_behavior_node
[15.290s] [ 87%] [32m[1mLinking CXX shared library libforce_estimation_behavior.so[0m
[15.446s] [ 87%] Built target force_estimation_behavior
[15.463s] [ 91%] [32mBuilding CXX object force_estimation_behavior/tests/CMakeFiles/force_estimation_behavior_force_estimation_behavior_gtest.dir/force_estimation_behavior_gtest.cpp.o[0m
[16.949s] [ 95%] [32m[1mLinking CXX executable mass_estimation_behavior_mass_estimation_behavior_gtest[0m
[17.076s] [ 95%] Built target mass_estimation_behavior_mass_estimation_behavior_gtest
[18.037s] [100%] [32m[1mLinking CXX executable force_estimation_behavior_force_estimation_behavior_gtest[0m
[18.158s] [100%] Built target force_estimation_behavior_force_estimation_behavior_gtest
[18.169s] Invoked command in '/home/developer/aerostack2_ws/build/as2_behaviors_param_estimation' returned '0': AMENT_PREFIX_PATH=/home/developer/aerostack2_ws/install/as2_behavior:/home/developer/aerostack2_ws/install/as2_core:/home/developer/aerostack2_ws/install/as2_msgs:${AMENT_PREFIX_PATH} CMAKE_PREFIX_PATH=/home/developer/aerostack2_ws/install/as2_behavior:/home/developer/aerostack2_ws/install/as2_core:/home/developer/aerostack2_ws/install/as2_msgs:/opt/ros/humble LD_LIBRARY_PATH=/home/developer/aerostack2_ws/install/as2_behavior/lib:/home/developer/aerostack2_ws/install/as2_core/lib:/home/developer/aerostack2_ws/install/as2_msgs/lib:${LD_LIBRARY_PATH} PYTHONPATH=/home/developer/aerostack2_ws/install/as2_core/local/lib/python3.10/dist-packages:/home/developer/aerostack2_ws/install/as2_msgs/local/lib/python3.10/dist-packages:${PYTHONPATH} /usr/bin/cmake --build /home/developer/aerostack2_ws/build/as2_behaviors_param_estimation -- -j20 -l20
[18.170s] Invoking command in '/home/developer/aerostack2_ws/build/as2_behaviors_param_estimation': AMENT_PREFIX_PATH=/home/developer/aerostack2_ws/install/as2_behavior:/home/developer/aerostack2_ws/install/as2_core:/home/developer/aerostack2_ws/install/as2_msgs:${AMENT_PREFIX_PATH} CMAKE_PREFIX_PATH=/home/developer/aerostack2_ws/install/as2_behavior:/home/developer/aerostack2_ws/install/as2_core:/home/developer/aerostack2_ws/install/as2_msgs:/opt/ros/humble LD_LIBRARY_PATH=/home/developer/aerostack2_ws/install/as2_behavior/lib:/home/developer/aerostack2_ws/install/as2_core/lib:/home/developer/aerostack2_ws/install/as2_msgs/lib:${LD_LIBRARY_PATH} PYTHONPATH=/home/developer/aerostack2_ws/install/as2_core/local/lib/python3.10/dist-packages:/home/developer/aerostack2_ws/install/as2_msgs/local/lib/python3.10/dist-packages:${PYTHONPATH} /usr/bin/cmake --install /home/developer/aerostack2_ws/build/as2_behaviors_param_estimation
[18.175s] -- Install configuration: "Release"
[18.175s] -- Execute custom install script
[18.176s] -- Symlinking: /home/developer/aerostack2_ws/install/as2_behaviors_param_estimation/include/mass_estimation_behavior/mass_estimation_behavior.hpp
[18.183s] -- Symlinking: /home/developer/aerostack2_ws/install/as2_behaviors_param_estimation/include/mass_estimation_behavior/param_estimation.hpp
[18.189s] -- Symlinking: /home/developer/aerostack2_ws/install/as2_behaviors_param_estimation/share/as2_behaviors_param_estimation/mass_estimation_behavior/config/config_default.yaml
[18.195s] -- Symlinking: /home/developer/aerostack2_ws/install/as2_behaviors_param_estimation/share/as2_behaviors_param_estimation/mass_estimation_behavior/launch/mass_estimation_behavior_auto_launch.py
[18.202s] -- Symlinking: /home/developer/aerostack2_ws/install/as2_behaviors_param_estimation/share/as2_behaviors_param_estimation/mass_estimation_behavior/launch/mass_estimation_behavior_launch.py
[18.208s] -- Symlinking: /home/developer/aerostack2_ws/install/as2_behaviors_param_estimation/lib/as2_behaviors_param_estimation/mass_estimation_behavior_node
[18.214s] -- Symlinking: /home/developer/aerostack2_ws/install/as2_behaviors_param_estimation/share/as2_behaviors_param_estimation/environment/library_path.sh
[18.222s] -- Symlinking: /home/developer/aerostack2_ws/install/as2_behaviors_param_estimation/share/as2_behaviors_param_estimation/environment/library_path.dsv
[18.229s] -- Symlinking: /home/developer/aerostack2_ws/install/as2_behaviors_param_estimation/include/force_estimation_behavior/force_estimation.hpp
[18.234s] -- Symlinking: /home/developer/aerostack2_ws/install/as2_behaviors_param_estimation/include/force_estimation_behavior/force_estimation_behavior.hpp
[18.242s] -- Symlinking: /home/developer/aerostack2_ws/install/as2_behaviors_param_estimation/share/as2_behaviors_param_estimation/force_estimation_behavior/config/config_default.yaml
[18.247s] -- Symlinking: /home/developer/aerostack2_ws/install/as2_behaviors_param_estimation/share/as2_behaviors_param_estimation/force_estimation_behavior/launch/force_estimation_behavior_auto_launch.py
[18.254s] -- Symlinking: /home/developer/aerostack2_ws/install/as2_behaviors_param_estimation/share/as2_behaviors_param_estimation/force_estimation_behavior/launch/force_estimation_behavior_launch.py
[18.261s] -- Symlinking: /home/developer/aerostack2_ws/install/as2_behaviors_param_estimation/lib/as2_behaviors_param_estimation/force_estimation_behavior_node
[18.266s] -- Up-to-date symlink: /home/developer/aerostack2_ws/install/as2_behaviors_param_estimation/share/as2_behaviors_param_estimation/environment/library_path.sh
[18.266s] -- Up-to-date symlink: /home/developer/aerostack2_ws/install/as2_behaviors_param_estimation/share/as2_behaviors_param_estimation/environment/library_path.dsv
[18.266s] -- Symlinking: /home/developer/aerostack2_ws/install/as2_behaviors_param_estimation/share/ament_index/resource_index/package_run_dependencies/as2_behaviors_param_estimation
[18.274s] -- Symlinking: /home/developer/aerostack2_ws/install/as2_behaviors_param_estimation/share/ament_index/resource_index/parent_prefix_path/as2_behaviors_param_estimation
[18.281s] -- Symlinking: /home/developer/aerostack2_ws/install/as2_behaviors_param_estimation/share/as2_behaviors_param_estimation/environment/ament_prefix_path.sh
[18.289s] -- Symlinking: /home/developer/aerostack2_ws/install/as2_behaviors_param_estimation/share/as2_behaviors_param_estimation/environment/ament_prefix_path.dsv
[18.294s] -- Symlinking: /home/developer/aerostack2_ws/install/as2_behaviors_param_estimation/share/as2_behaviors_param_estimation/environment/path.sh
[18.301s] -- Symlinking: /home/developer/aerostack2_ws/install/as2_behaviors_param_estimation/share/as2_behaviors_param_estimation/environment/path.dsv
[18.308s] -- Symlinking: /home/developer/aerostack2_ws/install/as2_behaviors_param_estimation/share/as2_behaviors_param_estimation/local_setup.bash
[18.313s] -- Symlinking: /home/developer/aerostack2_ws/install/as2_behaviors_param_estimation/share/as2_behaviors_param_estimation/local_setup.sh
[18.320s] -- Symlinking: /home/developer/aerostack2_ws/install/as2_behaviors_param_estimation/share/as2_behaviors_param_estimation/local_setup.zsh
[18.327s] -- Symlinking: /home/developer/aerostack2_ws/install/as2_behaviors_param_estimation/share/as2_behaviors_param_estimation/local_setup.dsv
[18.334s] -- Symlinking: /home/developer/aerostack2_ws/install/as2_behaviors_param_estimation/share/as2_behaviors_param_estimation/package.dsv
[18.341s] -- Symlinking: /home/developer/aerostack2_ws/install/as2_behaviors_param_estimation/share/ament_index/resource_index/packages/as2_behaviors_param_estimation
[18.348s] -- Symlinking: /home/developer/aerostack2_ws/install/as2_behaviors_param_estimation/share/as2_behaviors_param_estimation/cmake/ament_cmake_export_dependencies-extras.cmake
[18.355s] -- Symlinking: /home/developer/aerostack2_ws/install/as2_behaviors_param_estimation/share/as2_behaviors_param_estimation/cmake/as2_behaviors_param_estimationConfig.cmake
[18.363s] -- Symlinking: /home/developer/aerostack2_ws/install/as2_behaviors_param_estimation/share/as2_behaviors_param_estimation/cmake/as2_behaviors_param_estimationConfig-version.cmake
[18.370s] -- Symlinking: /home/developer/aerostack2_ws/install/as2_behaviors_param_estimation/share/as2_behaviors_param_estimation/package.xml
[18.376s] -- Installing: /home/developer/aerostack2_ws/install/as2_behaviors_param_estimation/lib/libmass_estimation_behavior.so
[18.377s] -- Set runtime path of "/home/developer/aerostack2_ws/install/as2_behaviors_param_estimation/lib/libmass_estimation_behavior.so" to ""
[18.377s] -- Installing: /home/developer/aerostack2_ws/install/as2_behaviors_param_estimation/lib/libforce_estimation_behavior.so
[18.378s] -- Set runtime path of "/home/developer/aerostack2_ws/install/as2_behaviors_param_estimation/lib/libforce_estimation_behavior.so" to ""
[18.380s] Invoked command in '/home/developer/aerostack2_ws/build/as2_behaviors_param_estimation' returned '0': AMENT_PREFIX_PATH=/home/developer/aerostack2_ws/install/as2_behavior:/home/developer/aerostack2_ws/install/as2_core:/home/developer/aerostack2_ws/install/as2_msgs:${AMENT_PREFIX_PATH} CMAKE_PREFIX_PATH=/home/developer/aerostack2_ws/install/as2_behavior:/home/developer/aerostack2_ws/install/as2_core:/home/developer/aerostack2_ws/install/as2_msgs:/opt/ros/humble LD_LIBRARY_PATH=/home/developer/aerostack2_ws/install/as2_behavior/lib:/home/developer/aerostack2_ws/install/as2_core/lib:/home/developer/aerostack2_ws/install/as2_msgs/lib:${LD_LIBRARY_PATH} PYTHONPATH=/home/developer/aerostack2_ws/install/as2_core/local/lib/python3.10/dist-packages:/home/developer/aerostack2_ws/install/as2_msgs/local/lib/python3.10/dist-packages:${PYTHONPATH} /usr/bin/cmake --install /home/developer/aerostack2_ws/build/as2_behaviors_param_estimation
