[0.009s] Invoking command in '/home/developer/aerostack2_ws/build/as2_platform_multirotor_simulator': AMENT_PREFIX_PATH=/home/developer/aerostack2_ws/install/as2_core:/home/developer/aerostack2_ws/install/as2_msgs:${AMENT_PREFIX_PATH} CMAKE_PREFIX_PATH=/home/developer/aerostack2_ws/install/as2_core:/home/developer/aerostack2_ws/install/as2_msgs:/opt/ros/humble LD_LIBRARY_PATH=/home/developer/aerostack2_ws/install/as2_core/lib:/home/developer/aerostack2_ws/install/as2_msgs/lib:${LD_LIBRARY_PATH} PYTHONPATH=/home/developer/aerostack2_ws/install/as2_core/local/lib/python3.10/dist-packages:/home/developer/aerostack2_ws/install/as2_msgs/local/lib/python3.10/dist-packages:${PYTHONPATH} /usr/bin/cmake --build /home/developer/aerostack2_ws/build/as2_platform_multirotor_simulator -- -j20 -l20
[0.044s] [35m[1mConsolidate compiler generated dependencies of target gtest[0m
[0.048s] [  2%] Built target pid_controller
[0.054s] [  6%] Built target gtest_main
[0.055s] [ 10%] Built target gtest
[0.056s] [35m[1mConsolidate compiler generated dependencies of target pid_controller_pid_gtest[0m
[0.057s] [35m[1mConsolidate compiler generated dependencies of target multirotor_simulator_imu_gtest[0m
[0.057s] [35m[1mConsolidate compiler generated dependencies of target multirotor_simulator_indi_controller_gtest[0m
[0.057s] [35m[1mConsolidate compiler generated dependencies of target multirotor_simulator_dynamics_gtest[0m
[0.057s] [35m[1mConsolidate compiler generated dependencies of target multirotor_simulator_acro_controller_gtest[0m
[0.059s] [35m[1mConsolidate compiler generated dependencies of target multirotor_simulator_position_controller_gtest[0m
[0.059s] [35m[1mConsolidate compiler generated dependencies of target multirotor_simulator_state_gtest[0m
[0.059s] [35m[1mConsolidate compiler generated dependencies of target multirotor_simulator_trajectory_controller_gtest[0m
[0.060s] [35m[1mConsolidate compiler generated dependencies of target multirotor_simulator_multirotor_controllers_gtest[0m
[0.060s] [35m[1mConsolidate compiler generated dependencies of target pid_controller_pid_1d_gtest[0m
[0.060s] [35m[1mConsolidate compiler generated dependencies of target pid_controller_saturate_output_gtest[0m
[0.060s] [35m[1mConsolidate compiler generated dependencies of target multirotor_simulator_velocity_controller_gtest[0m
[0.060s] [35m[1mConsolidate compiler generated dependencies of target multirotor_simulator_utils_gtest[0m
[0.060s] [35m[1mConsolidate compiler generated dependencies of target as2_platform_multirotor_simulator_node[0m
[0.060s] [35m[1mConsolidate compiler generated dependencies of target as2_platform_multirotor_simulator[0m
[0.060s] [35m[1mConsolidate compiler generated dependencies of target multirotor_simulator_inertial_odometry_gtest[0m
[0.061s] [35m[1mConsolidate compiler generated dependencies of target multirotor_simulator_model_gtest[0m
[0.061s] [35m[1mConsolidate compiler generated dependencies of target multirotor_simulator_multirotor_simulator_fly_gtest[0m
[0.064s] [35m[1mConsolidate compiler generated dependencies of target multirotor_simulator_multirotor_simulator_gtest[0m
[0.070s] [ 22%] Built target multirotor_simulator_dynamics_gtest
[0.071s] [ 24%] Built target multirotor_simulator_state_gtest
[0.071s] [ 22%] Built target pid_controller_pid_gtest
[0.071s] [ 26%] Built target multirotor_simulator_trajectory_controller_gtest
[0.071s] [ 30%] Built target multirotor_simulator_multirotor_controllers_gtest
[0.071s] [ 34%] Built target pid_controller_pid_1d_gtest
[0.071s] [ 38%] Built target multirotor_simulator_indi_controller_gtest
[0.071s] [ 42%] Built target multirotor_simulator_acro_controller_gtest
[0.072s] [ 50%] Built target pid_controller_saturate_output_gtest
[0.072s] [ 50%] Built target multirotor_simulator_velocity_controller_gtest
[0.072s] [ 54%] Built target multirotor_simulator_position_controller_gtest
[0.072s] [ 58%] Built target multirotor_simulator_imu_gtest
[0.073s] [ 62%] Built target multirotor_simulator_model_gtest
[0.073s] [ 66%] Built target multirotor_simulator_inertial_odometry_gtest
[0.074s] [ 70%] Built target multirotor_simulator_utils_gtest
[0.074s] [ 74%] Built target multirotor_simulator_multirotor_simulator_fly_gtest
[0.076s] [ 78%] Built target multirotor_simulator_multirotor_simulator_gtest
[0.082s] [ 84%] Built target as2_platform_multirotor_simulator
[0.086s] [ 92%] Built target as2_platform_multirotor_simulator_node
[0.093s] [35m[1mConsolidate compiler generated dependencies of target as2_platform_multirotor_simulator_as2_platform_multirotor_simulator_gtest[0m
[0.093s] [35m[1mConsolidate compiler generated dependencies of target as2_platform_multirotor_simulator_as2_platform_multirotor_simulator_fly_gtest[0m
[0.112s] [ 96%] Built target as2_platform_multirotor_simulator_as2_platform_multirotor_simulator_gtest
[0.113s] [100%] Built target as2_platform_multirotor_simulator_as2_platform_multirotor_simulator_fly_gtest
[0.123s] Invoked command in '/home/developer/aerostack2_ws/build/as2_platform_multirotor_simulator' returned '0': AMENT_PREFIX_PATH=/home/developer/aerostack2_ws/install/as2_core:/home/developer/aerostack2_ws/install/as2_msgs:${AMENT_PREFIX_PATH} CMAKE_PREFIX_PATH=/home/developer/aerostack2_ws/install/as2_core:/home/developer/aerostack2_ws/install/as2_msgs:/opt/ros/humble LD_LIBRARY_PATH=/home/developer/aerostack2_ws/install/as2_core/lib:/home/developer/aerostack2_ws/install/as2_msgs/lib:${LD_LIBRARY_PATH} PYTHONPATH=/home/developer/aerostack2_ws/install/as2_core/local/lib/python3.10/dist-packages:/home/developer/aerostack2_ws/install/as2_msgs/local/lib/python3.10/dist-packages:${PYTHONPATH} /usr/bin/cmake --build /home/developer/aerostack2_ws/build/as2_platform_multirotor_simulator -- -j20 -l20
[0.124s] Invoking command in '/home/developer/aerostack2_ws/build/as2_platform_multirotor_simulator': AMENT_PREFIX_PATH=/home/developer/aerostack2_ws/install/as2_core:/home/developer/aerostack2_ws/install/as2_msgs:${AMENT_PREFIX_PATH} CMAKE_PREFIX_PATH=/home/developer/aerostack2_ws/install/as2_core:/home/developer/aerostack2_ws/install/as2_msgs:/opt/ros/humble LD_LIBRARY_PATH=/home/developer/aerostack2_ws/install/as2_core/lib:/home/developer/aerostack2_ws/install/as2_msgs/lib:${LD_LIBRARY_PATH} PYTHONPATH=/home/developer/aerostack2_ws/install/as2_core/local/lib/python3.10/dist-packages:/home/developer/aerostack2_ws/install/as2_msgs/local/lib/python3.10/dist-packages:${PYTHONPATH} /usr/bin/cmake --install /home/developer/aerostack2_ws/build/as2_platform_multirotor_simulator
[0.131s] -- Install configuration: "Release"
[0.131s] -- Execute custom install script
[0.131s] -- Up-to-date symlink: /home/developer/aerostack2_ws/install/as2_platform_multirotor_simulator/include/as2_platform_multirotor_simulator/as2_interface.hpp
[0.131s] -- Up-to-date symlink: /home/developer/aerostack2_ws/install/as2_platform_multirotor_simulator/include/as2_platform_multirotor_simulator/as2_platform_multirotor_simulator.hpp
[0.132s] -- Up-to-date symlink: /home/developer/aerostack2_ws/install/as2_platform_multirotor_simulator/lib/as2_platform_multirotor_simulator/as2_platform_multirotor_simulator_node
[0.132s] -- Up-to-date symlink: /home/developer/aerostack2_ws/install/as2_platform_multirotor_simulator/share/as2_platform_multirotor_simulator/launch/as2_platform_multirotor_simulator.launch.py
[0.132s] -- Up-to-date symlink: /home/developer/aerostack2_ws/install/as2_platform_multirotor_simulator/share/as2_platform_multirotor_simulator/config/control_modes.yaml
[0.133s] -- Up-to-date symlink: /home/developer/aerostack2_ws/install/as2_platform_multirotor_simulator/share/as2_platform_multirotor_simulator/config/platform_config_file.yaml
[0.133s] -- Up-to-date symlink: /home/developer/aerostack2_ws/install/as2_platform_multirotor_simulator/share/as2_platform_multirotor_simulator/config/uav_config.yaml
[0.133s] -- Up-to-date symlink: /home/developer/aerostack2_ws/install/as2_platform_multirotor_simulator/share/as2_platform_multirotor_simulator/config/world_config.yaml
[0.133s] -- Up-to-date symlink: /home/developer/aerostack2_ws/install/as2_platform_multirotor_simulator/share/ament_index/resource_index/package_run_dependencies/as2_platform_multirotor_simulator
[0.133s] -- Up-to-date symlink: /home/developer/aerostack2_ws/install/as2_platform_multirotor_simulator/share/ament_index/resource_index/parent_prefix_path/as2_platform_multirotor_simulator
[0.133s] -- Up-to-date symlink: /home/developer/aerostack2_ws/install/as2_platform_multirotor_simulator/share/as2_platform_multirotor_simulator/environment/ament_prefix_path.sh
[0.133s] -- Up-to-date symlink: /home/developer/aerostack2_ws/install/as2_platform_multirotor_simulator/share/as2_platform_multirotor_simulator/environment/ament_prefix_path.dsv
[0.134s] -- Up-to-date symlink: /home/developer/aerostack2_ws/install/as2_platform_multirotor_simulator/share/as2_platform_multirotor_simulator/environment/path.sh
[0.134s] -- Up-to-date symlink: /home/developer/aerostack2_ws/install/as2_platform_multirotor_simulator/share/as2_platform_multirotor_simulator/environment/path.dsv
[0.134s] -- Up-to-date symlink: /home/developer/aerostack2_ws/install/as2_platform_multirotor_simulator/share/as2_platform_multirotor_simulator/local_setup.bash
[0.134s] -- Up-to-date symlink: /home/developer/aerostack2_ws/install/as2_platform_multirotor_simulator/share/as2_platform_multirotor_simulator/local_setup.sh
[0.134s] -- Up-to-date symlink: /home/developer/aerostack2_ws/install/as2_platform_multirotor_simulator/share/as2_platform_multirotor_simulator/local_setup.zsh
[0.134s] -- Up-to-date symlink: /home/developer/aerostack2_ws/install/as2_platform_multirotor_simulator/share/as2_platform_multirotor_simulator/local_setup.dsv
[0.134s] -- Symlinking: /home/developer/aerostack2_ws/install/as2_platform_multirotor_simulator/share/as2_platform_multirotor_simulator/package.dsv
[0.139s] -- Up-to-date symlink: /home/developer/aerostack2_ws/install/as2_platform_multirotor_simulator/share/ament_index/resource_index/packages/as2_platform_multirotor_simulator
[0.139s] -- Up-to-date symlink: /home/developer/aerostack2_ws/install/as2_platform_multirotor_simulator/share/as2_platform_multirotor_simulator/cmake/as2_platform_multirotor_simulatorConfig.cmake
[0.139s] -- Up-to-date symlink: /home/developer/aerostack2_ws/install/as2_platform_multirotor_simulator/share/as2_platform_multirotor_simulator/cmake/as2_platform_multirotor_simulatorConfig-version.cmake
[0.139s] -- Up-to-date symlink: /home/developer/aerostack2_ws/install/as2_platform_multirotor_simulator/share/as2_platform_multirotor_simulator/package.xml
[0.139s] -- Up-to-date: /home/developer/aerostack2_ws/install/as2_platform_multirotor_simulator/lib/libas2_platform_multirotor_simulator.a
[0.141s] Invoked command in '/home/developer/aerostack2_ws/build/as2_platform_multirotor_simulator' returned '0': AMENT_PREFIX_PATH=/home/developer/aerostack2_ws/install/as2_core:/home/developer/aerostack2_ws/install/as2_msgs:${AMENT_PREFIX_PATH} CMAKE_PREFIX_PATH=/home/developer/aerostack2_ws/install/as2_core:/home/developer/aerostack2_ws/install/as2_msgs:/opt/ros/humble LD_LIBRARY_PATH=/home/developer/aerostack2_ws/install/as2_core/lib:/home/developer/aerostack2_ws/install/as2_msgs/lib:${LD_LIBRARY_PATH} PYTHONPATH=/home/developer/aerostack2_ws/install/as2_core/local/lib/python3.10/dist-packages:/home/developer/aerostack2_ws/install/as2_msgs/local/lib/python3.10/dist-packages:${PYTHONPATH} /usr/bin/cmake --install /home/developer/aerostack2_ws/build/as2_platform_multirotor_simulator
