[0.010s] Invoking command in '/home/developer/aerostack2_ws/build/as2_external_object_to_tf': AMENT_PREFIX_PATH=/home/developer/aerostack2_ws/install/as2_core:/home/developer/aerostack2_ws/install/as2_msgs:${AMENT_PREFIX_PATH} CMAKE_PREFIX_PATH=/home/developer/aerostack2_ws/install/as2_core:/home/developer/aerostack2_ws/install/as2_msgs:/opt/ros/humble LD_LIBRARY_PATH=/home/developer/aerostack2_ws/install/as2_core/lib:/home/developer/aerostack2_ws/install/as2_msgs/lib:${LD_LIBRARY_PATH} PYTHONPATH=/home/developer/aerostack2_ws/install/as2_core/local/lib/python3.10/dist-packages:/home/developer/aerostack2_ws/install/as2_msgs/local/lib/python3.10/dist-packages:${PYTHONPATH} /usr/bin/cmake --build /home/developer/aerostack2_ws/build/as2_external_object_to_tf -- -j20 -l20
[0.047s] [35m[1mConsolidate compiler generated dependencies of target gtest[0m
[0.047s] [35m[1mConsolidate compiler generated dependencies of target as2_external_object_to_tf[0m
[0.048s] [35m[1mConsolidate compiler generated dependencies of target as2_external_object_to_tf_node[0m
[0.058s] [ 18%] Built target gtest_main
[0.058s] [ 36%] Built target gtest
[0.064s] [ 54%] Built target as2_external_object_to_tf
[0.066s] [ 81%] Built target as2_external_object_to_tf_node
[0.074s] [35m[1mConsolidate compiler generated dependencies of target as2_external_object_to_tf_as2_external_object_to_tf_gtest[0m
[0.088s] [100%] Built target as2_external_object_to_tf_as2_external_object_to_tf_gtest
[0.097s] Invoked command in '/home/developer/aerostack2_ws/build/as2_external_object_to_tf' returned '0': AMENT_PREFIX_PATH=/home/developer/aerostack2_ws/install/as2_core:/home/developer/aerostack2_ws/install/as2_msgs:${AMENT_PREFIX_PATH} CMAKE_PREFIX_PATH=/home/developer/aerostack2_ws/install/as2_core:/home/developer/aerostack2_ws/install/as2_msgs:/opt/ros/humble LD_LIBRARY_PATH=/home/developer/aerostack2_ws/install/as2_core/lib:/home/developer/aerostack2_ws/install/as2_msgs/lib:${LD_LIBRARY_PATH} PYTHONPATH=/home/developer/aerostack2_ws/install/as2_core/local/lib/python3.10/dist-packages:/home/developer/aerostack2_ws/install/as2_msgs/local/lib/python3.10/dist-packages:${PYTHONPATH} /usr/bin/cmake --build /home/developer/aerostack2_ws/build/as2_external_object_to_tf -- -j20 -l20
[0.098s] Invoking command in '/home/developer/aerostack2_ws/build/as2_external_object_to_tf': AMENT_PREFIX_PATH=/home/developer/aerostack2_ws/install/as2_core:/home/developer/aerostack2_ws/install/as2_msgs:${AMENT_PREFIX_PATH} CMAKE_PREFIX_PATH=/home/developer/aerostack2_ws/install/as2_core:/home/developer/aerostack2_ws/install/as2_msgs:/opt/ros/humble LD_LIBRARY_PATH=/home/developer/aerostack2_ws/install/as2_core/lib:/home/developer/aerostack2_ws/install/as2_msgs/lib:${LD_LIBRARY_PATH} PYTHONPATH=/home/developer/aerostack2_ws/install/as2_core/local/lib/python3.10/dist-packages:/home/developer/aerostack2_ws/install/as2_msgs/local/lib/python3.10/dist-packages:${PYTHONPATH} /usr/bin/cmake --install /home/developer/aerostack2_ws/build/as2_external_object_to_tf
[0.105s] -- Install configuration: "Release"
[0.105s] -- Execute custom install script
[0.105s] -- Up-to-date symlink: /home/developer/aerostack2_ws/install/as2_external_object_to_tf/include/as2_external_object_to_tf/as2_external_object_to_tf.hpp
[0.106s] -- Up-to-date symlink: /home/developer/aerostack2_ws/install/as2_external_object_to_tf/share/as2_external_object_to_tf/launch/as2_external_object_to_tf_launch.py
[0.106s] -- Up-to-date symlink: /home/developer/aerostack2_ws/install/as2_external_object_to_tf/share/as2_external_object_to_tf/config/external_objects.yaml
[0.106s] -- Up-to-date symlink: /home/developer/aerostack2_ws/install/as2_external_object_to_tf/lib/as2_external_object_to_tf/as2_external_object_to_tf_node
[0.106s] -- Up-to-date symlink: /home/developer/aerostack2_ws/install/as2_external_object_to_tf/share/ament_index/resource_index/package_run_dependencies/as2_external_object_to_tf
[0.106s] -- Up-to-date symlink: /home/developer/aerostack2_ws/install/as2_external_object_to_tf/share/ament_index/resource_index/parent_prefix_path/as2_external_object_to_tf
[0.106s] -- Up-to-date symlink: /home/developer/aerostack2_ws/install/as2_external_object_to_tf/share/as2_external_object_to_tf/environment/ament_prefix_path.sh
[0.107s] -- Up-to-date symlink: /home/developer/aerostack2_ws/install/as2_external_object_to_tf/share/as2_external_object_to_tf/environment/ament_prefix_path.dsv
[0.107s] -- Up-to-date symlink: /home/developer/aerostack2_ws/install/as2_external_object_to_tf/share/as2_external_object_to_tf/environment/path.sh
[0.107s] -- Up-to-date symlink: /home/developer/aerostack2_ws/install/as2_external_object_to_tf/share/as2_external_object_to_tf/environment/path.dsv
[0.107s] -- Up-to-date symlink: /home/developer/aerostack2_ws/install/as2_external_object_to_tf/share/as2_external_object_to_tf/local_setup.bash
[0.107s] -- Up-to-date symlink: /home/developer/aerostack2_ws/install/as2_external_object_to_tf/share/as2_external_object_to_tf/local_setup.sh
[0.107s] -- Up-to-date symlink: /home/developer/aerostack2_ws/install/as2_external_object_to_tf/share/as2_external_object_to_tf/local_setup.zsh
[0.107s] -- Up-to-date symlink: /home/developer/aerostack2_ws/install/as2_external_object_to_tf/share/as2_external_object_to_tf/local_setup.dsv
[0.107s] -- Symlinking: /home/developer/aerostack2_ws/install/as2_external_object_to_tf/share/as2_external_object_to_tf/package.dsv
[0.115s] -- Up-to-date symlink: /home/developer/aerostack2_ws/install/as2_external_object_to_tf/share/ament_index/resource_index/packages/as2_external_object_to_tf
[0.115s] -- Up-to-date symlink: /home/developer/aerostack2_ws/install/as2_external_object_to_tf/share/as2_external_object_to_tf/cmake/ament_cmake_export_dependencies-extras.cmake
[0.115s] -- Up-to-date symlink: /home/developer/aerostack2_ws/install/as2_external_object_to_tf/share/as2_external_object_to_tf/cmake/as2_external_object_to_tfConfig.cmake
[0.115s] -- Up-to-date symlink: /home/developer/aerostack2_ws/install/as2_external_object_to_tf/share/as2_external_object_to_tf/cmake/as2_external_object_to_tfConfig-version.cmake
[0.115s] -- Up-to-date symlink: /home/developer/aerostack2_ws/install/as2_external_object_to_tf/share/as2_external_object_to_tf/package.xml
[0.115s] -- Up-to-date: /home/developer/aerostack2_ws/install/as2_external_object_to_tf/lib/libas2_external_object_to_tf.a
[0.116s] Invoked command in '/home/developer/aerostack2_ws/build/as2_external_object_to_tf' returned '0': AMENT_PREFIX_PATH=/home/developer/aerostack2_ws/install/as2_core:/home/developer/aerostack2_ws/install/as2_msgs:${AMENT_PREFIX_PATH} CMAKE_PREFIX_PATH=/home/developer/aerostack2_ws/install/as2_core:/home/developer/aerostack2_ws/install/as2_msgs:/opt/ros/humble LD_LIBRARY_PATH=/home/developer/aerostack2_ws/install/as2_core/lib:/home/developer/aerostack2_ws/install/as2_msgs/lib:${LD_LIBRARY_PATH} PYTHONPATH=/home/developer/aerostack2_ws/install/as2_core/local/lib/python3.10/dist-packages:/home/developer/aerostack2_ws/install/as2_msgs/local/lib/python3.10/dist-packages:${PYTHONPATH} /usr/bin/cmake --install /home/developer/aerostack2_ws/build/as2_external_object_to_tf
