[0.009s] Invoking command in '/home/developer/aerostack2_ws/build/as2_rviz_plugins': AMENT_PREFIX_PATH=/home/developer/aerostack2_ws/install/as2_motion_reference_handlers:/home/developer/aerostack2_ws/install/as2_core:/home/developer/aerostack2_ws/install/as2_msgs:${AMENT_PREFIX_PATH} CMAKE_PREFIX_PATH=/home/developer/aerostack2_ws/install/as2_motion_reference_handlers:/home/developer/aerostack2_ws/install/as2_core:/home/developer/aerostack2_ws/install/as2_msgs:/opt/ros/humble LD_LIBRARY_PATH=/home/developer/aerostack2_ws/install/as2_motion_reference_handlers/lib:/home/developer/aerostack2_ws/install/as2_core/lib:/home/developer/aerostack2_ws/install/as2_msgs/lib:${LD_LIBRARY_PATH} PYTHONPATH=/home/developer/aerostack2_ws/install/as2_motion_reference_handlers/local/lib/python3.10/dist-packages:/home/developer/aerostack2_ws/install/as2_core/local/lib/python3.10/dist-packages:/home/developer/aerostack2_ws/install/as2_msgs/local/lib/python3.10/dist-packages:${PYTHONPATH} /usr/bin/cmake /home/developer/aerostack2_ws/src/aerostack2-tcc_lucca/as2_user_interfaces/as2_visualization/as2_rviz_plugins -DAMENT_CMAKE_SYMLINK_INSTALL=1 -DCMAKE_INSTALL_PREFIX=/home/developer/aerostack2_ws/install/as2_rviz_plugins
[0.049s] -- The C compiler identification is GNU 11.4.0
[0.087s] -- The CXX compiler identification is GNU 11.4.0
[0.092s] -- Detecting C compiler ABI info
[0.142s] -- Detecting C compiler ABI info - done
[0.147s] -- Check for working C compiler: /usr/bin/cc - skipped
[0.147s] -- Detecting C compile features
[0.147s] -- Detecting C compile features - done
[0.149s] -- Detecting CXX compiler ABI info
[0.206s] -- Detecting CXX compiler ABI info - done
[0.210s] -- Check for working CXX compiler: /usr/bin/c++ - skipped
[0.210s] -- Detecting CXX compile features
[0.210s] -- Detecting CXX compile features - done
[0.229s] -- Found ament_cmake: 1.3.14 (/opt/ros/humble/share/ament_cmake/cmake)
[0.327s] -- Found Python3: /usr/bin/python3 (found version "3.10.12") found components: Interpreter 
[0.366s] -- Override CMake install command with custom implementation using symlinks instead of copying resources
[0.386s] -- Found ament_cmake_ros: 0.10.0 (/opt/ros/humble/share/ament_cmake_ros/cmake)
[0.391s] -- Found geometry_msgs: 4.9.1 (/opt/ros/humble/share/geometry_msgs/cmake)
[0.411s] -- Found rosidl_generator_c: 3.1.8 (/opt/ros/humble/share/rosidl_generator_c/cmake)
[0.414s] -- Found rosidl_adapter: 3.1.8 (/opt/ros/humble/share/rosidl_adapter/cmake)
[0.419s] -- Found rosidl_generator_cpp: 3.1.8 (/opt/ros/humble/share/rosidl_generator_cpp/cmake)
[0.426s] -- Using all available rosidl_typesupport_c: rosidl_typesupport_fastrtps_c;rosidl_typesupport_introspection_c
[0.436s] -- Using all available rosidl_typesupport_cpp: rosidl_typesupport_fastrtps_cpp;rosidl_typesupport_introspection_cpp
[0.459s] -- Found pluginlib: 5.1.4 (/opt/ros/humble/share/pluginlib/cmake)
[0.482s] -- Found rclcpp: 16.0.19 (/opt/ros/humble/share/rclcpp/cmake)
[0.505s] -- Found rmw_implementation_cmake: 6.1.2 (/opt/ros/humble/share/rmw_implementation_cmake/cmake)
[0.506s] -- Found rmw_fastrtps_cpp: 6.2.10 (/opt/ros/humble/share/rmw_fastrtps_cpp/cmake)
[0.522s] -- Found TinyXML2 via Config file: TinyXML2_DIR-NOTFOUND
[0.560s] -- Found OpenSSL: /usr/lib/x86_64-linux-gnu/libcrypto.so (found version "3.0.2")  
[0.561s] -- Found TinyXML2 via Config file: TinyXML2_DIR-NOTFOUND
[0.571s] -- Found FastRTPS: /opt/ros/humble/include  
[0.572s] -- Found TinyXML2 via Config file: TinyXML2_DIR-NOTFOUND
[0.578s] -- Found TinyXML2 via Config file: TinyXML2_DIR-NOTFOUND
[0.585s] -- Using RMW implementation 'rmw_fastrtps_cpp' as default
[0.592s] -- Looking for pthread.h
[0.642s] -- Looking for pthread.h - found
[0.642s] -- Performing Test CMAKE_HAVE_LIBC_PTHREAD
[0.692s] -- Performing Test CMAKE_HAVE_LIBC_PTHREAD - Success
[0.692s] -- Found Threads: TRUE  
[0.716s] -- Found rclcpp_action: 16.0.19 (/opt/ros/humble/share/rclcpp_action/cmake)
[0.738s] -- Found rviz_common: 11.2.26 (/opt/ros/humble/share/rviz_common/cmake)
[0.743s] -- Setting assimp_DIR to: '/opt/ros/humble/share/rviz_assimp_vendor/cmake/../../../opt/rviz_assimp_vendor/lib/cmake/assimp-4.1'
[0.749s] -- Setting OGRE_DIR to: '/opt/ros/humble/share/rviz_ogre_vendor/cmake/../../../opt/rviz_ogre_vendor/lib/OGRE/cmake'
[0.750s] -- Found OGRE
[0.750s] --   static     : OFF
[0.750s] --   components : HLMS;MeshLodGenerator;Overlay;Paging;Property;RTShaderSystem;Terrain;Volume
[0.750s] --   plugins    : Plugin_BSPSceneManager;Plugin_OctreeSceneManager;Plugin_PCZSceneManager;Plugin_ParticleFX;RenderSystem_GL;RenderSystem_GL3Plus;Codec_STBI
[0.750s] --   media      : /opt/ros/humble/opt/rviz_ogre_vendor/share/OGRE/Media
[0.750s] -- OGRE_LIBRARIES: OgreHLMS;OgreMeshLodGenerator;OgreOverlay;OgrePaging;OgreProperty;OgreRTShaderSystem;OgreTerrain;OgreVolume;OgreMain
[0.750s] -- OGRE_LIBRARY_DIRS: /opt/ros/humble/opt/rviz_ogre_vendor/lib
[0.750s] -- OGRE_PLUGINS: Plugin_BSPSceneManager;Plugin_OctreeSceneManager;Plugin_PCZSceneManager;Plugin_ParticleFX;RenderSystem_GL;RenderSystem_GL3Plus;Codec_STBI
[0.750s] -- OGRE_PLUGIN_DIR: /opt/ros/humble/opt/rviz_ogre_vendor/lib/OGRE
[0.750s] -- rviz_ogre_vendor::OgreOverlay for IMPORTED_LOCATION_RELEASE: /opt/ros/humble/opt/rviz_ogre_vendor/lib/libOgreOverlay.so
[0.750s] -- rviz_ogre_vendor::OgreOverlay for IMPORTED_LOCATION_DEBUG: /opt/ros/humble/opt/rviz_ogre_vendor/lib/libOgreOverlay.so
[0.750s] -- rviz_ogre_vendor::OgreMain for IMPORTED_LOCATION_RELEASE: /opt/ros/humble/opt/rviz_ogre_vendor/lib/libOgreMain.so
[0.750s] -- rviz_ogre_vendor::OgreMain for IMPORTED_LOCATION_DEBUG: /opt/ros/humble/opt/rviz_ogre_vendor/lib/libOgreMain.so
[0.761s] -- Found ZLIB: /usr/lib/x86_64-linux-gnu/libz.so (found version "1.2.11") 
[0.765s] -- Found OpenGL: /usr/lib/x86_64-linux-gnu/libOpenGL.so   
[0.827s] -- Found X11: /usr/include   
[0.827s] -- Looking for XOpenDisplay in /usr/lib/x86_64-linux-gnu/libX11.so;/usr/lib/x86_64-linux-gnu/libXext.so
[0.880s] -- Looking for XOpenDisplay in /usr/lib/x86_64-linux-gnu/libX11.so;/usr/lib/x86_64-linux-gnu/libXext.so - found
[0.880s] -- Looking for gethostbyname
[0.930s] -- Looking for gethostbyname - found
[0.930s] -- Looking for connect
[0.979s] -- Looking for connect - found
[0.979s] -- Looking for remove
[1.030s] -- Looking for remove - found
[1.030s] -- Looking for shmat
[1.082s] -- Looking for shmat - found
[1.082s] -- Looking for IceConnectionNumber in ICE
[1.131s] -- Looking for IceConnectionNumber in ICE - found
[1.201s] -- library: /usr/lib/x86_64-linux-gnu/libcurl.so
[1.226s] -- Found Eigen3: TRUE (found version "3.4.0") 
[1.226s] -- Ensuring Eigen3 include directory is part of orocos-kdl CMake target
[1.272s] -- Found as2_core: 1.1.3 (/home/developer/aerostack2_ws/install/as2_core/share/as2_core/cmake)
[1.272s] -- Created yaml-cpp::yaml-cpp alias from yaml-cpp target
[1.273s] -- Created GeographicLib::GeographicLib target from legacy variables
[1.349s] -- Found as2_motion_reference_handlers: 1.1.3 (/home/developer/aerostack2_ws/install/as2_motion_reference_handlers/share/as2_motion_reference_handlers/cmake)
[1.368s] -- Found ament_lint_auto: 0.12.15 (/opt/ros/humble/share/ament_lint_auto/cmake)
[1.428s] -- Added test 'copyright' to check source files copyright and LICENSE
[1.429s] -- Added test 'cppcheck' to perform static code analysis on C / C++ code
[1.429s] -- Configured cppcheck include dirs: 
[1.429s] -- Configured cppcheck exclude dirs and/or files: 
[1.430s] -- Added test 'cpplint' to check C / C++ code against the Google style
[1.430s] -- Configured cpplint exclude dirs and/or files: 
[1.430s] -- Added test 'lint_cmake' to check CMake code style
[1.431s] -- Added test 'uncrustify' to check C / C++ code style
[1.431s] -- Configured uncrustify additional arguments: 
[1.431s] -- Added test 'xmllint' to check XML markup files
[1.432s] -- Configuring done
[1.459s] -- Generating done
[1.463s] -- Build files have been written to: /home/developer/aerostack2_ws/build/as2_rviz_plugins
[1.471s] Invoked command in '/home/developer/aerostack2_ws/build/as2_rviz_plugins' returned '0': AMENT_PREFIX_PATH=/home/developer/aerostack2_ws/install/as2_motion_reference_handlers:/home/developer/aerostack2_ws/install/as2_core:/home/developer/aerostack2_ws/install/as2_msgs:${AMENT_PREFIX_PATH} CMAKE_PREFIX_PATH=/home/developer/aerostack2_ws/install/as2_motion_reference_handlers:/home/developer/aerostack2_ws/install/as2_core:/home/developer/aerostack2_ws/install/as2_msgs:/opt/ros/humble LD_LIBRARY_PATH=/home/developer/aerostack2_ws/install/as2_motion_reference_handlers/lib:/home/developer/aerostack2_ws/install/as2_core/lib:/home/developer/aerostack2_ws/install/as2_msgs/lib:${LD_LIBRARY_PATH} PYTHONPATH=/home/developer/aerostack2_ws/install/as2_motion_reference_handlers/local/lib/python3.10/dist-packages:/home/developer/aerostack2_ws/install/as2_core/local/lib/python3.10/dist-packages:/home/developer/aerostack2_ws/install/as2_msgs/local/lib/python3.10/dist-packages:${PYTHONPATH} /usr/bin/cmake /home/developer/aerostack2_ws/src/aerostack2-tcc_lucca/as2_user_interfaces/as2_visualization/as2_rviz_plugins -DAMENT_CMAKE_SYMLINK_INSTALL=1 -DCMAKE_INSTALL_PREFIX=/home/developer/aerostack2_ws/install/as2_rviz_plugins
[1.472s] Invoking command in '/home/developer/aerostack2_ws/build/as2_rviz_plugins': AMENT_PREFIX_PATH=/home/developer/aerostack2_ws/install/as2_motion_reference_handlers:/home/developer/aerostack2_ws/install/as2_core:/home/developer/aerostack2_ws/install/as2_msgs:${AMENT_PREFIX_PATH} CMAKE_PREFIX_PATH=/home/developer/aerostack2_ws/install/as2_motion_reference_handlers:/home/developer/aerostack2_ws/install/as2_core:/home/developer/aerostack2_ws/install/as2_msgs:/opt/ros/humble LD_LIBRARY_PATH=/home/developer/aerostack2_ws/install/as2_motion_reference_handlers/lib:/home/developer/aerostack2_ws/install/as2_core/lib:/home/developer/aerostack2_ws/install/as2_msgs/lib:${LD_LIBRARY_PATH} PYTHONPATH=/home/developer/aerostack2_ws/install/as2_motion_reference_handlers/local/lib/python3.10/dist-packages:/home/developer/aerostack2_ws/install/as2_core/local/lib/python3.10/dist-packages:/home/developer/aerostack2_ws/install/as2_msgs/local/lib/python3.10/dist-packages:${PYTHONPATH} /usr/bin/cmake --build /home/developer/aerostack2_ws/build/as2_rviz_plugins -- -j20 -l20
[1.520s] [ 25%] [34m[1mAutomatic MOC for target as2_rviz_plugins[0m
[1.545s] [ 25%] Built target as2_rviz_plugins_autogen
[1.563s] [ 50%] [32mBuilding CXX object CMakeFiles/as2_rviz_plugins.dir/src/teleop_panel.cpp.o[0m
[1.563s] [ 75%] [32mBuilding CXX object CMakeFiles/as2_rviz_plugins.dir/as2_rviz_plugins_autogen/mocs_compilation.cpp.o[0m
[6.066s] [100%] [32m[1mLinking CXX shared library libas2_rviz_plugins.so[0m
[7.127s] [100%] Built target as2_rviz_plugins
[7.137s] Invoked command in '/home/developer/aerostack2_ws/build/as2_rviz_plugins' returned '0': AMENT_PREFIX_PATH=/home/developer/aerostack2_ws/install/as2_motion_reference_handlers:/home/developer/aerostack2_ws/install/as2_core:/home/developer/aerostack2_ws/install/as2_msgs:${AMENT_PREFIX_PATH} CMAKE_PREFIX_PATH=/home/developer/aerostack2_ws/install/as2_motion_reference_handlers:/home/developer/aerostack2_ws/install/as2_core:/home/developer/aerostack2_ws/install/as2_msgs:/opt/ros/humble LD_LIBRARY_PATH=/home/developer/aerostack2_ws/install/as2_motion_reference_handlers/lib:/home/developer/aerostack2_ws/install/as2_core/lib:/home/developer/aerostack2_ws/install/as2_msgs/lib:${LD_LIBRARY_PATH} PYTHONPATH=/home/developer/aerostack2_ws/install/as2_motion_reference_handlers/local/lib/python3.10/dist-packages:/home/developer/aerostack2_ws/install/as2_core/local/lib/python3.10/dist-packages:/home/developer/aerostack2_ws/install/as2_msgs/local/lib/python3.10/dist-packages:${PYTHONPATH} /usr/bin/cmake --build /home/developer/aerostack2_ws/build/as2_rviz_plugins -- -j20 -l20
[7.138s] Invoking command in '/home/developer/aerostack2_ws/build/as2_rviz_plugins': AMENT_PREFIX_PATH=/home/developer/aerostack2_ws/install/as2_motion_reference_handlers:/home/developer/aerostack2_ws/install/as2_core:/home/developer/aerostack2_ws/install/as2_msgs:${AMENT_PREFIX_PATH} CMAKE_PREFIX_PATH=/home/developer/aerostack2_ws/install/as2_motion_reference_handlers:/home/developer/aerostack2_ws/install/as2_core:/home/developer/aerostack2_ws/install/as2_msgs:/opt/ros/humble LD_LIBRARY_PATH=/home/developer/aerostack2_ws/install/as2_motion_reference_handlers/lib:/home/developer/aerostack2_ws/install/as2_core/lib:/home/developer/aerostack2_ws/install/as2_msgs/lib:${LD_LIBRARY_PATH} PYTHONPATH=/home/developer/aerostack2_ws/install/as2_motion_reference_handlers/local/lib/python3.10/dist-packages:/home/developer/aerostack2_ws/install/as2_core/local/lib/python3.10/dist-packages:/home/developer/aerostack2_ws/install/as2_msgs/local/lib/python3.10/dist-packages:${PYTHONPATH} /usr/bin/cmake --install /home/developer/aerostack2_ws/build/as2_rviz_plugins
[7.144s] -- Install configuration: ""
[7.145s] -- Execute custom install script
[7.145s] -- Symlinking: /home/developer/aerostack2_ws/install/as2_rviz_plugins/share/as2_rviz_plugins//plugin_description.xml
[7.151s] -- Symlinking: /home/developer/aerostack2_ws/install/as2_rviz_plugins/lib/as2_rviz_plugins/libas2_rviz_plugins.so
[7.157s] -- Symlinking: /home/developer/aerostack2_ws/install/as2_rviz_plugins/share/as2_rviz_plugins/icons/classes/Imu.png
[7.165s] -- Symlinking: /home/developer/aerostack2_ws/install/as2_rviz_plugins/share/as2_rviz_plugins/icons/classes/PlantFlag.png
[7.169s] -- Symlinking: /home/developer/aerostack2_ws/install/as2_rviz_plugins/share/as2_rviz_plugins/icons/classes/Teleop.png
[7.176s] -- Symlinking: /home/developer/aerostack2_ws/install/as2_rviz_plugins/share/ament_index/resource_index/package_run_dependencies/as2_rviz_plugins
[7.182s] -- Symlinking: /home/developer/aerostack2_ws/install/as2_rviz_plugins/share/ament_index/resource_index/parent_prefix_path/as2_rviz_plugins
[7.188s] -- Symlinking: /home/developer/aerostack2_ws/install/as2_rviz_plugins/share/as2_rviz_plugins/environment/ament_prefix_path.sh
[7.194s] -- Symlinking: /home/developer/aerostack2_ws/install/as2_rviz_plugins/share/as2_rviz_plugins/environment/ament_prefix_path.dsv
[7.200s] -- Symlinking: /home/developer/aerostack2_ws/install/as2_rviz_plugins/share/as2_rviz_plugins/environment/path.sh
[7.207s] -- Symlinking: /home/developer/aerostack2_ws/install/as2_rviz_plugins/share/as2_rviz_plugins/environment/path.dsv
[7.212s] -- Symlinking: /home/developer/aerostack2_ws/install/as2_rviz_plugins/share/as2_rviz_plugins/local_setup.bash
[7.217s] -- Symlinking: /home/developer/aerostack2_ws/install/as2_rviz_plugins/share/as2_rviz_plugins/local_setup.sh
[7.224s] -- Symlinking: /home/developer/aerostack2_ws/install/as2_rviz_plugins/share/as2_rviz_plugins/local_setup.zsh
[7.228s] -- Symlinking: /home/developer/aerostack2_ws/install/as2_rviz_plugins/share/as2_rviz_plugins/local_setup.dsv
[7.234s] -- Symlinking: /home/developer/aerostack2_ws/install/as2_rviz_plugins/share/as2_rviz_plugins/package.dsv
[7.239s] -- Symlinking: /home/developer/aerostack2_ws/install/as2_rviz_plugins/share/ament_index/resource_index/packages/as2_rviz_plugins
[7.245s] -- Symlinking: /home/developer/aerostack2_ws/install/as2_rviz_plugins/share/ament_index/resource_index/rviz_common__pluginlib__plugin/as2_rviz_plugins
[7.252s] -- Symlinking: /home/developer/aerostack2_ws/install/as2_rviz_plugins/share/as2_rviz_plugins/cmake/ament_cmake_export_dependencies-extras.cmake
[7.258s] -- Symlinking: /home/developer/aerostack2_ws/install/as2_rviz_plugins/share/as2_rviz_plugins/cmake/as2_rviz_pluginsConfig.cmake
[7.265s] -- Symlinking: /home/developer/aerostack2_ws/install/as2_rviz_plugins/share/as2_rviz_plugins/cmake/as2_rviz_pluginsConfig-version.cmake
[7.271s] -- Symlinking: /home/developer/aerostack2_ws/install/as2_rviz_plugins/share/as2_rviz_plugins/package.xml
[7.278s] Invoked command in '/home/developer/aerostack2_ws/build/as2_rviz_plugins' returned '0': AMENT_PREFIX_PATH=/home/developer/aerostack2_ws/install/as2_motion_reference_handlers:/home/developer/aerostack2_ws/install/as2_core:/home/developer/aerostack2_ws/install/as2_msgs:${AMENT_PREFIX_PATH} CMAKE_PREFIX_PATH=/home/developer/aerostack2_ws/install/as2_motion_reference_handlers:/home/developer/aerostack2_ws/install/as2_core:/home/developer/aerostack2_ws/install/as2_msgs:/opt/ros/humble LD_LIBRARY_PATH=/home/developer/aerostack2_ws/install/as2_motion_reference_handlers/lib:/home/developer/aerostack2_ws/install/as2_core/lib:/home/developer/aerostack2_ws/install/as2_msgs/lib:${LD_LIBRARY_PATH} PYTHONPATH=/home/developer/aerostack2_ws/install/as2_motion_reference_handlers/local/lib/python3.10/dist-packages:/home/developer/aerostack2_ws/install/as2_core/local/lib/python3.10/dist-packages:/home/developer/aerostack2_ws/install/as2_msgs/local/lib/python3.10/dist-packages:${PYTHONPATH} /usr/bin/cmake --install /home/developer/aerostack2_ws/build/as2_rviz_plugins
