[0.519s] Invoking command in '/home/developer/aerostack2_ws/build/as2_python_api': AMENT_PREFIX_PATH=/home/developer/aerostack2_ws/install/as2_motion_reference_handlers:/home/developer/aerostack2_ws/install/as2_core:/home/developer/aerostack2_ws/install/as2_msgs:${AMENT_PREFIX_PATH} CMAKE_PREFIX_PATH=/home/developer/aerostack2_ws/install/as2_motion_reference_handlers:/home/developer/aerostack2_ws/install/as2_core:/home/developer/aerostack2_ws/install/as2_msgs LD_LIBRARY_PATH=/home/developer/aerostack2_ws/install/as2_motion_reference_handlers/lib:/home/developer/aerostack2_ws/install/as2_core/lib:/home/developer/aerostack2_ws/install/as2_msgs/lib:${LD_LIBRARY_PATH} PYTHONPATH=/home/developer/aerostack2_ws/build/as2_python_api/prefix_override:/usr/lib/python3/dist-packages/colcon_core/task/python/colcon_distutils_commands:/home/developer/aerostack2_ws/install/as2_python_api/lib/python3.10/site-packages:/home/developer/aerostack2_ws/install/as2_motion_reference_handlers/local/lib/python3.10/dist-packages:/home/developer/aerostack2_ws/install/as2_core/local/lib/python3.10/dist-packages:/home/developer/aerostack2_ws/install/as2_msgs/local/lib/python3.10/dist-packages:${PYTHONPATH} /usr/bin/python3 -W ignore:setup.py install is deprecated -W ignore:easy_install command is deprecated setup.py develop --editable --build-directory /home/developer/aerostack2_ws/build/as2_python_api/build --no-deps symlink_data
[0.656s] running develop
[0.731s] running egg_info
[0.731s] creating as2_python_api.egg-info
[0.731s] writing as2_python_api.egg-info/PKG-INFO
[0.731s] writing dependency_links to as2_python_api.egg-info/dependency_links.txt
[0.731s] writing entry points to as2_python_api.egg-info/entry_points.txt
[0.732s] writing requirements to as2_python_api.egg-info/requires.txt
[0.732s] writing top-level names to as2_python_api.egg-info/top_level.txt
[0.732s] writing manifest file 'as2_python_api.egg-info/SOURCES.txt'
[0.733s] reading manifest file 'as2_python_api.egg-info/SOURCES.txt'
[0.734s] writing manifest file 'as2_python_api.egg-info/SOURCES.txt'
[0.735s] running build_ext
[0.735s] Creating /home/developer/aerostack2_ws/install/as2_python_api/lib/python3.10/site-packages/as2-python-api.egg-link (link to .)
[0.735s] Installing mission_executor script to /home/developer/aerostack2_ws/install/as2_python_api/lib/as2_python_api
[0.735s] 
[0.735s] Installed /home/developer/aerostack2_ws/build/as2_python_api
[0.735s] running symlink_data
[0.735s] creating /home/developer/aerostack2_ws/install/as2_python_api/share/ament_index
[0.735s] creating /home/developer/aerostack2_ws/install/as2_python_api/share/ament_index/resource_index
[0.735s] creating /home/developer/aerostack2_ws/install/as2_python_api/share/ament_index/resource_index/packages
[0.735s] symbolically linking /home/developer/aerostack2_ws/build/as2_python_api/resource/as2_python_api -> /home/developer/aerostack2_ws/install/as2_python_api/share/ament_index/resource_index/packages
[0.735s] creating /home/developer/aerostack2_ws/install/as2_python_api/share/as2_python_api/hooks
[0.735s] symbolically linking /home/developer/aerostack2_ws/build/as2_python_api/hooks/resource_paths.sh -> /home/developer/aerostack2_ws/install/as2_python_api/share/as2_python_api/hooks
[0.735s] symbolically linking /home/developer/aerostack2_ws/build/as2_python_api/package.xml -> /home/developer/aerostack2_ws/install/as2_python_api/share/as2_python_api
[0.752s] Invoked command in '/home/developer/aerostack2_ws/build/as2_python_api' returned '0': AMENT_PREFIX_PATH=/home/developer/aerostack2_ws/install/as2_motion_reference_handlers:/home/developer/aerostack2_ws/install/as2_core:/home/developer/aerostack2_ws/install/as2_msgs:${AMENT_PREFIX_PATH} CMAKE_PREFIX_PATH=/home/developer/aerostack2_ws/install/as2_motion_reference_handlers:/home/developer/aerostack2_ws/install/as2_core:/home/developer/aerostack2_ws/install/as2_msgs LD_LIBRARY_PATH=/home/developer/aerostack2_ws/install/as2_motion_reference_handlers/lib:/home/developer/aerostack2_ws/install/as2_core/lib:/home/developer/aerostack2_ws/install/as2_msgs/lib:${LD_LIBRARY_PATH} PYTHONPATH=/home/developer/aerostack2_ws/build/as2_python_api/prefix_override:/usr/lib/python3/dist-packages/colcon_core/task/python/colcon_distutils_commands:/home/developer/aerostack2_ws/install/as2_python_api/lib/python3.10/site-packages:/home/developer/aerostack2_ws/install/as2_motion_reference_handlers/local/lib/python3.10/dist-packages:/home/developer/aerostack2_ws/install/as2_core/local/lib/python3.10/dist-packages:/home/developer/aerostack2_ws/install/as2_msgs/local/lib/python3.10/dist-packages:${PYTHONPATH} /usr/bin/python3 -W ignore:setup.py install is deprecated -W ignore:easy_install command is deprecated setup.py develop --editable --build-directory /home/developer/aerostack2_ws/build/as2_python_api/build --no-deps symlink_data
