[0.011s] Invoking command in '/home/developer/aerostack2_ws/build/as2_map_server': AMENT_PREFIX_PATH=/home/developer/aerostack2_ws/install/as2_core:/home/developer/aerostack2_ws/install/as2_msgs:${AMENT_PREFIX_PATH} CMAKE_PREFIX_PATH=/home/developer/aerostack2_ws/install/as2_core:/home/developer/aerostack2_ws/install/as2_msgs:/opt/ros/humble LD_LIBRARY_PATH=/home/developer/aerostack2_ws/install/as2_core/lib:/home/developer/aerostack2_ws/install/as2_msgs/lib:${LD_LIBRARY_PATH} PYTHONPATH=/home/developer/aerostack2_ws/install/as2_core/local/lib/python3.10/dist-packages:/home/developer/aerostack2_ws/install/as2_msgs/local/lib/python3.10/dist-packages:${PYTHONPATH} /usr/bin/cmake --build /home/developer/aerostack2_ws/build/as2_map_server -- -j20 -l20
[0.050s] [35m[1mConsolidate compiler generated dependencies of target gtest_main[0m
[0.055s] [  7%] [32mBuilding CXX object CMakeFiles/as2_map_server.dir/src/map_server_node.cpp.o[0m
[0.058s] [ 14%] [32mBuilding CXX object CMakeFiles/as2_map_server.dir/src/map_server.cpp.o[0m
[0.058s] [ 28%] Built target gtest_main
[0.059s] [ 35%] [32mBuilding CXX object gtest/CMakeFiles/gtest.dir/src/gtest-all.cc.o[0m
[0.059s] [ 42%] Built target as2_map_server_base
[0.078s] [ 50%] [32mBuilding CXX object plugins/scan2occ_grid/CMakeFiles/scan2occ_grid.dir/src/scan2occ_grid.cpp.o[0m
[4.538s] [ 57%] [32m[1mLinking CXX static library libgtest.a[0m
[4.569s] [ 57%] Built target gtest
[5.193s] [ 64%] [32m[1mLinking CXX shared library libas2_map_server.so[0m
[5.294s] [ 64%] Built target as2_map_server
[5.313s] [ 78%] [32mBuilding CXX object CMakeFiles/as2_map_server_node.dir/src/map_server_node.cpp.o[0m
[5.314s] [ 78%] [32mBuilding CXX object tests/CMakeFiles/as2_map_server_map_server_gtest.dir/map_server_gtest.cpp.o[0m
[7.624s] [ 85%] [32m[1mLinking CXX executable as2_map_server_node[0m
[7.725s] [ 85%] Built target as2_map_server_node
[8.018s] [ 92%] [32m[1mLinking CXX executable as2_map_server_map_server_gtest[0m
[8.126s] [100%] [32m[1mLinking CXX shared library libscan2occ_grid.so[0m
[8.132s] [100%] Built target as2_map_server_map_server_gtest
[8.302s] [100%] Built target scan2occ_grid
[8.311s] Invoked command in '/home/developer/aerostack2_ws/build/as2_map_server' returned '0': AMENT_PREFIX_PATH=/home/developer/aerostack2_ws/install/as2_core:/home/developer/aerostack2_ws/install/as2_msgs:${AMENT_PREFIX_PATH} CMAKE_PREFIX_PATH=/home/developer/aerostack2_ws/install/as2_core:/home/developer/aerostack2_ws/install/as2_msgs:/opt/ros/humble LD_LIBRARY_PATH=/home/developer/aerostack2_ws/install/as2_core/lib:/home/developer/aerostack2_ws/install/as2_msgs/lib:${LD_LIBRARY_PATH} PYTHONPATH=/home/developer/aerostack2_ws/install/as2_core/local/lib/python3.10/dist-packages:/home/developer/aerostack2_ws/install/as2_msgs/local/lib/python3.10/dist-packages:${PYTHONPATH} /usr/bin/cmake --build /home/developer/aerostack2_ws/build/as2_map_server -- -j20 -l20
[8.313s] Invoking command in '/home/developer/aerostack2_ws/build/as2_map_server': AMENT_PREFIX_PATH=/home/developer/aerostack2_ws/install/as2_core:/home/developer/aerostack2_ws/install/as2_msgs:${AMENT_PREFIX_PATH} CMAKE_PREFIX_PATH=/home/developer/aerostack2_ws/install/as2_core:/home/developer/aerostack2_ws/install/as2_msgs:/opt/ros/humble LD_LIBRARY_PATH=/home/developer/aerostack2_ws/install/as2_core/lib:/home/developer/aerostack2_ws/install/as2_msgs/lib:${LD_LIBRARY_PATH} PYTHONPATH=/home/developer/aerostack2_ws/install/as2_core/local/lib/python3.10/dist-packages:/home/developer/aerostack2_ws/install/as2_msgs/local/lib/python3.10/dist-packages:${PYTHONPATH} /usr/bin/cmake --install /home/developer/aerostack2_ws/build/as2_map_server
[8.316s] -- Install configuration: "Release"
[8.317s] -- Execute custom install script
[8.317s] -- Symlinking: /home/developer/aerostack2_ws/install/as2_map_server/include/as2_map_server/map_server.hpp
[8.324s] -- Symlinking: /home/developer/aerostack2_ws/install/as2_map_server/include/as2_map_server/plugin_base.hpp
[8.332s] -- Symlinking: /home/developer/aerostack2_ws/install/as2_map_server/share/as2_map_server/environment/library_path.sh
[8.338s] -- Symlinking: /home/developer/aerostack2_ws/install/as2_map_server/share/as2_map_server/environment/library_path.dsv
[8.345s] -- Up-to-date symlink: /home/developer/aerostack2_ws/install/as2_map_server/include/as2_map_server/map_server.hpp
[8.345s] -- Up-to-date symlink: /home/developer/aerostack2_ws/install/as2_map_server/include/as2_map_server/plugin_base.hpp
[8.346s] -- Symlinking: /home/developer/aerostack2_ws/install/as2_map_server/lib/as2_map_server/as2_map_server_node
[8.353s] -- Symlinking: /home/developer/aerostack2_ws/install/as2_map_server/include/scan2occ_grid.hpp
[8.360s] -- Symlinking: /home/developer/aerostack2_ws/install/as2_map_server/share/as2_map_server//plugins.xml
[8.368s] -- Symlinking: /home/developer/aerostack2_ws/install/as2_map_server/share/as2_map_server/launch/map_server.launch.py
[8.374s] -- Symlinking: /home/developer/aerostack2_ws/install/as2_map_server/share/as2_map_server/launch/scan2occ_grid-map_server.launch.py
[8.380s] -- Symlinking: /home/developer/aerostack2_ws/install/as2_map_server/share/as2_map_server/plugins/scan2occ_grid/config/plugin_default.yaml
[8.387s] -- Symlinking: /home/developer/aerostack2_ws/install/as2_map_server/share/as2_map_server/launch/depth2occ_grid-map_server.launch.py
[8.394s] -- Symlinking: /home/developer/aerostack2_ws/install/as2_map_server/share/as2_map_server/plugins/depth2occ_grid/config/plugin_default.yaml
[8.400s] -- Symlinking: /home/developer/aerostack2_ws/install/as2_map_server/share/as2_map_server/launch/point_cloud2occ_grid-map_server.launch.py
[8.407s] -- Symlinking: /home/developer/aerostack2_ws/install/as2_map_server/share/as2_map_server/plugins/point_cloud2occ_grid/config/plugin_default.yaml
[8.414s] -- Symlinking: /home/developer/aerostack2_ws/install/as2_map_server/share/ament_index/resource_index/package_run_dependencies/as2_map_server
[8.420s] -- Symlinking: /home/developer/aerostack2_ws/install/as2_map_server/share/ament_index/resource_index/parent_prefix_path/as2_map_server
[8.427s] -- Symlinking: /home/developer/aerostack2_ws/install/as2_map_server/share/as2_map_server/environment/ament_prefix_path.sh
[8.434s] -- Symlinking: /home/developer/aerostack2_ws/install/as2_map_server/share/as2_map_server/environment/ament_prefix_path.dsv
[8.442s] -- Symlinking: /home/developer/aerostack2_ws/install/as2_map_server/share/as2_map_server/environment/path.sh
[8.448s] -- Symlinking: /home/developer/aerostack2_ws/install/as2_map_server/share/as2_map_server/environment/path.dsv
[8.455s] -- Symlinking: /home/developer/aerostack2_ws/install/as2_map_server/share/as2_map_server/local_setup.bash
[8.459s] -- Symlinking: /home/developer/aerostack2_ws/install/as2_map_server/share/as2_map_server/local_setup.sh
[8.464s] -- Symlinking: /home/developer/aerostack2_ws/install/as2_map_server/share/as2_map_server/local_setup.zsh
[8.469s] -- Symlinking: /home/developer/aerostack2_ws/install/as2_map_server/share/as2_map_server/local_setup.dsv
[8.475s] -- Symlinking: /home/developer/aerostack2_ws/install/as2_map_server/share/as2_map_server/package.dsv
[8.481s] -- Symlinking: /home/developer/aerostack2_ws/install/as2_map_server/share/ament_index/resource_index/packages/as2_map_server
[8.487s] -- Symlinking: /home/developer/aerostack2_ws/install/as2_map_server/share/ament_index/resource_index/as2_map_server__pluginlib__plugin/as2_map_server
[8.494s] -- Symlinking: /home/developer/aerostack2_ws/install/as2_map_server/share/as2_map_server/cmake/ament_cmake_export_libraries-extras.cmake
[8.501s] -- Symlinking: /home/developer/aerostack2_ws/install/as2_map_server/share/as2_map_server/cmake/ament_cmake_export_targets-extras.cmake
[8.507s] -- Symlinking: /home/developer/aerostack2_ws/install/as2_map_server/share/as2_map_server/cmake/ament_cmake_export_include_directories-extras.cmake
[8.514s] -- Symlinking: /home/developer/aerostack2_ws/install/as2_map_server/share/as2_map_server/cmake/as2_map_serverConfig.cmake
[8.519s] -- Symlinking: /home/developer/aerostack2_ws/install/as2_map_server/share/as2_map_server/cmake/as2_map_serverConfig-version.cmake
[8.524s] -- Symlinking: /home/developer/aerostack2_ws/install/as2_map_server/share/as2_map_server/package.xml
[8.529s] -- Installing: /home/developer/aerostack2_ws/install/as2_map_server/lib/libas2_map_server_base.so
[8.529s] -- Set runtime path of "/home/developer/aerostack2_ws/install/as2_map_server/lib/libas2_map_server_base.so" to ""
[8.529s] -- Installing: /home/developer/aerostack2_ws/install/as2_map_server/lib/libas2_map_server.so
[8.529s] -- Set runtime path of "/home/developer/aerostack2_ws/install/as2_map_server/lib/libas2_map_server.so" to ""
[8.538s] -- Installing: /home/developer/aerostack2_ws/install/as2_map_server/share/as2_map_server/cmake/export_as2_map_server_baseExport.cmake
[8.538s] -- Installing: /home/developer/aerostack2_ws/install/as2_map_server/share/as2_map_server/cmake/export_as2_map_server_baseExport-release.cmake
[8.538s] -- Installing: /home/developer/aerostack2_ws/install/as2_map_server/share/as2_map_server/cmake/export_as2_map_serverExport.cmake
[8.538s] -- Installing: /home/developer/aerostack2_ws/install/as2_map_server/share/as2_map_server/cmake/export_as2_map_serverExport-release.cmake
[8.538s] -- Installing: /home/developer/aerostack2_ws/install/as2_map_server/lib/libscan2occ_grid.so
[8.539s] -- Set runtime path of "/home/developer/aerostack2_ws/install/as2_map_server/lib/libscan2occ_grid.so" to ""
[8.542s] Invoked command in '/home/developer/aerostack2_ws/build/as2_map_server' returned '0': AMENT_PREFIX_PATH=/home/developer/aerostack2_ws/install/as2_core:/home/developer/aerostack2_ws/install/as2_msgs:${AMENT_PREFIX_PATH} CMAKE_PREFIX_PATH=/home/developer/aerostack2_ws/install/as2_core:/home/developer/aerostack2_ws/install/as2_msgs:/opt/ros/humble LD_LIBRARY_PATH=/home/developer/aerostack2_ws/install/as2_core/lib:/home/developer/aerostack2_ws/install/as2_msgs/lib:${LD_LIBRARY_PATH} PYTHONPATH=/home/developer/aerostack2_ws/install/as2_core/local/lib/python3.10/dist-packages:/home/developer/aerostack2_ws/install/as2_msgs/local/lib/python3.10/dist-packages:${PYTHONPATH} /usr/bin/cmake --install /home/developer/aerostack2_ws/build/as2_map_server
