[0.009s] Invoking command in '/home/developer/aerostack2_ws/build/as2_map_server': AMENT_PREFIX_PATH=/home/developer/aerostack2_ws/install/as2_core:/home/developer/aerostack2_ws/install/as2_msgs:${AMENT_PREFIX_PATH} CMAKE_PREFIX_PATH=/home/developer/aerostack2_ws/install/as2_core:/home/developer/aerostack2_ws/install/as2_msgs:/opt/ros/humble LD_LIBRARY_PATH=/home/developer/aerostack2_ws/install/as2_core/lib:/home/developer/aerostack2_ws/install/as2_msgs/lib:${LD_LIBRARY_PATH} PYTHONPATH=/home/developer/aerostack2_ws/install/as2_core/local/lib/python3.10/dist-packages:/home/developer/aerostack2_ws/install/as2_msgs/local/lib/python3.10/dist-packages:${PYTHONPATH} /usr/bin/cmake --build /home/developer/aerostack2_ws/build/as2_map_server -- -j20 -l20
[0.044s] [35m[1mConsolidate compiler generated dependencies of target gtest[0m
[0.045s] [35m[1mConsolidate compiler generated dependencies of target as2_map_server[0m
[0.051s] [  7%] Built target as2_map_server_base
[0.054s] [ 21%] Built target gtest_main
[0.054s] [ 35%] Built target gtest
[0.059s] [ 57%] Built target as2_map_server
[0.061s] [35m[1mConsolidate compiler generated dependencies of target scan2occ_grid[0m
[0.068s] [35m[1mConsolidate compiler generated dependencies of target as2_map_server_map_server_gtest[0m
[0.069s] [35m[1mConsolidate compiler generated dependencies of target as2_map_server_node[0m
[0.075s] [ 71%] Built target scan2occ_grid
[0.081s] [ 85%] Built target as2_map_server_map_server_gtest
[0.086s] [100%] Built target as2_map_server_node
[0.096s] Invoked command in '/home/developer/aerostack2_ws/build/as2_map_server' returned '0': AMENT_PREFIX_PATH=/home/developer/aerostack2_ws/install/as2_core:/home/developer/aerostack2_ws/install/as2_msgs:${AMENT_PREFIX_PATH} CMAKE_PREFIX_PATH=/home/developer/aerostack2_ws/install/as2_core:/home/developer/aerostack2_ws/install/as2_msgs:/opt/ros/humble LD_LIBRARY_PATH=/home/developer/aerostack2_ws/install/as2_core/lib:/home/developer/aerostack2_ws/install/as2_msgs/lib:${LD_LIBRARY_PATH} PYTHONPATH=/home/developer/aerostack2_ws/install/as2_core/local/lib/python3.10/dist-packages:/home/developer/aerostack2_ws/install/as2_msgs/local/lib/python3.10/dist-packages:${PYTHONPATH} /usr/bin/cmake --build /home/developer/aerostack2_ws/build/as2_map_server -- -j20 -l20
[0.097s] Invoking command in '/home/developer/aerostack2_ws/build/as2_map_server': AMENT_PREFIX_PATH=/home/developer/aerostack2_ws/install/as2_core:/home/developer/aerostack2_ws/install/as2_msgs:${AMENT_PREFIX_PATH} CMAKE_PREFIX_PATH=/home/developer/aerostack2_ws/install/as2_core:/home/developer/aerostack2_ws/install/as2_msgs:/opt/ros/humble LD_LIBRARY_PATH=/home/developer/aerostack2_ws/install/as2_core/lib:/home/developer/aerostack2_ws/install/as2_msgs/lib:${LD_LIBRARY_PATH} PYTHONPATH=/home/developer/aerostack2_ws/install/as2_core/local/lib/python3.10/dist-packages:/home/developer/aerostack2_ws/install/as2_msgs/local/lib/python3.10/dist-packages:${PYTHONPATH} /usr/bin/cmake --install /home/developer/aerostack2_ws/build/as2_map_server
[0.103s] -- Install configuration: "Release"
[0.104s] -- Execute custom install script
[0.104s] -- Up-to-date symlink: /home/developer/aerostack2_ws/install/as2_map_server/include/as2_map_server/map_server.hpp
[0.104s] -- Up-to-date symlink: /home/developer/aerostack2_ws/install/as2_map_server/include/as2_map_server/plugin_base.hpp
[0.104s] -- Up-to-date symlink: /home/developer/aerostack2_ws/install/as2_map_server/share/as2_map_server/environment/library_path.sh
[0.104s] -- Up-to-date symlink: /home/developer/aerostack2_ws/install/as2_map_server/share/as2_map_server/environment/library_path.dsv
[0.105s] -- Up-to-date symlink: /home/developer/aerostack2_ws/install/as2_map_server/include/as2_map_server/map_server.hpp
[0.105s] -- Up-to-date symlink: /home/developer/aerostack2_ws/install/as2_map_server/include/as2_map_server/plugin_base.hpp
[0.105s] -- Up-to-date symlink: /home/developer/aerostack2_ws/install/as2_map_server/lib/as2_map_server/as2_map_server_node
[0.105s] -- Up-to-date symlink: /home/developer/aerostack2_ws/install/as2_map_server/include/scan2occ_grid.hpp
[0.105s] -- Up-to-date symlink: /home/developer/aerostack2_ws/install/as2_map_server/share/as2_map_server//plugins.xml
[0.105s] -- Up-to-date symlink: /home/developer/aerostack2_ws/install/as2_map_server/share/as2_map_server/launch/map_server.launch.py
[0.105s] -- Up-to-date symlink: /home/developer/aerostack2_ws/install/as2_map_server/share/as2_map_server/launch/scan2occ_grid-map_server.launch.py
[0.106s] -- Up-to-date symlink: /home/developer/aerostack2_ws/install/as2_map_server/share/as2_map_server/plugins/scan2occ_grid/config/plugin_default.yaml
[0.106s] -- Up-to-date symlink: /home/developer/aerostack2_ws/install/as2_map_server/share/as2_map_server/launch/depth2occ_grid-map_server.launch.py
[0.107s] -- Up-to-date symlink: /home/developer/aerostack2_ws/install/as2_map_server/share/as2_map_server/plugins/depth2occ_grid/config/plugin_default.yaml
[0.107s] -- Up-to-date symlink: /home/developer/aerostack2_ws/install/as2_map_server/share/as2_map_server/launch/point_cloud2occ_grid-map_server.launch.py
[0.107s] -- Up-to-date symlink: /home/developer/aerostack2_ws/install/as2_map_server/share/as2_map_server/plugins/point_cloud2occ_grid/config/plugin_default.yaml
[0.108s] -- Up-to-date symlink: /home/developer/aerostack2_ws/install/as2_map_server/share/ament_index/resource_index/package_run_dependencies/as2_map_server
[0.108s] -- Up-to-date symlink: /home/developer/aerostack2_ws/install/as2_map_server/share/ament_index/resource_index/parent_prefix_path/as2_map_server
[0.108s] -- Up-to-date symlink: /home/developer/aerostack2_ws/install/as2_map_server/share/as2_map_server/environment/ament_prefix_path.sh
[0.108s] -- Up-to-date symlink: /home/developer/aerostack2_ws/install/as2_map_server/share/as2_map_server/environment/ament_prefix_path.dsv
[0.108s] -- Up-to-date symlink: /home/developer/aerostack2_ws/install/as2_map_server/share/as2_map_server/environment/path.sh
[0.108s] -- Up-to-date symlink: /home/developer/aerostack2_ws/install/as2_map_server/share/as2_map_server/environment/path.dsv
[0.108s] -- Up-to-date symlink: /home/developer/aerostack2_ws/install/as2_map_server/share/as2_map_server/local_setup.bash
[0.108s] -- Up-to-date symlink: /home/developer/aerostack2_ws/install/as2_map_server/share/as2_map_server/local_setup.sh
[0.108s] -- Up-to-date symlink: /home/developer/aerostack2_ws/install/as2_map_server/share/as2_map_server/local_setup.zsh
[0.109s] -- Up-to-date symlink: /home/developer/aerostack2_ws/install/as2_map_server/share/as2_map_server/local_setup.dsv
[0.109s] -- Symlinking: /home/developer/aerostack2_ws/install/as2_map_server/share/as2_map_server/package.dsv
[0.114s] -- Up-to-date symlink: /home/developer/aerostack2_ws/install/as2_map_server/share/ament_index/resource_index/packages/as2_map_server
[0.114s] -- Up-to-date symlink: /home/developer/aerostack2_ws/install/as2_map_server/share/ament_index/resource_index/as2_map_server__pluginlib__plugin/as2_map_server
[0.114s] -- Up-to-date symlink: /home/developer/aerostack2_ws/install/as2_map_server/share/as2_map_server/cmake/ament_cmake_export_libraries-extras.cmake
[0.114s] -- Up-to-date symlink: /home/developer/aerostack2_ws/install/as2_map_server/share/as2_map_server/cmake/ament_cmake_export_targets-extras.cmake
[0.114s] -- Up-to-date symlink: /home/developer/aerostack2_ws/install/as2_map_server/share/as2_map_server/cmake/ament_cmake_export_include_directories-extras.cmake
[0.114s] -- Up-to-date symlink: /home/developer/aerostack2_ws/install/as2_map_server/share/as2_map_server/cmake/as2_map_serverConfig.cmake
[0.114s] -- Up-to-date symlink: /home/developer/aerostack2_ws/install/as2_map_server/share/as2_map_server/cmake/as2_map_serverConfig-version.cmake
[0.114s] -- Up-to-date symlink: /home/developer/aerostack2_ws/install/as2_map_server/share/as2_map_server/package.xml
[0.114s] -- Up-to-date: /home/developer/aerostack2_ws/install/as2_map_server/lib/libas2_map_server_base.so
[0.115s] -- Up-to-date: /home/developer/aerostack2_ws/install/as2_map_server/lib/libas2_map_server.so
[0.115s] -- Up-to-date: /home/developer/aerostack2_ws/install/as2_map_server/share/as2_map_server/cmake/export_as2_map_server_baseExport.cmake
[0.115s] -- Up-to-date: /home/developer/aerostack2_ws/install/as2_map_server/share/as2_map_server/cmake/export_as2_map_server_baseExport-release.cmake
[0.115s] -- Up-to-date: /home/developer/aerostack2_ws/install/as2_map_server/share/as2_map_server/cmake/export_as2_map_serverExport.cmake
[0.115s] -- Up-to-date: /home/developer/aerostack2_ws/install/as2_map_server/share/as2_map_server/cmake/export_as2_map_serverExport-release.cmake
[0.115s] -- Up-to-date: /home/developer/aerostack2_ws/install/as2_map_server/lib/libscan2occ_grid.so
[0.117s] Invoked command in '/home/developer/aerostack2_ws/build/as2_map_server' returned '0': AMENT_PREFIX_PATH=/home/developer/aerostack2_ws/install/as2_core:/home/developer/aerostack2_ws/install/as2_msgs:${AMENT_PREFIX_PATH} CMAKE_PREFIX_PATH=/home/developer/aerostack2_ws/install/as2_core:/home/developer/aerostack2_ws/install/as2_msgs:/opt/ros/humble LD_LIBRARY_PATH=/home/developer/aerostack2_ws/install/as2_core/lib:/home/developer/aerostack2_ws/install/as2_msgs/lib:${LD_LIBRARY_PATH} PYTHONPATH=/home/developer/aerostack2_ws/install/as2_core/local/lib/python3.10/dist-packages:/home/developer/aerostack2_ws/install/as2_msgs/local/lib/python3.10/dist-packages:${PYTHONPATH} /usr/bin/cmake --install /home/developer/aerostack2_ws/build/as2_map_server
