[0.009s] Invoking command in '/home/developer/aerostack2_ws/build/as2_usb_camera_interface': AMENT_PREFIX_PATH=/home/developer/aerostack2_ws/install/as2_core:/home/developer/aerostack2_ws/install/as2_msgs:${AMENT_PREFIX_PATH} CMAKE_PREFIX_PATH=/home/developer/aerostack2_ws/install/as2_core:/home/developer/aerostack2_ws/install/as2_msgs:/opt/ros/humble LD_LIBRARY_PATH=/home/developer/aerostack2_ws/install/as2_core/lib:/home/developer/aerostack2_ws/install/as2_msgs/lib:${LD_LIBRARY_PATH} PYTHONPATH=/home/developer/aerostack2_ws/install/as2_core/local/lib/python3.10/dist-packages:/home/developer/aerostack2_ws/install/as2_msgs/local/lib/python3.10/dist-packages:${PYTHONPATH} /usr/bin/cmake --build /home/developer/aerostack2_ws/build/as2_usb_camera_interface -- -j20 -l20
[0.045s] [35m[1mConsolidate compiler generated dependencies of target gtest[0m
[0.046s] [35m[1mConsolidate compiler generated dependencies of target as2_usb_camera_interface[0m
[0.047s] [35m[1mConsolidate compiler generated dependencies of target as2_usb_camera_interface_node[0m
[0.054s] [ 18%] Built target gtest
[0.055s] [ 36%] Built target gtest_main
[0.063s] [ 54%] Built target as2_usb_camera_interface
[0.064s] [ 81%] Built target as2_usb_camera_interface_node
[0.074s] [35m[1mConsolidate compiler generated dependencies of target as2_usb_camera_interface_as2_usb_camera_interface_gtest[0m
[0.089s] [100%] Built target as2_usb_camera_interface_as2_usb_camera_interface_gtest
[0.099s] Invoked command in '/home/developer/aerostack2_ws/build/as2_usb_camera_interface' returned '0': AMENT_PREFIX_PATH=/home/developer/aerostack2_ws/install/as2_core:/home/developer/aerostack2_ws/install/as2_msgs:${AMENT_PREFIX_PATH} CMAKE_PREFIX_PATH=/home/developer/aerostack2_ws/install/as2_core:/home/developer/aerostack2_ws/install/as2_msgs:/opt/ros/humble LD_LIBRARY_PATH=/home/developer/aerostack2_ws/install/as2_core/lib:/home/developer/aerostack2_ws/install/as2_msgs/lib:${LD_LIBRARY_PATH} PYTHONPATH=/home/developer/aerostack2_ws/install/as2_core/local/lib/python3.10/dist-packages:/home/developer/aerostack2_ws/install/as2_msgs/local/lib/python3.10/dist-packages:${PYTHONPATH} /usr/bin/cmake --build /home/developer/aerostack2_ws/build/as2_usb_camera_interface -- -j20 -l20
[0.099s] Invoking command in '/home/developer/aerostack2_ws/build/as2_usb_camera_interface': AMENT_PREFIX_PATH=/home/developer/aerostack2_ws/install/as2_core:/home/developer/aerostack2_ws/install/as2_msgs:${AMENT_PREFIX_PATH} CMAKE_PREFIX_PATH=/home/developer/aerostack2_ws/install/as2_core:/home/developer/aerostack2_ws/install/as2_msgs:/opt/ros/humble LD_LIBRARY_PATH=/home/developer/aerostack2_ws/install/as2_core/lib:/home/developer/aerostack2_ws/install/as2_msgs/lib:${LD_LIBRARY_PATH} PYTHONPATH=/home/developer/aerostack2_ws/install/as2_core/local/lib/python3.10/dist-packages:/home/developer/aerostack2_ws/install/as2_msgs/local/lib/python3.10/dist-packages:${PYTHONPATH} /usr/bin/cmake --install /home/developer/aerostack2_ws/build/as2_usb_camera_interface
[0.107s] -- Install configuration: "Release"
[0.107s] -- Execute custom install script
[0.107s] -- Up-to-date symlink: /home/developer/aerostack2_ws/install/as2_usb_camera_interface/include/as2_usb_camera_interface/as2_usb_camera_interface.hpp
[0.108s] -- Up-to-date symlink: /home/developer/aerostack2_ws/install/as2_usb_camera_interface/share/as2_usb_camera_interface/launch/as2_usb_camera_interface_launch.py
[0.108s] -- Up-to-date symlink: /home/developer/aerostack2_ws/install/as2_usb_camera_interface/share/as2_usb_camera_interface/config/as2_usb_camera_interface/camera_info.yaml
[0.108s] -- Up-to-date symlink: /home/developer/aerostack2_ws/install/as2_usb_camera_interface/share/as2_usb_camera_interface/config/as2_usb_camera_interface/wide02_720_info.yaml
[0.109s] -- Up-to-date symlink: /home/developer/aerostack2_ws/install/as2_usb_camera_interface/share/as2_usb_camera_interface/config/as2_usb_camera_interface/wide03_1080_info.yaml
[0.109s] -- Up-to-date symlink: /home/developer/aerostack2_ws/install/as2_usb_camera_interface/share/as2_usb_camera_interface/config/as2_usb_camera_interface/wide03_720_info.yaml
[0.109s] -- Up-to-date symlink: /home/developer/aerostack2_ws/install/as2_usb_camera_interface/share/as2_usb_camera_interface/config/camera_calibration_default.yaml
[0.109s] -- Up-to-date symlink: /home/developer/aerostack2_ws/install/as2_usb_camera_interface/share/as2_usb_camera_interface/config/config_file_default.yaml
[0.109s] -- Up-to-date symlink: /home/developer/aerostack2_ws/install/as2_usb_camera_interface/share/as2_usb_camera_interface/config/tf_cam/f330_arguments.yaml
[0.110s] -- Up-to-date symlink: /home/developer/aerostack2_ws/install/as2_usb_camera_interface/share/as2_usb_camera_interface/config/tf_cam/f450_arguments.yaml
[0.110s] -- Up-to-date symlink: /home/developer/aerostack2_ws/install/as2_usb_camera_interface/share/as2_usb_camera_interface/config/tf_cam/sim_arguments.yaml
[0.110s] -- Up-to-date symlink: /home/developer/aerostack2_ws/install/as2_usb_camera_interface/lib/as2_usb_camera_interface/as2_usb_camera_interface_node
[0.110s] -- Up-to-date symlink: /home/developer/aerostack2_ws/install/as2_usb_camera_interface/share/ament_index/resource_index/package_run_dependencies/as2_usb_camera_interface
[0.110s] -- Up-to-date symlink: /home/developer/aerostack2_ws/install/as2_usb_camera_interface/share/ament_index/resource_index/parent_prefix_path/as2_usb_camera_interface
[0.111s] -- Up-to-date symlink: /home/developer/aerostack2_ws/install/as2_usb_camera_interface/share/as2_usb_camera_interface/environment/ament_prefix_path.sh
[0.111s] -- Up-to-date symlink: /home/developer/aerostack2_ws/install/as2_usb_camera_interface/share/as2_usb_camera_interface/environment/ament_prefix_path.dsv
[0.112s] -- Up-to-date symlink: /home/developer/aerostack2_ws/install/as2_usb_camera_interface/share/as2_usb_camera_interface/environment/path.sh
[0.112s] -- Up-to-date symlink: /home/developer/aerostack2_ws/install/as2_usb_camera_interface/share/as2_usb_camera_interface/environment/path.dsv
[0.112s] -- Up-to-date symlink: /home/developer/aerostack2_ws/install/as2_usb_camera_interface/share/as2_usb_camera_interface/local_setup.bash
[0.112s] -- Up-to-date symlink: /home/developer/aerostack2_ws/install/as2_usb_camera_interface/share/as2_usb_camera_interface/local_setup.sh
[0.112s] -- Up-to-date symlink: /home/developer/aerostack2_ws/install/as2_usb_camera_interface/share/as2_usb_camera_interface/local_setup.zsh
[0.112s] -- Up-to-date symlink: /home/developer/aerostack2_ws/install/as2_usb_camera_interface/share/as2_usb_camera_interface/local_setup.dsv
[0.112s] -- Symlinking: /home/developer/aerostack2_ws/install/as2_usb_camera_interface/share/as2_usb_camera_interface/package.dsv
[0.118s] -- Up-to-date symlink: /home/developer/aerostack2_ws/install/as2_usb_camera_interface/share/ament_index/resource_index/packages/as2_usb_camera_interface
[0.118s] -- Up-to-date symlink: /home/developer/aerostack2_ws/install/as2_usb_camera_interface/share/as2_usb_camera_interface/cmake/as2_usb_camera_interfaceConfig.cmake
[0.118s] -- Up-to-date symlink: /home/developer/aerostack2_ws/install/as2_usb_camera_interface/share/as2_usb_camera_interface/cmake/as2_usb_camera_interfaceConfig-version.cmake
[0.119s] -- Up-to-date symlink: /home/developer/aerostack2_ws/install/as2_usb_camera_interface/share/as2_usb_camera_interface/package.xml
[0.119s] -- Up-to-date: /home/developer/aerostack2_ws/install/as2_usb_camera_interface/lib/libas2_usb_camera_interface.a
[0.121s] Invoked command in '/home/developer/aerostack2_ws/build/as2_usb_camera_interface' returned '0': AMENT_PREFIX_PATH=/home/developer/aerostack2_ws/install/as2_core:/home/developer/aerostack2_ws/install/as2_msgs:${AMENT_PREFIX_PATH} CMAKE_PREFIX_PATH=/home/developer/aerostack2_ws/install/as2_core:/home/developer/aerostack2_ws/install/as2_msgs:/opt/ros/humble LD_LIBRARY_PATH=/home/developer/aerostack2_ws/install/as2_core/lib:/home/developer/aerostack2_ws/install/as2_msgs/lib:${LD_LIBRARY_PATH} PYTHONPATH=/home/developer/aerostack2_ws/install/as2_core/local/lib/python3.10/dist-packages:/home/developer/aerostack2_ws/install/as2_msgs/local/lib/python3.10/dist-packages:${PYTHONPATH} /usr/bin/cmake --install /home/developer/aerostack2_ws/build/as2_usb_camera_interface
