[35m[1mConsolidate compiler generated dependencies of target gtest_main[0m
[  4%] [32mBuilding CXX object gtest/CMakeFiles/gtest.dir/src/gtest-all.cc.o[0m
[  8%] Built target as2_state_estimator_plugin_base
[ 13%] [32mBuilding CXX object CMakeFiles/as2_state_estimator.dir/src/as2_state_estimator.cpp.o[0m
[ 21%] Built target gtest_main
[ 26%] [32m[1mLinking CXX static library libgtest.a[0m
[ 26%] Built target gtest
[ 30%] [32m[1mLinking CXX shared library libas2_state_estimator.so[0m
[ 30%] Built target as2_state_estimator
[ 34%] [32mBuilding CXX object plugins/mocap_pose/CMakeFiles/mocap_pose.dir/src/mocap_pose.cpp.o[0m
[ 43%] [32mBuilding CXX object tests/CMakeFiles/as2_state_estimator_as2_state_estimator_gtest.dir/as2_state_estimator_gtest.cpp.o[0m
[ 43%] [32mBuilding CXX object plugins/ground_truth_odometry_fuse/CMakeFiles/ground_truth_odometry_fuse.dir/src/ground_truth_odometry_fuse.cpp.o[0m
[ 47%] [32mBuilding CXX object plugins/ground_truth/CMakeFiles/ground_truth.dir/src/ground_truth.cpp.o[0m
[ 52%] [32mBuilding CXX object CMakeFiles/as2_state_estimator_node.dir/src/as2_state_estimator_node.cpp.o[0m
[ 56%] [32mBuilding CXX object plugins/raw_odometry/CMakeFiles/raw_odometry.dir/src/raw_odometry.cpp.o[0m
[ 60%] [32m[1mLinking CXX executable as2_state_estimator_node[0m
[ 60%] Built target as2_state_estimator_node
[ 65%] [32m[1mLinking CXX executable as2_state_estimator_as2_state_estimator_gtest[0m
[ 65%] Built target as2_state_estimator_as2_state_estimator_gtest
[ 69%] [32m[1mLinking CXX shared library libmocap_pose.so[0m
[ 69%] Built target mocap_pose
[ 73%] [32mBuilding CXX object plugins/mocap_pose/tests/CMakeFiles/as2_state_estimator_mocap_gtest.dir/mocap_gtest.cpp.o[0m
[ 78%] [32m[1mLinking CXX shared library libraw_odometry.so[0m
[ 78%] Built target raw_odometry
[ 82%] [32m[1mLinking CXX shared library libground_truth.so[0m
[ 82%] Built target ground_truth
[ 86%] [32m[1mLinking CXX shared library libground_truth_odometry_fuse.so[0m
[ 91%] [32m[1mLinking CXX executable as2_state_estimator_mocap_gtest[0m
[ 91%] Built target ground_truth_odometry_fuse
[ 95%] [32mBuilding CXX object plugins/ground_truth_odometry_fuse/tests/CMakeFiles/as2_state_estimator_ground_truth_odometry_fuse_gtest.dir/ground_truth_odometry_fuse_gtest.cpp.o[0m
[ 95%] Built target as2_state_estimator_mocap_gtest
[100%] [32m[1mLinking CXX executable as2_state_estimator_ground_truth_odometry_fuse_gtest[0m
[100%] Built target as2_state_estimator_ground_truth_odometry_fuse_gtest
-- Install configuration: "Release"
-- Execute custom install script
-- Symlinking: /home/developer/aerostack2_ws/install/as2_state_estimator/lib/as2_state_estimator/as2_state_estimator_node
-- Symlinking: /home/developer/aerostack2_ws/install/as2_state_estimator/include/as2_state_estimator/as2_state_estimator.hpp
-- Symlinking: /home/developer/aerostack2_ws/install/as2_state_estimator/include/as2_state_estimator/plugin_base.hpp
-- Symlinking: /home/developer/aerostack2_ws/install/as2_state_estimator/include/raw_odometry.hpp
-- Symlinking: /home/developer/aerostack2_ws/install/as2_state_estimator/share/as2_state_estimator/environment/library_path.sh
-- Symlinking: /home/developer/aerostack2_ws/install/as2_state_estimator/share/as2_state_estimator/environment/library_path.dsv
-- Symlinking: /home/developer/aerostack2_ws/install/as2_state_estimator/include/ground_truth.hpp
-- Up-to-date symlink: /home/developer/aerostack2_ws/install/as2_state_estimator/share/as2_state_estimator/environment/library_path.sh
-- Up-to-date symlink: /home/developer/aerostack2_ws/install/as2_state_estimator/share/as2_state_estimator/environment/library_path.dsv
-- Symlinking: /home/developer/aerostack2_ws/install/as2_state_estimator/include/mocap_pose.hpp
-- Up-to-date symlink: /home/developer/aerostack2_ws/install/as2_state_estimator/share/as2_state_estimator/environment/library_path.sh
-- Up-to-date symlink: /home/developer/aerostack2_ws/install/as2_state_estimator/share/as2_state_estimator/environment/library_path.dsv
-- Symlinking: /home/developer/aerostack2_ws/install/as2_state_estimator/include/ground_truth_odometry_fuse.hpp
-- Up-to-date symlink: /home/developer/aerostack2_ws/install/as2_state_estimator/share/as2_state_estimator/environment/library_path.sh
-- Up-to-date symlink: /home/developer/aerostack2_ws/install/as2_state_estimator/share/as2_state_estimator/environment/library_path.dsv
-- Symlinking: /home/developer/aerostack2_ws/install/as2_state_estimator/share/as2_state_estimator//plugins.xml
-- Symlinking: /home/developer/aerostack2_ws/install/as2_state_estimator/share/as2_state_estimator/plugins/raw_odometry/config/plugin_default.yaml
-- Symlinking: /home/developer/aerostack2_ws/install/as2_state_estimator/share/as2_state_estimator/plugins/ground_truth/config/plugin_default.yaml
-- Symlinking: /home/developer/aerostack2_ws/install/as2_state_estimator/share/as2_state_estimator/plugins/mocap_pose/config/plugin_default.yaml
-- Symlinking: /home/developer/aerostack2_ws/install/as2_state_estimator/share/as2_state_estimator/plugins/ground_truth_odometry_fuse/config/plugin_default.yaml
-- Symlinking: /home/developer/aerostack2_ws/install/as2_state_estimator/share/as2_state_estimator/launch/ground_truth_odometry_fuse_state_estimator.launch.py
-- Symlinking: /home/developer/aerostack2_ws/install/as2_state_estimator/share/as2_state_estimator/launch/ground_truth_state_estimator.launch.py
-- Symlinking: /home/developer/aerostack2_ws/install/as2_state_estimator/share/as2_state_estimator/launch/mocap_pose_state_estimator.launch.py
-- Symlinking: /home/developer/aerostack2_ws/install/as2_state_estimator/share/as2_state_estimator/launch/raw_odometry_state_estimator.launch.py
-- Symlinking: /home/developer/aerostack2_ws/install/as2_state_estimator/share/as2_state_estimator/launch/state_estimator_launch.py
-- Symlinking: /home/developer/aerostack2_ws/install/as2_state_estimator/share/as2_state_estimator/config/state_estimator_default.yaml
-- Symlinking: /home/developer/aerostack2_ws/install/as2_state_estimator/share/ament_index/resource_index/package_run_dependencies/as2_state_estimator
-- Symlinking: /home/developer/aerostack2_ws/install/as2_state_estimator/share/ament_index/resource_index/parent_prefix_path/as2_state_estimator
-- Symlinking: /home/developer/aerostack2_ws/install/as2_state_estimator/share/as2_state_estimator/environment/ament_prefix_path.sh
-- Symlinking: /home/developer/aerostack2_ws/install/as2_state_estimator/share/as2_state_estimator/environment/ament_prefix_path.dsv
-- Symlinking: /home/developer/aerostack2_ws/install/as2_state_estimator/share/as2_state_estimator/environment/path.sh
-- Symlinking: /home/developer/aerostack2_ws/install/as2_state_estimator/share/as2_state_estimator/environment/path.dsv
-- Symlinking: /home/developer/aerostack2_ws/install/as2_state_estimator/share/as2_state_estimator/local_setup.bash
-- Symlinking: /home/developer/aerostack2_ws/install/as2_state_estimator/share/as2_state_estimator/local_setup.sh
-- Symlinking: /home/developer/aerostack2_ws/install/as2_state_estimator/share/as2_state_estimator/local_setup.zsh
-- Symlinking: /home/developer/aerostack2_ws/install/as2_state_estimator/share/as2_state_estimator/local_setup.dsv
-- Symlinking: /home/developer/aerostack2_ws/install/as2_state_estimator/share/as2_state_estimator/package.dsv
-- Symlinking: /home/developer/aerostack2_ws/install/as2_state_estimator/share/ament_index/resource_index/packages/as2_state_estimator
-- Symlinking: /home/developer/aerostack2_ws/install/as2_state_estimator/share/ament_index/resource_index/as2_state_estimator__pluginlib__plugin/as2_state_estimator
-- Symlinking: /home/developer/aerostack2_ws/install/as2_state_estimator/share/as2_state_estimator/cmake/as2_state_estimatorConfig.cmake
-- Symlinking: /home/developer/aerostack2_ws/install/as2_state_estimator/share/as2_state_estimator/cmake/as2_state_estimatorConfig-version.cmake
-- Symlinking: /home/developer/aerostack2_ws/install/as2_state_estimator/share/as2_state_estimator/package.xml
-- Installing: /home/developer/aerostack2_ws/install/as2_state_estimator/lib/libas2_state_estimator.so
-- Set runtime path of "/home/developer/aerostack2_ws/install/as2_state_estimator/lib/libas2_state_estimator.so" to ""
-- Installing: /home/developer/aerostack2_ws/install/as2_state_estimator/lib/libas2_state_estimator_plugin_base.so
-- Set runtime path of "/home/developer/aerostack2_ws/install/as2_state_estimator/lib/libas2_state_estimator_plugin_base.so" to ""
-- Installing: /home/developer/aerostack2_ws/install/as2_state_estimator/lib/libraw_odometry.so
-- Set runtime path of "/home/developer/aerostack2_ws/install/as2_state_estimator/lib/libraw_odometry.so" to ""
-- Installing: /home/developer/aerostack2_ws/install/as2_state_estimator/lib/libground_truth.so
-- Set runtime path of "/home/developer/aerostack2_ws/install/as2_state_estimator/lib/libground_truth.so" to ""
-- Installing: /home/developer/aerostack2_ws/install/as2_state_estimator/lib/libmocap_pose.so
-- Set runtime path of "/home/developer/aerostack2_ws/install/as2_state_estimator/lib/libmocap_pose.so" to ""
-- Installing: /home/developer/aerostack2_ws/install/as2_state_estimator/lib/libground_truth_odometry_fuse.so
-- Set runtime path of "/home/developer/aerostack2_ws/install/as2_state_estimator/lib/libground_truth_odometry_fuse.so" to ""
