[0.009s] Invoking command in '/home/developer/aerostack2_ws/build/as2_state_estimator': AMENT_PREFIX_PATH=/home/developer/aerostack2_ws/install/as2_core:/home/developer/aerostack2_ws/install/as2_msgs:${AMENT_PREFIX_PATH} CMAKE_PREFIX_PATH=/home/developer/aerostack2_ws/install/as2_core:/home/developer/aerostack2_ws/install/as2_msgs:/opt/ros/humble LD_LIBRARY_PATH=/home/developer/aerostack2_ws/install/as2_core/lib:/home/developer/aerostack2_ws/install/as2_msgs/lib:${LD_LIBRARY_PATH} PYTHONPATH=/home/developer/aerostack2_ws/install/as2_core/local/lib/python3.10/dist-packages:/home/developer/aerostack2_ws/install/as2_msgs/local/lib/python3.10/dist-packages:${PYTHONPATH} /usr/bin/cmake --build /home/developer/aerostack2_ws/build/as2_state_estimator -- -j20 -l20
[0.047s] [35m[1mConsolidate compiler generated dependencies of target gtest_main[0m
[0.053s] [  4%] [32mBuilding CXX object gtest/CMakeFiles/gtest.dir/src/gtest-all.cc.o[0m
[0.053s] [  8%] Built target as2_state_estimator_plugin_base
[0.055s] [ 13%] [32mBuilding CXX object CMakeFiles/as2_state_estimator.dir/src/as2_state_estimator.cpp.o[0m
[0.056s] [ 21%] Built target gtest_main
[4.295s] [ 26%] [32m[1mLinking CXX static library libgtest.a[0m
[4.325s] [ 26%] Built target gtest
[7.069s] [ 30%] [32m[1mLinking CXX shared library libas2_state_estimator.so[0m
[7.186s] [ 30%] Built target as2_state_estimator
[7.205s] [ 34%] [32mBuilding CXX object plugins/mocap_pose/CMakeFiles/mocap_pose.dir/src/mocap_pose.cpp.o[0m
[7.206s] [ 43%] [32mBuilding CXX object tests/CMakeFiles/as2_state_estimator_as2_state_estimator_gtest.dir/as2_state_estimator_gtest.cpp.o[0m
[7.206s] [ 43%] [32mBuilding CXX object plugins/ground_truth_odometry_fuse/CMakeFiles/ground_truth_odometry_fuse.dir/src/ground_truth_odometry_fuse.cpp.o[0m
[7.206s] [ 47%] [32mBuilding CXX object plugins/ground_truth/CMakeFiles/ground_truth.dir/src/ground_truth.cpp.o[0m
[7.207s] [ 52%] [32mBuilding CXX object CMakeFiles/as2_state_estimator_node.dir/src/as2_state_estimator_node.cpp.o[0m
[7.207s] [ 56%] [32mBuilding CXX object plugins/raw_odometry/CMakeFiles/raw_odometry.dir/src/raw_odometry.cpp.o[0m
[10.744s] [ 60%] [32m[1mLinking CXX executable as2_state_estimator_node[0m
[10.856s] [ 60%] Built target as2_state_estimator_node
[11.546s] [ 65%] [32m[1mLinking CXX executable as2_state_estimator_as2_state_estimator_gtest[0m
[11.674s] [ 65%] Built target as2_state_estimator_as2_state_estimator_gtest
[14.585s] [ 69%] [32m[1mLinking CXX shared library libmocap_pose.so[0m
[14.735s] [ 69%] Built target mocap_pose
[14.754s] [ 73%] [32mBuilding CXX object plugins/mocap_pose/tests/CMakeFiles/as2_state_estimator_mocap_gtest.dir/mocap_gtest.cpp.o[0m
[17.420s] [ 78%] [32m[1mLinking CXX shared library libraw_odometry.so[0m
[17.597s] [ 78%] Built target raw_odometry
[19.194s] [ 82%] [32m[1mLinking CXX shared library libground_truth.so[0m
[19.391s] [ 82%] Built target ground_truth
[19.948s] [ 86%] [32m[1mLinking CXX shared library libground_truth_odometry_fuse.so[0m
[20.045s] [ 91%] [32m[1mLinking CXX executable as2_state_estimator_mocap_gtest[0m
[20.127s] [ 91%] Built target ground_truth_odometry_fuse
[20.144s] [ 95%] [32mBuilding CXX object plugins/ground_truth_odometry_fuse/tests/CMakeFiles/as2_state_estimator_ground_truth_odometry_fuse_gtest.dir/ground_truth_odometry_fuse_gtest.cpp.o[0m
[20.175s] [ 95%] Built target as2_state_estimator_mocap_gtest
[26.753s] [100%] [32m[1mLinking CXX executable as2_state_estimator_ground_truth_odometry_fuse_gtest[0m
[26.863s] [100%] Built target as2_state_estimator_ground_truth_odometry_fuse_gtest
[26.873s] Invoked command in '/home/developer/aerostack2_ws/build/as2_state_estimator' returned '0': AMENT_PREFIX_PATH=/home/developer/aerostack2_ws/install/as2_core:/home/developer/aerostack2_ws/install/as2_msgs:${AMENT_PREFIX_PATH} CMAKE_PREFIX_PATH=/home/developer/aerostack2_ws/install/as2_core:/home/developer/aerostack2_ws/install/as2_msgs:/opt/ros/humble LD_LIBRARY_PATH=/home/developer/aerostack2_ws/install/as2_core/lib:/home/developer/aerostack2_ws/install/as2_msgs/lib:${LD_LIBRARY_PATH} PYTHONPATH=/home/developer/aerostack2_ws/install/as2_core/local/lib/python3.10/dist-packages:/home/developer/aerostack2_ws/install/as2_msgs/local/lib/python3.10/dist-packages:${PYTHONPATH} /usr/bin/cmake --build /home/developer/aerostack2_ws/build/as2_state_estimator -- -j20 -l20
[26.874s] Invoking command in '/home/developer/aerostack2_ws/build/as2_state_estimator': AMENT_PREFIX_PATH=/home/developer/aerostack2_ws/install/as2_core:/home/developer/aerostack2_ws/install/as2_msgs:${AMENT_PREFIX_PATH} CMAKE_PREFIX_PATH=/home/developer/aerostack2_ws/install/as2_core:/home/developer/aerostack2_ws/install/as2_msgs:/opt/ros/humble LD_LIBRARY_PATH=/home/developer/aerostack2_ws/install/as2_core/lib:/home/developer/aerostack2_ws/install/as2_msgs/lib:${LD_LIBRARY_PATH} PYTHONPATH=/home/developer/aerostack2_ws/install/as2_core/local/lib/python3.10/dist-packages:/home/developer/aerostack2_ws/install/as2_msgs/local/lib/python3.10/dist-packages:${PYTHONPATH} /usr/bin/cmake --install /home/developer/aerostack2_ws/build/as2_state_estimator
[26.880s] -- Install configuration: "Release"
[26.880s] -- Execute custom install script
[26.881s] -- Symlinking: /home/developer/aerostack2_ws/install/as2_state_estimator/lib/as2_state_estimator/as2_state_estimator_node
[26.887s] -- Symlinking: /home/developer/aerostack2_ws/install/as2_state_estimator/include/as2_state_estimator/as2_state_estimator.hpp
[26.894s] -- Symlinking: /home/developer/aerostack2_ws/install/as2_state_estimator/include/as2_state_estimator/plugin_base.hpp
[26.900s] -- Symlinking: /home/developer/aerostack2_ws/install/as2_state_estimator/include/raw_odometry.hpp
[26.907s] -- Symlinking: /home/developer/aerostack2_ws/install/as2_state_estimator/share/as2_state_estimator/environment/library_path.sh
[26.911s] -- Symlinking: /home/developer/aerostack2_ws/install/as2_state_estimator/share/as2_state_estimator/environment/library_path.dsv
[26.918s] -- Symlinking: /home/developer/aerostack2_ws/install/as2_state_estimator/include/ground_truth.hpp
[26.923s] -- Up-to-date symlink: /home/developer/aerostack2_ws/install/as2_state_estimator/share/as2_state_estimator/environment/library_path.sh
[26.923s] -- Up-to-date symlink: /home/developer/aerostack2_ws/install/as2_state_estimator/share/as2_state_estimator/environment/library_path.dsv
[26.923s] -- Symlinking: /home/developer/aerostack2_ws/install/as2_state_estimator/include/mocap_pose.hpp
[26.928s] -- Up-to-date symlink: /home/developer/aerostack2_ws/install/as2_state_estimator/share/as2_state_estimator/environment/library_path.sh
[26.928s] -- Up-to-date symlink: /home/developer/aerostack2_ws/install/as2_state_estimator/share/as2_state_estimator/environment/library_path.dsv
[26.928s] -- Symlinking: /home/developer/aerostack2_ws/install/as2_state_estimator/include/ground_truth_odometry_fuse.hpp
[26.936s] -- Up-to-date symlink: /home/developer/aerostack2_ws/install/as2_state_estimator/share/as2_state_estimator/environment/library_path.sh
[26.936s] -- Up-to-date symlink: /home/developer/aerostack2_ws/install/as2_state_estimator/share/as2_state_estimator/environment/library_path.dsv
[26.936s] -- Symlinking: /home/developer/aerostack2_ws/install/as2_state_estimator/share/as2_state_estimator//plugins.xml
[26.943s] -- Symlinking: /home/developer/aerostack2_ws/install/as2_state_estimator/share/as2_state_estimator/plugins/raw_odometry/config/plugin_default.yaml
[26.948s] -- Symlinking: /home/developer/aerostack2_ws/install/as2_state_estimator/share/as2_state_estimator/plugins/ground_truth/config/plugin_default.yaml
[26.956s] -- Symlinking: /home/developer/aerostack2_ws/install/as2_state_estimator/share/as2_state_estimator/plugins/mocap_pose/config/plugin_default.yaml
[26.962s] -- Symlinking: /home/developer/aerostack2_ws/install/as2_state_estimator/share/as2_state_estimator/plugins/ground_truth_odometry_fuse/config/plugin_default.yaml
[26.969s] -- Symlinking: /home/developer/aerostack2_ws/install/as2_state_estimator/share/as2_state_estimator/launch/ground_truth_odometry_fuse_state_estimator.launch.py
[26.974s] -- Symlinking: /home/developer/aerostack2_ws/install/as2_state_estimator/share/as2_state_estimator/launch/ground_truth_state_estimator.launch.py
[26.979s] -- Symlinking: /home/developer/aerostack2_ws/install/as2_state_estimator/share/as2_state_estimator/launch/mocap_pose_state_estimator.launch.py
[26.986s] -- Symlinking: /home/developer/aerostack2_ws/install/as2_state_estimator/share/as2_state_estimator/launch/raw_odometry_state_estimator.launch.py
[26.991s] -- Symlinking: /home/developer/aerostack2_ws/install/as2_state_estimator/share/as2_state_estimator/launch/state_estimator_launch.py
[26.998s] -- Symlinking: /home/developer/aerostack2_ws/install/as2_state_estimator/share/as2_state_estimator/config/state_estimator_default.yaml
[27.003s] -- Symlinking: /home/developer/aerostack2_ws/install/as2_state_estimator/share/ament_index/resource_index/package_run_dependencies/as2_state_estimator
[27.009s] -- Symlinking: /home/developer/aerostack2_ws/install/as2_state_estimator/share/ament_index/resource_index/parent_prefix_path/as2_state_estimator
[27.013s] -- Symlinking: /home/developer/aerostack2_ws/install/as2_state_estimator/share/as2_state_estimator/environment/ament_prefix_path.sh
[27.020s] -- Symlinking: /home/developer/aerostack2_ws/install/as2_state_estimator/share/as2_state_estimator/environment/ament_prefix_path.dsv
[27.028s] -- Symlinking: /home/developer/aerostack2_ws/install/as2_state_estimator/share/as2_state_estimator/environment/path.sh
[27.034s] -- Symlinking: /home/developer/aerostack2_ws/install/as2_state_estimator/share/as2_state_estimator/environment/path.dsv
[27.041s] -- Symlinking: /home/developer/aerostack2_ws/install/as2_state_estimator/share/as2_state_estimator/local_setup.bash
[27.046s] -- Symlinking: /home/developer/aerostack2_ws/install/as2_state_estimator/share/as2_state_estimator/local_setup.sh
[27.050s] -- Symlinking: /home/developer/aerostack2_ws/install/as2_state_estimator/share/as2_state_estimator/local_setup.zsh
[27.055s] -- Symlinking: /home/developer/aerostack2_ws/install/as2_state_estimator/share/as2_state_estimator/local_setup.dsv
[27.061s] -- Symlinking: /home/developer/aerostack2_ws/install/as2_state_estimator/share/as2_state_estimator/package.dsv
[27.068s] -- Symlinking: /home/developer/aerostack2_ws/install/as2_state_estimator/share/ament_index/resource_index/packages/as2_state_estimator
[27.074s] -- Symlinking: /home/developer/aerostack2_ws/install/as2_state_estimator/share/ament_index/resource_index/as2_state_estimator__pluginlib__plugin/as2_state_estimator
[27.080s] -- Symlinking: /home/developer/aerostack2_ws/install/as2_state_estimator/share/as2_state_estimator/cmake/as2_state_estimatorConfig.cmake
[27.087s] -- Symlinking: /home/developer/aerostack2_ws/install/as2_state_estimator/share/as2_state_estimator/cmake/as2_state_estimatorConfig-version.cmake
[27.092s] -- Symlinking: /home/developer/aerostack2_ws/install/as2_state_estimator/share/as2_state_estimator/package.xml
[27.097s] -- Installing: /home/developer/aerostack2_ws/install/as2_state_estimator/lib/libas2_state_estimator.so
[27.097s] -- Set runtime path of "/home/developer/aerostack2_ws/install/as2_state_estimator/lib/libas2_state_estimator.so" to ""
[27.097s] -- Installing: /home/developer/aerostack2_ws/install/as2_state_estimator/lib/libas2_state_estimator_plugin_base.so
[27.097s] -- Set runtime path of "/home/developer/aerostack2_ws/install/as2_state_estimator/lib/libas2_state_estimator_plugin_base.so" to ""
[27.099s] -- Installing: /home/developer/aerostack2_ws/install/as2_state_estimator/lib/libraw_odometry.so
[27.100s] -- Set runtime path of "/home/developer/aerostack2_ws/install/as2_state_estimator/lib/libraw_odometry.so" to ""
[27.100s] -- Installing: /home/developer/aerostack2_ws/install/as2_state_estimator/lib/libground_truth.so
[27.101s] -- Set runtime path of "/home/developer/aerostack2_ws/install/as2_state_estimator/lib/libground_truth.so" to ""
[27.101s] -- Installing: /home/developer/aerostack2_ws/install/as2_state_estimator/lib/libmocap_pose.so
[27.102s] -- Set runtime path of "/home/developer/aerostack2_ws/install/as2_state_estimator/lib/libmocap_pose.so" to ""
[27.102s] -- Installing: /home/developer/aerostack2_ws/install/as2_state_estimator/lib/libground_truth_odometry_fuse.so
[27.103s] -- Set runtime path of "/home/developer/aerostack2_ws/install/as2_state_estimator/lib/libground_truth_odometry_fuse.so" to ""
[27.105s] Invoked command in '/home/developer/aerostack2_ws/build/as2_state_estimator' returned '0': AMENT_PREFIX_PATH=/home/developer/aerostack2_ws/install/as2_core:/home/developer/aerostack2_ws/install/as2_msgs:${AMENT_PREFIX_PATH} CMAKE_PREFIX_PATH=/home/developer/aerostack2_ws/install/as2_core:/home/developer/aerostack2_ws/install/as2_msgs:/opt/ros/humble LD_LIBRARY_PATH=/home/developer/aerostack2_ws/install/as2_core/lib:/home/developer/aerostack2_ws/install/as2_msgs/lib:${LD_LIBRARY_PATH} PYTHONPATH=/home/developer/aerostack2_ws/install/as2_core/local/lib/python3.10/dist-packages:/home/developer/aerostack2_ws/install/as2_msgs/local/lib/python3.10/dist-packages:${PYTHONPATH} /usr/bin/cmake --install /home/developer/aerostack2_ws/build/as2_state_estimator
