[0.355s] Invoking command in '/home/developer/aerostack2_ws/build/as2_visualization': AMENT_PREFIX_PATH=/home/developer/aerostack2_ws/install/as2_gazebo_assets:/home/developer/aerostack2_ws/install/as2_core:/home/developer/aerostack2_ws/install/as2_msgs:${AMENT_PREFIX_PATH} CMAKE_PREFIX_PATH=/home/developer/aerostack2_ws/install/as2_gazebo_assets:/home/developer/aerostack2_ws/install/as2_core:/home/developer/aerostack2_ws/install/as2_msgs GZ_SIM_RESOURCE_PATH=/home/developer/aerostack2_ws/install/as2_gazebo_assets/share/as2_ign_gazebo_assets/worlds:/home/developer/aerostack2_ws/install/as2_gazebo_assets/share/as2_ign_gazebo_assets/models GZ_SIM_SYSTEM_PLUGIN_PATH=/home/developer/aerostack2_ws/install/as2_gazebo_assets/lib GZ_VERSION=@GZ_VERSION@ LD_LIBRARY_PATH=/home/developer/aerostack2_ws/install/as2_gazebo_assets/lib:/home/developer/aerostack2_ws/install/as2_core/lib:/home/developer/aerostack2_ws/install/as2_msgs/lib:${LD_LIBRARY_PATH} PYTHONPATH=/home/developer/aerostack2_ws/build/as2_visualization/prefix_override:/usr/lib/python3/dist-packages/colcon_core/task/python/colcon_distutils_commands:/home/developer/aerostack2_ws/install/as2_visualization/lib/python3.10/site-packages:/home/developer/aerostack2_ws/install/as2_gazebo_assets/local/lib/python3.10/dist-packages:/home/developer/aerostack2_ws/install/as2_core/local/lib/python3.10/dist-packages:/home/developer/aerostack2_ws/install/as2_msgs/local/lib/python3.10/dist-packages:${PYTHONPATH} /usr/bin/python3 -W ignore:setup.py install is deprecated -W ignore:easy_install command is deprecated setup.py develop --editable --build-directory /home/developer/aerostack2_ws/build/as2_visualization/build --no-deps symlink_data
[0.496s] running develop
[0.574s] running egg_info
[0.574s] creating as2_visualization.egg-info
[0.574s] writing as2_visualization.egg-info/PKG-INFO
[0.574s] writing dependency_links to as2_visualization.egg-info/dependency_links.txt
[0.574s] writing entry points to as2_visualization.egg-info/entry_points.txt
[0.574s] writing requirements to as2_visualization.egg-info/requires.txt
[0.574s] writing top-level names to as2_visualization.egg-info/top_level.txt
[0.574s] writing manifest file 'as2_visualization.egg-info/SOURCES.txt'
[0.584s] reading manifest file 'as2_visualization.egg-info/SOURCES.txt'
[0.584s] writing manifest file 'as2_visualization.egg-info/SOURCES.txt'
[0.585s] running build_ext
[0.585s] Creating /home/developer/aerostack2_ws/install/as2_visualization/lib/python3.10/site-packages/as2-visualization.egg-link (link to .)
[0.585s] Installing cfg_generator script to /home/developer/aerostack2_ws/install/as2_visualization/lib/as2_visualization
[0.586s] Installing gate_publisher script to /home/developer/aerostack2_ws/install/as2_visualization/lib/as2_visualization
[0.586s] Installing marker_publisher script to /home/developer/aerostack2_ws/install/as2_visualization/lib/as2_visualization
[0.586s] Installing viz_launcher script to /home/developer/aerostack2_ws/install/as2_visualization/lib/as2_visualization
[0.586s] 
[0.586s] Installed /home/developer/aerostack2_ws/build/as2_visualization
[0.586s] running symlink_data
[0.586s] creating /home/developer/aerostack2_ws/install/as2_visualization/share/ament_index
[0.586s] creating /home/developer/aerostack2_ws/install/as2_visualization/share/ament_index/resource_index
[0.586s] creating /home/developer/aerostack2_ws/install/as2_visualization/share/ament_index/resource_index/packages
[0.586s] symbolically linking /home/developer/aerostack2_ws/build/as2_visualization/resource/as2_visualization -> /home/developer/aerostack2_ws/install/as2_visualization/share/ament_index/resource_index/packages
[0.586s] symbolically linking /home/developer/aerostack2_ws/build/as2_visualization/package.xml -> /home/developer/aerostack2_ws/install/as2_visualization/share/as2_visualization
[0.586s] creating /home/developer/aerostack2_ws/install/as2_visualization/share/as2_visualization/launch
[0.586s] symbolically linking /home/developer/aerostack2_ws/build/as2_visualization/launch/as2_visualization.launch.py -> /home/developer/aerostack2_ws/install/as2_visualization/share/as2_visualization/launch
[0.586s] symbolically linking /home/developer/aerostack2_ws/build/as2_visualization/launch/swarm_viz.launch.py -> /home/developer/aerostack2_ws/install/as2_visualization/share/as2_visualization/launch
[0.586s] creating /home/developer/aerostack2_ws/install/as2_visualization/share/as2_visualization/config
[0.586s] symbolically linking /home/developer/aerostack2_ws/build/as2_visualization/config/as2_default.rviz -> /home/developer/aerostack2_ws/install/as2_visualization/share/as2_visualization/config
[0.605s] Invoked command in '/home/developer/aerostack2_ws/build/as2_visualization' returned '0': AMENT_PREFIX_PATH=/home/developer/aerostack2_ws/install/as2_gazebo_assets:/home/developer/aerostack2_ws/install/as2_core:/home/developer/aerostack2_ws/install/as2_msgs:${AMENT_PREFIX_PATH} CMAKE_PREFIX_PATH=/home/developer/aerostack2_ws/install/as2_gazebo_assets:/home/developer/aerostack2_ws/install/as2_core:/home/developer/aerostack2_ws/install/as2_msgs GZ_SIM_RESOURCE_PATH=/home/developer/aerostack2_ws/install/as2_gazebo_assets/share/as2_ign_gazebo_assets/worlds:/home/developer/aerostack2_ws/install/as2_gazebo_assets/share/as2_ign_gazebo_assets/models GZ_SIM_SYSTEM_PLUGIN_PATH=/home/developer/aerostack2_ws/install/as2_gazebo_assets/lib GZ_VERSION=@GZ_VERSION@ LD_LIBRARY_PATH=/home/developer/aerostack2_ws/install/as2_gazebo_assets/lib:/home/developer/aerostack2_ws/install/as2_core/lib:/home/developer/aerostack2_ws/install/as2_msgs/lib:${LD_LIBRARY_PATH} PYTHONPATH=/home/developer/aerostack2_ws/build/as2_visualization/prefix_override:/usr/lib/python3/dist-packages/colcon_core/task/python/colcon_distutils_commands:/home/developer/aerostack2_ws/install/as2_visualization/lib/python3.10/site-packages:/home/developer/aerostack2_ws/install/as2_gazebo_assets/local/lib/python3.10/dist-packages:/home/developer/aerostack2_ws/install/as2_core/local/lib/python3.10/dist-packages:/home/developer/aerostack2_ws/install/as2_msgs/local/lib/python3.10/dist-packages:${PYTHONPATH} /usr/bin/python3 -W ignore:setup.py install is deprecated -W ignore:easy_install command is deprecated setup.py develop --editable --build-directory /home/developer/aerostack2_ws/build/as2_visualization/build --no-deps symlink_data
