[35m[1mConsolidate compiler generated dependencies of target gtest_main[0m
[  2%] [32mBuilding CXX object gtest/CMakeFiles/gtest.dir/src/gtest-all.cc.o[0m
[  4%] Built target pid_controller
[  8%] Built target gtest_main
[ 12%] [32mBuilding CXX object _deps/multirotor_simulator-build/tests/CMakeFiles/multirotor_simulator_trajectory_controller_gtest.dir/multirotor_controllers/controllers/trajectory_controller_gtest.cpp.o[0m
[ 14%] [32mBuilding CXX object _deps/multirotor_simulator-build/tests/CMakeFiles/multirotor_simulator_indi_controller_gtest.dir/multirotor_controllers/controllers/indi_controller_gtest.cpp.o[0m
[ 14%] [32mBuilding CXX object _deps/multirotor_simulator-build/pid_controller/tests/CMakeFiles/pid_controller_pid_1d_gtest.dir/pid_1d_test/pid_1d_gtest.cpp.o[0m
[ 16%] [32mBuilding CXX object _deps/multirotor_simulator-build/tests/CMakeFiles/multirotor_simulator_multirotor_controllers_gtest.dir/multirotor_controllers/multirotor_controllers_gtest.cpp.o[0m
[ 18%] [32mBuilding CXX object CMakeFiles/as2_platform_multirotor_simulator_node.dir/src/as2_platform_multirotor_simulator_node.cpp.o[0m
[ 20%] [32mBuilding CXX object _deps/multirotor_simulator-build/tests/CMakeFiles/multirotor_simulator_acro_controller_gtest.dir/multirotor_controllers/controllers/acro_controller_gtest.cpp.o[0m
[ 22%] [32mBuilding CXX object _deps/multirotor_simulator-build/tests/CMakeFiles/multirotor_simulator_velocity_controller_gtest.dir/multirotor_controllers/controllers/velocity_controller_gtest.cpp.o[0m
[ 24%] [32mBuilding CXX object _deps/multirotor_simulator-build/tests/CMakeFiles/multirotor_simulator_position_controller_gtest.dir/multirotor_controllers/controllers/position_controller_gtest.cpp.o[0m
[ 26%] [32mBuilding CXX object CMakeFiles/as2_platform_multirotor_simulator.dir/src/as2_platform_multirotor_simulator.cpp.o[0m
[ 28%] [32mBuilding CXX object _deps/multirotor_simulator-build/pid_controller/tests/CMakeFiles/pid_controller_saturate_output_gtest.dir/pid_test/saturate_output_gtest.cpp.o[0m
[ 30%] [32mBuilding CXX object _deps/multirotor_simulator-build/tests/CMakeFiles/multirotor_simulator_model_gtest.dir/multirotor_dynamic_model/multirotor_dynamic_model/model_gtest.cpp.o[0m
[ 32%] [32mBuilding CXX object _deps/multirotor_simulator-build/tests/CMakeFiles/multirotor_simulator_state_gtest.dir/multirotor_dynamic_model/common/state_gtest.cpp.o[0m
[ 34%] [32mBuilding CXX object _deps/multirotor_simulator-build/pid_controller/tests/CMakeFiles/pid_controller_pid_gtest.dir/pid_test/pid_gtest.cpp.o[0m
[ 36%] [32mBuilding CXX object _deps/multirotor_simulator-build/tests/CMakeFiles/multirotor_simulator_multirotor_simulator_fly_gtest.dir/multirotor_simulator/multirotor_simulator_fly_gtest.cpp.o[0m
[ 38%] [32mBuilding CXX object _deps/multirotor_simulator-build/tests/CMakeFiles/multirotor_simulator_inertial_odometry_gtest.dir/imu_simulator/inertial_odometry_gtest.cpp.o[0m
[ 42%] [32mBuilding CXX object _deps/multirotor_simulator-build/tests/CMakeFiles/multirotor_simulator_utils_gtest.dir/multirotor_dynamic_model/common/utils_gtest.cpp.o[0m
[ 42%] [32mBuilding CXX object _deps/multirotor_simulator-build/tests/CMakeFiles/multirotor_simulator_dynamics_gtest.dir/multirotor_dynamic_model/multirotor_dynamic_model/dynamics_gtest.cpp.o[0m
[ 44%] [32mBuilding CXX object _deps/multirotor_simulator-build/tests/CMakeFiles/multirotor_simulator_multirotor_simulator_gtest.dir/multirotor_simulator/multirotor_simulator_gtest.cpp.o[0m
[ 46%] [32mBuilding CXX object _deps/multirotor_simulator-build/tests/CMakeFiles/multirotor_simulator_imu_gtest.dir/imu_simulator/imu_gtest.cpp.o[0m
[ 48%] [32m[1mLinking CXX executable pid_controller_saturate_output_gtest[0m
[ 48%] Built target pid_controller_saturate_output_gtest
[ 50%] [32mBuilding CXX object CMakeFiles/as2_platform_multirotor_simulator.dir/src/as2_interface.cpp.o[0m
[ 52%] [32m[1mLinking CXX executable pid_controller_pid_1d_gtest[0m
[ 52%] Built target pid_controller_pid_1d_gtest
[ 54%] [32mBuilding CXX object CMakeFiles/as2_platform_multirotor_simulator_node.dir/src/as2_platform_multirotor_simulator.cpp.o[0m
[ 56%] [32m[1mLinking CXX executable multirotor_simulator_velocity_controller_gtest[0m
[ 56%] Built target multirotor_simulator_velocity_controller_gtest
[ 58%] [32mBuilding CXX object CMakeFiles/as2_platform_multirotor_simulator_node.dir/src/as2_interface.cpp.o[0m
[ 60%] [32m[1mLinking CXX executable multirotor_simulator_utils_gtest[0m
[ 60%] Built target multirotor_simulator_utils_gtest
[ 62%] [32m[1mLinking CXX executable multirotor_simulator_state_gtest[0m
[ 62%] Built target multirotor_simulator_state_gtest
[ 64%] [32m[1mLinking CXX executable multirotor_simulator_position_controller_gtest[0m
[ 66%] [32m[1mLinking CXX executable pid_controller_pid_gtest[0m
[ 68%] [32m[1mLinking CXX executable multirotor_simulator_trajectory_controller_gtest[0m
[ 68%] Built target multirotor_simulator_position_controller_gtest
[ 68%] Built target pid_controller_pid_gtest
[ 68%] Built target multirotor_simulator_trajectory_controller_gtest
[ 70%] [32m[1mLinking CXX executable multirotor_simulator_indi_controller_gtest[0m
[ 70%] Built target multirotor_simulator_indi_controller_gtest
[ 72%] [32m[1mLinking CXX static library libgtest.a[0m
[ 72%] Built target gtest
[ 74%] [32m[1mLinking CXX executable multirotor_simulator_acro_controller_gtest[0m
[ 74%] Built target multirotor_simulator_acro_controller_gtest
[ 76%] [32m[1mLinking CXX executable multirotor_simulator_multirotor_simulator_fly_gtest[0m
[ 76%] Built target multirotor_simulator_multirotor_simulator_fly_gtest
[ 78%] [32m[1mLinking CXX executable multirotor_simulator_inertial_odometry_gtest[0m
[ 78%] Built target multirotor_simulator_inertial_odometry_gtest
[ 80%] [32m[1mLinking CXX executable multirotor_simulator_imu_gtest[0m
[ 80%] Built target multirotor_simulator_imu_gtest
[ 82%] [32m[1mLinking CXX executable multirotor_simulator_dynamics_gtest[0m
[ 82%] Built target multirotor_simulator_dynamics_gtest
[ 84%] [32m[1mLinking CXX executable multirotor_simulator_multirotor_simulator_gtest[0m
[ 84%] Built target multirotor_simulator_multirotor_simulator_gtest
[ 86%] [32m[1mLinking CXX executable multirotor_simulator_multirotor_controllers_gtest[0m
[ 86%] Built target multirotor_simulator_multirotor_controllers_gtest
[ 88%] [32m[1mLinking CXX executable multirotor_simulator_model_gtest[0m
[ 88%] Built target multirotor_simulator_model_gtest
[ 90%] [32m[1mLinking CXX static library libas2_platform_multirotor_simulator.a[0m
[ 90%] Built target as2_platform_multirotor_simulator
[ 92%] [32mBuilding CXX object tests/CMakeFiles/as2_platform_multirotor_simulator_as2_platform_multirotor_simulator_fly_gtest.dir/as2_platform_multirotor_simulator_fly_gtest.cpp.o[0m
[ 94%] [32mBuilding CXX object tests/CMakeFiles/as2_platform_multirotor_simulator_as2_platform_multirotor_simulator_gtest.dir/as2_platform_multirotor_simulator_gtest.cpp.o[0m
[ 96%] [32m[1mLinking CXX executable as2_platform_multirotor_simulator_node[0m
[ 96%] Built target as2_platform_multirotor_simulator_node
[ 98%] [32m[1mLinking CXX executable as2_platform_multirotor_simulator_as2_platform_multirotor_simulator_gtest[0m
[ 98%] Built target as2_platform_multirotor_simulator_as2_platform_multirotor_simulator_gtest
[100%] [32m[1mLinking CXX executable as2_platform_multirotor_simulator_as2_platform_multirotor_simulator_fly_gtest[0m
[100%] Built target as2_platform_multirotor_simulator_as2_platform_multirotor_simulator_fly_gtest
-- Install configuration: "Release"
-- Execute custom install script
-- Symlinking: /home/developer/aerostack2_ws/install/as2_platform_multirotor_simulator/include/as2_platform_multirotor_simulator/as2_interface.hpp
-- Symlinking: /home/developer/aerostack2_ws/install/as2_platform_multirotor_simulator/include/as2_platform_multirotor_simulator/as2_platform_multirotor_simulator.hpp
-- Symlinking: /home/developer/aerostack2_ws/install/as2_platform_multirotor_simulator/lib/as2_platform_multirotor_simulator/as2_platform_multirotor_simulator_node
-- Symlinking: /home/developer/aerostack2_ws/install/as2_platform_multirotor_simulator/share/as2_platform_multirotor_simulator/launch/as2_platform_multirotor_simulator.launch.py
-- Symlinking: /home/developer/aerostack2_ws/install/as2_platform_multirotor_simulator/share/as2_platform_multirotor_simulator/config/control_modes.yaml
-- Symlinking: /home/developer/aerostack2_ws/install/as2_platform_multirotor_simulator/share/as2_platform_multirotor_simulator/config/platform_config_file.yaml
-- Symlinking: /home/developer/aerostack2_ws/install/as2_platform_multirotor_simulator/share/as2_platform_multirotor_simulator/config/uav_config.yaml
-- Symlinking: /home/developer/aerostack2_ws/install/as2_platform_multirotor_simulator/share/as2_platform_multirotor_simulator/config/world_config.yaml
-- Symlinking: /home/developer/aerostack2_ws/install/as2_platform_multirotor_simulator/share/ament_index/resource_index/package_run_dependencies/as2_platform_multirotor_simulator
-- Symlinking: /home/developer/aerostack2_ws/install/as2_platform_multirotor_simulator/share/ament_index/resource_index/parent_prefix_path/as2_platform_multirotor_simulator
-- Symlinking: /home/developer/aerostack2_ws/install/as2_platform_multirotor_simulator/share/as2_platform_multirotor_simulator/environment/ament_prefix_path.sh
-- Symlinking: /home/developer/aerostack2_ws/install/as2_platform_multirotor_simulator/share/as2_platform_multirotor_simulator/environment/ament_prefix_path.dsv
-- Symlinking: /home/developer/aerostack2_ws/install/as2_platform_multirotor_simulator/share/as2_platform_multirotor_simulator/environment/path.sh
-- Symlinking: /home/developer/aerostack2_ws/install/as2_platform_multirotor_simulator/share/as2_platform_multirotor_simulator/environment/path.dsv
-- Symlinking: /home/developer/aerostack2_ws/install/as2_platform_multirotor_simulator/share/as2_platform_multirotor_simulator/local_setup.bash
-- Symlinking: /home/developer/aerostack2_ws/install/as2_platform_multirotor_simulator/share/as2_platform_multirotor_simulator/local_setup.sh
-- Symlinking: /home/developer/aerostack2_ws/install/as2_platform_multirotor_simulator/share/as2_platform_multirotor_simulator/local_setup.zsh
-- Symlinking: /home/developer/aerostack2_ws/install/as2_platform_multirotor_simulator/share/as2_platform_multirotor_simulator/local_setup.dsv
-- Symlinking: /home/developer/aerostack2_ws/install/as2_platform_multirotor_simulator/share/as2_platform_multirotor_simulator/package.dsv
-- Symlinking: /home/developer/aerostack2_ws/install/as2_platform_multirotor_simulator/share/ament_index/resource_index/packages/as2_platform_multirotor_simulator
-- Symlinking: /home/developer/aerostack2_ws/install/as2_platform_multirotor_simulator/share/as2_platform_multirotor_simulator/cmake/as2_platform_multirotor_simulatorConfig.cmake
-- Symlinking: /home/developer/aerostack2_ws/install/as2_platform_multirotor_simulator/share/as2_platform_multirotor_simulator/cmake/as2_platform_multirotor_simulatorConfig-version.cmake
-- Symlinking: /home/developer/aerostack2_ws/install/as2_platform_multirotor_simulator/share/as2_platform_multirotor_simulator/package.xml
-- Installing: /home/developer/aerostack2_ws/install/as2_platform_multirotor_simulator/lib/libas2_platform_multirotor_simulator.a
