[0.010s] Invoking command in '/home/developer/aerostack2_ws/build/as2_behaviors_perception': AMENT_PREFIX_PATH=/home/developer/aerostack2_ws/install/as2_behavior:/home/developer/aerostack2_ws/install/as2_core:/home/developer/aerostack2_ws/install/as2_msgs:${AMENT_PREFIX_PATH} CMAKE_PREFIX_PATH=/home/developer/aerostack2_ws/install/as2_behavior:/home/developer/aerostack2_ws/install/as2_core:/home/developer/aerostack2_ws/install/as2_msgs:/opt/ros/humble LD_LIBRARY_PATH=/home/developer/aerostack2_ws/install/as2_behavior/lib:/home/developer/aerostack2_ws/install/as2_core/lib:/home/developer/aerostack2_ws/install/as2_msgs/lib:${LD_LIBRARY_PATH} PYTHONPATH=/home/developer/aerostack2_ws/install/as2_core/local/lib/python3.10/dist-packages:/home/developer/aerostack2_ws/install/as2_msgs/local/lib/python3.10/dist-packages:${PYTHONPATH} /usr/bin/cmake --build /home/developer/aerostack2_ws/build/as2_behaviors_perception -- -j20 -l20
[0.040s] [35m[1mConsolidate compiler generated dependencies of target gtest_main[0m
[0.040s] [35m[1mConsolidate compiler generated dependencies of target gtest[0m
[0.044s] [35m[1mConsolidate compiler generated dependencies of target detect_aruco_markers_behavior_pub_landingpad_node[0m
[0.044s] [35m[1mConsolidate compiler generated dependencies of target point_gimbal_behavior_node[0m
[0.044s] [35m[1mConsolidate compiler generated dependencies of target point_gimbal_behavior[0m
[0.047s] [ 22%] [32mBuilding CXX object detect_aruco_markers_behavior/CMakeFiles/detect_aruco_markers_behavior_node.dir/src/detect_aruco_markers_behavior_node.cpp.o[0m
[0.047s] [ 22%] Built target gtest_main
[0.047s] [ 22%] [32mBuilding CXX object detect_aruco_markers_behavior/CMakeFiles/detect_aruco_markers_behavior_node.dir/src/detect_aruco_markers_behavior.cpp.o[0m
[0.049s] [ 33%] Built target gtest
[0.063s] [ 50%] Built target detect_aruco_markers_behavior_pub_landingpad_node
[0.067s] [ 83%] Built target point_gimbal_behavior
[0.067s] [ 83%] Built target point_gimbal_behavior_node
[0.085s] [ 88%] [32mBuilding CXX object point_gimbal_behavior/tests/CMakeFiles/point_gimbal_behavior_point_gimbal_gtest.dir/point_gimbal_gtest.cpp.o[0m
[3.623s] [ 94%] [32m[1mLinking CXX executable point_gimbal_behavior_point_gimbal_gtest[0m
[3.755s] [ 94%] Built target point_gimbal_behavior_point_gimbal_gtest
[13.679s] [100%] [32m[1mLinking CXX executable detect_aruco_markers_behavior_node[0m
[14.014s] [100%] Built target detect_aruco_markers_behavior_node
[14.024s] Invoked command in '/home/developer/aerostack2_ws/build/as2_behaviors_perception' returned '0': AMENT_PREFIX_PATH=/home/developer/aerostack2_ws/install/as2_behavior:/home/developer/aerostack2_ws/install/as2_core:/home/developer/aerostack2_ws/install/as2_msgs:${AMENT_PREFIX_PATH} CMAKE_PREFIX_PATH=/home/developer/aerostack2_ws/install/as2_behavior:/home/developer/aerostack2_ws/install/as2_core:/home/developer/aerostack2_ws/install/as2_msgs:/opt/ros/humble LD_LIBRARY_PATH=/home/developer/aerostack2_ws/install/as2_behavior/lib:/home/developer/aerostack2_ws/install/as2_core/lib:/home/developer/aerostack2_ws/install/as2_msgs/lib:${LD_LIBRARY_PATH} PYTHONPATH=/home/developer/aerostack2_ws/install/as2_core/local/lib/python3.10/dist-packages:/home/developer/aerostack2_ws/install/as2_msgs/local/lib/python3.10/dist-packages:${PYTHONPATH} /usr/bin/cmake --build /home/developer/aerostack2_ws/build/as2_behaviors_perception -- -j20 -l20
[14.025s] Invoking command in '/home/developer/aerostack2_ws/build/as2_behaviors_perception': AMENT_PREFIX_PATH=/home/developer/aerostack2_ws/install/as2_behavior:/home/developer/aerostack2_ws/install/as2_core:/home/developer/aerostack2_ws/install/as2_msgs:${AMENT_PREFIX_PATH} CMAKE_PREFIX_PATH=/home/developer/aerostack2_ws/install/as2_behavior:/home/developer/aerostack2_ws/install/as2_core:/home/developer/aerostack2_ws/install/as2_msgs:/opt/ros/humble LD_LIBRARY_PATH=/home/developer/aerostack2_ws/install/as2_behavior/lib:/home/developer/aerostack2_ws/install/as2_core/lib:/home/developer/aerostack2_ws/install/as2_msgs/lib:${LD_LIBRARY_PATH} PYTHONPATH=/home/developer/aerostack2_ws/install/as2_core/local/lib/python3.10/dist-packages:/home/developer/aerostack2_ws/install/as2_msgs/local/lib/python3.10/dist-packages:${PYTHONPATH} /usr/bin/cmake --install /home/developer/aerostack2_ws/build/as2_behaviors_perception
[14.030s] -- Install configuration: "Release"
[14.030s] -- Execute custom install script
[14.030s] -- Symlinking: /home/developer/aerostack2_ws/install/as2_behaviors_perception/share/as2_behaviors_perception/detect_aruco_markers_behavior/config/ariel_static_transforms.yaml
[14.036s] -- Symlinking: /home/developer/aerostack2_ws/install/as2_behaviors_perception/share/as2_behaviors_perception/detect_aruco_markers_behavior/config/real_params.yaml
[14.042s] -- Symlinking: /home/developer/aerostack2_ws/install/as2_behaviors_perception/share/as2_behaviors_perception/detect_aruco_markers_behavior/config/sim_params.yaml
[14.047s] -- Symlinking: /home/developer/aerostack2_ws/install/as2_behaviors_perception/share/as2_behaviors_perception/launch/detect_aruco_markers_behavior_real_launch.py
[14.055s] -- Symlinking: /home/developer/aerostack2_ws/install/as2_behaviors_perception/share/as2_behaviors_perception/launch/detect_aruco_markers_behavior_sim_launch.py
[14.060s] -- Symlinking: /home/developer/aerostack2_ws/install/as2_behaviors_perception/share/as2_behaviors_perception/launch/detect_aruco_markers_behavior_tf_only_launch.py
[14.066s] -- Symlinking: /home/developer/aerostack2_ws/install/as2_behaviors_perception/lib/as2_behaviors_perception/detect_aruco_markers_behavior_node
[14.072s] -- Symlinking: /home/developer/aerostack2_ws/install/as2_behaviors_perception/share/as2_behaviors_perception/detect_aruco_markers_behavior_pub_landingpad/config/ariel_static_transforms.yaml
[14.078s] -- Symlinking: /home/developer/aerostack2_ws/install/as2_behaviors_perception/share/as2_behaviors_perception/detect_aruco_markers_behavior_pub_landingpad/config/real_params.yaml
[14.083s] -- Symlinking: /home/developer/aerostack2_ws/install/as2_behaviors_perception/share/as2_behaviors_perception/detect_aruco_markers_behavior_pub_landingpad/config/sim_params.yaml
[14.090s] -- Up-to-date symlink: /home/developer/aerostack2_ws/install/as2_behaviors_perception/share/as2_behaviors_perception/launch/detect_aruco_markers_behavior_real_launch.py
[14.090s] -- Up-to-date symlink: /home/developer/aerostack2_ws/install/as2_behaviors_perception/share/as2_behaviors_perception/launch/detect_aruco_markers_behavior_sim_launch.py
[14.090s] -- Up-to-date symlink: /home/developer/aerostack2_ws/install/as2_behaviors_perception/share/as2_behaviors_perception/launch/detect_aruco_markers_behavior_tf_only_launch.py
[14.090s] -- Symlinking: /home/developer/aerostack2_ws/install/as2_behaviors_perception/lib/as2_behaviors_perception/detect_aruco_markers_behavior_pub_landingpad_node
[14.097s] -- Symlinking: /home/developer/aerostack2_ws/install/as2_behaviors_perception/include/point_gimbal_behavior/point_gimbal_behavior.hpp
[14.103s] -- Symlinking: /home/developer/aerostack2_ws/install/as2_behaviors_perception/share/as2_behaviors_perception/launch/point_gimbal_behavior.launch.py
[14.108s] -- Symlinking: /home/developer/aerostack2_ws/install/as2_behaviors_perception/share/as2_behaviors_perception/point_gimbal_behavior/config/config_default.yaml
[14.113s] -- Symlinking: /home/developer/aerostack2_ws/install/as2_behaviors_perception/lib/as2_behaviors_perception/point_gimbal_behavior_node
[14.121s] -- Symlinking: /home/developer/aerostack2_ws/install/as2_behaviors_perception/share/as2_behaviors_perception/environment/library_path.sh
[14.125s] -- Symlinking: /home/developer/aerostack2_ws/install/as2_behaviors_perception/share/as2_behaviors_perception/environment/library_path.dsv
[14.131s] -- Symlinking: /home/developer/aerostack2_ws/install/as2_behaviors_perception/share/ament_index/resource_index/package_run_dependencies/as2_behaviors_perception
[14.139s] -- Symlinking: /home/developer/aerostack2_ws/install/as2_behaviors_perception/share/ament_index/resource_index/parent_prefix_path/as2_behaviors_perception
[14.143s] -- Symlinking: /home/developer/aerostack2_ws/install/as2_behaviors_perception/share/as2_behaviors_perception/environment/ament_prefix_path.sh
[14.150s] -- Symlinking: /home/developer/aerostack2_ws/install/as2_behaviors_perception/share/as2_behaviors_perception/environment/ament_prefix_path.dsv
[14.157s] -- Symlinking: /home/developer/aerostack2_ws/install/as2_behaviors_perception/share/as2_behaviors_perception/environment/path.sh
[14.165s] -- Symlinking: /home/developer/aerostack2_ws/install/as2_behaviors_perception/share/as2_behaviors_perception/environment/path.dsv
[14.170s] -- Symlinking: /home/developer/aerostack2_ws/install/as2_behaviors_perception/share/as2_behaviors_perception/local_setup.bash
[14.175s] -- Symlinking: /home/developer/aerostack2_ws/install/as2_behaviors_perception/share/as2_behaviors_perception/local_setup.sh
[14.182s] -- Symlinking: /home/developer/aerostack2_ws/install/as2_behaviors_perception/share/as2_behaviors_perception/local_setup.zsh
[14.189s] -- Symlinking: /home/developer/aerostack2_ws/install/as2_behaviors_perception/share/as2_behaviors_perception/local_setup.dsv
[14.194s] -- Symlinking: /home/developer/aerostack2_ws/install/as2_behaviors_perception/share/as2_behaviors_perception/package.dsv
[14.201s] -- Symlinking: /home/developer/aerostack2_ws/install/as2_behaviors_perception/share/ament_index/resource_index/packages/as2_behaviors_perception
[14.205s] -- Symlinking: /home/developer/aerostack2_ws/install/as2_behaviors_perception/share/as2_behaviors_perception/cmake/ament_cmake_export_dependencies-extras.cmake
[14.212s] -- Symlinking: /home/developer/aerostack2_ws/install/as2_behaviors_perception/share/as2_behaviors_perception/cmake/as2_behaviors_perceptionConfig.cmake
[14.217s] -- Symlinking: /home/developer/aerostack2_ws/install/as2_behaviors_perception/share/as2_behaviors_perception/cmake/as2_behaviors_perceptionConfig-version.cmake
[14.222s] -- Symlinking: /home/developer/aerostack2_ws/install/as2_behaviors_perception/share/as2_behaviors_perception/package.xml
[14.227s] -- Installing: /home/developer/aerostack2_ws/install/as2_behaviors_perception/lib/libpoint_gimbal_behavior.so
[14.227s] -- Set runtime path of "/home/developer/aerostack2_ws/install/as2_behaviors_perception/lib/libpoint_gimbal_behavior.so" to ""
[14.229s] Invoked command in '/home/developer/aerostack2_ws/build/as2_behaviors_perception' returned '0': AMENT_PREFIX_PATH=/home/developer/aerostack2_ws/install/as2_behavior:/home/developer/aerostack2_ws/install/as2_core:/home/developer/aerostack2_ws/install/as2_msgs:${AMENT_PREFIX_PATH} CMAKE_PREFIX_PATH=/home/developer/aerostack2_ws/install/as2_behavior:/home/developer/aerostack2_ws/install/as2_core:/home/developer/aerostack2_ws/install/as2_msgs:/opt/ros/humble LD_LIBRARY_PATH=/home/developer/aerostack2_ws/install/as2_behavior/lib:/home/developer/aerostack2_ws/install/as2_core/lib:/home/developer/aerostack2_ws/install/as2_msgs/lib:${LD_LIBRARY_PATH} PYTHONPATH=/home/developer/aerostack2_ws/install/as2_core/local/lib/python3.10/dist-packages:/home/developer/aerostack2_ws/install/as2_msgs/local/lib/python3.10/dist-packages:${PYTHONPATH} /usr/bin/cmake --install /home/developer/aerostack2_ws/build/as2_behaviors_perception
