[INFO] [1789468952.945915307] [x500_px4.x500_px4_interface]: Starting x500_px4
[INFO] [1789468953.538029409] [x500_px4.x500_px4_interface]: x500_px4 interface initialized
[DEBUG] [1789468959.552504408] [x500_px4.x500_px4_interface]: Received feedback: as2_msgs.action.Takeoff_Feedback(actual_takeoff_speed=-2.2651547624263912e-05, actual_takeoff_height=0.23563316464424133)
[DEBUG] [1789468960.111560200] [x500_px4.x500_px4_interface]: Received feedback: as2_msgs.action.Takeoff_Feedback(actual_takeoff_speed=-3.7242301914375275e-05, actual_takeoff_height=0.2356289178133011)
[DEBUG] [1789468960.622313436] [x500_px4.x500_px4_interface]: Received feedback: as2_msgs.action.Takeoff_Feedback(actual_takeoff_speed=0.03685421124100685, actual_takeoff_height=0.23756980895996094)
[DEBUG] [1789468961.135368548] [x500_px4.x500_px4_interface]: Received feedback: as2_msgs.action.Takeoff_Feedback(actual_takeoff_speed=0.2702014744281769, actual_takeoff_height=0.3242592215538025)
[DEBUG] [1789468961.649143528] [x500_px4.x500_px4_interface]: Received feedback: as2_msgs.action.Takeoff_Feedback(actual_takeoff_speed=0.3900172710418701, actual_takeoff_height=0.5007176995277405)
[DEBUG] [1789468962.157950745] [x500_px4.x500_px4_interface]: Received feedback: as2_msgs.action.Takeoff_Feedback(actual_takeoff_speed=0.44500651955604553, actual_takeoff_height=0.7036992311477661)
[DEBUG] [1789468962.667638495] [x500_px4.x500_px4_interface]: Received feedback: as2_msgs.action.Takeoff_Feedback(actual_takeoff_speed=0.47380244731903076, actual_takeoff_height=0.9367198348045349)
[DEBUG] [1789468963.174887444] [x500_px4.x500_px4_interface]: Received feedback: as2_msgs.action.Takeoff_Feedback(actual_takeoff_speed=0.48813480138778687, actual_takeoff_height=1.173987627029419)
[DEBUG] [1789468963.682870041] [x500_px4.x500_px4_interface]: Received feedback: as2_msgs.action.Takeoff_Feedback(actual_takeoff_speed=0.4958343207836151, actual_takeoff_height=1.4163730144500732)
[DEBUG] [1789468964.191911695] [x500_px4.x500_px4_interface]: Received feedback: as2_msgs.action.Takeoff_Feedback(actual_takeoff_speed=0.5010263323783875, actual_takeoff_height=1.6796972751617432)
[DEBUG] [1789468964.703664736] [x500_px4.x500_px4_interface]: Received feedback: as2_msgs.action.Takeoff_Feedback(actual_takeoff_speed=0.5018608570098877, actual_takeoff_height=1.9264633655548096)
[DEBUG] [1789468965.214042197] [x500_px4.x500_px4_interface]: Received feedback: as2_msgs.action.Takeoff_Feedback(actual_takeoff_speed=0.502338171005249, actual_takeoff_height=2.1735000610351562)
[DEBUG] [1789468965.721506273] [x500_px4.x500_px4_interface]: Received feedback: as2_msgs.action.Takeoff_Feedback(actual_takeoff_speed=0.505072295665741, actual_takeoff_height=2.4275901317596436)
[DEBUG] [1789468966.231019705] [x500_px4.x500_px4_interface]: Received feedback: as2_msgs.action.Takeoff_Feedback(actual_takeoff_speed=0.5044683814048767, actual_takeoff_height=2.675882339477539)
[DEBUG] [1789468966.739862822] [x500_px4.x500_px4_interface]: Received feedback: as2_msgs.action.Takeoff_Feedback(actual_takeoff_speed=0.5039421916007996, actual_takeoff_height=2.9360191822052)
[DEBUG] [1789468967.246556376] [x500_px4.x500_px4_interface]: Received feedback: as2_msgs.action.Takeoff_Feedback(actual_takeoff_speed=0.5077571868896484, actual_takeoff_height=3.1849684715270996)
[DEBUG] [1789468967.755790582] [x500_px4.x500_px4_interface]: Received feedback: as2_msgs.action.Takeoff_Feedback(actual_takeoff_speed=0.5069349408149719, actual_takeoff_height=3.434468984603882)
[DEBUG] [1789468968.267200919] [x500_px4.x500_px4_interface]: Received feedback: as2_msgs.action.Takeoff_Feedback(actual_takeoff_speed=0.509032130241394, actual_takeoff_height=3.68415904045105)
[DEBUG] [1789468968.774788705] [x500_px4.x500_px4_interface]: Received feedback: as2_msgs.action.Takeoff_Feedback(actual_takeoff_speed=0.507798969745636, actual_takeoff_height=3.940645217895508)
[DEBUG] [1789468969.284088126] [x500_px4.x500_px4_interface]: Received feedback: as2_msgs.action.Takeoff_Feedback(actual_takeoff_speed=0.5094352960586548, actual_takeoff_height=4.196906089782715)
[DEBUG] [1789468969.797651678] [x500_px4.x500_px4_interface]: Received feedback: as2_msgs.action.Takeoff_Feedback(actual_takeoff_speed=0.5126354694366455, actual_takeoff_height=4.344050407409668)
[DEBUG] [1789468969.837754304] [x500_px4.x500_px4_interface]: Result: as2_msgs.action.Takeoff_Result(takeoff_success=True)
[DEBUG] [1789468971.632263452] [x500_px4.x500_px4_interface]: Received feedback: as2_msgs.action.GoToWaypoint_Feedback(actual_speed=0.12474239617586136, actual_distance_to_goal=15.894701957702637)
[DEBUG] [1789468972.205883098] [x500_px4.x500_px4_interface]: Received feedback: as2_msgs.action.GoToWaypoint_Feedback(actual_speed=0.182731032371521, actual_distance_to_goal=15.89814567565918)
[DEBUG] [1789468972.767798003] [x500_px4.x500_px4_interface]: Received feedback: as2_msgs.action.GoToWaypoint_Feedback(actual_speed=0.7195180058479309, actual_distance_to_goal=15.71294116973877)
[DEBUG] [1789468973.324895586] [x500_px4.x500_px4_interface]: Received feedback: as2_msgs.action.GoToWaypoint_Feedback(actual_speed=0.8369611501693726, actual_distance_to_goal=15.316725730895996)
[DEBUG] [1789468973.884003177] [x500_px4.x500_px4_interface]: Received feedback: as2_msgs.action.GoToWaypoint_Feedback(actual_speed=0.6543047428131104, actual_distance_to_goal=14.88832950592041)
[DEBUG] [1789468974.440725306] [x500_px4.x500_px4_interface]: Received feedback: as2_msgs.action.GoToWaypoint_Feedback(actual_speed=0.6592338681221008, actual_distance_to_goal=14.56521224975586)
[DEBUG] [1789468974.997964686] [x500_px4.x500_px4_interface]: Received feedback: as2_msgs.action.GoToWaypoint_Feedback(actual_speed=0.6912398338317871, actual_distance_to_goal=14.15833568572998)
[DEBUG] [1789468975.507208432] [x500_px4.x500_px4_interface]: Received feedback: as2_msgs.action.GoToWaypoint_Feedback(actual_speed=0.6859856247901917, actual_distance_to_goal=13.795084953308105)
[DEBUG] [1789468976.015659911] [x500_px4.x500_px4_interface]: Received feedback: as2_msgs.action.GoToWaypoint_Feedback(actual_speed=0.6821573376655579, actual_distance_to_goal=13.467029571533203)
[DEBUG] [1789468976.527373942] [x500_px4.x500_px4_interface]: Received feedback: as2_msgs.action.GoToWaypoint_Feedback(actual_speed=0.6835825443267822, actual_distance_to_goal=13.122987747192383)
[DEBUG] [1789468977.036579310] [x500_px4.x500_px4_interface]: Received feedback: as2_msgs.action.GoToWaypoint_Feedback(actual_speed=0.6846842169761658, actual_distance_to_goal=12.786526679992676)
[DEBUG] [1789468977.545975642] [x500_px4.x500_px4_interface]: Received feedback: as2_msgs.action.GoToWaypoint_Feedback(actual_speed=0.6845611333847046, actual_distance_to_goal=12.441665649414062)
[DEBUG] [1789468978.055283905] [x500_px4.x500_px4_interface]: Received feedback: as2_msgs.action.GoToWaypoint_Feedback(actual_speed=0.6846104264259338, actual_distance_to_goal=12.105024337768555)
[DEBUG] [1789468978.563658944] [x500_px4.x500_px4_interface]: Received feedback: as2_msgs.action.GoToWaypoint_Feedback(actual_speed=0.6849521398544312, actual_distance_to_goal=11.74364185333252)
[DEBUG] [1789468979.072342168] [x500_px4.x500_px4_interface]: Received feedback: as2_msgs.action.GoToWaypoint_Feedback(actual_speed=0.6853187084197998, actual_distance_to_goal=11.406740188598633)
[DEBUG] [1789468979.585275445] [x500_px4.x500_px4_interface]: Received feedback: as2_msgs.action.GoToWaypoint_Feedback(actual_speed=0.6854943037033081, actual_distance_to_goal=10.99571704864502)
[DEBUG] [1789468980.092702922] [x500_px4.x500_px4_interface]: Received feedback: as2_msgs.action.GoToWaypoint_Feedback(actual_speed=0.6856394410133362, actual_distance_to_goal=10.66678524017334)
[DEBUG] [1789468980.599245534] [x500_px4.x500_px4_interface]: Received feedback: as2_msgs.action.GoToWaypoint_Feedback(actual_speed=0.686046302318573, actual_distance_to_goal=10.321269989013672)
[DEBUG] [1789468981.107817831] [x500_px4.x500_px4_interface]: Received feedback: as2_msgs.action.GoToWaypoint_Feedback(actual_speed=0.686349630355835, actual_distance_to_goal=9.983851432800293)
[DEBUG] [1789468981.617525711] [x500_px4.x500_px4_interface]: Received feedback: as2_msgs.action.GoToWaypoint_Feedback(actual_speed=0.6865801811218262, actual_distance_to_goal=9.638059616088867)
[DEBUG] [1789468982.124591597] [x500_px4.x500_px4_interface]: Received feedback: as2_msgs.action.GoToWaypoint_Feedback(actual_speed=0.6869574785232544, actual_distance_to_goal=9.29211711883545)
[DEBUG] [1789468982.631225951] [x500_px4.x500_px4_interface]: Received feedback: as2_msgs.action.GoToWaypoint_Feedback(actual_speed=0.6873130202293396, actual_distance_to_goal=8.95424747467041)
[DEBUG] [1789468983.136959516] [x500_px4.x500_px4_interface]: Received feedback: as2_msgs.action.GoToWaypoint_Feedback(actual_speed=0.6876087188720703, actual_distance_to_goal=8.607972145080566)
[DEBUG] [1789468983.645157775] [x500_px4.x500_px4_interface]: Received feedback: as2_msgs.action.GoToWaypoint_Feedback(actual_speed=0.6877631545066833, actual_distance_to_goal=8.261550903320312)
[DEBUG] [1789468984.165116950] [x500_px4.x500_px4_interface]: Received feedback: as2_msgs.action.GoToWaypoint_Feedback(actual_speed=0.6883844137191772, actual_distance_to_goal=7.9231696128845215)
[DEBUG] [1789468984.694447535] [x500_px4.x500_px4_interface]: Received feedback: as2_msgs.action.GoToWaypoint_Feedback(actual_speed=0.6885786056518555, actual_distance_to_goal=7.576358318328857)
[DEBUG] [1789468985.202419617] [x500_px4.x500_px4_interface]: Received feedback: as2_msgs.action.GoToWaypoint_Feedback(actual_speed=0.6891267895698547, actual_distance_to_goal=7.22936487197876)
[DEBUG] [1789468985.713171340] [x500_px4.x500_px4_interface]: Received feedback: as2_msgs.action.GoToWaypoint_Feedback(actual_speed=0.6893913149833679, actual_distance_to_goal=6.890409469604492)
[DEBUG] [1789468986.225411571] [x500_px4.x500_px4_interface]: Received feedback: as2_msgs.action.GoToWaypoint_Feedback(actual_speed=0.6899878978729248, actual_distance_to_goal=6.542969703674316)
[DEBUG] [1789468986.733243772] [x500_px4.x500_px4_interface]: Received feedback: as2_msgs.action.GoToWaypoint_Feedback(actual_speed=0.6903992295265198, actual_distance_to_goal=6.178733825683594)
[DEBUG] [1789468987.240043175] [x500_px4.x500_px4_interface]: Received feedback: as2_msgs.action.GoToWaypoint_Feedback(actual_speed=0.6909899115562439, actual_distance_to_goal=5.839053630828857)
[DEBUG] [1789468987.750030171] [x500_px4.x500_px4_interface]: Received feedback: as2_msgs.action.GoToWaypoint_Feedback(actual_speed=0.6916903257369995, actual_distance_to_goal=5.424478054046631)
[DEBUG] [1789468988.256184733] [x500_px4.x500_px4_interface]: Received feedback: as2_msgs.action.GoToWaypoint_Feedback(actual_speed=0.6923902034759521, actual_distance_to_goal=5.075909614562988)
[DEBUG] [1789468988.766771041] [x500_px4.x500_px4_interface]: Received feedback: as2_msgs.action.GoToWaypoint_Feedback(actual_speed=0.6929899454116821, actual_distance_to_goal=4.735314846038818)
[DEBUG] [1789468989.276458076] [x500_px4.x500_px4_interface]: Received feedback: as2_msgs.action.GoToWaypoint_Feedback(actual_speed=0.6937252879142761, actual_distance_to_goal=4.386067867279053)
[DEBUG] [1789468989.784891418] [x500_px4.x500_px4_interface]: Received feedback: as2_msgs.action.GoToWaypoint_Feedback(actual_speed=0.6940317749977112, actual_distance_to_goal=4.0363993644714355)
[DEBUG] [1789468990.292294381] [x500_px4.x500_px4_interface]: Received feedback: as2_msgs.action.GoToWaypoint_Feedback(actual_speed=0.6953619718551636, actual_distance_to_goal=3.6946351528167725)
[DEBUG] [1789468990.798889843] [x500_px4.x500_px4_interface]: Received feedback: as2_msgs.action.GoToWaypoint_Feedback(actual_speed=0.6963634490966797, actual_distance_to_goal=3.344092845916748)
[DEBUG] [1789468991.304949693] [x500_px4.x500_px4_interface]: Received feedback: as2_msgs.action.GoToWaypoint_Feedback(actual_speed=0.6971653699874878, actual_distance_to_goal=3.001429319381714)
[DEBUG] [1789468991.811418240] [x500_px4.x500_px4_interface]: Received feedback: as2_msgs.action.GoToWaypoint_Feedback(actual_speed=0.6988212466239929, actual_distance_to_goal=2.6497204303741455)
[DEBUG] [1789468992.319742871] [x500_px4.x500_px4_interface]: Received feedback: as2_msgs.action.GoToWaypoint_Feedback(actual_speed=0.6999345421791077, actual_distance_to_goal=2.305729389190674)
[DEBUG] [1789468992.827739001] [x500_px4.x500_px4_interface]: Received feedback: as2_msgs.action.GoToWaypoint_Feedback(actual_speed=0.7031886577606201, actual_distance_to_goal=1.9526420831680298)
[DEBUG] [1789468993.340395567] [x500_px4.x500_px4_interface]: Received feedback: as2_msgs.action.GoToWaypoint_Feedback(actual_speed=0.7044603824615479, actual_distance_to_goal=1.598157286643982)
[DEBUG] [1789468993.850009068] [x500_px4.x500_px4_interface]: Received feedback: as2_msgs.action.GoToWaypoint_Feedback(actual_speed=0.7051247954368591, actual_distance_to_goal=1.2509597539901733)
[DEBUG] [1789468993.913648113] [x500_px4.x500_px4_interface]: Result: as2_msgs.action.GoToWaypoint_Result(go_to_success=True)
[DEBUG] [1789468995.975544437] [x500_px4.x500_px4_interface]: Received feedback: as2_msgs.action.GoToWaypoint_Feedback(actual_speed=0.23277457058429718, actual_distance_to_goal=5.8875017166137695)
[DEBUG] [1789468996.486685300] [x500_px4.x500_px4_interface]: Received feedback: as2_msgs.action.GoToWaypoint_Feedback(actual_speed=0.18196047842502594, actual_distance_to_goal=5.891482353210449)
[DEBUG] [1789468996.994435057] [x500_px4.x500_px4_interface]: Received feedback: as2_msgs.action.GoToWaypoint_Feedback(actual_speed=0.73929762840271, actual_distance_to_goal=5.645859241485596)
[DEBUG] [1789468997.503563320] [x500_px4.x500_px4_interface]: Received feedback: as2_msgs.action.GoToWaypoint_Feedback(actual_speed=0.6629273891448975, actual_distance_to_goal=5.305819511413574)
[DEBUG] [1789468998.010898139] [x500_px4.x500_px4_interface]: Received feedback: as2_msgs.action.GoToWaypoint_Feedback(actual_speed=0.5503901243209839, actual_distance_to_goal=5.006168365478516)
[DEBUG] [1789468998.517102442] [x500_px4.x500_px4_interface]: Received feedback: as2_msgs.action.GoToWaypoint_Feedback(actual_speed=0.5683279633522034, actual_distance_to_goal=4.725530624389648)
[DEBUG] [1789468999.025524314] [x500_px4.x500_px4_interface]: Received feedback: as2_msgs.action.GoToWaypoint_Feedback(actual_speed=0.5895159840583801, actual_distance_to_goal=4.420495510101318)
[DEBUG] [1789468999.532390589] [x500_px4.x500_px4_interface]: Received feedback: as2_msgs.action.GoToWaypoint_Feedback(actual_speed=0.5838339924812317, actual_distance_to_goal=4.133482933044434)
[DEBUG] [1789469000.044550041] [x500_px4.x500_px4_interface]: Received feedback: as2_msgs.action.GoToWaypoint_Feedback(actual_speed=0.579757034778595, actual_distance_to_goal=3.8418657779693604)
[DEBUG] [1789469000.559962871] [x500_px4.x500_px4_interface]: Received feedback: as2_msgs.action.GoToWaypoint_Feedback(actual_speed=0.5805304050445557, actual_distance_to_goal=3.5508673191070557)
[DEBUG] [1789469001.068020672] [x500_px4.x500_px4_interface]: Received feedback: as2_msgs.action.GoToWaypoint_Feedback(actual_speed=0.5811759829521179, actual_distance_to_goal=3.2665164470672607)
[DEBUG] [1789469001.575963380] [x500_px4.x500_px4_interface]: Received feedback: as2_msgs.action.GoToWaypoint_Feedback(actual_speed=0.5805307626724243, actual_distance_to_goal=2.98225998878479)
[DEBUG] [1789469002.087329735] [x500_px4.x500_px4_interface]: Received feedback: as2_msgs.action.GoToWaypoint_Feedback(actual_speed=0.5800837874412537, actual_distance_to_goal=2.635852575302124)
[DEBUG] [1789469002.594361267] [x500_px4.x500_px4_interface]: Received feedback: as2_msgs.action.GoToWaypoint_Feedback(actual_speed=0.5798735618591309, actual_distance_to_goal=2.3449835777282715)
[DEBUG] [1789469003.107293628] [x500_px4.x500_px4_interface]: Received feedback: as2_msgs.action.GoToWaypoint_Feedback(actual_speed=0.5797557234764099, actual_distance_to_goal=2.0610899925231934)
[DEBUG] [1789469003.614902446] [x500_px4.x500_px4_interface]: Received feedback: as2_msgs.action.GoToWaypoint_Feedback(actual_speed=0.5796782374382019, actual_distance_to_goal=1.7702581882476807)
[DEBUG] [1789469004.124509883] [x500_px4.x500_px4_interface]: Received feedback: as2_msgs.action.GoToWaypoint_Feedback(actual_speed=0.5798691511154175, actual_distance_to_goal=1.4792585372924805)
[DEBUG] [1789469004.633556563] [x500_px4.x500_px4_interface]: Received feedback: as2_msgs.action.GoToWaypoint_Feedback(actual_speed=0.5804514288902283, actual_distance_to_goal=1.1950327157974243)
[DEBUG] [1789469005.142843142] [x500_px4.x500_px4_interface]: Received feedback: as2_msgs.action.GoToWaypoint_Feedback(actual_speed=0.5808038115501404, actual_distance_to_goal=1.0770400762557983)
[DEBUG] [1789469005.145893713] [x500_px4.x500_px4_interface]: Result: as2_msgs.action.GoToWaypoint_Result(go_to_success=True)
[DEBUG] [1789469007.278282982] [x500_px4.x500_px4_interface]: Received feedback: as2_msgs.action.GoToWaypoint_Feedback(actual_speed=0.11789196729660034, actual_distance_to_goal=6.195178985595703)
[DEBUG] [1789469007.789774881] [x500_px4.x500_px4_interface]: Received feedback: as2_msgs.action.GoToWaypoint_Feedback(actual_speed=0.3878304660320282, actual_distance_to_goal=6.097256660461426)
[DEBUG] [1789469008.299687833] [x500_px4.x500_px4_interface]: Received feedback: as2_msgs.action.GoToWaypoint_Feedback(actual_speed=0.7088495492935181, actual_distance_to_goal=5.825003147125244)
[DEBUG] [1789469008.808521697] [x500_px4.x500_px4_interface]: Received feedback: as2_msgs.action.GoToWaypoint_Feedback(actual_speed=0.6209169626235962, actual_distance_to_goal=5.495838165283203)
[DEBUG] [1789469009.321255623] [x500_px4.x500_px4_interface]: Received feedback: as2_msgs.action.GoToWaypoint_Feedback(actual_speed=0.555116593837738, actual_distance_to_goal=5.150187015533447)
[DEBUG] [1789469009.828438402] [x500_px4.x500_px4_interface]: Received feedback: as2_msgs.action.GoToWaypoint_Feedback(actual_speed=0.578073263168335, actual_distance_to_goal=4.871994972229004)
[DEBUG] [1789469010.335751259] [x500_px4.x500_px4_interface]: Received feedback: as2_msgs.action.GoToWaypoint_Feedback(actual_speed=0.5859519839286804, actual_distance_to_goal=4.579845428466797)
[DEBUG] [1789469010.842121245] [x500_px4.x500_px4_interface]: Received feedback: as2_msgs.action.GoToWaypoint_Feedback(actual_speed=0.5809286832809448, actual_distance_to_goal=4.294432163238525)
[DEBUG] [1789469011.351076303] [x500_px4.x500_px4_interface]: Received feedback: as2_msgs.action.GoToWaypoint_Feedback(actual_speed=0.5792867541313171, actual_distance_to_goal=4.010494232177734)
[DEBUG] [1789469011.866202276] [x500_px4.x500_px4_interface]: Received feedback: as2_msgs.action.GoToWaypoint_Feedback(actual_speed=0.5801905393600464, actual_distance_to_goal=3.719733238220215)
[DEBUG] [1789469012.376151448] [x500_px4.x500_px4_interface]: Received feedback: as2_msgs.action.GoToWaypoint_Feedback(actual_speed=0.5802019834518433, actual_distance_to_goal=3.428741216659546)
[DEBUG] [1789469012.885637532] [x500_px4.x500_px4_interface]: Received feedback: as2_msgs.action.GoToWaypoint_Feedback(actual_speed=0.5798686146736145, actual_distance_to_goal=3.144728183746338)
[DEBUG] [1789469013.396672548] [x500_px4.x500_px4_interface]: Received feedback: as2_msgs.action.GoToWaypoint_Feedback(actual_speed=0.5797722935676575, actual_distance_to_goal=2.853911876678467)
[DEBUG] [1789469013.901963286] [x500_px4.x500_px4_interface]: Received feedback: as2_msgs.action.GoToWaypoint_Feedback(actual_speed=0.5797648429870605, actual_distance_to_goal=2.5630621910095215)
[DEBUG] [1789469014.408645294] [x500_px4.x500_px4_interface]: Received feedback: as2_msgs.action.GoToWaypoint_Feedback(actual_speed=0.579868495464325, actual_distance_to_goal=2.2790982723236084)
[DEBUG] [1789469014.917569226] [x500_px4.x500_px4_interface]: Received feedback: as2_msgs.action.GoToWaypoint_Feedback(actual_speed=0.5799821615219116, actual_distance_to_goal=1.9950506687164307)
[DEBUG] [1789469015.429997994] [x500_px4.x500_px4_interface]: Received feedback: as2_msgs.action.GoToWaypoint_Feedback(actual_speed=0.5804389715194702, actual_distance_to_goal=1.7038654088974)
[DEBUG] [1789469015.937874502] [x500_px4.x500_px4_interface]: Received feedback: as2_msgs.action.GoToWaypoint_Feedback(actual_speed=0.581120491027832, actual_distance_to_goal=1.3984203338623047)
[DEBUG] [1789469016.452351449] [x500_px4.x500_px4_interface]: Received feedback: as2_msgs.action.GoToWaypoint_Feedback(actual_speed=0.5828862190246582, actual_distance_to_goal=1.1062836647033691)
[DEBUG] [1789469016.480402060] [x500_px4.x500_px4_interface]: Result: as2_msgs.action.GoToWaypoint_Result(go_to_success=True)
[DEBUG] [1789469018.581098490] [x500_px4.x500_px4_interface]: Received feedback: as2_msgs.action.GoToWaypoint_Feedback(actual_speed=0.20642820000648499, actual_distance_to_goal=4.092974662780762)
[DEBUG] [1789469019.090575015] [x500_px4.x500_px4_interface]: Received feedback: as2_msgs.action.GoToWaypoint_Feedback(actual_speed=0.25816071033477783, actual_distance_to_goal=4.045297145843506)
[DEBUG] [1789469019.599543372] [x500_px4.x500_px4_interface]: Received feedback: as2_msgs.action.GoToWaypoint_Feedback(actual_speed=0.6543857455253601, actual_distance_to_goal=3.8045926094055176)
[DEBUG] [1789469020.112824865] [x500_px4.x500_px4_interface]: Received feedback: as2_msgs.action.GoToWaypoint_Feedback(actual_speed=0.5732282400131226, actual_distance_to_goal=3.507188558578491)
[DEBUG] [1789469020.619027678] [x500_px4.x500_px4_interface]: Received feedback: as2_msgs.action.GoToWaypoint_Feedback(actual_speed=0.4953748285770416, actual_distance_to_goal=3.247208595275879)
[DEBUG] [1789469021.130037187] [x500_px4.x500_px4_interface]: Received feedback: as2_msgs.action.GoToWaypoint_Feedback(actual_speed=0.5115083456039429, actual_distance_to_goal=2.9989678859710693)
[DEBUG] [1789469021.636996254] [x500_px4.x500_px4_interface]: Received feedback: as2_msgs.action.GoToWaypoint_Feedback(actual_speed=0.5273742079734802, actual_distance_to_goal=2.7302727699279785)
[DEBUG] [1789469022.144707505] [x500_px4.x500_px4_interface]: Received feedback: as2_msgs.action.GoToWaypoint_Feedback(actual_speed=0.523507297039032, actual_distance_to_goal=2.4719040393829346)
[DEBUG] [1789469022.655123561] [x500_px4.x500_px4_interface]: Received feedback: as2_msgs.action.GoToWaypoint_Feedback(actual_speed=0.5205855965614319, actual_distance_to_goal=2.1589126586914062)
[DEBUG] [1789469023.162818225] [x500_px4.x500_px4_interface]: Received feedback: as2_msgs.action.GoToWaypoint_Feedback(actual_speed=0.5216004848480225, actual_distance_to_goal=1.896248459815979)
[DEBUG] [1789469023.673133155] [x500_px4.x500_px4_interface]: Received feedback: as2_msgs.action.GoToWaypoint_Feedback(actual_speed=0.5219423174858093, actual_distance_to_goal=1.6332696676254272)
[DEBUG] [1789469024.179061929] [x500_px4.x500_px4_interface]: Received feedback: as2_msgs.action.GoToWaypoint_Feedback(actual_speed=0.5216988325119019, actual_distance_to_goal=1.3765510320663452)
[DEBUG] [1789469024.687943739] [x500_px4.x500_px4_interface]: Received feedback: as2_msgs.action.GoToWaypoint_Feedback(actual_speed=0.5216001868247986, actual_distance_to_goal=1.1136555671691895)
[DEBUG] [1789469025.198669848] [x500_px4.x500_px4_interface]: Received feedback: as2_msgs.action.GoToWaypoint_Feedback(actual_speed=0.521614670753479, actual_distance_to_goal=1.0635839700698853)
[DEBUG] [1789469025.200614023] [x500_px4.x500_px4_interface]: Result: as2_msgs.action.GoToWaypoint_Result(go_to_success=True)
[DEBUG] [1789469027.337198037] [x500_px4.x500_px4_interface]: Received feedback: as2_msgs.action.GoToWaypoint_Feedback(actual_speed=0.13352374732494354, actual_distance_to_goal=6.001368522644043)
[DEBUG] [1789469027.846441531] [x500_px4.x500_px4_interface]: Received feedback: as2_msgs.action.GoToWaypoint_Feedback(actual_speed=0.29567623138427734, actual_distance_to_goal=5.958799839019775)
[DEBUG] [1789469028.353919718] [x500_px4.x500_px4_interface]: Received feedback: as2_msgs.action.GoToWaypoint_Feedback(actual_speed=0.7464044094085693, actual_distance_to_goal=5.6226372718811035)
[DEBUG] [1789469028.863022928] [x500_px4.x500_px4_interface]: Received feedback: as2_msgs.action.GoToWaypoint_Feedback(actual_speed=0.6110035181045532, actual_distance_to_goal=5.296882629394531)
[DEBUG] [1789469029.373926643] [x500_px4.x500_px4_interface]: Received feedback: as2_msgs.action.GoToWaypoint_Feedback(actual_speed=0.5494120717048645, actual_distance_to_goal=5.014708995819092)
[DEBUG] [1789469029.884495369] [x500_px4.x500_px4_interface]: Received feedback: as2_msgs.action.GoToWaypoint_Feedback(actual_speed=0.5779961943626404, actual_distance_to_goal=4.730809688568115)
[DEBUG] [1789469030.393764629] [x500_px4.x500_px4_interface]: Received feedback: as2_msgs.action.GoToWaypoint_Feedback(actual_speed=0.5893654823303223, actual_distance_to_goal=4.437702655792236)
[DEBUG] [1789469030.902454145] [x500_px4.x500_px4_interface]: Received feedback: as2_msgs.action.GoToWaypoint_Feedback(actual_speed=0.5832518339157104, actual_distance_to_goal=4.150903701782227)
[DEBUG] [1789469031.411362550] [x500_px4.x500_px4_interface]: Received feedback: as2_msgs.action.GoToWaypoint_Feedback(actual_speed=0.5810675024986267, actual_distance_to_goal=3.852015256881714)
[DEBUG] [1789469031.920302665] [x500_px4.x500_px4_interface]: Received feedback: as2_msgs.action.GoToWaypoint_Feedback(actual_speed=0.5822521448135376, actual_distance_to_goal=3.57407546043396)
[DEBUG] [1789469032.428234586] [x500_px4.x500_px4_interface]: Received feedback: as2_msgs.action.GoToWaypoint_Feedback(actual_speed=0.582590639591217, actual_distance_to_goal=3.281893491744995)
[DEBUG] [1789469032.936485436] [x500_px4.x500_px4_interface]: Received feedback: as2_msgs.action.GoToWaypoint_Feedback(actual_speed=0.5823435187339783, actual_distance_to_goal=2.9966413974761963)
[DEBUG] [1789469033.444860479] [x500_px4.x500_px4_interface]: Received feedback: as2_msgs.action.GoToWaypoint_Feedback(actual_speed=0.582338809967041, actual_distance_to_goal=2.7045183181762695)
[DEBUG] [1789469033.954468968] [x500_px4.x500_px4_interface]: Received feedback: as2_msgs.action.GoToWaypoint_Feedback(actual_speed=0.5826441645622253, actual_distance_to_goal=2.3983542919158936)
[DEBUG] [1789469034.461523482] [x500_px4.x500_px4_interface]: Received feedback: as2_msgs.action.GoToWaypoint_Feedback(actual_speed=0.5827844142913818, actual_distance_to_goal=2.12677264213562)
[DEBUG] [1789469034.977909440] [x500_px4.x500_px4_interface]: Received feedback: as2_msgs.action.GoToWaypoint_Feedback(actual_speed=0.5830813050270081, actual_distance_to_goal=1.8341783285140991)
[DEBUG] [1789469035.488422246] [x500_px4.x500_px4_interface]: Received feedback: as2_msgs.action.GoToWaypoint_Feedback(actual_speed=0.5838029980659485, actual_distance_to_goal=1.5412942171096802)
[DEBUG] [1789469036.001047207] [x500_px4.x500_px4_interface]: Received feedback: as2_msgs.action.GoToWaypoint_Feedback(actual_speed=0.5850271582603455, actual_distance_to_goal=1.1988097429275513)
[DEBUG] [1789469036.507969459] [x500_px4.x500_px4_interface]: Received feedback: as2_msgs.action.GoToWaypoint_Feedback(actual_speed=0.5854423642158508, actual_distance_to_goal=1.1357823610305786)
[DEBUG] [1789469036.527851686] [x500_px4.x500_px4_interface]: Result: as2_msgs.action.GoToWaypoint_Result(go_to_success=True)
[DEBUG] [1789469038.639843402] [x500_px4.x500_px4_interface]: Received feedback: as2_msgs.action.GoToWaypoint_Feedback(actual_speed=0.13594979047775269, actual_distance_to_goal=6.189188003540039)
[DEBUG] [1789469039.147251531] [x500_px4.x500_px4_interface]: Received feedback: as2_msgs.action.GoToWaypoint_Feedback(actual_speed=0.36325985193252563, actual_distance_to_goal=6.09144401550293)
[DEBUG] [1789469039.653121446] [x500_px4.x500_px4_interface]: Received feedback: as2_msgs.action.GoToWaypoint_Feedback(actual_speed=0.710212230682373, actual_distance_to_goal=5.8150458335876465)
[DEBUG] [1789469040.160341390] [x500_px4.x500_px4_interface]: Received feedback: as2_msgs.action.GoToWaypoint_Feedback(actual_speed=0.6271682977676392, actual_distance_to_goal=5.492247581481934)
[DEBUG] [1789469040.669039132] [x500_px4.x500_px4_interface]: Received feedback: as2_msgs.action.GoToWaypoint_Feedback(actual_speed=0.5574901103973389, actual_distance_to_goal=5.2047343254089355)
[DEBUG] [1789469041.177051782] [x500_px4.x500_px4_interface]: Received feedback: as2_msgs.action.GoToWaypoint_Feedback(actual_speed=0.5752965211868286, actual_distance_to_goal=4.920051097869873)
[DEBUG] [1789469041.685800000] [x500_px4.x500_px4_interface]: Received feedback: as2_msgs.action.GoToWaypoint_Feedback(actual_speed=0.5884813070297241, actual_distance_to_goal=4.571611404418945)
[DEBUG] [1789469042.193091860] [x500_px4.x500_px4_interface]: Received feedback: as2_msgs.action.GoToWaypoint_Feedback(actual_speed=0.5834201574325562, actual_distance_to_goal=4.277914524078369)
[DEBUG] [1789469042.704112615] [x500_px4.x500_px4_interface]: Received feedback: as2_msgs.action.GoToWaypoint_Feedback(actual_speed=0.5816929936408997, actual_distance_to_goal=3.999641180038452)
[DEBUG] [1789469043.215677909] [x500_px4.x500_px4_interface]: Received feedback: as2_msgs.action.GoToWaypoint_Feedback(actual_speed=0.5826359391212463, actual_distance_to_goal=3.7145276069641113)
[DEBUG] [1789469043.720848625] [x500_px4.x500_px4_interface]: Received feedback: as2_msgs.action.GoToWaypoint_Feedback(actual_speed=0.5827471613883972, actual_distance_to_goal=3.4222283363342285)
[DEBUG] [1789469044.228612936] [x500_px4.x500_px4_interface]: Received feedback: as2_msgs.action.GoToWaypoint_Feedback(actual_speed=0.582417905330658, actual_distance_to_goal=3.1299688816070557)
[DEBUG] [1789469044.736602756] [x500_px4.x500_px4_interface]: Received feedback: as2_msgs.action.GoToWaypoint_Feedback(actual_speed=0.5822980403900146, actual_distance_to_goal=2.844742774963379)
[DEBUG] [1789469045.245325433] [x500_px4.x500_px4_interface]: Received feedback: as2_msgs.action.GoToWaypoint_Feedback(actual_speed=0.5823284387588501, actual_distance_to_goal=2.5525734424591064)
[DEBUG] [1789469045.753239787] [x500_px4.x500_px4_interface]: Received feedback: as2_msgs.action.GoToWaypoint_Feedback(actual_speed=0.5824337601661682, actual_distance_to_goal=2.2603399753570557)
[DEBUG] [1789469046.261561650] [x500_px4.x500_px4_interface]: Received feedback: as2_msgs.action.GoToWaypoint_Feedback(actual_speed=0.5826299786567688, actual_distance_to_goal=1.961042881011963)
[DEBUG] [1789469046.774384057] [x500_px4.x500_px4_interface]: Received feedback: as2_msgs.action.GoToWaypoint_Feedback(actual_speed=0.5830619931221008, actual_distance_to_goal=1.6754508018493652)
[DEBUG] [1789469047.281294413] [x500_px4.x500_px4_interface]: Received feedback: as2_msgs.action.GoToWaypoint_Feedback(actual_speed=0.5835330486297607, actual_distance_to_goal=1.382662057876587)
[DEBUG] [1789469047.792288661] [x500_px4.x500_px4_interface]: Received feedback: as2_msgs.action.GoToWaypoint_Feedback(actual_speed=0.5840726494789124, actual_distance_to_goal=1.1522958278656006)
[DEBUG] [1789469047.865534950] [x500_px4.x500_px4_interface]: Result: as2_msgs.action.GoToWaypoint_Result(go_to_success=True)
[DEBUG] [1789469049.926282233] [x500_px4.x500_px4_interface]: Received feedback: as2_msgs.action.GoToWaypoint_Feedback(actual_speed=0.18828637897968292, actual_distance_to_goal=4.091526508331299)
[DEBUG] [1789469050.434800463] [x500_px4.x500_px4_interface]: Received feedback: as2_msgs.action.GoToWaypoint_Feedback(actual_speed=0.27728816866874695, actual_distance_to_goal=4.04061222076416)
[DEBUG] [1789469050.945722262] [x500_px4.x500_px4_interface]: Received feedback: as2_msgs.action.GoToWaypoint_Feedback(actual_speed=0.6534029841423035, actual_distance_to_goal=3.8045780658721924)
[DEBUG] [1789469051.452609238] [x500_px4.x500_px4_interface]: Received feedback: as2_msgs.action.GoToWaypoint_Feedback(actual_speed=0.5738287568092346, actual_distance_to_goal=3.507314682006836)
[DEBUG] [1789469051.961781583] [x500_px4.x500_px4_interface]: Received feedback: as2_msgs.action.GoToWaypoint_Feedback(actual_speed=0.49587535858154297, actual_distance_to_goal=3.2470602989196777)
[DEBUG] [1789469052.469581564] [x500_px4.x500_px4_interface]: Received feedback: as2_msgs.action.GoToWaypoint_Feedback(actual_speed=0.5122632384300232, actual_distance_to_goal=2.992537498474121)
[DEBUG] [1789469052.978280787] [x500_px4.x500_px4_interface]: Received feedback: as2_msgs.action.GoToWaypoint_Feedback(actual_speed=0.5275369882583618, actual_distance_to_goal=2.7299301624298096)
[DEBUG] [1789469053.486090920] [x500_px4.x500_px4_interface]: Received feedback: as2_msgs.action.GoToWaypoint_Feedback(actual_speed=0.5236588716506958, actual_distance_to_goal=2.465165853500366)
[DEBUG] [1789469053.995159527] [x500_px4.x500_px4_interface]: Received feedback: as2_msgs.action.GoToWaypoint_Feedback(actual_speed=0.5208341479301453, actual_distance_to_goal=2.2083287239074707)
[DEBUG] [1789469054.503037939] [x500_px4.x500_px4_interface]: Received feedback: as2_msgs.action.GoToWaypoint_Feedback(actual_speed=0.5216755867004395, actual_distance_to_goal=1.9455989599227905)
[DEBUG] [1789469055.012410349] [x500_px4.x500_px4_interface]: Received feedback: as2_msgs.action.GoToWaypoint_Feedback(actual_speed=0.5221731066703796, actual_distance_to_goal=1.682541012763977)
[DEBUG] [1789469055.520322025] [x500_px4.x500_px4_interface]: Received feedback: as2_msgs.action.GoToWaypoint_Feedback(actual_speed=0.5219021439552307, actual_distance_to_goal=1.3756071329116821)
[DEBUG] [1789469056.029927578] [x500_px4.x500_px4_interface]: Received feedback: as2_msgs.action.GoToWaypoint_Feedback(actual_speed=0.5217918157577515, actual_distance_to_goal=1.1126220226287842)
[DEBUG] [1789469056.540090105] [x500_px4.x500_px4_interface]: Received feedback: as2_msgs.action.GoToWaypoint_Feedback(actual_speed=0.5217705368995667, actual_distance_to_goal=1.0625354051589966)
[DEBUG] [1789469056.595386958] [x500_px4.x500_px4_interface]: Result: as2_msgs.action.GoToWaypoint_Result(go_to_success=True)
[DEBUG] [1789469058.673784007] [x500_px4.x500_px4_interface]: Received feedback: as2_msgs.action.GoToWaypoint_Feedback(actual_speed=0.12011390179395676, actual_distance_to_goal=6.0039963722229)
[DEBUG] [1789469059.181020452] [x500_px4.x500_px4_interface]: Received feedback: as2_msgs.action.GoToWaypoint_Feedback(actual_speed=0.3243579566478729, actual_distance_to_goal=5.957606315612793)
[DEBUG] [1789469059.689021592] [x500_px4.x500_px4_interface]: Received feedback: as2_msgs.action.GoToWaypoint_Feedback(actual_speed=0.737903892993927, actual_distance_to_goal=5.692275047302246)
[DEBUG] [1789469060.200426402] [x500_px4.x500_px4_interface]: Received feedback: as2_msgs.action.GoToWaypoint_Feedback(actual_speed=0.6332475543022156, actual_distance_to_goal=5.35384464263916)
[DEBUG] [1789469060.710243874] [x500_px4.x500_px4_interface]: Received feedback: as2_msgs.action.GoToWaypoint_Feedback(actual_speed=0.5473945736885071, actual_distance_to_goal=5.067798614501953)
[DEBUG] [1789469061.218317470] [x500_px4.x500_px4_interface]: Received feedback: as2_msgs.action.GoToWaypoint_Feedback(actual_speed=0.5704790949821472, actual_distance_to_goal=4.786564350128174)
[DEBUG] [1789469061.724134664] [x500_px4.x500_px4_interface]: Received feedback: as2_msgs.action.GoToWaypoint_Feedback(actual_speed=0.5868669152259827, actual_distance_to_goal=4.50281286239624)
[DEBUG] [1789469062.230554053] [x500_px4.x500_px4_interface]: Received feedback: as2_msgs.action.GoToWaypoint_Feedback(actual_speed=0.5815210342407227, actual_distance_to_goal=4.21008825302124)
[DEBUG] [1789469062.740384816] [x500_px4.x500_px4_interface]: Received feedback: as2_msgs.action.GoToWaypoint_Feedback(actual_speed=0.578308641910553, actual_distance_to_goal=3.9193036556243896)
[DEBUG] [1789469063.250956059] [x500_px4.x500_px4_interface]: Received feedback: as2_msgs.action.GoToWaypoint_Feedback(actual_speed=0.5796708464622498, actual_distance_to_goal=3.573523998260498)
[DEBUG] [1789469063.758703698] [x500_px4.x500_px4_interface]: Received feedback: as2_msgs.action.GoToWaypoint_Feedback(actual_speed=0.5799634456634521, actual_distance_to_goal=3.2896411418914795)
[DEBUG] [1789469064.265269718] [x500_px4.x500_px4_interface]: Received feedback: as2_msgs.action.GoToWaypoint_Feedback(actual_speed=0.5796809792518616, actual_distance_to_goal=2.9988369941711426)
[DEBUG] [1789469064.771746551] [x500_px4.x500_px4_interface]: Received feedback: as2_msgs.action.GoToWaypoint_Feedback(actual_speed=0.5797130465507507, actual_distance_to_goal=2.7080488204956055)
[DEBUG] [1789469065.277877982] [x500_px4.x500_px4_interface]: Received feedback: as2_msgs.action.GoToWaypoint_Feedback(actual_speed=0.5798742771148682, actual_distance_to_goal=2.424107313156128)
[DEBUG] [1789469065.784674740] [x500_px4.x500_px4_interface]: Received feedback: as2_msgs.action.GoToWaypoint_Feedback(actual_speed=0.5802125930786133, actual_distance_to_goal=2.133059501647949)
[DEBUG] [1789469066.294488663] [x500_px4.x500_px4_interface]: Received feedback: as2_msgs.action.GoToWaypoint_Feedback(actual_speed=0.5806019306182861, actual_distance_to_goal=1.8417576551437378)
[DEBUG] [1789469066.802351228] [x500_px4.x500_px4_interface]: Received feedback: as2_msgs.action.GoToWaypoint_Feedback(actual_speed=0.5811643004417419, actual_distance_to_goal=1.5572483539581299)
[DEBUG] [1789469067.312340526] [x500_px4.x500_px4_interface]: Received feedback: as2_msgs.action.GoToWaypoint_Feedback(actual_speed=0.58223557472229, actual_distance_to_goal=1.2652349472045898)
[DEBUG] [1789469067.821695674] [x500_px4.x500_px4_interface]: Received feedback: as2_msgs.action.GoToWaypoint_Feedback(actual_speed=0.5830142498016357, actual_distance_to_goal=1.1467909812927246)
[DEBUG] [1789469067.837314168] [x500_px4.x500_px4_interface]: Result: as2_msgs.action.GoToWaypoint_Result(go_to_success=True)
[DEBUG] [1789469069.951692415] [x500_px4.x500_px4_interface]: Received feedback: as2_msgs.action.GoToWaypoint_Feedback(actual_speed=0.1827373206615448, actual_distance_to_goal=6.205826282501221)
[DEBUG] [1789469070.457783028] [x500_px4.x500_px4_interface]: Received feedback: as2_msgs.action.GoToWaypoint_Feedback(actual_speed=0.3793022632598877, actual_distance_to_goal=6.093923568725586)
[DEBUG] [1789469070.966386601] [x500_px4.x500_px4_interface]: Received feedback: as2_msgs.action.GoToWaypoint_Feedback(actual_speed=0.6979272365570068, actual_distance_to_goal=5.824779510498047)
[DEBUG] [1789469071.477287655] [x500_px4.x500_px4_interface]: Received feedback: as2_msgs.action.GoToWaypoint_Feedback(actual_speed=0.6209867596626282, actual_distance_to_goal=5.49819803237915)
[DEBUG] [1789469071.985337792] [x500_px4.x500_px4_interface]: Received feedback: as2_msgs.action.GoToWaypoint_Feedback(actual_speed=0.5568317770957947, actual_distance_to_goal=5.151580333709717)
[DEBUG] [1789469072.491652605] [x500_px4.x500_px4_interface]: Received feedback: as2_msgs.action.GoToWaypoint_Feedback(actual_speed=0.5780544877052307, actual_distance_to_goal=4.866248607635498)
[DEBUG] [1789469073.003732719] [x500_px4.x500_px4_interface]: Received feedback: as2_msgs.action.GoToWaypoint_Feedback(actual_speed=0.5853187441825867, actual_distance_to_goal=4.581303119659424)
[DEBUG] [1789469073.510716196] [x500_px4.x500_px4_interface]: Received feedback: as2_msgs.action.GoToWaypoint_Feedback(actual_speed=0.580690324306488, actual_distance_to_goal=4.289151191711426)
[DEBUG] [1789469074.017568917] [x500_px4.x500_px4_interface]: Received feedback: as2_msgs.action.GoToWaypoint_Feedback(actual_speed=0.5791189670562744, actual_distance_to_goal=4.005329608917236)
[DEBUG] [1789469074.523478991] [x500_px4.x500_px4_interface]: Received feedback: as2_msgs.action.GoToWaypoint_Feedback(actual_speed=0.5798639059066772, actual_distance_to_goal=3.7216155529022217)
[DEBUG] [1789469075.031726240] [x500_px4.x500_px4_interface]: Received feedback: as2_msgs.action.GoToWaypoint_Feedback(actual_speed=0.5798932909965515, actual_distance_to_goal=3.437699317932129)
[DEBUG] [1789469075.538733616] [x500_px4.x500_px4_interface]: Received feedback: as2_msgs.action.GoToWaypoint_Feedback(actual_speed=0.5796210169792175, actual_distance_to_goal=3.146885395050049)
[DEBUG] [1789469076.049163663] [x500_px4.x500_px4_interface]: Received feedback: as2_msgs.action.GoToWaypoint_Feedback(actual_speed=0.5795092582702637, actual_distance_to_goal=2.8630857467651367)
[DEBUG] [1789469076.556287257] [x500_px4.x500_px4_interface]: Received feedback: as2_msgs.action.GoToWaypoint_Feedback(actual_speed=0.5795640349388123, actual_distance_to_goal=2.5723769664764404)
[DEBUG] [1789469077.068037425] [x500_px4.x500_px4_interface]: Received feedback: as2_msgs.action.GoToWaypoint_Feedback(actual_speed=0.5796396136283875, actual_distance_to_goal=2.2815942764282227)
[DEBUG] [1789469077.578037256] [x500_px4.x500_px4_interface]: Received feedback: as2_msgs.action.GoToWaypoint_Feedback(actual_speed=0.5798742771148682, actual_distance_to_goal=1.9838006496429443)
[DEBUG] [1789469078.086177946] [x500_px4.x500_px4_interface]: Received feedback: as2_msgs.action.GoToWaypoint_Feedback(actual_speed=0.580200731754303, actual_distance_to_goal=1.692736029624939)
[DEBUG] [1789469078.595334969] [x500_px4.x500_px4_interface]: Received feedback: as2_msgs.action.GoToWaypoint_Feedback(actual_speed=0.5810056924819946, actual_distance_to_goal=1.4082837104797363)
[DEBUG] [1789469079.102271922] [x500_px4.x500_px4_interface]: Received feedback: as2_msgs.action.GoToWaypoint_Feedback(actual_speed=0.5821924209594727, actual_distance_to_goal=1.12321138381958)
[DEBUG] [1789469079.612200579] [x500_px4.x500_px4_interface]: Received feedback: as2_msgs.action.GoToWaypoint_Feedback(actual_speed=0.5825397968292236, actual_distance_to_goal=1.060514211654663)
[DEBUG] [1789469079.666175219] [x500_px4.x500_px4_interface]: Result: as2_msgs.action.GoToWaypoint_Result(go_to_success=True)
[DEBUG] [1789469081.740966328] [x500_px4.x500_px4_interface]: Received feedback: as2_msgs.action.GoToWaypoint_Feedback(actual_speed=0.12064839899539948, actual_distance_to_goal=4.079789161682129)
[DEBUG] [1789469082.251173502] [x500_px4.x500_px4_interface]: Received feedback: as2_msgs.action.GoToWaypoint_Feedback(actual_speed=0.2505258023738861, actual_distance_to_goal=4.03583288192749)
[DEBUG] [1789469082.759032911] [x500_px4.x500_px4_interface]: Received feedback: as2_msgs.action.GoToWaypoint_Feedback(actual_speed=0.6552171111106873, actual_distance_to_goal=3.7957546710968018)
[DEBUG] [1789469083.269636318] [x500_px4.x500_px4_interface]: Received feedback: as2_msgs.action.GoToWaypoint_Feedback(actual_speed=0.5737109780311584, actual_distance_to_goal=3.497814178466797)
[DEBUG] [1789469083.778609399] [x500_px4.x500_px4_interface]: Received feedback: as2_msgs.action.GoToWaypoint_Feedback(actual_speed=0.49406659603118896, actual_distance_to_goal=3.231919050216675)
[DEBUG] [1789469084.235016460] [x500_px4.x500_px4_interface]: Received feedback: as2_msgs.action.GoToWaypoint_Feedback(actual_speed=0.5123031139373779, actual_distance_to_goal=2.977735757827759)
[DEBUG] [1789469084.742043346] [x500_px4.x500_px4_interface]: Received feedback: as2_msgs.action.GoToWaypoint_Feedback(actual_speed=0.527057945728302, actual_distance_to_goal=2.7215466499328613)
[DEBUG] [1789469085.248775026] [x500_px4.x500_px4_interface]: Received feedback: as2_msgs.action.GoToWaypoint_Feedback(actual_speed=0.5229663252830505, actual_distance_to_goal=2.4570815563201904)
[DEBUG] [1789469085.754922185] [x500_px4.x500_px4_interface]: Received feedback: as2_msgs.action.GoToWaypoint_Feedback(actual_speed=0.520136296749115, actual_distance_to_goal=2.1943318843841553)
[DEBUG] [1789469086.263454767] [x500_px4.x500_px4_interface]: Received feedback: as2_msgs.action.GoToWaypoint_Feedback(actual_speed=0.5210361480712891, actual_distance_to_goal=1.9381738901138306)
[DEBUG] [1789469086.769987530] [x500_px4.x500_px4_interface]: Received feedback: as2_msgs.action.GoToWaypoint_Feedback(actual_speed=0.5215681791305542, actual_distance_to_goal=1.6754214763641357)
[DEBUG] [1789469087.279532934] [x500_px4.x500_px4_interface]: Received feedback: as2_msgs.action.GoToWaypoint_Feedback(actual_speed=0.5213593244552612, actual_distance_to_goal=1.4188755750656128)
[DEBUG] [1789469087.787420404] [x500_px4.x500_px4_interface]: Received feedback: as2_msgs.action.GoToWaypoint_Feedback(actual_speed=0.5212398767471313, actual_distance_to_goal=1.1561537981033325)
[DEBUG] [1789469088.297669686] [x500_px4.x500_px4_interface]: Received feedback: as2_msgs.action.GoToWaypoint_Feedback(actual_speed=0.5212438702583313, actual_distance_to_goal=1.0498230457305908)
[DEBUG] [1789469088.390218889] [x500_px4.x500_px4_interface]: Result: as2_msgs.action.GoToWaypoint_Result(go_to_success=True)
[DEBUG] [1789469090.934175344] [x500_px4.x500_px4_interface]: Received feedback: as2_msgs.action.GoToWaypoint_Feedback(actual_speed=0.1173829510807991, actual_distance_to_goal=5.986448764801025)
[DEBUG] [1789469091.444371136] [x500_px4.x500_px4_interface]: Received feedback: as2_msgs.action.GoToWaypoint_Feedback(actual_speed=0.7049731612205505, actual_distance_to_goal=5.7721028327941895)
[DEBUG] [1789469091.953102164] [x500_px4.x500_px4_interface]: Received feedback: as2_msgs.action.GoToWaypoint_Feedback(actual_speed=0.6450141072273254, actual_distance_to_goal=5.367056846618652)
[DEBUG] [1789469092.465403745] [x500_px4.x500_px4_interface]: Received feedback: as2_msgs.action.GoToWaypoint_Feedback(actual_speed=0.5506480932235718, actual_distance_to_goal=5.070686340332031)
[DEBUG] [1789469092.971152125] [x500_px4.x500_px4_interface]: Received feedback: as2_msgs.action.GoToWaypoint_Feedback(actual_speed=0.5722780227661133, actual_distance_to_goal=4.788218975067139)
[DEBUG] [1789469093.477599652] [x500_px4.x500_px4_interface]: Received feedback: as2_msgs.action.GoToWaypoint_Feedback(actual_speed=0.5895909667015076, actual_distance_to_goal=4.503282070159912)
[DEBUG] [1789469093.983903226] [x500_px4.x500_px4_interface]: Received feedback: as2_msgs.action.GoToWaypoint_Feedback(actual_speed=0.5844954252243042, actual_distance_to_goal=4.209047317504883)
[DEBUG] [1789469094.495641508] [x500_px4.x500_px4_interface]: Received feedback: as2_msgs.action.GoToWaypoint_Feedback(actual_speed=0.5810784697532654, actual_distance_to_goal=3.9237704277038574)
[DEBUG] [1789469095.004212424] [x500_px4.x500_px4_interface]: Received feedback: as2_msgs.action.GoToWaypoint_Feedback(actual_speed=0.5820436477661133, actual_distance_to_goal=3.6319949626922607)
[DEBUG] [1789469095.512418598] [x500_px4.x500_px4_interface]: Received feedback: as2_msgs.action.GoToWaypoint_Feedback(actual_speed=0.5826131105422974, actual_distance_to_goal=3.3398382663726807)
[DEBUG] [1789469096.024980280] [x500_px4.x500_px4_interface]: Received feedback: as2_msgs.action.GoToWaypoint_Feedback(actual_speed=0.5823653936386108, actual_distance_to_goal=3.054624080657959)
[DEBUG] [1789469096.532051904] [x500_px4.x500_px4_interface]: Received feedback: as2_msgs.action.GoToWaypoint_Feedback(actual_speed=0.5822954177856445, actual_distance_to_goal=2.7694549560546875)
[DEBUG] [1789469097.038569162] [x500_px4.x500_px4_interface]: Received feedback: as2_msgs.action.GoToWaypoint_Feedback(actual_speed=0.5824753642082214, actual_distance_to_goal=2.4772462844848633)
[DEBUG] [1789469097.546239964] [x500_px4.x500_px4_interface]: Received feedback: as2_msgs.action.GoToWaypoint_Feedback(actual_speed=0.5827314257621765, actual_distance_to_goal=2.1918904781341553)
[DEBUG] [1789469098.052969627] [x500_px4.x500_px4_interface]: Received feedback: as2_msgs.action.GoToWaypoint_Feedback(actual_speed=0.5830961465835571, actual_distance_to_goal=1.8854196071624756)
[DEBUG] [1789469098.561488551] [x500_px4.x500_px4_interface]: Received feedback: as2_msgs.action.GoToWaypoint_Feedback(actual_speed=0.5839424133300781, actual_distance_to_goal=1.5925674438476562)
[DEBUG] [1789469099.069812434] [x500_px4.x500_px4_interface]: Received feedback: as2_msgs.action.GoToWaypoint_Feedback(actual_speed=0.5844561457633972, actual_distance_to_goal=1.306199550628662)
[DEBUG] [1789469099.581732262] [x500_px4.x500_px4_interface]: Received feedback: as2_msgs.action.GoToWaypoint_Feedback(actual_speed=0.5853875875473022, actual_distance_to_goal=1.131312370300293)
[DEBUG] [1789469099.617541790] [x500_px4.x500_px4_interface]: Result: as2_msgs.action.GoToWaypoint_Result(go_to_success=True)
[DEBUG] [1789469101.712822511] [x500_px4.x500_px4_interface]: Received feedback: as2_msgs.action.GoToWaypoint_Feedback(actual_speed=0.2055320143699646, actual_distance_to_goal=6.213019847869873)
[DEBUG] [1789469102.219365567] [x500_px4.x500_px4_interface]: Received feedback: as2_msgs.action.GoToWaypoint_Feedback(actual_speed=0.37687957286834717, actual_distance_to_goal=6.101919651031494)
[DEBUG] [1789469102.727301514] [x500_px4.x500_px4_interface]: Received feedback: as2_msgs.action.GoToWaypoint_Feedback(actual_speed=0.6997476816177368, actual_distance_to_goal=5.840670585632324)
[DEBUG] [1789469103.237084791] [x500_px4.x500_px4_interface]: Received feedback: as2_msgs.action.GoToWaypoint_Feedback(actual_speed=0.6277350187301636, actual_distance_to_goal=5.511841297149658)
[DEBUG] [1789469103.745169038] [x500_px4.x500_px4_interface]: Received feedback: as2_msgs.action.GoToWaypoint_Feedback(actual_speed=0.5596426129341125, actual_distance_to_goal=5.223532199859619)
[DEBUG] [1789469104.254376805] [x500_px4.x500_px4_interface]: Received feedback: as2_msgs.action.GoToWaypoint_Feedback(actual_speed=0.5752143859863281, actual_distance_to_goal=4.938333511352539)
[DEBUG] [1789469104.760926044] [x500_px4.x500_px4_interface]: Received feedback: as2_msgs.action.GoToWaypoint_Feedback(actual_speed=0.5882992148399353, actual_distance_to_goal=4.65305757522583)
[DEBUG] [1789469105.269818786] [x500_px4.x500_px4_interface]: Received feedback: as2_msgs.action.GoToWaypoint_Feedback(actual_speed=0.5846001505851746, actual_distance_to_goal=4.359063148498535)
[DEBUG] [1789469105.780771919] [x500_px4.x500_px4_interface]: Received feedback: as2_msgs.action.GoToWaypoint_Feedback(actual_speed=0.5817593932151794, actual_distance_to_goal=4.06662130355835)
[DEBUG] [1789469106.288004996] [x500_px4.x500_px4_interface]: Received feedback: as2_msgs.action.GoToWaypoint_Feedback(actual_speed=0.5825763940811157, actual_distance_to_goal=3.7675929069519043)
[DEBUG] [1789469106.797802182] [x500_px4.x500_px4_interface]: Received feedback: as2_msgs.action.GoToWaypoint_Feedback(actual_speed=0.5827820301055908, actual_distance_to_goal=3.4752931594848633)
[DEBUG] [1789469107.310088610] [x500_px4.x500_px4_interface]: Received feedback: as2_msgs.action.GoToWaypoint_Feedback(actual_speed=0.5825099945068359, actual_distance_to_goal=3.1899776458740234)
[DEBUG] [1789469107.821055947] [x500_px4.x500_px4_interface]: Received feedback: as2_msgs.action.GoToWaypoint_Feedback(actual_speed=0.5823851823806763, actual_distance_to_goal=2.842132568359375)
[DEBUG] [1789469108.332322240] [x500_px4.x500_px4_interface]: Received feedback: as2_msgs.action.GoToWaypoint_Feedback(actual_speed=0.5823759436607361, actual_distance_to_goal=2.563863515853882)
[DEBUG] [1789469108.838627602] [x500_px4.x500_px4_interface]: Received feedback: as2_msgs.action.GoToWaypoint_Feedback(actual_speed=0.582435667514801, actual_distance_to_goal=2.2716641426086426)
[DEBUG] [1789469109.348752143] [x500_px4.x500_px4_interface]: Received feedback: as2_msgs.action.GoToWaypoint_Feedback(actual_speed=0.5825384855270386, actual_distance_to_goal=1.9793368577957153)
[DEBUG] [1789469109.855060783] [x500_px4.x500_px4_interface]: Received feedback: as2_msgs.action.GoToWaypoint_Feedback(actual_speed=0.5830368399620056, actual_distance_to_goal=1.6937742233276367)
[DEBUG] [1789469110.372678004] [x500_px4.x500_px4_interface]: Received feedback: as2_msgs.action.GoToWaypoint_Feedback(actual_speed=0.5835838317871094, actual_distance_to_goal=1.4008774757385254)
[DEBUG] [1789469110.885369303] [x500_px4.x500_px4_interface]: Received feedback: as2_msgs.action.GoToWaypoint_Feedback(actual_speed=0.5847922563552856, actual_distance_to_goal=1.1146025657653809)
[DEBUG] [1789469111.396055481] [x500_px4.x500_px4_interface]: Received feedback: as2_msgs.action.GoToWaypoint_Feedback(actual_speed=0.5851419568061829, actual_distance_to_goal=1.0516629219055176)
[DEBUG] [1789469111.441211240] [x500_px4.x500_px4_interface]: Result: as2_msgs.action.GoToWaypoint_Result(go_to_success=True)
[DEBUG] [1789469116.771574858] [x500_px4.x500_px4_interface]: Received feedback: as2_msgs.action.GoToWaypoint_Feedback(actual_speed=0.009951462969183922, actual_distance_to_goal=9.72154426574707)
[DEBUG] [1789469117.329413613] [x500_px4.x500_px4_interface]: Received feedback: as2_msgs.action.GoToWaypoint_Feedback(actual_speed=0.009594057686626911, actual_distance_to_goal=9.721902847290039)
[DEBUG] [1789469117.836674636] [x500_px4.x500_px4_interface]: Received feedback: as2_msgs.action.GoToWaypoint_Feedback(actual_speed=0.08045770972967148, actual_distance_to_goal=9.716254234313965)
[DEBUG] [1789469118.346253639] [x500_px4.x500_px4_interface]: Received feedback: as2_msgs.action.GoToWaypoint_Feedback(actual_speed=0.6669981479644775, actual_distance_to_goal=9.528876304626465)
[DEBUG] [1789469118.853496792] [x500_px4.x500_px4_interface]: Received feedback: as2_msgs.action.GoToWaypoint_Feedback(actual_speed=0.6965458989143372, actual_distance_to_goal=9.194993019104004)
[DEBUG] [1789469119.360789289] [x500_px4.x500_px4_interface]: Received feedback: as2_msgs.action.GoToWaypoint_Feedback(actual_speed=0.5646140575408936, actual_distance_to_goal=8.89722728729248)
[DEBUG] [1789469119.868025673] [x500_px4.x500_px4_interface]: Received feedback: as2_msgs.action.GoToWaypoint_Feedback(actual_speed=0.556780993938446, actual_distance_to_goal=8.621869087219238)
[DEBUG] [1789469120.378151462] [x500_px4.x500_px4_interface]: Received feedback: as2_msgs.action.GoToWaypoint_Feedback(actual_speed=0.585349977016449, actual_distance_to_goal=8.333291053771973)
[DEBUG] [1789469120.885032045] [x500_px4.x500_px4_interface]: Received feedback: as2_msgs.action.GoToWaypoint_Feedback(actual_speed=0.5864436030387878, actual_distance_to_goal=8.045289039611816)
[DEBUG] [1789469121.392302164] [x500_px4.x500_px4_interface]: Received feedback: as2_msgs.action.GoToWaypoint_Feedback(actual_speed=0.5810181498527527, actual_distance_to_goal=7.751558303833008)
[DEBUG] [1789469121.903954095] [x500_px4.x500_px4_interface]: Received feedback: as2_msgs.action.GoToWaypoint_Feedback(actual_speed=0.5816869139671326, actual_distance_to_goal=7.444884777069092)
[DEBUG] [1789469122.415850978] [x500_px4.x500_px4_interface]: Received feedback: as2_msgs.action.GoToWaypoint_Feedback(actual_speed=0.5830588340759277, actual_distance_to_goal=7.151638031005859)
[DEBUG] [1789469122.921661385] [x500_px4.x500_px4_interface]: Received feedback: as2_msgs.action.GoToWaypoint_Feedback(actual_speed=0.5832215547561646, actual_distance_to_goal=6.864993572235107)
[DEBUG] [1789469123.429715766] [x500_px4.x500_px4_interface]: Received feedback: as2_msgs.action.GoToWaypoint_Feedback(actual_speed=0.5834476947784424, actual_distance_to_goal=6.5782551765441895)
[DEBUG] [1789469123.936669515] [x500_px4.x500_px4_interface]: Received feedback: as2_msgs.action.GoToWaypoint_Feedback(actual_speed=0.5839201211929321, actual_distance_to_goal=6.284365177154541)
[DEBUG] [1789469124.447586384] [x500_px4.x500_px4_interface]: Received feedback: as2_msgs.action.GoToWaypoint_Feedback(actual_speed=0.5845291018486023, actual_distance_to_goal=5.997217655181885)
[DEBUG] [1789469124.957247029] [x500_px4.x500_px4_interface]: Received feedback: as2_msgs.action.GoToWaypoint_Feedback(actual_speed=0.5850739479064941, actual_distance_to_goal=5.646695137023926)
[DEBUG] [1789469125.464854742] [x500_px4.x500_px4_interface]: Received feedback: as2_msgs.action.GoToWaypoint_Feedback(actual_speed=0.5856043100357056, actual_distance_to_goal=5.351996421813965)
[DEBUG] [1789469125.972465129] [x500_px4.x500_px4_interface]: Received feedback: as2_msgs.action.GoToWaypoint_Feedback(actual_speed=0.5859795808792114, actual_distance_to_goal=5.05703592300415)
[DEBUG] [1789469126.431023078] [x500_px4.x500_px4_interface]: Received feedback: as2_msgs.action.GoToWaypoint_Feedback(actual_speed=0.5866606831550598, actual_distance_to_goal=4.825092315673828)
[DEBUG] [1789469126.937457447] [x500_px4.x500_px4_interface]: Received feedback: as2_msgs.action.GoToWaypoint_Feedback(actual_speed=0.5872788429260254, actual_distance_to_goal=4.54362154006958)
[DEBUG] [1789469127.447031646] [x500_px4.x500_px4_interface]: Received feedback: as2_msgs.action.GoToWaypoint_Feedback(actual_speed=0.5879400968551636, actual_distance_to_goal=4.24777889251709)
[DEBUG] [1789469127.954264552] [x500_px4.x500_px4_interface]: Received feedback: as2_msgs.action.GoToWaypoint_Feedback(actual_speed=0.5889788866043091, actual_distance_to_goal=3.951533794403076)
[DEBUG] [1789469128.461262466] [x500_px4.x500_px4_interface]: Received feedback: as2_msgs.action.GoToWaypoint_Feedback(actual_speed=0.5895988941192627, actual_distance_to_goal=3.661947727203369)
[DEBUG] [1789469128.971745255] [x500_px4.x500_px4_interface]: Received feedback: as2_msgs.action.GoToWaypoint_Feedback(actual_speed=0.5900834202766418, actual_distance_to_goal=3.3507888317108154)
[DEBUG] [1789469129.481154205] [x500_px4.x500_px4_interface]: Received feedback: as2_msgs.action.GoToWaypoint_Feedback(actual_speed=0.5914573073387146, actual_distance_to_goal=3.0533363819122314)
[DEBUG] [1789469129.991181302] [x500_px4.x500_px4_interface]: Received feedback: as2_msgs.action.GoToWaypoint_Feedback(actual_speed=0.592815637588501, actual_distance_to_goal=2.6984949111938477)
[DEBUG] [1789469130.499995461] [x500_px4.x500_px4_interface]: Received feedback: as2_msgs.action.GoToWaypoint_Feedback(actual_speed=0.5954329967498779, actual_distance_to_goal=2.406689167022705)
[DEBUG] [1789469131.010168883] [x500_px4.x500_px4_interface]: Received feedback: as2_msgs.action.GoToWaypoint_Feedback(actual_speed=0.5956832766532898, actual_distance_to_goal=2.1141557693481445)
[DEBUG] [1789469131.518285895] [x500_px4.x500_px4_interface]: Received feedback: as2_msgs.action.GoToWaypoint_Feedback(actual_speed=0.5973474979400635, actual_distance_to_goal=1.8138926029205322)
[DEBUG] [1789469132.024824251] [x500_px4.x500_px4_interface]: Received feedback: as2_msgs.action.GoToWaypoint_Feedback(actual_speed=0.5997928977012634, actual_distance_to_goal=1.512611985206604)
[DEBUG] [1789469132.536596201] [x500_px4.x500_px4_interface]: Received feedback: as2_msgs.action.GoToWaypoint_Feedback(actual_speed=0.6024342775344849, actual_distance_to_goal=1.216989278793335)
[DEBUG] [1789469133.053034658] [x500_px4.x500_px4_interface]: Received feedback: as2_msgs.action.GoToWaypoint_Feedback(actual_speed=0.6037425398826599, actual_distance_to_goal=1.1518193483352661)
[DEBUG] [1789469133.098587507] [x500_px4.x500_px4_interface]: Result: as2_msgs.action.GoToWaypoint_Result(go_to_success=True)
[DEBUG] [1789469143.497470632] [x500_px4.x500_px4_interface]: Received feedback: as2_msgs.action.Land_Feedback(actual_land_speed=-6.410979403881356e-05, actual_land_height=4.995254039764404)
[DEBUG] [1789469144.055247589] [x500_px4.x500_px4_interface]: Received feedback: as2_msgs.action.Land_Feedback(actual_land_speed=-1.6630101526970975e-05, actual_land_height=4.995250701904297)
[DEBUG] [1789469144.562994044] [x500_px4.x500_px4_interface]: Received feedback: as2_msgs.action.Land_Feedback(actual_land_speed=0.008123116567730904, actual_land_height=4.996187686920166)
[DEBUG] [1789469145.069468665] [x500_px4.x500_px4_interface]: Received feedback: as2_msgs.action.Land_Feedback(actual_land_speed=0.004736848175525665, actual_land_height=5.000436782836914)
[DEBUG] [1789469145.581326902] [x500_px4.x500_px4_interface]: Received feedback: as2_msgs.action.Land_Feedback(actual_land_speed=-0.010606051422655582, actual_land_height=4.998908519744873)
[DEBUG] [1789469146.087356500] [x500_px4.x500_px4_interface]: Received feedback: as2_msgs.action.Land_Feedback(actual_land_speed=-0.03832581266760826, actual_land_height=4.984490871429443)
[DEBUG] [1789469146.595360400] [x500_px4.x500_px4_interface]: Received feedback: as2_msgs.action.Land_Feedback(actual_land_speed=-0.06908625364303589, actual_land_height=4.957762241363525)
[DEBUG] [1789469147.103517791] [x500_px4.x500_px4_interface]: Received feedback: as2_msgs.action.Land_Feedback(actual_land_speed=-0.10720538347959518, actual_land_height=4.912831783294678)
[DEBUG] [1789469147.612508799] [x500_px4.x500_px4_interface]: Received feedback: as2_msgs.action.Land_Feedback(actual_land_speed=-0.15066219866275787, actual_land_height=4.848809719085693)
[DEBUG] [1789469148.121285775] [x500_px4.x500_px4_interface]: Received feedback: as2_msgs.action.Land_Feedback(actual_land_speed=-0.2006123960018158, actual_land_height=4.7596235275268555)
[DEBUG] [1789469148.633125714] [x500_px4.x500_px4_interface]: Received feedback: as2_msgs.action.Land_Feedback(actual_land_speed=-0.2530369162559509, actual_land_height=4.644351959228516)
[DEBUG] [1789469149.141031614] [x500_px4.x500_px4_interface]: Received feedback: as2_msgs.action.Land_Feedback(actual_land_speed=-0.3078019618988037, actual_land_height=4.501974105834961)
[DEBUG] [1789469149.650956945] [x500_px4.x500_px4_interface]: Received feedback: as2_msgs.action.Land_Feedback(actual_land_speed=-0.3629785180091858, actual_land_height=4.335939407348633)
[DEBUG] [1789469150.157180771] [x500_px4.x500_px4_interface]: Received feedback: as2_msgs.action.Land_Feedback(actual_land_speed=-0.41819286346435547, actual_land_height=4.1378173828125)
[DEBUG] [1789469150.667486268] [x500_px4.x500_px4_interface]: Received feedback: as2_msgs.action.Land_Feedback(actual_land_speed=-0.45747730135917664, actual_land_height=3.9205970764160156)
[DEBUG] [1789469151.174143330] [x500_px4.x500_px4_interface]: Received feedback: as2_msgs.action.Land_Feedback(actual_land_speed=-0.4772512912750244, actual_land_height=3.684115171432495)
[DEBUG] [1789469151.681578451] [x500_px4.x500_px4_interface]: Received feedback: as2_msgs.action.Land_Feedback(actual_land_speed=-0.48765796422958374, actual_land_height=3.4404470920562744)
[DEBUG] [1789469152.188403128] [x500_px4.x500_px4_interface]: Received feedback: as2_msgs.action.Land_Feedback(actual_land_speed=-0.49331673979759216, actual_land_height=3.145836353302002)
[DEBUG] [1789469152.696902826] [x500_px4.x500_px4_interface]: Received feedback: as2_msgs.action.Land_Feedback(actual_land_speed=-0.4954288601875305, actual_land_height=2.90248441696167)
[DEBUG] [1789469153.205551095] [x500_px4.x500_px4_interface]: Received feedback: as2_msgs.action.Land_Feedback(actual_land_speed=-0.4964420199394226, actual_land_height=2.652508497238159)
[DEBUG] [1789469153.713579644] [x500_px4.x500_px4_interface]: Received feedback: as2_msgs.action.Land_Feedback(actual_land_speed=-0.49721115827560425, actual_land_height=2.402087926864624)
[DEBUG] [1789469154.222371068] [x500_px4.x500_px4_interface]: Received feedback: as2_msgs.action.Land_Feedback(actual_land_speed=-0.4979383051395416, actual_land_height=2.1572952270507812)
[DEBUG] [1789469154.729896717] [x500_px4.x500_px4_interface]: Received feedback: as2_msgs.action.Land_Feedback(actual_land_speed=-0.49827003479003906, actual_land_height=1.912218689918518)
[DEBUG] [1789469155.238780624] [x500_px4.x500_px4_interface]: Received feedback: as2_msgs.action.Land_Feedback(actual_land_speed=-0.49824753403663635, actual_land_height=1.6611034870147705)
[DEBUG] [1789469155.745321169] [x500_px4.x500_px4_interface]: Received feedback: as2_msgs.action.Land_Feedback(actual_land_speed=-0.49793824553489685, actual_land_height=1.4100093841552734)
[DEBUG] [1789469156.252820074] [x500_px4.x500_px4_interface]: Received feedback: as2_msgs.action.Land_Feedback(actual_land_speed=-0.4763457775115967, actual_land_height=1.1696290969848633)
[DEBUG] [1789469156.760672141] [x500_px4.x500_px4_interface]: Received feedback: as2_msgs.action.Land_Feedback(actual_land_speed=-0.42830389738082886, actual_land_height=0.9417912364006042)
[DEBUG] [1789469157.268788004] [x500_px4.x500_px4_interface]: Received feedback: as2_msgs.action.Land_Feedback(actual_land_speed=-0.414252370595932, actual_land_height=0.891514241695404)
[DEBUG] [1789469157.355570522] [x500_px4.x500_px4_interface]: Goal failed with status code: 6
[SimpleMission] Inicializando ROS2 e conectando ao drone "x500_px4"...
[SimpleMission] Posicao inicial (home) capturada: (9.000000000154685, -8.889775027093823e-13, -0.013000195922959812)
[SimpleMission] Armando motores...
[SimpleMission] Ativando modo offboard...
[SimpleMission] Decolando até 5.0 m...
[SimpleMission] Decolagem concluída até 5.0!
[DEBUG] Home position capturada: (9.000000000154685, -8.889775027093823e-13, -0.013000195922959812)
[SimpleMission] Resetando percepcao antes da trajetoria de busca...
[SimpleMission] Percepcao resetada: 30 areas descartadas
[missao] Iniciando varredura do cenario...
[SimpleMission] Indo para posicao (-6.00, -6.00, 5.00)...
[SimpleMission] Chegou na posicao de destino!
[SimpleMission] Indo para posicao (-6.00, 0.00, 5.00)...
[SimpleMission] Chegou na posicao de destino!
[SimpleMission] Indo para posicao (-6.00, 6.00, 5.00)...
[SimpleMission] Chegou na posicao de destino!
[SimpleMission] Indo para posicao (-2.00, 6.00, 5.00)...
[SimpleMission] Chegou na posicao de destino!
[SimpleMission] Indo para posicao (-2.00, 0.00, 5.00)...
[SimpleMission] Chegou na posicao de destino!
[SimpleMission] Indo para posicao (-2.00, -6.00, 5.00)...
[SimpleMission] Chegou na posicao de destino!
[SimpleMission] Indo para posicao (2.00, -6.00, 5.00)...
[SimpleMission] Chegou na posicao de destino!
[SimpleMission] Indo para posicao (2.00, 0.00, 5.00)...
[SimpleMission] Chegou na posicao de destino!
[SimpleMission] Indo para posicao (2.00, 6.00, 5.00)...
[SimpleMission] Chegou na posicao de destino!
[SimpleMission] Indo para posicao (6.00, 6.00, 5.00)...
[SimpleMission] Chegou na posicao de destino!
[SimpleMission] Indo para posicao (6.00, 0.00, 5.00)...
[SimpleMission] Chegou na posicao de destino!
[SimpleMission] Indo para posicao (6.00, -6.00, 5.00)...
[SimpleMission] Chegou na posicao de destino!
[missao] Varredura concluida.
[SimpleMission] Esperando candidato estavel (timeout 30.0s)...
[SimpleMission] Candidato ESTAVEL recebido: (-3.02, -2.23, 0.03)
[missao] Indo verificar area em (-3.02, -2.23)
[SimpleMission] Indo para posicao (-3.02, -2.23, 5.00)...
[SimpleMission] Chegou na posicao de destino!
[DEBUG] Alvo: (-3.02, -2.23) | Pose apos go_to: (-2.9549877816369987, -2.2917396592034303, 4.8320115430823805)
[missao] Pairando 5s sobre a area candidata antes de pousar...
[DEBUG] Pose durante hover (s=1): (-3.0427023850358745, -2.247745801816391, 4.78941363348261)
[DEBUG] Pose durante hover (s=2): (-3.0723963686883407, -2.2331133028150916, 4.765877960346402)
[DEBUG] Pose durante hover (s=3): (-3.082210532007828, -2.2280112838269073, 4.758168790628833)
[DEBUG] Pose durante hover (s=4): (-3.0837740540592984, -2.226799364244282, 4.7557085249951685)
[DEBUG] Pose durante hover (s=5): (-3.0835543290816854, -2.2265414880675216, 4.75526911086729)
[missao] Pouso confirmado.
[SimpleMission] Pousando...
[SimpleMission] Pouso concluído!
[DEBUG] Pose apos land: (-3.4232869043097685, -2.2339426721711217, 0.11287073131729061)
[SimpleMission] Garantindo desarme antes de encerrar...
[SimpleMission] Encerrando conexão com o drone...
[SimpleMission] Missão finalizada.
