[INFO] [1789473362.700208616] [x500_px4.x500_px4_interface]: Starting x500_px4
[INFO] [1789473363.315115537] [x500_px4.x500_px4_interface]: x500_px4 interface initialized
[DEBUG] [1789473368.808030507] [x500_px4.x500_px4_interface]: Received feedback: as2_msgs.action.Takeoff_Feedback(actual_takeoff_speed=1.1208940122742206e-05, actual_takeoff_height=0.2356354296207428)
[DEBUG] [1789473369.369330400] [x500_px4.x500_px4_interface]: Received feedback: as2_msgs.action.Takeoff_Feedback(actual_takeoff_speed=-1.035885088640498e-05, actual_takeoff_height=0.23563505709171295)
[DEBUG] [1789473369.881063061] [x500_px4.x500_px4_interface]: Received feedback: as2_msgs.action.Takeoff_Feedback(actual_takeoff_speed=-1.639657057239674e-05, actual_takeoff_height=0.23563429713249207)
[DEBUG] [1789473370.394581921] [x500_px4.x500_px4_interface]: Received feedback: as2_msgs.action.Takeoff_Feedback(actual_takeoff_speed=0.2344444841146469, actual_takeoff_height=0.2981972098350525)
[DEBUG] [1789473370.902410458] [x500_px4.x500_px4_interface]: Received feedback: as2_msgs.action.Takeoff_Feedback(actual_takeoff_speed=0.34408459067344666, actual_takeoff_height=0.4097670316696167)
[DEBUG] [1789473371.420196685] [x500_px4.x500_px4_interface]: Received feedback: as2_msgs.action.Takeoff_Feedback(actual_takeoff_speed=0.4352140426635742, actual_takeoff_height=0.6539332270622253)
[DEBUG] [1789473371.940713039] [x500_px4.x500_px4_interface]: Received feedback: as2_msgs.action.Takeoff_Feedback(actual_takeoff_speed=0.4649112820625305, actual_takeoff_height=0.8441357612609863)
[DEBUG] [1789473372.453447445] [x500_px4.x500_px4_interface]: Received feedback: as2_msgs.action.Takeoff_Feedback(actual_takeoff_speed=0.48295798897743225, actual_takeoff_height=1.0668213367462158)
[DEBUG] [1789473372.961681239] [x500_px4.x500_px4_interface]: Received feedback: as2_msgs.action.Takeoff_Feedback(actual_takeoff_speed=0.493448406457901, actual_takeoff_height=1.3193036317825317)
[DEBUG] [1789473373.470366284] [x500_px4.x500_px4_interface]: Received feedback: as2_msgs.action.Takeoff_Feedback(actual_takeoff_speed=0.49786844849586487, actual_takeoff_height=1.5632967948913574)
[DEBUG] [1789473373.980453592] [x500_px4.x500_px4_interface]: Received feedback: as2_msgs.action.Takeoff_Feedback(actual_takeoff_speed=0.5016369819641113, actual_takeoff_height=1.8211394548416138)
[DEBUG] [1789473374.490522610] [x500_px4.x500_px4_interface]: Received feedback: as2_msgs.action.Takeoff_Feedback(actual_takeoff_speed=0.5024933815002441, actual_takeoff_height=2.074387311935425)
[DEBUG] [1789473375.000511837] [x500_px4.x500_px4_interface]: Received feedback: as2_msgs.action.Takeoff_Feedback(actual_takeoff_speed=0.5039774179458618, actual_takeoff_height=2.3220252990722656)
[DEBUG] [1789473375.513519993] [x500_px4.x500_px4_interface]: Received feedback: as2_msgs.action.Takeoff_Feedback(actual_takeoff_speed=0.5032312273979187, actual_takeoff_height=2.575800895690918)
[DEBUG] [1789473376.023796588] [x500_px4.x500_px4_interface]: Received feedback: as2_msgs.action.Takeoff_Feedback(actual_takeoff_speed=0.5064308643341064, actual_takeoff_height=2.830092191696167)
[DEBUG] [1789473376.481551509] [x500_px4.x500_px4_interface]: Received feedback: as2_msgs.action.Takeoff_Feedback(actual_takeoff_speed=0.5050365924835205, actual_takeoff_height=3.01824951171875)
[DEBUG] [1789473376.990874190] [x500_px4.x500_px4_interface]: Received feedback: as2_msgs.action.Takeoff_Feedback(actual_takeoff_speed=0.5069302916526794, actual_takeoff_height=3.2851433753967285)
[DEBUG] [1789473377.461742702] [x500_px4.x500_px4_interface]: Received feedback: as2_msgs.action.Takeoff_Feedback(actual_takeoff_speed=0.5084205865859985, actual_takeoff_height=3.5295522212982178)
[DEBUG] [1789473377.879169386] [x500_px4.x500_px4_interface]: Received feedback: as2_msgs.action.Takeoff_Feedback(actual_takeoff_speed=0.5064951181411743, actual_takeoff_height=3.7305068969726562)
[DEBUG] [1789473378.390118776] [x500_px4.x500_px4_interface]: Received feedback: as2_msgs.action.Takeoff_Feedback(actual_takeoff_speed=0.5122589468955994, actual_takeoff_height=3.9814600944519043)
[DEBUG] [1789473378.896664826] [x500_px4.x500_px4_interface]: Received feedback: as2_msgs.action.Takeoff_Feedback(actual_takeoff_speed=0.5115606188774109, actual_takeoff_height=4.2520012855529785)
[DEBUG] [1789473379.404261293] [x500_px4.x500_px4_interface]: Received feedback: as2_msgs.action.Takeoff_Feedback(actual_takeoff_speed=0.5110701322555542, actual_takeoff_height=4.350138187408447)
[DEBUG] [1789473379.500675804] [x500_px4.x500_px4_interface]: Result: as2_msgs.action.Takeoff_Result(takeoff_success=True)
[DEBUG] [1789473381.240470289] [x500_px4.x500_px4_interface]: Received feedback: as2_msgs.action.GoToWaypoint_Feedback(actual_speed=0.12080943584442139, actual_distance_to_goal=15.908010482788086)
[DEBUG] [1789473381.807536646] [x500_px4.x500_px4_interface]: Received feedback: as2_msgs.action.GoToWaypoint_Feedback(actual_speed=0.30260422825813293, actual_distance_to_goal=15.912063598632812)
[DEBUG] [1789473382.367740016] [x500_px4.x500_px4_interface]: Received feedback: as2_msgs.action.GoToWaypoint_Feedback(actual_speed=0.6391341686248779, actual_distance_to_goal=15.776153564453125)
[DEBUG] [1789473382.927065460] [x500_px4.x500_px4_interface]: Received feedback: as2_msgs.action.GoToWaypoint_Feedback(actual_speed=0.830325186252594, actual_distance_to_goal=15.315404891967773)
[DEBUG] [1789473383.487862481] [x500_px4.x500_px4_interface]: Received feedback: as2_msgs.action.GoToWaypoint_Feedback(actual_speed=0.6505928039550781, actual_distance_to_goal=14.881649017333984)
[DEBUG] [1789473384.047853230] [x500_px4.x500_px4_interface]: Received feedback: as2_msgs.action.GoToWaypoint_Feedback(actual_speed=0.6616104245185852, actual_distance_to_goal=14.558638572692871)
[DEBUG] [1789473384.609384924] [x500_px4.x500_px4_interface]: Received feedback: as2_msgs.action.GoToWaypoint_Feedback(actual_speed=0.6914721131324768, actual_distance_to_goal=14.151008605957031)
[DEBUG] [1789473385.118495040] [x500_px4.x500_px4_interface]: Received feedback: as2_msgs.action.GoToWaypoint_Feedback(actual_speed=0.685810923576355, actual_distance_to_goal=13.80433464050293)
[DEBUG] [1789473385.627253889] [x500_px4.x500_px4_interface]: Received feedback: as2_msgs.action.GoToWaypoint_Feedback(actual_speed=0.6820876002311707, actual_distance_to_goal=13.468144416809082)
[DEBUG] [1789473386.136575975] [x500_px4.x500_px4_interface]: Received feedback: as2_msgs.action.GoToWaypoint_Feedback(actual_speed=0.6835317611694336, actual_distance_to_goal=13.124128341674805)
[DEBUG] [1789473386.645439188] [x500_px4.x500_px4_interface]: Received feedback: as2_msgs.action.GoToWaypoint_Feedback(actual_speed=0.6844430565834045, actual_distance_to_goal=12.771320343017578)
[DEBUG] [1789473387.155573924] [x500_px4.x500_px4_interface]: Received feedback: as2_msgs.action.GoToWaypoint_Feedback(actual_speed=0.6845471262931824, actual_distance_to_goal=12.451150894165039)
[DEBUG] [1789473387.666086075] [x500_px4.x500_px4_interface]: Received feedback: as2_msgs.action.GoToWaypoint_Feedback(actual_speed=0.6846490502357483, actual_distance_to_goal=12.09810733795166)
[DEBUG] [1789473388.178281551] [x500_px4.x500_px4_interface]: Received feedback: as2_msgs.action.GoToWaypoint_Feedback(actual_speed=0.6848540306091309, actual_distance_to_goal=11.753189086914062)
[DEBUG] [1789473388.693678190] [x500_px4.x500_px4_interface]: Received feedback: as2_msgs.action.GoToWaypoint_Feedback(actual_speed=0.6850614547729492, actual_distance_to_goal=11.416375160217285)
[DEBUG] [1789473389.205999274] [x500_px4.x500_px4_interface]: Received feedback: as2_msgs.action.GoToWaypoint_Feedback(actual_speed=0.6854251623153687, actual_distance_to_goal=11.079425811767578)
[DEBUG] [1789473389.713562180] [x500_px4.x500_px4_interface]: Received feedback: as2_msgs.action.GoToWaypoint_Feedback(actual_speed=0.685634970664978, actual_distance_to_goal=10.742314338684082)
[DEBUG] [1789473390.230627765] [x500_px4.x500_px4_interface]: Received feedback: as2_msgs.action.GoToWaypoint_Feedback(actual_speed=0.6858267784118652, actual_distance_to_goal=10.396886825561523)
[DEBUG] [1789473390.739059606] [x500_px4.x500_px4_interface]: Received feedback: as2_msgs.action.GoToWaypoint_Feedback(actual_speed=0.6860734224319458, actual_distance_to_goal=10.051347732543945)
[DEBUG] [1789473391.247478805] [x500_px4.x500_px4_interface]: Received feedback: as2_msgs.action.GoToWaypoint_Feedback(actual_speed=0.6865195631980896, actual_distance_to_goal=9.705641746520996)
[DEBUG] [1789473391.760985911] [x500_px4.x500_px4_interface]: Received feedback: as2_msgs.action.GoToWaypoint_Feedback(actual_speed=0.6868473887443542, actual_distance_to_goal=9.35153865814209)
[DEBUG] [1789473392.272499458] [x500_px4.x500_px4_interface]: Received feedback: as2_msgs.action.GoToWaypoint_Feedback(actual_speed=0.6872169971466064, actual_distance_to_goal=8.93953800201416)
[DEBUG] [1789473392.778774481] [x500_px4.x500_px4_interface]: Received feedback: as2_msgs.action.GoToWaypoint_Feedback(actual_speed=0.6873695254325867, actual_distance_to_goal=8.601547241210938)
[DEBUG] [1789473393.289185060] [x500_px4.x500_px4_interface]: Received feedback: as2_msgs.action.GoToWaypoint_Feedback(actual_speed=0.6877635717391968, actual_distance_to_goal=8.255199432373047)
[DEBUG] [1789473393.747764111] [x500_px4.x500_px4_interface]: Received feedback: as2_msgs.action.GoToWaypoint_Feedback(actual_speed=0.6880764365196228, actual_distance_to_goal=7.982934474945068)
[DEBUG] [1789473394.214180208] [x500_px4.x500_px4_interface]: Received feedback: as2_msgs.action.GoToWaypoint_Feedback(actual_speed=0.6884753108024597, actual_distance_to_goal=7.6444926261901855)
[DEBUG] [1789473394.724747839] [x500_px4.x500_px4_interface]: Received feedback: as2_msgs.action.GoToWaypoint_Feedback(actual_speed=0.6887434720993042, actual_distance_to_goal=7.297576904296875)
[DEBUG] [1789473395.234656477] [x500_px4.x500_px4_interface]: Received feedback: as2_msgs.action.GoToWaypoint_Feedback(actual_speed=0.689500629901886, actual_distance_to_goal=6.95039701461792)
[DEBUG] [1789473395.744173793] [x500_px4.x500_px4_interface]: Received feedback: as2_msgs.action.GoToWaypoint_Feedback(actual_speed=0.6899799108505249, actual_distance_to_goal=6.611283302307129)
[DEBUG] [1789473396.253003032] [x500_px4.x500_px4_interface]: Received feedback: as2_msgs.action.GoToWaypoint_Feedback(actual_speed=0.6903464794158936, actual_distance_to_goal=6.263645172119141)
[DEBUG] [1789473396.763226186] [x500_px4.x500_px4_interface]: Received feedback: as2_msgs.action.GoToWaypoint_Feedback(actual_speed=0.6907429099082947, actual_distance_to_goal=5.924076557159424)
[DEBUG] [1789473397.272039661] [x500_px4.x500_px4_interface]: Received feedback: as2_msgs.action.GoToWaypoint_Feedback(actual_speed=0.6912178993225098, actual_distance_to_goal=5.559429168701172)
[DEBUG] [1789473397.782066139] [x500_px4.x500_px4_interface]: Received feedback: as2_msgs.action.GoToWaypoint_Feedback(actual_speed=0.6916840076446533, actual_distance_to_goal=5.219322204589844)
[DEBUG] [1789473398.291606828] [x500_px4.x500_px4_interface]: Received feedback: as2_msgs.action.GoToWaypoint_Feedback(actual_speed=0.6925562024116516, actual_distance_to_goal=4.870591163635254)
[DEBUG] [1789473398.803702184] [x500_px4.x500_px4_interface]: Received feedback: as2_msgs.action.GoToWaypoint_Feedback(actual_speed=0.6937931776046753, actual_distance_to_goal=4.455007076263428)
[DEBUG] [1789473399.310918730] [x500_px4.x500_px4_interface]: Received feedback: as2_msgs.action.GoToWaypoint_Feedback(actual_speed=0.6940775513648987, actual_distance_to_goal=4.1054768562316895)
[DEBUG] [1789473399.823861239] [x500_px4.x500_px4_interface]: Received feedback: as2_msgs.action.GoToWaypoint_Feedback(actual_speed=0.6946176290512085, actual_distance_to_goal=3.763986587524414)
[DEBUG] [1789473400.282096686] [x500_px4.x500_px4_interface]: Received feedback: as2_msgs.action.GoToWaypoint_Feedback(actual_speed=0.6958674788475037, actual_distance_to_goal=3.480391025543213)
[DEBUG] [1789473400.740462061] [x500_px4.x500_px4_interface]: Received feedback: as2_msgs.action.GoToWaypoint_Feedback(actual_speed=0.6969725489616394, actual_distance_to_goal=3.1379013061523438)
[DEBUG] [1789473401.248258682] [x500_px4.x500_px4_interface]: Received feedback: as2_msgs.action.GoToWaypoint_Feedback(actual_speed=0.6976013779640198, actual_distance_to_goal=2.786546230316162)
[DEBUG] [1789473401.756308393] [x500_px4.x500_px4_interface]: Received feedback: as2_msgs.action.GoToWaypoint_Feedback(actual_speed=0.6986013054847717, actual_distance_to_goal=2.434443235397339)
[DEBUG] [1789473402.265482399] [x500_px4.x500_px4_interface]: Received feedback: as2_msgs.action.GoToWaypoint_Feedback(actual_speed=0.701589822769165, actual_distance_to_goal=2.089783191680908)
[DEBUG] [1789473402.774515148] [x500_px4.x500_px4_interface]: Received feedback: as2_msgs.action.GoToWaypoint_Feedback(actual_speed=0.7021567821502686, actual_distance_to_goal=1.7362443208694458)
[DEBUG] [1789473403.282876182] [x500_px4.x500_px4_interface]: Received feedback: as2_msgs.action.GoToWaypoint_Feedback(actual_speed=0.7049546837806702, actual_distance_to_goal=1.390277624130249)
[DEBUG] [1789473403.795679594] [x500_px4.x500_px4_interface]: Received feedback: as2_msgs.action.GoToWaypoint_Feedback(actual_speed=0.7081031799316406, actual_distance_to_goal=1.2462007999420166)
[DEBUG] [1789473403.800194440] [x500_px4.x500_px4_interface]: Result: as2_msgs.action.GoToWaypoint_Result(go_to_success=True)
[DEBUG] [1789473405.932117483] [x500_px4.x500_px4_interface]: Received feedback: as2_msgs.action.GoToWaypoint_Feedback(actual_speed=0.22363252937793732, actual_distance_to_goal=5.903923988342285)
[DEBUG] [1789473406.443357602] [x500_px4.x500_px4_interface]: Received feedback: as2_msgs.action.GoToWaypoint_Feedback(actual_speed=0.2796976566314697, actual_distance_to_goal=5.8879075050354)
[DEBUG] [1789473406.953693728] [x500_px4.x500_px4_interface]: Received feedback: as2_msgs.action.GoToWaypoint_Feedback(actual_speed=0.7451515197753906, actual_distance_to_goal=5.621979236602783)
[DEBUG] [1789473407.463623486] [x500_px4.x500_px4_interface]: Received feedback: as2_msgs.action.GoToWaypoint_Feedback(actual_speed=0.645710825920105, actual_distance_to_goal=5.28522253036499)
[DEBUG] [1789473407.973239362] [x500_px4.x500_px4_interface]: Received feedback: as2_msgs.action.GoToWaypoint_Feedback(actual_speed=0.5478535294532776, actual_distance_to_goal=4.9367852210998535)
[DEBUG] [1789473408.489200365] [x500_px4.x500_px4_interface]: Received feedback: as2_msgs.action.GoToWaypoint_Feedback(actual_speed=0.5706982016563416, actual_distance_to_goal=4.715497970581055)
[DEBUG] [1789473409.000835903] [x500_px4.x500_px4_interface]: Received feedback: as2_msgs.action.GoToWaypoint_Feedback(actual_speed=0.5890257358551025, actual_distance_to_goal=4.430971622467041)
[DEBUG] [1789473409.510161696] [x500_px4.x500_px4_interface]: Received feedback: as2_msgs.action.GoToWaypoint_Feedback(actual_speed=0.5824409127235413, actual_distance_to_goal=4.074355125427246)
[DEBUG] [1789473410.019846301] [x500_px4.x500_px4_interface]: Received feedback: as2_msgs.action.GoToWaypoint_Feedback(actual_speed=0.5800748467445374, actual_distance_to_goal=3.7968926429748535)
[DEBUG] [1789473410.527158505] [x500_px4.x500_px4_interface]: Received feedback: as2_msgs.action.GoToWaypoint_Feedback(actual_speed=0.5808244943618774, actual_distance_to_goal=3.505772352218628)
[DEBUG] [1789473411.037201946] [x500_px4.x500_px4_interface]: Received feedback: as2_msgs.action.GoToWaypoint_Feedback(actual_speed=0.5811562538146973, actual_distance_to_goal=3.2143752574920654)
[DEBUG] [1789473411.547134882] [x500_px4.x500_px4_interface]: Received feedback: as2_msgs.action.GoToWaypoint_Feedback(actual_speed=0.5806267261505127, actual_distance_to_goal=2.923116683959961)
[DEBUG] [1789473412.058736444] [x500_px4.x500_px4_interface]: Received feedback: as2_msgs.action.GoToWaypoint_Feedback(actual_speed=0.5802187323570251, actual_distance_to_goal=2.632051706314087)
[DEBUG] [1789473412.568575327] [x500_px4.x500_px4_interface]: Received feedback: as2_msgs.action.GoToWaypoint_Feedback(actual_speed=0.5801148414611816, actual_distance_to_goal=2.3480045795440674)
[DEBUG] [1789473413.081879134] [x500_px4.x500_px4_interface]: Received feedback: as2_msgs.action.GoToWaypoint_Feedback(actual_speed=0.579947292804718, actual_distance_to_goal=2.0639805793762207)
[DEBUG] [1789473413.592627146] [x500_px4.x500_px4_interface]: Received feedback: as2_msgs.action.GoToWaypoint_Feedback(actual_speed=0.579953670501709, actual_distance_to_goal=1.7729778289794922)
[DEBUG] [1789473414.107269237] [x500_px4.x500_px4_interface]: Received feedback: as2_msgs.action.GoToWaypoint_Feedback(actual_speed=0.5800891518592834, actual_distance_to_goal=1.4818767309188843)
[DEBUG] [1789473414.615089111] [x500_px4.x500_px4_interface]: Received feedback: as2_msgs.action.GoToWaypoint_Feedback(actual_speed=0.5807129144668579, actual_distance_to_goal=1.1834970712661743)
[DEBUG] [1789473415.125865367] [x500_px4.x500_px4_interface]: Received feedback: as2_msgs.action.GoToWaypoint_Feedback(actual_speed=0.5807562470436096, actual_distance_to_goal=1.1279222965240479)
[DEBUG] [1789473415.131932708] [x500_px4.x500_px4_interface]: Result: as2_msgs.action.GoToWaypoint_Result(go_to_success=True)
[DEBUG] [1789473417.288795306] [x500_px4.x500_px4_interface]: Received feedback: as2_msgs.action.GoToWaypoint_Feedback(actual_speed=0.1714729219675064, actual_distance_to_goal=6.21264123916626)
[DEBUG] [1789473417.798398525] [x500_px4.x500_px4_interface]: Received feedback: as2_msgs.action.GoToWaypoint_Feedback(actual_speed=0.4014432430267334, actual_distance_to_goal=6.0980634689331055)
[DEBUG] [1789473418.310208008] [x500_px4.x500_px4_interface]: Received feedback: as2_msgs.action.GoToWaypoint_Feedback(actual_speed=0.699015736579895, actual_distance_to_goal=5.7546539306640625)
[DEBUG] [1789473418.817323367] [x500_px4.x500_px4_interface]: Received feedback: as2_msgs.action.GoToWaypoint_Feedback(actual_speed=0.5980830192565918, actual_distance_to_goal=5.441315650939941)
[DEBUG] [1789473419.325999136] [x500_px4.x500_px4_interface]: Received feedback: as2_msgs.action.GoToWaypoint_Feedback(actual_speed=0.5566523671150208, actual_distance_to_goal=5.160117149353027)
[DEBUG] [1789473419.835567583] [x500_px4.x500_px4_interface]: Received feedback: as2_msgs.action.GoToWaypoint_Feedback(actual_speed=0.5777663588523865, actual_distance_to_goal=4.881690979003906)
[DEBUG] [1789473420.344650031] [x500_px4.x500_px4_interface]: Received feedback: as2_msgs.action.GoToWaypoint_Feedback(actual_speed=0.5857793688774109, actual_distance_to_goal=4.5896759033203125)
[DEBUG] [1789473420.852473439] [x500_px4.x500_px4_interface]: Received feedback: as2_msgs.action.GoToWaypoint_Feedback(actual_speed=0.5810017585754395, actual_distance_to_goal=4.297316074371338)
[DEBUG] [1789473421.309552320] [x500_px4.x500_px4_interface]: Received feedback: as2_msgs.action.GoToWaypoint_Feedback(actual_speed=0.5793523192405701, actual_distance_to_goal=4.054835319519043)
[DEBUG] [1789473421.767632664] [x500_px4.x500_px4_interface]: Received feedback: as2_msgs.action.GoToWaypoint_Feedback(actual_speed=0.5801178812980652, actual_distance_to_goal=3.764010429382324)
[DEBUG] [1789473422.278646496] [x500_px4.x500_px4_interface]: Received feedback: as2_msgs.action.GoToWaypoint_Feedback(actual_speed=0.5804144740104675, actual_distance_to_goal=3.4799017906188965)
[DEBUG] [1789473422.791235169] [x500_px4.x500_px4_interface]: Received feedback: as2_msgs.action.GoToWaypoint_Feedback(actual_speed=0.5800644755363464, actual_distance_to_goal=3.195831060409546)
[DEBUG] [1789473423.302551031] [x500_px4.x500_px4_interface]: Received feedback: as2_msgs.action.GoToWaypoint_Feedback(actual_speed=0.5798538327217102, actual_distance_to_goal=2.91180682182312)
[DEBUG] [1789473423.811120513] [x500_px4.x500_px4_interface]: Received feedback: as2_msgs.action.GoToWaypoint_Feedback(actual_speed=0.579890251159668, actual_distance_to_goal=2.6208810806274414)
[DEBUG] [1789473424.319532558] [x500_px4.x500_px4_interface]: Received feedback: as2_msgs.action.GoToWaypoint_Feedback(actual_speed=0.580055832862854, actual_distance_to_goal=2.329864501953125)
[DEBUG] [1789473424.826601268] [x500_px4.x500_px4_interface]: Received feedback: as2_msgs.action.GoToWaypoint_Feedback(actual_speed=0.5800709128379822, actual_distance_to_goal=2.0457541942596436)
[DEBUG] [1789473425.338065525] [x500_px4.x500_px4_interface]: Received feedback: as2_msgs.action.GoToWaypoint_Feedback(actual_speed=0.5804404616355896, actual_distance_to_goal=1.754463791847229)
[DEBUG] [1789473425.856150831] [x500_px4.x500_px4_interface]: Received feedback: as2_msgs.action.GoToWaypoint_Feedback(actual_speed=0.5816489458084106, actual_distance_to_goal=1.469725251197815)
[DEBUG] [1789473426.369239272] [x500_px4.x500_px4_interface]: Received feedback: as2_msgs.action.GoToWaypoint_Feedback(actual_speed=0.5821567177772522, actual_distance_to_goal=1.177756905555725)
[DEBUG] [1789473426.883195669] [x500_px4.x500_px4_interface]: Received feedback: as2_msgs.action.GoToWaypoint_Feedback(actual_speed=0.582622230052948, actual_distance_to_goal=1.1220558881759644)
[DEBUG] [1789473426.962747359] [x500_px4.x500_px4_interface]: Result: as2_msgs.action.GoToWaypoint_Result(go_to_success=True)
[DEBUG] [1789473429.017674739] [x500_px4.x500_px4_interface]: Received feedback: as2_msgs.action.GoToWaypoint_Feedback(actual_speed=0.1250932663679123, actual_distance_to_goal=4.082886219024658)
[DEBUG] [1789473429.526298773] [x500_px4.x500_px4_interface]: Received feedback: as2_msgs.action.GoToWaypoint_Feedback(actual_speed=0.23995402455329895, actual_distance_to_goal=4.039768695831299)
[DEBUG] [1789473430.039174572] [x500_px4.x500_px4_interface]: Received feedback: as2_msgs.action.GoToWaypoint_Feedback(actual_speed=0.6517291069030762, actual_distance_to_goal=3.808565139770508)
[DEBUG] [1789473430.546296155] [x500_px4.x500_px4_interface]: Received feedback: as2_msgs.action.GoToWaypoint_Feedback(actual_speed=0.5749561190605164, actual_distance_to_goal=3.503251552581787)
[DEBUG] [1789473431.055438091] [x500_px4.x500_px4_interface]: Received feedback: as2_msgs.action.GoToWaypoint_Feedback(actual_speed=0.4948347806930542, actual_distance_to_goal=3.243008852005005)
[DEBUG] [1789473431.562422298] [x500_px4.x500_px4_interface]: Received feedback: as2_msgs.action.GoToWaypoint_Feedback(actual_speed=0.5116193294525146, actual_distance_to_goal=2.988861560821533)
[DEBUG] [1789473432.071863593] [x500_px4.x500_px4_interface]: Received feedback: as2_msgs.action.GoToWaypoint_Feedback(actual_speed=0.5272177457809448, actual_distance_to_goal=2.732771158218384)
[DEBUG] [1789473432.582676235] [x500_px4.x500_px4_interface]: Received feedback: as2_msgs.action.GoToWaypoint_Feedback(actual_speed=0.5234255790710449, actual_distance_to_goal=2.4681386947631836)
[DEBUG] [1789473433.095464050] [x500_px4.x500_px4_interface]: Received feedback: as2_msgs.action.GoToWaypoint_Feedback(actual_speed=0.5204080939292908, actual_distance_to_goal=2.198962926864624)
[DEBUG] [1789473433.608324604] [x500_px4.x500_px4_interface]: Received feedback: as2_msgs.action.GoToWaypoint_Feedback(actual_speed=0.5212802290916443, actual_distance_to_goal=1.9426802396774292)
[DEBUG] [1789473434.123504664] [x500_px4.x500_px4_interface]: Received feedback: as2_msgs.action.GoToWaypoint_Feedback(actual_speed=0.5218218564987183, actual_distance_to_goal=1.6798040866851807)
[DEBUG] [1789473434.634103427] [x500_px4.x500_px4_interface]: Received feedback: as2_msgs.action.GoToWaypoint_Feedback(actual_speed=0.5215471386909485, actual_distance_to_goal=1.366811990737915)
[DEBUG] [1789473435.143341383] [x500_px4.x500_px4_interface]: Received feedback: as2_msgs.action.GoToWaypoint_Feedback(actual_speed=0.5214508175849915, actual_distance_to_goal=1.1102471351623535)
[DEBUG] [1789473435.653305280] [x500_px4.x500_px4_interface]: Received feedback: as2_msgs.action.GoToWaypoint_Feedback(actual_speed=0.5214515328407288, actual_distance_to_goal=1.060188889503479)
[DEBUG] [1789473435.692169852] [x500_px4.x500_px4_interface]: Result: as2_msgs.action.GoToWaypoint_Result(go_to_success=True)
[DEBUG] [1789473438.194073378] [x500_px4.x500_px4_interface]: Received feedback: as2_msgs.action.GoToWaypoint_Feedback(actual_speed=0.13376909494400024, actual_distance_to_goal=5.9854583740234375)
[DEBUG] [1789473438.708607444] [x500_px4.x500_px4_interface]: Received feedback: as2_msgs.action.GoToWaypoint_Feedback(actual_speed=0.705578088760376, actual_distance_to_goal=5.769565582275391)
[DEBUG] [1789473439.219675652] [x500_px4.x500_px4_interface]: Received feedback: as2_msgs.action.GoToWaypoint_Feedback(actual_speed=0.6762598156929016, actual_distance_to_goal=5.426837921142578)
[DEBUG] [1789473439.729188627] [x500_px4.x500_px4_interface]: Received feedback: as2_msgs.action.GoToWaypoint_Feedback(actual_speed=0.5566803216934204, actual_distance_to_goal=5.129429817199707)
[DEBUG] [1789473440.239129595] [x500_px4.x500_px4_interface]: Received feedback: as2_msgs.action.GoToWaypoint_Feedback(actual_speed=0.5712829232215881, actual_distance_to_goal=4.793229579925537)
[DEBUG] [1789473440.745613758] [x500_px4.x500_px4_interface]: Received feedback: as2_msgs.action.GoToWaypoint_Feedback(actual_speed=0.5893324613571167, actual_distance_to_goal=4.508469104766846)
[DEBUG] [1789473441.254521179] [x500_px4.x500_px4_interface]: Received feedback: as2_msgs.action.GoToWaypoint_Feedback(actual_speed=0.5844345688819885, actual_distance_to_goal=4.214300632476807)
[DEBUG] [1789473441.712545039] [x500_px4.x500_px4_interface]: Received feedback: as2_msgs.action.GoToWaypoint_Feedback(actual_speed=0.5810861587524414, actual_distance_to_goal=3.984635353088379)
[DEBUG] [1789473442.171549412] [x500_px4.x500_px4_interface]: Received feedback: as2_msgs.action.GoToWaypoint_Feedback(actual_speed=0.5816636085510254, actual_distance_to_goal=3.699922800064087)
[DEBUG] [1789473442.681714723] [x500_px4.x500_px4_interface]: Received feedback: as2_msgs.action.GoToWaypoint_Feedback(actual_speed=0.582503080368042, actual_distance_to_goal=3.4078946113586426)
[DEBUG] [1789473443.199023899] [x500_px4.x500_px4_interface]: Received feedback: as2_msgs.action.GoToWaypoint_Feedback(actual_speed=0.5822953581809998, actual_distance_to_goal=3.115717887878418)
[DEBUG] [1789473443.709082595] [x500_px4.x500_px4_interface]: Received feedback: as2_msgs.action.GoToWaypoint_Feedback(actual_speed=0.5821576118469238, actual_distance_to_goal=2.8305225372314453)
[DEBUG] [1789473444.216602592] [x500_px4.x500_px4_interface]: Received feedback: as2_msgs.action.GoToWaypoint_Feedback(actual_speed=0.5822749137878418, actual_distance_to_goal=2.545304536819458)
[DEBUG] [1789473444.726260112] [x500_px4.x500_px4_interface]: Received feedback: as2_msgs.action.GoToWaypoint_Feedback(actual_speed=0.5824812054634094, actual_distance_to_goal=2.253025770187378)
[DEBUG] [1789473445.237370257] [x500_px4.x500_px4_interface]: Received feedback: as2_msgs.action.GoToWaypoint_Feedback(actual_speed=0.5827915072441101, actual_distance_to_goal=1.960552453994751)
[DEBUG] [1789473445.746032235] [x500_px4.x500_px4_interface]: Received feedback: as2_msgs.action.GoToWaypoint_Feedback(actual_speed=0.5836383700370789, actual_distance_to_goal=1.6536993980407715)
[DEBUG] [1789473446.252343449] [x500_px4.x500_px4_interface]: Received feedback: as2_msgs.action.GoToWaypoint_Feedback(actual_speed=0.5840638279914856, actual_distance_to_goal=1.3676551580429077)
[DEBUG] [1789473446.760378169] [x500_px4.x500_px4_interface]: Received feedback: as2_msgs.action.GoToWaypoint_Feedback(actual_speed=0.5848239660263062, actual_distance_to_goal=1.1300462484359741)
[DEBUG] [1789473446.820933595] [x500_px4.x500_px4_interface]: Result: as2_msgs.action.GoToWaypoint_Result(go_to_success=True)
[DEBUG] [1789473448.894622962] [x500_px4.x500_px4_interface]: Received feedback: as2_msgs.action.GoToWaypoint_Feedback(actual_speed=0.15381842851638794, actual_distance_to_goal=6.23719596862793)
[DEBUG] [1789473449.403585416] [x500_px4.x500_px4_interface]: Received feedback: as2_msgs.action.GoToWaypoint_Feedback(actual_speed=0.3697581887245178, actual_distance_to_goal=6.129961967468262)
[DEBUG] [1789473449.915545702] [x500_px4.x500_px4_interface]: Received feedback: as2_msgs.action.GoToWaypoint_Feedback(actual_speed=0.7023255228996277, actual_distance_to_goal=5.852020263671875)
[DEBUG] [1789473450.424442669] [x500_px4.x500_px4_interface]: Received feedback: as2_msgs.action.GoToWaypoint_Feedback(actual_speed=0.6220242977142334, actual_distance_to_goal=5.523654937744141)
[DEBUG] [1789473450.935293512] [x500_px4.x500_px4_interface]: Received feedback: as2_msgs.action.GoToWaypoint_Feedback(actual_speed=0.5589404106140137, actual_distance_to_goal=5.236721038818359)
[DEBUG] [1789473451.445416518] [x500_px4.x500_px4_interface]: Received feedback: as2_msgs.action.GoToWaypoint_Feedback(actual_speed=0.5764093399047852, actual_distance_to_goal=4.951324462890625)
[DEBUG] [1789473451.955496011] [x500_px4.x500_px4_interface]: Received feedback: as2_msgs.action.GoToWaypoint_Feedback(actual_speed=0.5883083343505859, actual_distance_to_goal=4.665776252746582)
[DEBUG] [1789473452.464261072] [x500_px4.x500_px4_interface]: Received feedback: as2_msgs.action.GoToWaypoint_Feedback(actual_speed=0.5841915607452393, actual_distance_to_goal=4.371842384338379)
[DEBUG] [1789473452.974938791] [x500_px4.x500_px4_interface]: Received feedback: as2_msgs.action.GoToWaypoint_Feedback(actual_speed=0.5818233489990234, actual_distance_to_goal=4.0238728523254395)
[DEBUG] [1789473453.481658855] [x500_px4.x500_px4_interface]: Received feedback: as2_msgs.action.GoToWaypoint_Feedback(actual_speed=0.5826982259750366, actual_distance_to_goal=3.7387471199035645)
[DEBUG] [1789473453.989135010] [x500_px4.x500_px4_interface]: Received feedback: as2_msgs.action.GoToWaypoint_Feedback(actual_speed=0.582597017288208, actual_distance_to_goal=3.4464330673217773)
[DEBUG] [1789473454.498319819] [x500_px4.x500_px4_interface]: Received feedback: as2_msgs.action.GoToWaypoint_Feedback(actual_speed=0.582341730594635, actual_distance_to_goal=3.161146640777588)
[DEBUG] [1789473455.008708252] [x500_px4.x500_px4_interface]: Received feedback: as2_msgs.action.GoToWaypoint_Feedback(actual_speed=0.5822314023971558, actual_distance_to_goal=2.868985414505005)
[DEBUG] [1789473455.521957290] [x500_px4.x500_px4_interface]: Received feedback: as2_msgs.action.GoToWaypoint_Feedback(actual_speed=0.5822212100028992, actual_distance_to_goal=2.58375883102417)
[DEBUG] [1789473456.031604296] [x500_px4.x500_px4_interface]: Received feedback: as2_msgs.action.GoToWaypoint_Feedback(actual_speed=0.5822629928588867, actual_distance_to_goal=2.291527271270752)
[DEBUG] [1789473456.539831406] [x500_px4.x500_px4_interface]: Received feedback: as2_msgs.action.GoToWaypoint_Feedback(actual_speed=0.5825216770172119, actual_distance_to_goal=1.9992475509643555)
[DEBUG] [1789473457.049450313] [x500_px4.x500_px4_interface]: Received feedback: as2_msgs.action.GoToWaypoint_Feedback(actual_speed=0.582933247089386, actual_distance_to_goal=1.7136677503585815)
[DEBUG] [1789473457.561812798] [x500_px4.x500_px4_interface]: Received feedback: as2_msgs.action.GoToWaypoint_Feedback(actual_speed=0.5836261510848999, actual_distance_to_goal=1.4208201169967651)
[DEBUG] [1789473458.071683427] [x500_px4.x500_px4_interface]: Received feedback: as2_msgs.action.GoToWaypoint_Feedback(actual_speed=0.5844448804855347, actual_distance_to_goal=1.127661108970642)
[DEBUG] [1789473458.161678294] [x500_px4.x500_px4_interface]: Result: as2_msgs.action.GoToWaypoint_Result(go_to_success=True)
[DEBUG] [1789473460.618223985] [x500_px4.x500_px4_interface]: Received feedback: as2_msgs.action.GoToWaypoint_Feedback(actual_speed=0.19882552325725555, actual_distance_to_goal=4.070966720581055)
[DEBUG] [1789473461.127653446] [x500_px4.x500_px4_interface]: Received feedback: as2_msgs.action.GoToWaypoint_Feedback(actual_speed=0.6295115947723389, actual_distance_to_goal=3.8672544956207275)
[DEBUG] [1789473461.634809110] [x500_px4.x500_px4_interface]: Received feedback: as2_msgs.action.GoToWaypoint_Feedback(actual_speed=0.5957673788070679, actual_distance_to_goal=3.5614442825317383)
[DEBUG] [1789473462.147732924] [x500_px4.x500_px4_interface]: Received feedback: as2_msgs.action.GoToWaypoint_Feedback(actual_speed=0.501175582408905, actual_distance_to_goal=3.3015711307525635)
[DEBUG] [1789473462.662250324] [x500_px4.x500_px4_interface]: Received feedback: as2_msgs.action.GoToWaypoint_Feedback(actual_speed=0.5090551972389221, actual_distance_to_goal=3.035015106201172)
[DEBUG] [1789473463.174734795] [x500_px4.x500_px4_interface]: Received feedback: as2_msgs.action.GoToWaypoint_Feedback(actual_speed=0.5273990631103516, actual_distance_to_goal=2.7794189453125)
[DEBUG] [1789473463.684218096] [x500_px4.x500_px4_interface]: Received feedback: as2_msgs.action.GoToWaypoint_Feedback(actual_speed=0.5250288844108582, actual_distance_to_goal=2.5142838954925537)
[DEBUG] [1789473464.194772538] [x500_px4.x500_px4_interface]: Received feedback: as2_msgs.action.GoToWaypoint_Feedback(actual_speed=0.5214337110519409, actual_distance_to_goal=2.256990909576416)
[DEBUG] [1789473464.705340040] [x500_px4.x500_px4_interface]: Received feedback: as2_msgs.action.GoToWaypoint_Feedback(actual_speed=0.5219669938087463, actual_distance_to_goal=1.9940468072891235)
[DEBUG] [1789473465.214191739] [x500_px4.x500_px4_interface]: Received feedback: as2_msgs.action.GoToWaypoint_Feedback(actual_speed=0.5226319432258606, actual_distance_to_goal=1.7433358430862427)
[DEBUG] [1789473465.674352701] [x500_px4.x500_px4_interface]: Received feedback: as2_msgs.action.GoToWaypoint_Feedback(actual_speed=0.5224212408065796, actual_distance_to_goal=1.4799978733062744)
[DEBUG] [1789473466.132299617] [x500_px4.x500_px4_interface]: Received feedback: as2_msgs.action.GoToWaypoint_Feedback(actual_speed=0.5222137570381165, actual_distance_to_goal=1.2731794118881226)
[DEBUG] [1789473466.641443356] [x500_px4.x500_px4_interface]: Received feedback: as2_msgs.action.GoToWaypoint_Feedback(actual_speed=0.5461180806159973, actual_distance_to_goal=1.060178279876709)
[DEBUG] [1789473466.683996925] [x500_px4.x500_px4_interface]: Result: as2_msgs.action.GoToWaypoint_Result(go_to_success=True)
[DEBUG] [1789473468.775853385] [x500_px4.x500_px4_interface]: Received feedback: as2_msgs.action.GoToWaypoint_Feedback(actual_speed=0.1642318069934845, actual_distance_to_goal=6.002460479736328)
[DEBUG] [1789473469.286171795] [x500_px4.x500_px4_interface]: Received feedback: as2_msgs.action.GoToWaypoint_Feedback(actual_speed=0.2460193634033203, actual_distance_to_goal=5.964853286743164)
[DEBUG] [1789473469.794186346] [x500_px4.x500_px4_interface]: Received feedback: as2_msgs.action.GoToWaypoint_Feedback(actual_speed=0.7375771999359131, actual_distance_to_goal=5.710936546325684)
[DEBUG] [1789473470.304204723] [x500_px4.x500_px4_interface]: Received feedback: as2_msgs.action.GoToWaypoint_Feedback(actual_speed=0.6430386304855347, actual_distance_to_goal=5.371214389801025)
[DEBUG] [1789473470.816221925] [x500_px4.x500_px4_interface]: Received feedback: as2_msgs.action.GoToWaypoint_Feedback(actual_speed=0.5473499298095703, actual_distance_to_goal=5.069635391235352)
[DEBUG] [1789473471.326914312] [x500_px4.x500_px4_interface]: Received feedback: as2_msgs.action.GoToWaypoint_Feedback(actual_speed=0.5700830817222595, actual_distance_to_goal=4.788419723510742)
[DEBUG] [1789473471.836854105] [x500_px4.x500_px4_interface]: Received feedback: as2_msgs.action.GoToWaypoint_Feedback(actual_speed=0.5868526697158813, actual_distance_to_goal=4.51171875)
[DEBUG] [1789473472.346528124] [x500_px4.x500_px4_interface]: Received feedback: as2_msgs.action.GoToWaypoint_Feedback(actual_speed=0.581814169883728, actual_distance_to_goal=4.218928813934326)
[DEBUG] [1789473472.864413354] [x500_px4.x500_px4_interface]: Received feedback: as2_msgs.action.GoToWaypoint_Feedback(actual_speed=0.5783606767654419, actual_distance_to_goal=3.9350011348724365)
[DEBUG] [1789473473.373524077] [x500_px4.x500_px4_interface]: Received feedback: as2_msgs.action.GoToWaypoint_Feedback(actual_speed=0.5794082880020142, actual_distance_to_goal=3.6445767879486084)
[DEBUG] [1789473473.880673411] [x500_px4.x500_px4_interface]: Received feedback: as2_msgs.action.GoToWaypoint_Feedback(actual_speed=0.580044686794281, actual_distance_to_goal=3.3399012088775635)
[DEBUG] [1789473474.390174809] [x500_px4.x500_px4_interface]: Received feedback: as2_msgs.action.GoToWaypoint_Feedback(actual_speed=0.5797993540763855, actual_distance_to_goal=3.0490360260009766)
[DEBUG] [1789473474.848856762] [x500_px4.x500_px4_interface]: Received feedback: as2_msgs.action.GoToWaypoint_Feedback(actual_speed=0.5797732472419739, actual_distance_to_goal=2.765138626098633)
[DEBUG] [1789473475.307763297] [x500_px4.x500_px4_interface]: Received feedback: as2_msgs.action.GoToWaypoint_Feedback(actual_speed=0.5800521373748779, actual_distance_to_goal=2.4741432666778564)
[DEBUG] [1789473475.815773005] [x500_px4.x500_px4_interface]: Received feedback: as2_msgs.action.GoToWaypoint_Feedback(actual_speed=0.5802545547485352, actual_distance_to_goal=2.189943552017212)
[DEBUG] [1789473476.276140439] [x500_px4.x500_px4_interface]: Received feedback: as2_msgs.action.GoToWaypoint_Feedback(actual_speed=0.5806223750114441, actual_distance_to_goal=1.9679144620895386)
[DEBUG] [1789473476.736843344] [x500_px4.x500_px4_interface]: Received feedback: as2_msgs.action.GoToWaypoint_Feedback(actual_speed=0.5813849568367004, actual_distance_to_goal=1.6831140518188477)
[DEBUG] [1789473477.255155262] [x500_px4.x500_px4_interface]: Received feedback: as2_msgs.action.GoToWaypoint_Feedback(actual_speed=0.5818561315536499, actual_distance_to_goal=1.3773012161254883)
[DEBUG] [1789473477.763240876] [x500_px4.x500_px4_interface]: Received feedback: as2_msgs.action.GoToWaypoint_Feedback(actual_speed=0.5800756812095642, actual_distance_to_goal=1.0916566848754883)
[DEBUG] [1789473478.278888895] [x500_px4.x500_px4_interface]: Received feedback: as2_msgs.action.GoToWaypoint_Feedback(actual_speed=0.5703414678573608, actual_distance_to_goal=1.0290124416351318)
[DEBUG] [1789473478.314056888] [x500_px4.x500_px4_interface]: Result: as2_msgs.action.GoToWaypoint_Result(go_to_success=True)
[DEBUG] [1789473480.819809104] [x500_px4.x500_px4_interface]: Received feedback: as2_msgs.action.GoToWaypoint_Feedback(actual_speed=0.19225631654262543, actual_distance_to_goal=6.118079662322998)
[DEBUG] [1789473481.329538155] [x500_px4.x500_px4_interface]: Received feedback: as2_msgs.action.GoToWaypoint_Feedback(actual_speed=0.6771886348724365, actual_distance_to_goal=5.883233547210693)
[DEBUG] [1789473481.841050803] [x500_px4.x500_px4_interface]: Received feedback: as2_msgs.action.GoToWaypoint_Feedback(actual_speed=0.6486897468566895, actual_distance_to_goal=5.553329944610596)
[DEBUG] [1789473482.352519283] [x500_px4.x500_px4_interface]: Received feedback: as2_msgs.action.GoToWaypoint_Feedback(actual_speed=0.5597950220108032, actual_distance_to_goal=5.260746479034424)
[DEBUG] [1789473482.862554741] [x500_px4.x500_px4_interface]: Received feedback: as2_msgs.action.GoToWaypoint_Feedback(actual_speed=0.5688591599464417, actual_distance_to_goal=4.964160442352295)
[DEBUG] [1789473483.372988669] [x500_px4.x500_px4_interface]: Received feedback: as2_msgs.action.GoToWaypoint_Feedback(actual_speed=0.5850810408592224, actual_distance_to_goal=4.681175231933594)
[DEBUG] [1789473483.880405844] [x500_px4.x500_px4_interface]: Received feedback: as2_msgs.action.GoToWaypoint_Feedback(actual_speed=0.5822852253913879, actual_distance_to_goal=4.388569355010986)
[DEBUG] [1789473484.389962108] [x500_px4.x500_px4_interface]: Received feedback: as2_msgs.action.GoToWaypoint_Feedback(actual_speed=0.5788478255271912, actual_distance_to_goal=4.104419708251953)
[DEBUG] [1789473484.897815919] [x500_px4.x500_px4_interface]: Received feedback: as2_msgs.action.GoToWaypoint_Feedback(actual_speed=0.5793857574462891, actual_distance_to_goal=3.8208370208740234)
[DEBUG] [1789473485.406552171] [x500_px4.x500_px4_interface]: Received feedback: as2_msgs.action.GoToWaypoint_Feedback(actual_speed=0.5798228979110718, actual_distance_to_goal=3.4747164249420166)
[DEBUG] [1789473485.922026141] [x500_px4.x500_px4_interface]: Received feedback: as2_msgs.action.GoToWaypoint_Feedback(actual_speed=0.5795283317565918, actual_distance_to_goal=3.1909406185150146)
[DEBUG] [1789473486.381840307] [x500_px4.x500_px4_interface]: Received feedback: as2_msgs.action.GoToWaypoint_Feedback(actual_speed=0.5793758630752563, actual_distance_to_goal=2.962620735168457)
[DEBUG] [1789473486.841834961] [x500_px4.x500_px4_interface]: Received feedback: as2_msgs.action.GoToWaypoint_Feedback(actual_speed=0.5793908834457397, actual_distance_to_goal=2.6789486408233643)
[DEBUG] [1789473487.353131501] [x500_px4.x500_px4_interface]: Received feedback: as2_msgs.action.GoToWaypoint_Feedback(actual_speed=0.5794013738632202, actual_distance_to_goal=2.374469518661499)
[DEBUG] [1789473487.865344362] [x500_px4.x500_px4_interface]: Received feedback: as2_msgs.action.GoToWaypoint_Feedback(actual_speed=0.5795999765396118, actual_distance_to_goal=2.083717107772827)
[DEBUG] [1789473488.375441689] [x500_px4.x500_px4_interface]: Received feedback: as2_msgs.action.GoToWaypoint_Feedback(actual_speed=0.5797715187072754, actual_distance_to_goal=1.7997528314590454)
[DEBUG] [1789473488.884369188] [x500_px4.x500_px4_interface]: Received feedback: as2_msgs.action.GoToWaypoint_Feedback(actual_speed=0.5804891586303711, actual_distance_to_goal=1.5084264278411865)
[DEBUG] [1789473489.394049411] [x500_px4.x500_px4_interface]: Received feedback: as2_msgs.action.GoToWaypoint_Feedback(actual_speed=0.5816877484321594, actual_distance_to_goal=1.223629355430603)
[DEBUG] [1789473489.906546951] [x500_px4.x500_px4_interface]: Received feedback: as2_msgs.action.GoToWaypoint_Feedback(actual_speed=0.5870323777198792, actual_distance_to_goal=1.10538911819458)
[DEBUG] [1789473489.946825914] [x500_px4.x500_px4_interface]: Result: as2_msgs.action.GoToWaypoint_Result(go_to_success=True)
[DEBUG] [1789473492.037793362] [x500_px4.x500_px4_interface]: Received feedback: as2_msgs.action.GoToWaypoint_Feedback(actual_speed=0.13276082277297974, actual_distance_to_goal=4.0908026695251465)
[DEBUG] [1789473492.548239931] [x500_px4.x500_px4_interface]: Received feedback: as2_msgs.action.GoToWaypoint_Feedback(actual_speed=0.23876598477363586, actual_distance_to_goal=4.0452561378479)
[DEBUG] [1789473493.057095670] [x500_px4.x500_px4_interface]: Received feedback: as2_msgs.action.GoToWaypoint_Feedback(actual_speed=0.6495620012283325, actual_distance_to_goal=3.8150439262390137)
[DEBUG] [1789473493.516738498] [x500_px4.x500_px4_interface]: Received feedback: as2_msgs.action.GoToWaypoint_Feedback(actual_speed=0.5789506435394287, actual_distance_to_goal=3.5172014236450195)
[DEBUG] [1789473493.974876375] [x500_px4.x500_px4_interface]: Received feedback: as2_msgs.action.GoToWaypoint_Feedback(actual_speed=0.5033462643623352, actual_distance_to_goal=3.3107187747955322)
[DEBUG] [1789473494.490368220] [x500_px4.x500_px4_interface]: Received feedback: as2_msgs.action.GoToWaypoint_Feedback(actual_speed=0.5051879286766052, actual_distance_to_goal=3.0566744804382324)
[DEBUG] [1789473494.999177013] [x500_px4.x500_px4_interface]: Received feedback: as2_msgs.action.GoToWaypoint_Feedback(actual_speed=0.5260990858078003, actual_distance_to_goal=2.8022584915161133)
[DEBUG] [1789473495.511229123] [x500_px4.x500_px4_interface]: Received feedback: as2_msgs.action.GoToWaypoint_Feedback(actual_speed=0.5248165726661682, actual_distance_to_goal=2.5184524059295654)
[DEBUG] [1789473496.020816744] [x500_px4.x500_px4_interface]: Received feedback: as2_msgs.action.GoToWaypoint_Feedback(actual_speed=0.5210260152816772, actual_distance_to_goal=2.2613091468811035)
[DEBUG] [1789473496.531099716] [x500_px4.x500_px4_interface]: Received feedback: as2_msgs.action.GoToWaypoint_Feedback(actual_speed=0.5214740037918091, actual_distance_to_goal=2.004840850830078)
[DEBUG] [1789473497.039379852] [x500_px4.x500_px4_interface]: Received feedback: as2_msgs.action.GoToWaypoint_Feedback(actual_speed=0.5222576260566711, actual_distance_to_goal=1.6854088306427002)
[DEBUG] [1789473497.550189336] [x500_px4.x500_px4_interface]: Received feedback: as2_msgs.action.GoToWaypoint_Feedback(actual_speed=0.5220316052436829, actual_distance_to_goal=1.4285303354263306)
[DEBUG] [1789473498.067635375] [x500_px4.x500_px4_interface]: Received feedback: as2_msgs.action.GoToWaypoint_Feedback(actual_speed=0.521884560585022, actual_distance_to_goal=1.1717454195022583)
[DEBUG] [1789473498.580230122] [x500_px4.x500_px4_interface]: Received feedback: as2_msgs.action.GoToWaypoint_Feedback(actual_speed=0.5218725204467773, actual_distance_to_goal=1.071548581123352)
[DEBUG] [1789473498.672769766] [x500_px4.x500_px4_interface]: Result: as2_msgs.action.GoToWaypoint_Result(go_to_success=True)
[DEBUG] [1789473501.127307343] [x500_px4.x500_px4_interface]: Received feedback: as2_msgs.action.GoToWaypoint_Feedback(actual_speed=0.15375518798828125, actual_distance_to_goal=5.997853755950928)
[DEBUG] [1789473501.636343173] [x500_px4.x500_px4_interface]: Received feedback: as2_msgs.action.GoToWaypoint_Feedback(actual_speed=0.6973682641983032, actual_distance_to_goal=5.775545597076416)
[DEBUG] [1789473502.144369524] [x500_px4.x500_px4_interface]: Received feedback: as2_msgs.action.GoToWaypoint_Feedback(actual_speed=0.6808573603630066, actual_distance_to_goal=5.432602882385254)
[DEBUG] [1789473502.656072186] [x500_px4.x500_px4_interface]: Received feedback: as2_msgs.action.GoToWaypoint_Feedback(actual_speed=0.5584485530853271, actual_distance_to_goal=5.1336774826049805)
[DEBUG] [1789473503.166550647] [x500_px4.x500_px4_interface]: Received feedback: as2_msgs.action.GoToWaypoint_Feedback(actual_speed=0.5647309422492981, actual_distance_to_goal=4.851621627807617)
[DEBUG] [1789473503.676938407] [x500_px4.x500_px4_interface]: Received feedback: as2_msgs.action.GoToWaypoint_Feedback(actual_speed=0.5890271663665771, actual_distance_to_goal=4.561377048492432)
[DEBUG] [1789473504.184311491] [x500_px4.x500_px4_interface]: Received feedback: as2_msgs.action.GoToWaypoint_Feedback(actual_speed=0.5866771936416626, actual_distance_to_goal=4.273676872253418)
[DEBUG] [1789473504.697497168] [x500_px4.x500_px4_interface]: Received feedback: as2_msgs.action.GoToWaypoint_Feedback(actual_speed=0.5818771123886108, actual_distance_to_goal=3.98773193359375)
[DEBUG] [1789473505.207727381] [x500_px4.x500_px4_interface]: Received feedback: as2_msgs.action.GoToWaypoint_Feedback(actual_speed=0.582314133644104, actual_distance_to_goal=3.7026329040527344)
[DEBUG] [1789473505.716696659] [x500_px4.x500_px4_interface]: Received feedback: as2_msgs.action.GoToWaypoint_Feedback(actual_speed=0.5832353234291077, actual_distance_to_goal=3.410207986831665)
[DEBUG] [1789473506.178645144] [x500_px4.x500_px4_interface]: Received feedback: as2_msgs.action.GoToWaypoint_Feedback(actual_speed=0.5830335021018982, actual_distance_to_goal=3.117619514465332)
[DEBUG] [1789473506.689389971] [x500_px4.x500_px4_interface]: Received feedback: as2_msgs.action.GoToWaypoint_Feedback(actual_speed=0.5829044580459595, actual_distance_to_goal=2.8320863246917725)
[DEBUG] [1789473507.199547711] [x500_px4.x500_px4_interface]: Received feedback: as2_msgs.action.GoToWaypoint_Feedback(actual_speed=0.5830965042114258, actual_distance_to_goal=2.5395264625549316)
[DEBUG] [1789473507.709083188] [x500_px4.x500_px4_interface]: Received feedback: as2_msgs.action.GoToWaypoint_Feedback(actual_speed=0.5833974480628967, actual_distance_to_goal=2.24682354927063)
[DEBUG] [1789473508.215848592] [x500_px4.x500_px4_interface]: Received feedback: as2_msgs.action.GoToWaypoint_Feedback(actual_speed=0.5834146738052368, actual_distance_to_goal=1.961017370223999)
[DEBUG] [1789473508.724639967] [x500_px4.x500_px4_interface]: Received feedback: as2_msgs.action.GoToWaypoint_Feedback(actual_speed=0.5842146277427673, actual_distance_to_goal=1.667929768562317)
[DEBUG] [1789473509.235444106] [x500_px4.x500_px4_interface]: Received feedback: as2_msgs.action.GoToWaypoint_Feedback(actual_speed=0.5849605798721313, actual_distance_to_goal=1.3674345016479492)
[DEBUG] [1789473509.746983978] [x500_px4.x500_px4_interface]: Received feedback: as2_msgs.action.GoToWaypoint_Feedback(actual_speed=0.5867652297019958, actual_distance_to_goal=1.0801656246185303)
[DEBUG] [1789473510.257406880] [x500_px4.x500_px4_interface]: Received feedback: as2_msgs.action.GoToWaypoint_Feedback(actual_speed=0.5911590456962585, actual_distance_to_goal=1.0169578790664673)
[DEBUG] [1789473510.296695509] [x500_px4.x500_px4_interface]: Result: as2_msgs.action.GoToWaypoint_Result(go_to_success=True)
[DEBUG] [1789473512.395322333] [x500_px4.x500_px4_interface]: Received feedback: as2_msgs.action.GoToWaypoint_Feedback(actual_speed=0.14104774594306946, actual_distance_to_goal=6.163802623748779)
[DEBUG] [1789473512.906959284] [x500_px4.x500_px4_interface]: Received feedback: as2_msgs.action.GoToWaypoint_Feedback(actual_speed=0.3665546476840973, actual_distance_to_goal=6.07125997543335)
[DEBUG] [1789473513.419149963] [x500_px4.x500_px4_interface]: Received feedback: as2_msgs.action.GoToWaypoint_Feedback(actual_speed=0.7122051119804382, actual_distance_to_goal=5.802222728729248)
[DEBUG] [1789473513.929325060] [x500_px4.x500_px4_interface]: Received feedback: as2_msgs.action.GoToWaypoint_Feedback(actual_speed=0.6289590001106262, actual_distance_to_goal=5.469620227813721)
[DEBUG] [1789473514.441705707] [x500_px4.x500_px4_interface]: Received feedback: as2_msgs.action.GoToWaypoint_Feedback(actual_speed=0.5573837757110596, actual_distance_to_goal=5.17482328414917)
[DEBUG] [1789473514.950270429] [x500_px4.x500_px4_interface]: Received feedback: as2_msgs.action.GoToWaypoint_Feedback(actual_speed=0.5757700204849243, actual_distance_to_goal=4.896646022796631)
[DEBUG] [1789473515.461520717] [x500_px4.x500_px4_interface]: Received feedback: as2_msgs.action.GoToWaypoint_Feedback(actual_speed=0.5894732475280762, actual_distance_to_goal=4.603856563568115)
[DEBUG] [1789473515.972142806] [x500_px4.x500_px4_interface]: Received feedback: as2_msgs.action.GoToWaypoint_Feedback(actual_speed=0.5842210054397583, actual_distance_to_goal=4.253584861755371)
[DEBUG] [1789473516.479655604] [x500_px4.x500_px4_interface]: Received feedback: as2_msgs.action.GoToWaypoint_Feedback(actual_speed=0.5823307037353516, actual_distance_to_goal=3.9680235385894775)
[DEBUG] [1789473516.987461124] [x500_px4.x500_px4_interface]: Received feedback: as2_msgs.action.GoToWaypoint_Feedback(actual_speed=0.5832414627075195, actual_distance_to_goal=3.6755948066711426)
[DEBUG] [1789473517.496233514] [x500_px4.x500_px4_interface]: Received feedback: as2_msgs.action.GoToWaypoint_Feedback(actual_speed=0.5834261775016785, actual_distance_to_goal=3.382957935333252)
[DEBUG] [1789473518.005700425] [x500_px4.x500_px4_interface]: Received feedback: as2_msgs.action.GoToWaypoint_Feedback(actual_speed=0.5831215977668762, actual_distance_to_goal=3.0973565578460693)
[DEBUG] [1789473518.515901462] [x500_px4.x500_px4_interface]: Received feedback: as2_msgs.action.GoToWaypoint_Feedback(actual_speed=0.5829657316207886, actual_distance_to_goal=2.8048346042633057)
[DEBUG] [1789473519.026030750] [x500_px4.x500_px4_interface]: Received feedback: as2_msgs.action.GoToWaypoint_Feedback(actual_speed=0.5829571485519409, actual_distance_to_goal=2.5192768573760986)
[DEBUG] [1789473519.534519346] [x500_px4.x500_px4_interface]: Received feedback: as2_msgs.action.GoToWaypoint_Feedback(actual_speed=0.5830772519111633, actual_distance_to_goal=2.2266438007354736)
[DEBUG] [1789473520.040978159] [x500_px4.x500_px4_interface]: Received feedback: as2_msgs.action.GoToWaypoint_Feedback(actual_speed=0.5832439661026001, actual_distance_to_goal=1.9409668445587158)
[DEBUG] [1789473520.549715467] [x500_px4.x500_px4_interface]: Received feedback: as2_msgs.action.GoToWaypoint_Feedback(actual_speed=0.5837581753730774, actual_distance_to_goal=1.6481348276138306)
[DEBUG] [1789473521.058676550] [x500_px4.x500_px4_interface]: Received feedback: as2_msgs.action.GoToWaypoint_Feedback(actual_speed=0.5841060876846313, actual_distance_to_goal=1.3618903160095215)
[DEBUG] [1789473521.570715139] [x500_px4.x500_px4_interface]: Received feedback: as2_msgs.action.GoToWaypoint_Feedback(actual_speed=0.5876569747924805, actual_distance_to_goal=1.1245924234390259)
[DEBUG] [1789473521.626478384] [x500_px4.x500_px4_interface]: Result: as2_msgs.action.GoToWaypoint_Result(go_to_success=True)
[DEBUG] [1789473527.006167394] [x500_px4.x500_px4_interface]: Received feedback: as2_msgs.action.GoToWaypoint_Feedback(actual_speed=0.010926545597612858, actual_distance_to_goal=11.268013000488281)
[DEBUG] [1789473527.563991424] [x500_px4.x500_px4_interface]: Received feedback: as2_msgs.action.GoToWaypoint_Feedback(actual_speed=0.011232459917664528, actual_distance_to_goal=11.268132209777832)
[DEBUG] [1789473528.074669869] [x500_px4.x500_px4_interface]: Received feedback: as2_msgs.action.GoToWaypoint_Feedback(actual_speed=0.05900214612483978, actual_distance_to_goal=11.265654563903809)
[DEBUG] [1789473528.585269660] [x500_px4.x500_px4_interface]: Received feedback: as2_msgs.action.GoToWaypoint_Feedback(actual_speed=0.5735200047492981, actual_distance_to_goal=11.11702823638916)
[DEBUG] [1789473529.094042377] [x500_px4.x500_px4_interface]: Received feedback: as2_msgs.action.GoToWaypoint_Feedback(actual_speed=0.6652350425720215, actual_distance_to_goal=10.80048942565918)
[DEBUG] [1789473529.604089664] [x500_px4.x500_px4_interface]: Received feedback: as2_msgs.action.GoToWaypoint_Feedback(actual_speed=0.5318146347999573, actual_distance_to_goal=10.504109382629395)
[DEBUG] [1789473530.120996773] [x500_px4.x500_px4_interface]: Received feedback: as2_msgs.action.GoToWaypoint_Feedback(actual_speed=0.5211774110794067, actual_distance_to_goal=10.23938274383545)
[DEBUG] [1789473530.630235597] [x500_px4.x500_px4_interface]: Received feedback: as2_msgs.action.GoToWaypoint_Feedback(actual_speed=0.5475724935531616, actual_distance_to_goal=9.975571632385254)
[DEBUG] [1789473531.138523775] [x500_px4.x500_px4_interface]: Received feedback: as2_msgs.action.GoToWaypoint_Feedback(actual_speed=0.5478102564811707, actual_distance_to_goal=9.653200149536133)
[DEBUG] [1789473531.646868027] [x500_px4.x500_px4_interface]: Received feedback: as2_msgs.action.GoToWaypoint_Feedback(actual_speed=0.5432915091514587, actual_distance_to_goal=9.384967803955078)
[DEBUG] [1789473532.158739410] [x500_px4.x500_px4_interface]: Received feedback: as2_msgs.action.GoToWaypoint_Feedback(actual_speed=0.543499767780304, actual_distance_to_goal=9.169746398925781)
[DEBUG] [1789473532.666795310] [x500_px4.x500_px4_interface]: Received feedback: as2_msgs.action.GoToWaypoint_Feedback(actual_speed=0.5446339249610901, actual_distance_to_goal=8.902043342590332)
[DEBUG] [1789473533.175740592] [x500_px4.x500_px4_interface]: Received feedback: as2_msgs.action.GoToWaypoint_Feedback(actual_speed=0.5445960760116577, actual_distance_to_goal=8.555673599243164)
[DEBUG] [1789473533.683529582] [x500_px4.x500_px4_interface]: Received feedback: as2_msgs.action.GoToWaypoint_Feedback(actual_speed=0.544447660446167, actual_distance_to_goal=8.281259536743164)
[DEBUG] [1789473534.193541666] [x500_px4.x500_px4_interface]: Received feedback: as2_msgs.action.GoToWaypoint_Feedback(actual_speed=0.5444936752319336, actual_distance_to_goal=8.019930839538574)
[DEBUG] [1789473534.705913427] [x500_px4.x500_px4_interface]: Received feedback: as2_msgs.action.GoToWaypoint_Feedback(actual_speed=0.5445401072502136, actual_distance_to_goal=7.745512008666992)
[DEBUG] [1789473535.223420247] [x500_px4.x500_px4_interface]: Received feedback: as2_msgs.action.GoToWaypoint_Feedback(actual_speed=0.5445452332496643, actual_distance_to_goal=7.477615833282471)
[DEBUG] [1789473535.682270203] [x500_px4.x500_px4_interface]: Received feedback: as2_msgs.action.GoToWaypoint_Feedback(actual_speed=0.5445597767829895, actual_distance_to_goal=7.25545597076416)
[DEBUG] [1789473536.192315996] [x500_px4.x500_px4_interface]: Received feedback: as2_msgs.action.GoToWaypoint_Feedback(actual_speed=0.5445693135261536, actual_distance_to_goal=6.981016159057617)
[DEBUG] [1789473536.702923462] [x500_px4.x500_px4_interface]: Received feedback: as2_msgs.action.GoToWaypoint_Feedback(actual_speed=0.5445921421051025, actual_distance_to_goal=6.660825252532959)
[DEBUG] [1789473537.213368673] [x500_px4.x500_px4_interface]: Received feedback: as2_msgs.action.GoToWaypoint_Feedback(actual_speed=0.5446034669876099, actual_distance_to_goal=6.43864631652832)
[DEBUG] [1789473537.723088776] [x500_px4.x500_px4_interface]: Received feedback: as2_msgs.action.GoToWaypoint_Feedback(actual_speed=0.5446093678474426, actual_distance_to_goal=6.170717716217041)
[DEBUG] [1789473538.181609879] [x500_px4.x500_px4_interface]: Received feedback: as2_msgs.action.GoToWaypoint_Feedback(actual_speed=0.5446430444717407, actual_distance_to_goal=5.883174896240234)
[DEBUG] [1789473538.641006940] [x500_px4.x500_px4_interface]: Received feedback: as2_msgs.action.GoToWaypoint_Feedback(actual_speed=0.5446749329566956, actual_distance_to_goal=5.62175989151001)
[DEBUG] [1789473539.150072446] [x500_px4.x500_px4_interface]: Received feedback: as2_msgs.action.GoToWaypoint_Feedback(actual_speed=0.5446816682815552, actual_distance_to_goal=5.347263813018799)
[DEBUG] [1789473539.660112848] [x500_px4.x500_px4_interface]: Received feedback: as2_msgs.action.GoToWaypoint_Feedback(actual_speed=0.544700562953949, actual_distance_to_goal=5.079296112060547)
[DEBUG] [1789473540.171188579] [x500_px4.x500_px4_interface]: Received feedback: as2_msgs.action.GoToWaypoint_Feedback(actual_speed=0.544722855091095, actual_distance_to_goal=4.811317443847656)
[DEBUG] [1789473540.684838683] [x500_px4.x500_px4_interface]: Received feedback: as2_msgs.action.GoToWaypoint_Feedback(actual_speed=0.5447413921356201, actual_distance_to_goal=4.5367889404296875)
[DEBUG] [1789473541.197997647] [x500_px4.x500_px4_interface]: Received feedback: as2_msgs.action.GoToWaypoint_Feedback(actual_speed=0.5447870492935181, actual_distance_to_goal=4.262243747711182)
[DEBUG] [1789473541.712657937] [x500_px4.x500_px4_interface]: Received feedback: as2_msgs.action.GoToWaypoint_Feedback(actual_speed=0.5448094606399536, actual_distance_to_goal=3.9942245483398438)
[DEBUG] [1789473542.220254432] [x500_px4.x500_px4_interface]: Received feedback: as2_msgs.action.GoToWaypoint_Feedback(actual_speed=0.5448514819145203, actual_distance_to_goal=3.719653367996216)
[DEBUG] [1789473542.730577334] [x500_px4.x500_px4_interface]: Received feedback: as2_msgs.action.GoToWaypoint_Feedback(actual_speed=0.5448564887046814, actual_distance_to_goal=3.4385242462158203)
[DEBUG] [1789473543.240653092] [x500_px4.x500_px4_interface]: Received feedback: as2_msgs.action.GoToWaypoint_Feedback(actual_speed=0.5449408292770386, actual_distance_to_goal=3.1639084815979004)
[DEBUG] [1789473543.748289994] [x500_px4.x500_px4_interface]: Received feedback: as2_msgs.action.GoToWaypoint_Feedback(actual_speed=0.5449707508087158, actual_distance_to_goal=2.8958096504211426)
[DEBUG] [1789473544.258458036] [x500_px4.x500_px4_interface]: Received feedback: as2_msgs.action.GoToWaypoint_Feedback(actual_speed=0.5450130701065063, actual_distance_to_goal=2.621152639389038)
[DEBUG] [1789473544.766496959] [x500_px4.x500_px4_interface]: Received feedback: as2_msgs.action.GoToWaypoint_Feedback(actual_speed=0.5450969338417053, actual_distance_to_goal=2.3530097007751465)
[DEBUG] [1789473545.281957095] [x500_px4.x500_px4_interface]: Received feedback: as2_msgs.action.GoToWaypoint_Feedback(actual_speed=0.5451398491859436, actual_distance_to_goal=2.0259602069854736)
[DEBUG] [1789473545.791899165] [x500_px4.x500_px4_interface]: Received feedback: as2_msgs.action.GoToWaypoint_Feedback(actual_speed=0.5452092885971069, actual_distance_to_goal=1.7512030601501465)
[DEBUG] [1789473546.300856652] [x500_px4.x500_px4_interface]: Received feedback: as2_msgs.action.GoToWaypoint_Feedback(actual_speed=0.5453366637229919, actual_distance_to_goal=1.4829374551773071)
[DEBUG] [1789473546.810645678] [x500_px4.x500_px4_interface]: Received feedback: as2_msgs.action.GoToWaypoint_Feedback(actual_speed=0.5454688668251038, actual_distance_to_goal=1.2080780267715454)
[DEBUG] [1789473547.325418191] [x500_px4.x500_px4_interface]: Received feedback: as2_msgs.action.GoToWaypoint_Feedback(actual_speed=0.5455682277679443, actual_distance_to_goal=1.0967937707901)
[DEBUG] [1789473547.386022735] [x500_px4.x500_px4_interface]: Result: as2_msgs.action.GoToWaypoint_Result(go_to_success=True)
[DEBUG] [1789473558.359894823] [x500_px4.x500_px4_interface]: Received feedback: as2_msgs.action.Land_Feedback(actual_land_speed=-0.00024156918516382575, actual_land_height=4.995360851287842)
[DEBUG] [1789473558.874018185] [x500_px4.x500_px4_interface]: Received feedback: as2_msgs.action.Land_Feedback(actual_land_speed=-0.0002108893677359447, actual_land_height=4.995339870452881)
[DEBUG] [1789473559.383678180] [x500_px4.x500_px4_interface]: Received feedback: as2_msgs.action.Land_Feedback(actual_land_speed=0.009917876683175564, actual_land_height=4.997569561004639)
[DEBUG] [1789473559.893039778] [x500_px4.x500_px4_interface]: Received feedback: as2_msgs.action.Land_Feedback(actual_land_speed=0.0005078744143247604, actual_land_height=5.000509738922119)
[DEBUG] [1789473560.402237224] [x500_px4.x500_px4_interface]: Received feedback: as2_msgs.action.Land_Feedback(actual_land_speed=-0.017512122169137, actual_land_height=4.99619722366333)
[DEBUG] [1789473560.910483512] [x500_px4.x500_px4_interface]: Received feedback: as2_msgs.action.Land_Feedback(actual_land_speed=-0.04270247370004654, actual_land_height=4.981196880340576)
[DEBUG] [1789473561.420828601] [x500_px4.x500_px4_interface]: Received feedback: as2_msgs.action.Land_Feedback(actual_land_speed=-0.0763561874628067, actual_land_height=4.950878143310547)
[DEBUG] [1789473561.931157434] [x500_px4.x500_px4_interface]: Received feedback: as2_msgs.action.Land_Feedback(actual_land_speed=-0.11422241479158401, actual_land_height=4.903451919555664)
[DEBUG] [1789473562.442627445] [x500_px4.x500_px4_interface]: Received feedback: as2_msgs.action.Land_Feedback(actual_land_speed=-0.15865007042884827, actual_land_height=4.8373799324035645)
[DEBUG] [1789473562.955410149] [x500_px4.x500_px4_interface]: Received feedback: as2_msgs.action.Land_Feedback(actual_land_speed=-0.20969629287719727, actual_land_height=4.743710041046143)
[DEBUG] [1789473563.415944131] [x500_px4.x500_px4_interface]: Received feedback: as2_msgs.action.Land_Feedback(actual_land_speed=-0.2663263976573944, actual_land_height=4.616976737976074)
[DEBUG] [1789473563.873623799] [x500_px4.x500_px4_interface]: Received feedback: as2_msgs.action.Land_Feedback(actual_land_speed=-0.3112850487232208, actual_land_height=4.50181245803833)
[DEBUG] [1789473564.384134372] [x500_px4.x500_px4_interface]: Received feedback: as2_msgs.action.Land_Feedback(actual_land_speed=-0.3683733642101288, actual_land_height=4.329376697540283)
[DEBUG] [1789473564.892722756] [x500_px4.x500_px4_interface]: Received feedback: as2_msgs.action.Land_Feedback(actual_land_speed=-0.42047354578971863, actual_land_height=4.134304046630859)
[DEBUG] [1789473565.403818825] [x500_px4.x500_px4_interface]: Received feedback: as2_msgs.action.Land_Feedback(actual_land_speed=-0.45909133553504944, actual_land_height=3.9053690433502197)
[DEBUG] [1789473565.915594212] [x500_px4.x500_px4_interface]: Received feedback: as2_msgs.action.Land_Feedback(actual_land_speed=-0.4799949526786804, actual_land_height=3.6282200813293457)
[DEBUG] [1789473566.423744711] [x500_px4.x500_px4_interface]: Received feedback: as2_msgs.action.Land_Feedback(actual_land_speed=-0.488325297832489, actual_land_height=3.3837974071502686)
[DEBUG] [1789473566.932205474] [x500_px4.x500_px4_interface]: Received feedback: as2_msgs.action.Land_Feedback(actual_land_speed=-0.49331361055374146, actual_land_height=3.142087697982788)
[DEBUG] [1789473567.439848071] [x500_px4.x500_px4_interface]: Received feedback: as2_msgs.action.Land_Feedback(actual_land_speed=-0.49518176913261414, actual_land_height=2.89882755279541)
[DEBUG] [1789473567.947711425] [x500_px4.x500_px4_interface]: Received feedback: as2_msgs.action.Land_Feedback(actual_land_speed=-0.4962333142757416, actual_land_height=2.648959159851074)
[DEBUG] [1789473568.458011455] [x500_px4.x500_px4_interface]: Received feedback: as2_msgs.action.Land_Feedback(actual_land_speed=-0.4970676898956299, actual_land_height=2.398564338684082)
[DEBUG] [1789473568.969058819] [x500_px4.x500_px4_interface]: Received feedback: as2_msgs.action.Land_Feedback(actual_land_speed=-0.497271865606308, actual_land_height=2.147974967956543)
[DEBUG] [1789473569.478071604] [x500_px4.x500_px4_interface]: Received feedback: as2_msgs.action.Land_Feedback(actual_land_speed=-0.49748846888542175, actual_land_height=1.9092048406600952)
[DEBUG] [1789473569.987120182] [x500_px4.x500_px4_interface]: Received feedback: as2_msgs.action.Land_Feedback(actual_land_speed=-0.4976695775985718, actual_land_height=1.658382773399353)
[DEBUG] [1789473570.445091505] [x500_px4.x500_px4_interface]: Received feedback: as2_msgs.action.Land_Feedback(actual_land_speed=-0.4976595640182495, actual_land_height=1.4075411558151245)
[DEBUG] [1789473570.904522335] [x500_px4.x500_px4_interface]: Received feedback: as2_msgs.action.Land_Feedback(actual_land_speed=-0.48367974162101746, actual_land_height=1.21266508102417)
[DEBUG] [1789473571.415274910] [x500_px4.x500_px4_interface]: Received feedback: as2_msgs.action.Land_Feedback(actual_land_speed=-0.4397261142730713, actual_land_height=0.9800020456314087)
[DEBUG] [1789473571.929602753] [x500_px4.x500_px4_interface]: Received feedback: as2_msgs.action.Land_Feedback(actual_land_speed=-0.4292043149471283, actual_land_height=0.9384965300559998)
[DEBUG] [1789473571.982057490] [x500_px4.x500_px4_interface]: Goal failed with status code: 6
[SimpleMission] Inicializando ROS2 e conectando ao drone "x500_px4"...
[SimpleMission] Posicao inicial (home) capturada: (9.000000000154685, -8.889775027093823e-13, -0.013000195922959812)
[SimpleMission] Armando motores...
[SimpleMission] Ativando modo offboard...
[SimpleMission] Decolando até 5.0 m...
[SimpleMission] Decolagem concluída até 5.0!
[DEBUG] Home position capturada: (9.000000000154685, -8.889775027093823e-13, -0.013000195922959812)
[SimpleMission] Resetando percepcao antes da trajetoria de busca...
[SimpleMission] Percepcao resetada: 30 areas descartadas
[missao] Iniciando varredura do cenario...
[SimpleMission] Indo para posicao (-6.00, -6.00, 5.00)...
[SimpleMission] Chegou na posicao de destino!
[SimpleMission] Indo para posicao (-6.00, 0.00, 5.00)...
[SimpleMission] Chegou na posicao de destino!
[SimpleMission] Indo para posicao (-6.00, 6.00, 5.00)...
[SimpleMission] Chegou na posicao de destino!
[SimpleMission] Indo para posicao (-2.00, 6.00, 5.00)...
[SimpleMission] Chegou na posicao de destino!
[SimpleMission] Indo para posicao (-2.00, 0.00, 5.00)...
[SimpleMission] Chegou na posicao de destino!
[SimpleMission] Indo para posicao (-2.00, -6.00, 5.00)...
[SimpleMission] Chegou na posicao de destino!
[SimpleMission] Indo para posicao (2.00, -6.00, 5.00)...
[SimpleMission] Chegou na posicao de destino!
[SimpleMission] Indo para posicao (2.00, 0.00, 5.00)...
[SimpleMission] Chegou na posicao de destino!
[SimpleMission] Indo para posicao (2.00, 6.00, 5.00)...
[SimpleMission] Chegou na posicao de destino!
[SimpleMission] Indo para posicao (6.00, 6.00, 5.00)...
[SimpleMission] Chegou na posicao de destino!
[SimpleMission] Indo para posicao (6.00, 0.00, 5.00)...
[SimpleMission] Chegou na posicao de destino!
[SimpleMission] Indo para posicao (6.00, -6.00, 5.00)...
[SimpleMission] Chegou na posicao de destino!
[missao] Varredura concluida.
[SimpleMission] Esperando candidato estavel (timeout 30.0s)...
[SimpleMission] Candidato ESTAVEL recebido: (-5.3, -5.22, 0.02)
[missao] Indo verificar area em (-5.30, -5.22)
[SimpleMission] Indo para posicao (-5.30, -5.22, 5.00)...
[SimpleMission] Chegou na posicao de destino!
[DEBUG] Alvo: (-5.30, -5.22) | Pose apos go_to: (-5.2324679783814325, -5.229487106601963, 4.860782716815588)
[missao] Pairando 5s sobre a area candidata antes de pousar...
[DEBUG] Pose durante hover (s=1): (-5.318978604851962, -5.221369088328523, 4.8052138589569715)
[DEBUG] Pose durante hover (s=2): (-5.351162630656903, -5.21843186714006, 4.771677680801593)
[DEBUG] Pose durante hover (s=3): (-5.36038025761102, -5.21758925313247, 4.760554043834832)
[DEBUG] Pose durante hover (s=4): (-5.363530974394494, -5.217259254306765, 4.7565073927969586)
[DEBUG] Pose durante hover (s=5): (-5.363504444422099, -5.217212901890097, 4.755402072871679)
[missao] Pouso confirmado.
[SimpleMission] Pousando...
[SimpleMission] Pouso concluído!
[DEBUG] Pose apos land: (-5.701511368541827, -5.228783714393474, 0.12853527883620736)
[SimpleMission] Garantindo desarme antes de encerrar...
[SimpleMission] Encerrando conexão com o drone...
[SimpleMission] Missão finalizada.
