[INFO] [1789468290.756677366] [x500_px4.x500_px4_interface]: Starting x500_px4
[INFO] [1789468291.348317271] [x500_px4.x500_px4_interface]: x500_px4 interface initialized
[DEBUG] [1789468298.078775832] [x500_px4.x500_px4_interface]: Received feedback: as2_msgs.action.Takeoff_Feedback(actual_takeoff_speed=-2.4517734345863573e-05, actual_takeoff_height=0.2356327474117279)
[DEBUG] [1789468298.638844842] [x500_px4.x500_px4_interface]: Received feedback: as2_msgs.action.Takeoff_Feedback(actual_takeoff_speed=-4.010353586636484e-05, actual_takeoff_height=0.23562778532505035)
[DEBUG] [1789468299.151902664] [x500_px4.x500_px4_interface]: Received feedback: as2_msgs.action.Takeoff_Feedback(actual_takeoff_speed=0.07930617034435272, actual_takeoff_height=0.24237768352031708)
[DEBUG] [1789468299.661997344] [x500_px4.x500_px4_interface]: Received feedback: as2_msgs.action.Takeoff_Feedback(actual_takeoff_speed=0.2945663034915924, actual_takeoff_height=0.34724846482276917)
[DEBUG] [1789468300.116940222] [x500_px4.x500_px4_interface]: Received feedback: as2_msgs.action.Takeoff_Feedback(actual_takeoff_speed=0.4006249010562897, actual_takeoff_height=0.5276857614517212)
[DEBUG] [1789468300.574048628] [x500_px4.x500_px4_interface]: Received feedback: as2_msgs.action.Takeoff_Feedback(actual_takeoff_speed=0.4454858899116516, actual_takeoff_height=0.7020511627197266)
[DEBUG] [1789468301.080769621] [x500_px4.x500_px4_interface]: Received feedback: as2_msgs.action.Takeoff_Feedback(actual_takeoff_speed=0.4730208218097687, actual_takeoff_height=0.9237551689147949)
[DEBUG] [1789468301.587977457] [x500_px4.x500_px4_interface]: Received feedback: as2_msgs.action.Takeoff_Feedback(actual_takeoff_speed=0.4891517758369446, actual_takeoff_height=1.2134015560150146)
[DEBUG] [1789468302.104438915] [x500_px4.x500_px4_interface]: Received feedback: as2_msgs.action.Takeoff_Feedback(actual_takeoff_speed=0.49486446380615234, actual_takeoff_height=1.4084391593933105)
[DEBUG] [1789468302.561147767] [x500_px4.x500_px4_interface]: Received feedback: as2_msgs.action.Takeoff_Feedback(actual_takeoff_speed=0.49852654337882996, actual_takeoff_height=1.652952790260315)
[DEBUG] [1789468303.018031390] [x500_px4.x500_px4_interface]: Received feedback: as2_msgs.action.Takeoff_Feedback(actual_takeoff_speed=0.5015843510627747, actual_takeoff_height=1.9169926643371582)
[DEBUG] [1789468303.524516205] [x500_px4.x500_px4_interface]: Received feedback: as2_msgs.action.Takeoff_Feedback(actual_takeoff_speed=0.503673255443573, actual_takeoff_height=2.1220130920410156)
[DEBUG] [1789468304.030642452] [x500_px4.x500_px4_interface]: Received feedback: as2_msgs.action.Takeoff_Feedback(actual_takeoff_speed=0.5039080381393433, actual_takeoff_height=2.363800525665283)
[DEBUG] [1789468304.537967742] [x500_px4.x500_px4_interface]: Received feedback: as2_msgs.action.Takeoff_Feedback(actual_takeoff_speed=0.5053775310516357, actual_takeoff_height=2.6182963848114014)
[DEBUG] [1789468305.044630529] [x500_px4.x500_px4_interface]: Received feedback: as2_msgs.action.Takeoff_Feedback(actual_takeoff_speed=0.5057432055473328, actual_takeoff_height=2.8796708583831787)
[DEBUG] [1789468305.550468511] [x500_px4.x500_px4_interface]: Received feedback: as2_msgs.action.Takeoff_Feedback(actual_takeoff_speed=0.5047122836112976, actual_takeoff_height=3.1222009658813477)
[DEBUG] [1789468306.064894766] [x500_px4.x500_px4_interface]: Received feedback: as2_msgs.action.Takeoff_Feedback(actual_takeoff_speed=0.5078482627868652, actual_takeoff_height=3.383563756942749)
[DEBUG] [1789468306.572096653] [x500_px4.x500_px4_interface]: Received feedback: as2_msgs.action.Takeoff_Feedback(actual_takeoff_speed=0.508396327495575, actual_takeoff_height=3.6336913108825684)
[DEBUG] [1789468307.079375055] [x500_px4.x500_px4_interface]: Received feedback: as2_msgs.action.Takeoff_Feedback(actual_takeoff_speed=0.5093262791633606, actual_takeoff_height=3.8903698921203613)
[DEBUG] [1789468307.586560987] [x500_px4.x500_px4_interface]: Received feedback: as2_msgs.action.Takeoff_Feedback(actual_takeoff_speed=0.5091425180435181, actual_takeoff_height=4.190178394317627)
[DEBUG] [1789468308.098338704] [x500_px4.x500_px4_interface]: Received feedback: as2_msgs.action.Takeoff_Feedback(actual_takeoff_speed=0.5093616843223572, actual_takeoff_height=4.343235015869141)
[DEBUG] [1789468308.170904391] [x500_px4.x500_px4_interface]: Result: as2_msgs.action.Takeoff_Result(takeoff_success=True)
[DEBUG] [1789468309.824133109] [x500_px4.x500_px4_interface]: Received feedback: as2_msgs.action.GoToWaypoint_Feedback(actual_speed=0.15229907631874084, actual_distance_to_goal=15.890079498291016)
[DEBUG] [1789468310.382864879] [x500_px4.x500_px4_interface]: Received feedback: as2_msgs.action.GoToWaypoint_Feedback(actual_speed=0.24146130681037903, actual_distance_to_goal=15.893271446228027)
[DEBUG] [1789468310.891420906] [x500_px4.x500_px4_interface]: Received feedback: as2_msgs.action.GoToWaypoint_Feedback(actual_speed=0.6711721420288086, actual_distance_to_goal=15.74692440032959)
[DEBUG] [1789468311.397195560] [x500_px4.x500_px4_interface]: Received feedback: as2_msgs.action.GoToWaypoint_Feedback(actual_speed=0.854171097278595, actual_distance_to_goal=15.360478401184082)
[DEBUG] [1789468311.956278393] [x500_px4.x500_px4_interface]: Received feedback: as2_msgs.action.GoToWaypoint_Feedback(actual_speed=0.6610468626022339, actual_distance_to_goal=14.915665626525879)
[DEBUG] [1789468312.515763538] [x500_px4.x500_px4_interface]: Received feedback: as2_msgs.action.GoToWaypoint_Feedback(actual_speed=0.6553115248680115, actual_distance_to_goal=14.592281341552734)
[DEBUG] [1789468313.073289608] [x500_px4.x500_px4_interface]: Received feedback: as2_msgs.action.GoToWaypoint_Feedback(actual_speed=0.6906298398971558, actual_distance_to_goal=14.186715126037598)
[DEBUG] [1789468313.587575136] [x500_px4.x500_px4_interface]: Received feedback: as2_msgs.action.GoToWaypoint_Feedback(actual_speed=0.6871350407600403, actual_distance_to_goal=13.839818954467773)
[DEBUG] [1789468314.097398977] [x500_px4.x500_px4_interface]: Received feedback: as2_msgs.action.GoToWaypoint_Feedback(actual_speed=0.6822457909584045, actual_distance_to_goal=13.503314018249512)
[DEBUG] [1789468314.606041730] [x500_px4.x500_px4_interface]: Received feedback: as2_msgs.action.GoToWaypoint_Feedback(actual_speed=0.6834335923194885, actual_distance_to_goal=13.159318923950195)
[DEBUG] [1789468315.117857520] [x500_px4.x500_px4_interface]: Received feedback: as2_msgs.action.GoToWaypoint_Feedback(actual_speed=0.6846354603767395, actual_distance_to_goal=12.822914123535156)
[DEBUG] [1789468315.626257455] [x500_px4.x500_px4_interface]: Received feedback: as2_msgs.action.GoToWaypoint_Feedback(actual_speed=0.6845880746841431, actual_distance_to_goal=12.47806167602539)
[DEBUG] [1789468316.136494781] [x500_px4.x500_px4_interface]: Received feedback: as2_msgs.action.GoToWaypoint_Feedback(actual_speed=0.6846861243247986, actual_distance_to_goal=12.06749153137207)
[DEBUG] [1789468316.595191401] [x500_px4.x500_px4_interface]: Received feedback: as2_msgs.action.GoToWaypoint_Feedback(actual_speed=0.6849035620689392, actual_distance_to_goal=11.79643440246582)
[DEBUG] [1789468317.053951038] [x500_px4.x500_px4_interface]: Received feedback: as2_msgs.action.GoToWaypoint_Feedback(actual_speed=0.6852352619171143, actual_distance_to_goal=11.459535598754883)
[DEBUG] [1789468317.563131707] [x500_px4.x500_px4_interface]: Received feedback: as2_msgs.action.GoToWaypoint_Feedback(actual_speed=0.6853953003883362, actual_distance_to_goal=11.114313125610352)
[DEBUG] [1789468318.069583631] [x500_px4.x500_px4_interface]: Received feedback: as2_msgs.action.GoToWaypoint_Feedback(actual_speed=0.685671329498291, actual_distance_to_goal=10.777203559875488)
[DEBUG] [1789468318.576817203] [x500_px4.x500_px4_interface]: Received feedback: as2_msgs.action.GoToWaypoint_Feedback(actual_speed=0.6859785914421082, actual_distance_to_goal=10.431735038757324)
[DEBUG] [1789468319.083943819] [x500_px4.x500_px4_interface]: Received feedback: as2_msgs.action.GoToWaypoint_Feedback(actual_speed=0.6862547993659973, actual_distance_to_goal=10.086112022399902)
[DEBUG] [1789468319.592784400] [x500_px4.x500_px4_interface]: Received feedback: as2_msgs.action.GoToWaypoint_Feedback(actual_speed=0.6866030693054199, actual_distance_to_goal=9.748553276062012)
[DEBUG] [1789468320.099612502] [x500_px4.x500_px4_interface]: Received feedback: as2_msgs.action.GoToWaypoint_Feedback(actual_speed=0.6868816614151001, actual_distance_to_goal=9.402615547180176)
[DEBUG] [1789468320.610802577] [x500_px4.x500_px4_interface]: Received feedback: as2_msgs.action.GoToWaypoint_Feedback(actual_speed=0.6870813369750977, actual_distance_to_goal=9.056550979614258)
[DEBUG] [1789468321.117980566] [x500_px4.x500_px4_interface]: Received feedback: as2_msgs.action.GoToWaypoint_Feedback(actual_speed=0.6874772906303406, actual_distance_to_goal=8.71859073638916)
[DEBUG] [1789468321.629572016] [x500_px4.x500_px4_interface]: Received feedback: as2_msgs.action.GoToWaypoint_Feedback(actual_speed=0.6877705454826355, actual_distance_to_goal=8.372213363647461)
[DEBUG] [1789468322.138932013] [x500_px4.x500_px4_interface]: Received feedback: as2_msgs.action.GoToWaypoint_Feedback(actual_speed=0.6882071495056152, actual_distance_to_goal=8.009134292602539)
[DEBUG] [1789468322.647667909] [x500_px4.x500_px4_interface]: Received feedback: as2_msgs.action.GoToWaypoint_Feedback(actual_speed=0.688543438911438, actual_distance_to_goal=7.670633316040039)
[DEBUG] [1789468323.155018372] [x500_px4.x500_px4_interface]: Received feedback: as2_msgs.action.GoToWaypoint_Feedback(actual_speed=0.6889964938163757, actual_distance_to_goal=7.331960201263428)
[DEBUG] [1789468323.662863403] [x500_px4.x500_px4_interface]: Received feedback: as2_msgs.action.GoToWaypoint_Feedback(actual_speed=0.6893540024757385, actual_distance_to_goal=6.993086814880371)
[DEBUG] [1789468324.119538002] [x500_px4.x500_px4_interface]: Received feedback: as2_msgs.action.GoToWaypoint_Feedback(actual_speed=0.6895903944969177, actual_distance_to_goal=6.653990745544434)
[DEBUG] [1789468324.580550083] [x500_px4.x500_px4_interface]: Received feedback: as2_msgs.action.GoToWaypoint_Feedback(actual_speed=0.690350353717804, actual_distance_to_goal=6.372609615325928)
[DEBUG] [1789468325.091858845] [x500_px4.x500_px4_interface]: Received feedback: as2_msgs.action.GoToWaypoint_Feedback(actual_speed=0.6907450556755066, actual_distance_to_goal=6.0082292556762695)
[DEBUG] [1789468325.602481127] [x500_px4.x500_px4_interface]: Received feedback: as2_msgs.action.GoToWaypoint_Feedback(actual_speed=0.6913726925849915, actual_distance_to_goal=5.593846797943115)
[DEBUG] [1789468326.110082210] [x500_px4.x500_px4_interface]: Received feedback: as2_msgs.action.GoToWaypoint_Feedback(actual_speed=0.6920908093452454, actual_distance_to_goal=5.26201057434082)
[DEBUG] [1789468326.620674158] [x500_px4.x500_px4_interface]: Received feedback: as2_msgs.action.GoToWaypoint_Feedback(actual_speed=0.6925702095031738, actual_distance_to_goal=4.913242340087891)
[DEBUG] [1789468327.126798859] [x500_px4.x500_px4_interface]: Received feedback: as2_msgs.action.GoToWaypoint_Feedback(actual_speed=0.6932852864265442, actual_distance_to_goal=4.564176082611084)
[DEBUG] [1789468327.633703428] [x500_px4.x500_px4_interface]: Received feedback: as2_msgs.action.GoToWaypoint_Feedback(actual_speed=0.6937991976737976, actual_distance_to_goal=4.223037242889404)
[DEBUG] [1789468328.140634674] [x500_px4.x500_px4_interface]: Received feedback: as2_msgs.action.GoToWaypoint_Feedback(actual_speed=0.6949818730354309, actual_distance_to_goal=3.8814659118652344)
[DEBUG] [1789468328.599739525] [x500_px4.x500_px4_interface]: Received feedback: as2_msgs.action.GoToWaypoint_Feedback(actual_speed=0.6957898139953613, actual_distance_to_goal=3.5978801250457764)
[DEBUG] [1789468329.108228592] [x500_px4.x500_px4_interface]: Received feedback: as2_msgs.action.GoToWaypoint_Feedback(actual_speed=0.6962496638298035, actual_distance_to_goal=3.2555744647979736)
[DEBUG] [1789468329.616792272] [x500_px4.x500_px4_interface]: Received feedback: as2_msgs.action.GoToWaypoint_Feedback(actual_speed=0.6984756588935852, actual_distance_to_goal=2.912715435028076)
[DEBUG] [1789468330.125428759] [x500_px4.x500_px4_interface]: Received feedback: as2_msgs.action.GoToWaypoint_Feedback(actual_speed=0.699500560760498, actual_distance_to_goal=2.543874502182007)
[DEBUG] [1789468330.635501816] [x500_px4.x500_px4_interface]: Received feedback: as2_msgs.action.GoToWaypoint_Feedback(actual_speed=0.7008490562438965, actual_distance_to_goal=2.123889207839966)
[DEBUG] [1789468331.143174063] [x500_px4.x500_px4_interface]: Received feedback: as2_msgs.action.GoToWaypoint_Feedback(actual_speed=0.7023833990097046, actual_distance_to_goal=1.7788562774658203)
[DEBUG] [1789468331.649783036] [x500_px4.x500_px4_interface]: Received feedback: as2_msgs.action.GoToWaypoint_Feedback(actual_speed=0.7071897387504578, actual_distance_to_goal=1.4241703748703003)
[DEBUG] [1789468332.160731126] [x500_px4.x500_px4_interface]: Received feedback: as2_msgs.action.GoToWaypoint_Feedback(actual_speed=0.7083103656768799, actual_distance_to_goal=1.2121586799621582)
[DEBUG] [1789468332.237036195] [x500_px4.x500_px4_interface]: Result: as2_msgs.action.GoToWaypoint_Result(go_to_success=True)
[DEBUG] [1789468334.699250585] [x500_px4.x500_px4_interface]: Received feedback: as2_msgs.action.GoToWaypoint_Feedback(actual_speed=0.21579203009605408, actual_distance_to_goal=5.92137336730957)
[DEBUG] [1789468335.205980388] [x500_px4.x500_px4_interface]: Received feedback: as2_msgs.action.GoToWaypoint_Feedback(actual_speed=0.6901494264602661, actual_distance_to_goal=5.719371795654297)
[DEBUG] [1789468335.712612007] [x500_px4.x500_px4_interface]: Received feedback: as2_msgs.action.GoToWaypoint_Feedback(actual_speed=0.690766453742981, actual_distance_to_goal=5.372812747955322)
[DEBUG] [1789468336.220210714] [x500_px4.x500_px4_interface]: Received feedback: as2_msgs.action.GoToWaypoint_Feedback(actual_speed=0.5585470199584961, actual_distance_to_goal=5.071836471557617)
[DEBUG] [1789468336.727599369] [x500_px4.x500_px4_interface]: Received feedback: as2_msgs.action.GoToWaypoint_Feedback(actual_speed=0.5613395571708679, actual_distance_to_goal=4.791439533233643)
[DEBUG] [1789468337.236415636] [x500_px4.x500_px4_interface]: Received feedback: as2_msgs.action.GoToWaypoint_Feedback(actual_speed=0.5876578688621521, actual_distance_to_goal=4.502447605133057)
[DEBUG] [1789468337.744743034] [x500_px4.x500_px4_interface]: Received feedback: as2_msgs.action.GoToWaypoint_Feedback(actual_speed=0.5857062935829163, actual_distance_to_goal=4.215375900268555)
[DEBUG] [1789468338.251880636] [x500_px4.x500_px4_interface]: Received feedback: as2_msgs.action.GoToWaypoint_Feedback(actual_speed=0.5799323320388794, actual_distance_to_goal=3.9233944416046143)
[DEBUG] [1789468338.764732413] [x500_px4.x500_px4_interface]: Received feedback: as2_msgs.action.GoToWaypoint_Feedback(actual_speed=0.5801464319229126, actual_distance_to_goal=3.6464014053344727)
[DEBUG] [1789468339.224654139] [x500_px4.x500_px4_interface]: Received feedback: as2_msgs.action.GoToWaypoint_Feedback(actual_speed=0.5808824300765991, actual_distance_to_goal=3.3552894592285156)
[DEBUG] [1789468339.683284240] [x500_px4.x500_px4_interface]: Received feedback: as2_msgs.action.GoToWaypoint_Feedback(actual_speed=0.5805239081382751, actual_distance_to_goal=3.1265039443969727)
[DEBUG] [1789468340.189941684] [x500_px4.x500_px4_interface]: Received feedback: as2_msgs.action.GoToWaypoint_Feedback(actual_speed=0.5800153613090515, actual_distance_to_goal=2.835486650466919)
[DEBUG] [1789468340.698082280] [x500_px4.x500_px4_interface]: Received feedback: as2_msgs.action.GoToWaypoint_Feedback(actual_speed=0.5798915028572083, actual_distance_to_goal=2.544628381729126)
[DEBUG] [1789468341.203883134] [x500_px4.x500_px4_interface]: Received feedback: as2_msgs.action.GoToWaypoint_Feedback(actual_speed=0.57976895570755, actual_distance_to_goal=2.198448657989502)
[DEBUG] [1789468341.713409053] [x500_px4.x500_px4_interface]: Received feedback: as2_msgs.action.GoToWaypoint_Feedback(actual_speed=0.5796616077423096, actual_distance_to_goal=1.9145914316177368)
[DEBUG] [1789468342.221619824] [x500_px4.x500_px4_interface]: Received feedback: as2_msgs.action.GoToWaypoint_Feedback(actual_speed=0.5797500014305115, actual_distance_to_goal=1.623740553855896)
[DEBUG] [1789468342.731093243] [x500_px4.x500_px4_interface]: Received feedback: as2_msgs.action.GoToWaypoint_Feedback(actual_speed=0.5801501274108887, actual_distance_to_goal=1.339616298675537)
[DEBUG] [1789468343.238279328] [x500_px4.x500_px4_interface]: Received feedback: as2_msgs.action.GoToWaypoint_Feedback(actual_speed=0.5805661678314209, actual_distance_to_goal=1.110718846321106)
[DEBUG] [1789468343.273928287] [x500_px4.x500_px4_interface]: Result: as2_msgs.action.GoToWaypoint_Result(go_to_success=True)
[DEBUG] [1789468345.364827547] [x500_px4.x500_px4_interface]: Received feedback: as2_msgs.action.GoToWaypoint_Feedback(actual_speed=0.13237100839614868, actual_distance_to_goal=6.223818302154541)
[DEBUG] [1789468345.822553097] [x500_px4.x500_px4_interface]: Received feedback: as2_msgs.action.GoToWaypoint_Feedback(actual_speed=0.19956345856189728, actual_distance_to_goal=6.154478073120117)
[DEBUG] [1789468346.281657308] [x500_px4.x500_px4_interface]: Received feedback: as2_msgs.action.GoToWaypoint_Feedback(actual_speed=0.6828585267066956, actual_distance_to_goal=5.914531707763672)
[DEBUG] [1789468346.788021429] [x500_px4.x500_px4_interface]: Received feedback: as2_msgs.action.GoToWaypoint_Feedback(actual_speed=0.6473630666732788, actual_distance_to_goal=5.584793567657471)
[DEBUG] [1789468347.296545305] [x500_px4.x500_px4_interface]: Received feedback: as2_msgs.action.GoToWaypoint_Feedback(actual_speed=0.5599486827850342, actual_distance_to_goal=5.292591094970703)
[DEBUG] [1789468347.803339875] [x500_px4.x500_px4_interface]: Received feedback: as2_msgs.action.GoToWaypoint_Feedback(actual_speed=0.5679110288619995, actual_distance_to_goal=5.009546279907227)
[DEBUG] [1789468348.310442248] [x500_px4.x500_px4_interface]: Received feedback: as2_msgs.action.GoToWaypoint_Feedback(actual_speed=0.5852380990982056, actual_distance_to_goal=4.719770908355713)
[DEBUG] [1789468348.819694208] [x500_px4.x500_px4_interface]: Received feedback: as2_msgs.action.GoToWaypoint_Feedback(actual_speed=0.5826738476753235, actual_distance_to_goal=4.434021472930908)
[DEBUG] [1789468349.327603350] [x500_px4.x500_px4_interface]: Received feedback: as2_msgs.action.GoToWaypoint_Feedback(actual_speed=0.579196572303772, actual_distance_to_goal=4.1428022384643555)
[DEBUG] [1789468349.835243159] [x500_px4.x500_px4_interface]: Received feedback: as2_msgs.action.GoToWaypoint_Feedback(actual_speed=0.5797998309135437, actual_distance_to_goal=3.796820878982544)
[DEBUG] [1789468350.344842486] [x500_px4.x500_px4_interface]: Received feedback: as2_msgs.action.GoToWaypoint_Feedback(actual_speed=0.5800769925117493, actual_distance_to_goal=3.5059549808502197)
[DEBUG] [1789468350.854996437] [x500_px4.x500_px4_interface]: Received feedback: as2_msgs.action.GoToWaypoint_Feedback(actual_speed=0.5797945261001587, actual_distance_to_goal=3.222034215927124)
[DEBUG] [1789468351.363551125] [x500_px4.x500_px4_interface]: Received feedback: as2_msgs.action.GoToWaypoint_Feedback(actual_speed=0.5796170234680176, actual_distance_to_goal=2.9312734603881836)
[DEBUG] [1789468351.869622108] [x500_px4.x500_px4_interface]: Received feedback: as2_msgs.action.GoToWaypoint_Feedback(actual_speed=0.579604983329773, actual_distance_to_goal=2.6405210494995117)
[DEBUG] [1789468352.379743641] [x500_px4.x500_px4_interface]: Received feedback: as2_msgs.action.GoToWaypoint_Feedback(actual_speed=0.5796720385551453, actual_distance_to_goal=2.3566174507141113)
[DEBUG] [1789468352.885498632] [x500_px4.x500_px4_interface]: Received feedback: as2_msgs.action.GoToWaypoint_Feedback(actual_speed=0.5797761678695679, actual_distance_to_goal=2.0657360553741455)
[DEBUG] [1789468353.392249195] [x500_px4.x500_px4_interface]: Received feedback: as2_msgs.action.GoToWaypoint_Feedback(actual_speed=0.5801126956939697, actual_distance_to_goal=1.7747716903686523)
[DEBUG] [1789468353.899336055] [x500_px4.x500_px4_interface]: Received feedback: as2_msgs.action.GoToWaypoint_Feedback(actual_speed=0.5808248519897461, actual_distance_to_goal=1.4904521703720093)
[DEBUG] [1789468354.409579972] [x500_px4.x500_px4_interface]: Received feedback: as2_msgs.action.GoToWaypoint_Feedback(actual_speed=0.5814286470413208, actual_distance_to_goal=1.1987054347991943)
[DEBUG] [1789468354.917802884] [x500_px4.x500_px4_interface]: Received feedback: as2_msgs.action.GoToWaypoint_Feedback(actual_speed=0.5817323327064514, actual_distance_to_goal=1.1430665254592896)
[DEBUG] [1789468355.008550284] [x500_px4.x500_px4_interface]: Result: as2_msgs.action.GoToWaypoint_Result(go_to_success=True)
[DEBUG] [1789468357.502847116] [x500_px4.x500_px4_interface]: Received feedback: as2_msgs.action.GoToWaypoint_Feedback(actual_speed=0.13163916766643524, actual_distance_to_goal=4.060466289520264)
[DEBUG] [1789468357.960278742] [x500_px4.x500_px4_interface]: Received feedback: as2_msgs.action.GoToWaypoint_Feedback(actual_speed=0.5711939334869385, actual_distance_to_goal=3.917567729949951)
[DEBUG] [1789468358.471216144] [x500_px4.x500_px4_interface]: Received feedback: as2_msgs.action.GoToWaypoint_Feedback(actual_speed=0.6049152612686157, actual_distance_to_goal=3.5654525756835938)
[DEBUG] [1789468358.978235976] [x500_px4.x500_px4_interface]: Received feedback: as2_msgs.action.GoToWaypoint_Feedback(actual_speed=0.501273512840271, actual_distance_to_goal=3.297290802001953)
[DEBUG] [1789468359.486465765] [x500_px4.x500_px4_interface]: Received feedback: as2_msgs.action.GoToWaypoint_Feedback(actual_speed=0.5056145787239075, actual_distance_to_goal=3.043534517288208)
[DEBUG] [1789468359.993975342] [x500_px4.x500_px4_interface]: Received feedback: as2_msgs.action.GoToWaypoint_Feedback(actual_speed=0.5264123678207397, actual_distance_to_goal=2.782686710357666)
[DEBUG] [1789468360.500663259] [x500_px4.x500_px4_interface]: Received feedback: as2_msgs.action.GoToWaypoint_Feedback(actual_speed=0.5247887969017029, actual_distance_to_goal=2.5241615772247314)
[DEBUG] [1789468360.957838850] [x500_px4.x500_px4_interface]: Received feedback: as2_msgs.action.GoToWaypoint_Feedback(actual_speed=0.5210490822792053, actual_distance_to_goal=2.310891628265381)
[DEBUG] [1789468361.417260770] [x500_px4.x500_px4_interface]: Received feedback: as2_msgs.action.GoToWaypoint_Feedback(actual_speed=0.5209853649139404, actual_distance_to_goal=2.0358200073242188)
[DEBUG] [1789468361.925736396] [x500_px4.x500_px4_interface]: Received feedback: as2_msgs.action.GoToWaypoint_Feedback(actual_speed=0.5218667984008789, actual_distance_to_goal=1.7917708158493042)
[DEBUG] [1789468362.432784826] [x500_px4.x500_px4_interface]: Received feedback: as2_msgs.action.GoToWaypoint_Feedback(actual_speed=0.5218226313591003, actual_distance_to_goal=1.5162445306777954)
[DEBUG] [1789468362.938427760] [x500_px4.x500_px4_interface]: Received feedback: as2_msgs.action.GoToWaypoint_Feedback(actual_speed=0.5216258764266968, actual_distance_to_goal=1.2533142566680908)
[DEBUG] [1789468363.445235272] [x500_px4.x500_px4_interface]: Received feedback: as2_msgs.action.GoToWaypoint_Feedback(actual_speed=0.5215982794761658, actual_distance_to_goal=1.096837043762207)
[DEBUG] [1789468363.525867438] [x500_px4.x500_px4_interface]: Result: as2_msgs.action.GoToWaypoint_Result(go_to_success=True)
[DEBUG] [1789468365.578907053] [x500_px4.x500_px4_interface]: Received feedback: as2_msgs.action.GoToWaypoint_Feedback(actual_speed=0.1456509232521057, actual_distance_to_goal=6.002462863922119)
[DEBUG] [1789468366.085250042] [x500_px4.x500_px4_interface]: Received feedback: as2_msgs.action.GoToWaypoint_Feedback(actual_speed=0.264177143573761, actual_distance_to_goal=5.962765216827393)
[DEBUG] [1789468366.594270863] [x500_px4.x500_px4_interface]: Received feedback: as2_msgs.action.GoToWaypoint_Feedback(actual_speed=0.7414180636405945, actual_distance_to_goal=5.705487251281738)
[DEBUG] [1789468367.100426999] [x500_px4.x500_px4_interface]: Received feedback: as2_msgs.action.GoToWaypoint_Feedback(actual_speed=0.6489258408546448, actual_distance_to_goal=5.371820449829102)
[DEBUG] [1789468367.606058227] [x500_px4.x500_px4_interface]: Received feedback: as2_msgs.action.GoToWaypoint_Feedback(actual_speed=0.5507432222366333, actual_distance_to_goal=5.074810028076172)
[DEBUG] [1789468368.111197409] [x500_px4.x500_px4_interface]: Received feedback: as2_msgs.action.GoToWaypoint_Feedback(actual_speed=0.5715588927268982, actual_distance_to_goal=4.792417049407959)
[DEBUG] [1789468368.621293168] [x500_px4.x500_px4_interface]: Received feedback: as2_msgs.action.GoToWaypoint_Feedback(actual_speed=0.5896686315536499, actual_distance_to_goal=4.507569789886475)
[DEBUG] [1789468369.134548450] [x500_px4.x500_px4_interface]: Received feedback: as2_msgs.action.GoToWaypoint_Feedback(actual_speed=0.5848149657249451, actual_distance_to_goal=4.213257312774658)
[DEBUG] [1789468369.646242753] [x500_px4.x500_px4_interface]: Received feedback: as2_msgs.action.GoToWaypoint_Feedback(actual_speed=0.5812921524047852, actual_distance_to_goal=3.9278645515441895)
[DEBUG] [1789468370.154656041] [x500_px4.x500_px4_interface]: Received feedback: as2_msgs.action.GoToWaypoint_Feedback(actual_speed=0.58223557472229, actual_distance_to_goal=3.642925977706909)
[DEBUG] [1789468370.662145814] [x500_px4.x500_px4_interface]: Received feedback: as2_msgs.action.GoToWaypoint_Feedback(actual_speed=0.5828789472579956, actual_distance_to_goal=3.3506252765655518)
[DEBUG] [1789468371.170072476] [x500_px4.x500_px4_interface]: Received feedback: as2_msgs.action.GoToWaypoint_Feedback(actual_speed=0.5825966596603394, actual_distance_to_goal=3.0025928020477295)
[DEBUG] [1789468371.678537553] [x500_px4.x500_px4_interface]: Received feedback: as2_msgs.action.GoToWaypoint_Feedback(actual_speed=0.5826221704483032, actual_distance_to_goal=2.710297107696533)
[DEBUG] [1789468372.187262765] [x500_px4.x500_px4_interface]: Received feedback: as2_msgs.action.GoToWaypoint_Feedback(actual_speed=0.5828295350074768, actual_distance_to_goal=2.417942523956299)
[DEBUG] [1789468372.695896743] [x500_px4.x500_px4_interface]: Received feedback: as2_msgs.action.GoToWaypoint_Feedback(actual_speed=0.5830381512641907, actual_distance_to_goal=2.1324172019958496)
[DEBUG] [1789468373.207412466] [x500_px4.x500_px4_interface]: Received feedback: as2_msgs.action.GoToWaypoint_Feedback(actual_speed=0.5832056999206543, actual_distance_to_goal=1.8397490978240967)
[DEBUG] [1789468373.715309194] [x500_px4.x500_px4_interface]: Received feedback: as2_msgs.action.GoToWaypoint_Feedback(actual_speed=0.5845513343811035, actual_distance_to_goal=1.546635627746582)
[DEBUG] [1789468374.222554922] [x500_px4.x500_px4_interface]: Received feedback: as2_msgs.action.GoToWaypoint_Feedback(actual_speed=0.5854129195213318, actual_distance_to_goal=1.2599856853485107)
[DEBUG] [1789468374.733738848] [x500_px4.x500_px4_interface]: Received feedback: as2_msgs.action.GoToWaypoint_Feedback(actual_speed=0.5856098532676697, actual_distance_to_goal=1.1409878730773926)
[DEBUG] [1789468374.751857623] [x500_px4.x500_px4_interface]: Result: as2_msgs.action.GoToWaypoint_Result(go_to_success=True)
[DEBUG] [1789468376.861499874] [x500_px4.x500_px4_interface]: Received feedback: as2_msgs.action.GoToWaypoint_Feedback(actual_speed=0.16519685089588165, actual_distance_to_goal=6.1989264488220215)
[DEBUG] [1789468377.368545487] [x500_px4.x500_px4_interface]: Received feedback: as2_msgs.action.GoToWaypoint_Feedback(actual_speed=0.3204309344291687, actual_distance_to_goal=6.097766399383545)
[DEBUG] [1789468377.876364485] [x500_px4.x500_px4_interface]: Received feedback: as2_msgs.action.GoToWaypoint_Feedback(actual_speed=0.7018318176269531, actual_distance_to_goal=5.833049774169922)
[DEBUG] [1789468378.383391852] [x500_px4.x500_px4_interface]: Received feedback: as2_msgs.action.GoToWaypoint_Feedback(actual_speed=0.6304876208305359, actual_distance_to_goal=5.502951145172119)
[DEBUG] [1789468378.891374549] [x500_px4.x500_px4_interface]: Received feedback: as2_msgs.action.GoToWaypoint_Feedback(actual_speed=0.5595118403434753, actual_distance_to_goal=5.214202404022217)
[DEBUG] [1789468379.401511773] [x500_px4.x500_px4_interface]: Received feedback: as2_msgs.action.GoToWaypoint_Feedback(actual_speed=0.5797437429428101, actual_distance_to_goal=4.873835563659668)
[DEBUG] [1789468379.910236935] [x500_px4.x500_px4_interface]: Received feedback: as2_msgs.action.GoToWaypoint_Feedback(actual_speed=0.5886960625648499, actual_distance_to_goal=4.587498664855957)
[DEBUG] [1789468380.417005799] [x500_px4.x500_px4_interface]: Received feedback: as2_msgs.action.GoToWaypoint_Feedback(actual_speed=0.5838429927825928, actual_distance_to_goal=4.293555736541748)
[DEBUG] [1789468380.923186358] [x500_px4.x500_px4_interface]: Received feedback: as2_msgs.action.GoToWaypoint_Feedback(actual_speed=0.5821360945701599, actual_distance_to_goal=4.001129627227783)
[DEBUG] [1789468381.434984928] [x500_px4.x500_px4_interface]: Received feedback: as2_msgs.action.GoToWaypoint_Feedback(actual_speed=0.5829566121101379, actual_distance_to_goal=3.7158448696136475)
[DEBUG] [1789468381.942325572] [x500_px4.x500_px4_interface]: Received feedback: as2_msgs.action.GoToWaypoint_Feedback(actual_speed=0.5830371379852295, actual_distance_to_goal=3.423393487930298)
[DEBUG] [1789468382.456425706] [x500_px4.x500_px4_interface]: Received feedback: as2_msgs.action.GoToWaypoint_Feedback(actual_speed=0.5827640295028687, actual_distance_to_goal=3.1309585571289062)
[DEBUG] [1789468382.965196752] [x500_px4.x500_px4_interface]: Received feedback: as2_msgs.action.GoToWaypoint_Feedback(actual_speed=0.582649290561676, actual_distance_to_goal=2.845587968826294)
[DEBUG] [1789468383.420969032] [x500_px4.x500_px4_interface]: Received feedback: as2_msgs.action.GoToWaypoint_Feedback(actual_speed=0.5826765298843384, actual_distance_to_goal=2.5602502822875977)
[DEBUG] [1789468383.881806268] [x500_px4.x500_px4_interface]: Received feedback: as2_msgs.action.GoToWaypoint_Feedback(actual_speed=0.5827216506004333, actual_distance_to_goal=2.3235814571380615)
[DEBUG] [1789468384.390545990] [x500_px4.x500_px4_interface]: Received feedback: as2_msgs.action.GoToWaypoint_Feedback(actual_speed=0.5828757882118225, actual_distance_to_goal=2.0380842685699463)
[DEBUG] [1789468384.900741764] [x500_px4.x500_px4_interface]: Received feedback: as2_msgs.action.GoToWaypoint_Feedback(actual_speed=0.5834015607833862, actual_distance_to_goal=1.6897821426391602)
[DEBUG] [1789468385.409919378] [x500_px4.x500_px4_interface]: Received feedback: as2_msgs.action.GoToWaypoint_Feedback(actual_speed=0.5837575197219849, actual_distance_to_goal=1.3968150615692139)
[DEBUG] [1789468385.920308790] [x500_px4.x500_px4_interface]: Received feedback: as2_msgs.action.GoToWaypoint_Feedback(actual_speed=0.5842240452766418, actual_distance_to_goal=1.1663379669189453)
[DEBUG] [1789468385.982409154] [x500_px4.x500_px4_interface]: Result: as2_msgs.action.GoToWaypoint_Result(go_to_success=True)
[DEBUG] [1789468388.050760727] [x500_px4.x500_px4_interface]: Received feedback: as2_msgs.action.GoToWaypoint_Feedback(actual_speed=0.20832495391368866, actual_distance_to_goal=4.098256587982178)
[DEBUG] [1789468388.559221512] [x500_px4.x500_px4_interface]: Received feedback: as2_msgs.action.GoToWaypoint_Feedback(actual_speed=0.30490443110466003, actual_distance_to_goal=4.042089462280273)
[DEBUG] [1789468389.067670366] [x500_px4.x500_px4_interface]: Received feedback: as2_msgs.action.GoToWaypoint_Feedback(actual_speed=0.6543028950691223, actual_distance_to_goal=3.803130626678467)
[DEBUG] [1789468389.527723104] [x500_px4.x500_px4_interface]: Received feedback: as2_msgs.action.GoToWaypoint_Feedback(actual_speed=0.5976837277412415, actual_distance_to_goal=3.562067985534668)
[DEBUG] [1789468389.983631802] [x500_px4.x500_px4_interface]: Received feedback: as2_msgs.action.GoToWaypoint_Feedback(actual_speed=0.5001564025878906, actual_distance_to_goal=3.2895758152008057)
[DEBUG] [1789468390.490359208] [x500_px4.x500_px4_interface]: Received feedback: as2_msgs.action.GoToWaypoint_Feedback(actual_speed=0.5084716081619263, actual_distance_to_goal=3.035295248031616)
[DEBUG] [1789468390.997864723] [x500_px4.x500_px4_interface]: Received feedback: as2_msgs.action.GoToWaypoint_Feedback(actual_speed=0.526938259601593, actual_distance_to_goal=2.7799594402313232)
[DEBUG] [1789468391.503329881] [x500_px4.x500_px4_interface]: Received feedback: as2_msgs.action.GoToWaypoint_Feedback(actual_speed=0.5247572064399719, actual_distance_to_goal=2.5150012969970703)
[DEBUG] [1789468392.010992950] [x500_px4.x500_px4_interface]: Received feedback: as2_msgs.action.GoToWaypoint_Feedback(actual_speed=0.521122932434082, actual_distance_to_goal=2.2515883445739746)
[DEBUG] [1789468392.520456248] [x500_px4.x500_px4_interface]: Received feedback: as2_msgs.action.GoToWaypoint_Feedback(actual_speed=0.5216478109359741, actual_distance_to_goal=1.9950634241104126)
[DEBUG] [1789468393.033638306] [x500_px4.x500_px4_interface]: Received feedback: as2_msgs.action.GoToWaypoint_Feedback(actual_speed=0.5223413705825806, actual_distance_to_goal=1.7319680452346802)
[DEBUG] [1789468393.541395141] [x500_px4.x500_px4_interface]: Received feedback: as2_msgs.action.GoToWaypoint_Feedback(actual_speed=0.5220866203308105, actual_distance_to_goal=1.41866135597229)
[DEBUG] [1789468394.049867108] [x500_px4.x500_px4_interface]: Received feedback: as2_msgs.action.GoToWaypoint_Feedback(actual_speed=0.5219438672065735, actual_distance_to_goal=1.155595302581787)
[DEBUG] [1789468394.557994494] [x500_px4.x500_px4_interface]: Received feedback: as2_msgs.action.GoToWaypoint_Feedback(actual_speed=0.5218774676322937, actual_distance_to_goal=1.0553996562957764)
[DEBUG] [1789468394.604766431] [x500_px4.x500_px4_interface]: Result: as2_msgs.action.GoToWaypoint_Result(go_to_success=True)
[DEBUG] [1789468396.686770752] [x500_px4.x500_px4_interface]: Received feedback: as2_msgs.action.GoToWaypoint_Feedback(actual_speed=0.14165708422660828, actual_distance_to_goal=6.004073619842529)
[DEBUG] [1789468397.194687574] [x500_px4.x500_px4_interface]: Received feedback: as2_msgs.action.GoToWaypoint_Feedback(actual_speed=0.22812482714653015, actual_distance_to_goal=5.968385219573975)
[DEBUG] [1789468397.703103077] [x500_px4.x500_px4_interface]: Received feedback: as2_msgs.action.GoToWaypoint_Feedback(actual_speed=0.7329527735710144, actual_distance_to_goal=5.717270374298096)
[DEBUG] [1789468398.212127095] [x500_px4.x500_px4_interface]: Received feedback: as2_msgs.action.GoToWaypoint_Feedback(actual_speed=0.6450623869895935, actual_distance_to_goal=5.377392768859863)
[DEBUG] [1789468398.717929571] [x500_px4.x500_px4_interface]: Received feedback: as2_msgs.action.GoToWaypoint_Feedback(actual_speed=0.547699511051178, actual_distance_to_goal=5.08214807510376)
[DEBUG] [1789468399.226127272] [x500_px4.x500_px4_interface]: Received feedback: as2_msgs.action.GoToWaypoint_Feedback(actual_speed=0.5677105188369751, actual_distance_to_goal=4.808173656463623)
[DEBUG] [1789468399.733523836] [x500_px4.x500_px4_interface]: Received feedback: as2_msgs.action.GoToWaypoint_Feedback(actual_speed=0.5865190029144287, actual_distance_to_goal=4.497220039367676)
[DEBUG] [1789468400.241039719] [x500_px4.x500_px4_interface]: Received feedback: as2_msgs.action.GoToWaypoint_Feedback(actual_speed=0.5812302827835083, actual_distance_to_goal=4.211658000946045)
[DEBUG] [1789468400.749946425] [x500_px4.x500_px4_interface]: Received feedback: as2_msgs.action.GoToWaypoint_Feedback(actual_speed=0.5780016779899597, actual_distance_to_goal=3.921098470687866)
[DEBUG] [1789468401.259692232] [x500_px4.x500_px4_interface]: Received feedback: as2_msgs.action.GoToWaypoint_Feedback(actual_speed=0.57908034324646, actual_distance_to_goal=3.6378118991851807)
[DEBUG] [1789468401.767621391] [x500_px4.x500_px4_interface]: Received feedback: as2_msgs.action.GoToWaypoint_Feedback(actual_speed=0.5795550346374512, actual_distance_to_goal=3.2918553352355957)
[DEBUG] [1789468402.284568532] [x500_px4.x500_px4_interface]: Received feedback: as2_msgs.action.GoToWaypoint_Feedback(actual_speed=0.5793219804763794, actual_distance_to_goal=3.001237154006958)
[DEBUG] [1789468402.792338780] [x500_px4.x500_px4_interface]: Received feedback: as2_msgs.action.GoToWaypoint_Feedback(actual_speed=0.5793610215187073, actual_distance_to_goal=2.717550277709961)
[DEBUG] [1789468403.299521348] [x500_px4.x500_px4_interface]: Received feedback: as2_msgs.action.GoToWaypoint_Feedback(actual_speed=0.5795365571975708, actual_distance_to_goal=2.426844596862793)
[DEBUG] [1789468403.755609773] [x500_px4.x500_px4_interface]: Received feedback: as2_msgs.action.GoToWaypoint_Feedback(actual_speed=0.5798213481903076, actual_distance_to_goal=2.1983892917633057)
[DEBUG] [1789468404.214700194] [x500_px4.x500_px4_interface]: Received feedback: as2_msgs.action.GoToWaypoint_Feedback(actual_speed=0.58016437292099, actual_distance_to_goal=1.9212723970413208)
[DEBUG] [1789468404.727411226] [x500_px4.x500_px4_interface]: Received feedback: as2_msgs.action.GoToWaypoint_Feedback(actual_speed=0.5808814764022827, actual_distance_to_goal=1.6299750804901123)
[DEBUG] [1789468405.235219478] [x500_px4.x500_px4_interface]: Received feedback: as2_msgs.action.GoToWaypoint_Feedback(actual_speed=0.581920862197876, actual_distance_to_goal=1.3381577730178833)
[DEBUG] [1789468405.691916766] [x500_px4.x500_px4_interface]: Received feedback: as2_msgs.action.GoToWaypoint_Feedback(actual_speed=0.5836607813835144, actual_distance_to_goal=1.1082977056503296)
[DEBUG] [1789468405.727115631] [x500_px4.x500_px4_interface]: Result: as2_msgs.action.GoToWaypoint_Result(go_to_success=True)
[DEBUG] [1789468408.272492549] [x500_px4.x500_px4_interface]: Received feedback: as2_msgs.action.GoToWaypoint_Feedback(actual_speed=0.38165855407714844, actual_distance_to_goal=6.1195855140686035)
[DEBUG] [1789468408.779151530] [x500_px4.x500_px4_interface]: Received feedback: as2_msgs.action.GoToWaypoint_Feedback(actual_speed=0.7025648355484009, actual_distance_to_goal=5.850552558898926)
[DEBUG] [1789468409.286178066] [x500_px4.x500_px4_interface]: Received feedback: as2_msgs.action.GoToWaypoint_Feedback(actual_speed=0.6215170621871948, actual_distance_to_goal=5.522854328155518)
[DEBUG] [1789468409.793816726] [x500_px4.x500_px4_interface]: Received feedback: as2_msgs.action.GoToWaypoint_Feedback(actual_speed=0.5553790330886841, actual_distance_to_goal=5.237168312072754)
[DEBUG] [1789468410.301164817] [x500_px4.x500_px4_interface]: Received feedback: as2_msgs.action.GoToWaypoint_Feedback(actual_speed=0.5728213787078857, actual_distance_to_goal=4.953663349151611)
[DEBUG] [1789468410.808950344] [x500_px4.x500_px4_interface]: Received feedback: as2_msgs.action.GoToWaypoint_Feedback(actual_speed=0.585430920124054, actual_distance_to_goal=4.669754981994629)
[DEBUG] [1789468411.315846479] [x500_px4.x500_px4_interface]: Received feedback: as2_msgs.action.GoToWaypoint_Feedback(actual_speed=0.5814321637153625, actual_distance_to_goal=4.3773651123046875)
[DEBUG] [1789468411.825132105] [x500_px4.x500_px4_interface]: Received feedback: as2_msgs.action.GoToWaypoint_Feedback(actual_speed=0.5788074731826782, actual_distance_to_goal=4.093482971191406)
[DEBUG] [1789468412.337653514] [x500_px4.x500_px4_interface]: Received feedback: as2_msgs.action.GoToWaypoint_Feedback(actual_speed=0.5794714689254761, actual_distance_to_goal=3.8030102252960205)
[DEBUG] [1789468412.846564515] [x500_px4.x500_px4_interface]: Received feedback: as2_msgs.action.GoToWaypoint_Feedback(actual_speed=0.5797353386878967, actual_distance_to_goal=3.519212007522583)
[DEBUG] [1789468413.354790908] [x500_px4.x500_px4_interface]: Received feedback: as2_msgs.action.GoToWaypoint_Feedback(actual_speed=0.5794224143028259, actual_distance_to_goal=3.2285192012786865)
[DEBUG] [1789468413.861937494] [x500_px4.x500_px4_interface]: Received feedback: as2_msgs.action.GoToWaypoint_Feedback(actual_speed=0.5792478919029236, actual_distance_to_goal=2.944847822189331)
[DEBUG] [1789468414.367166296] [x500_px4.x500_px4_interface]: Received feedback: as2_msgs.action.GoToWaypoint_Feedback(actual_speed=0.5793106555938721, actual_distance_to_goal=2.5920095443725586)
[DEBUG] [1789468414.872462160] [x500_px4.x500_px4_interface]: Received feedback: as2_msgs.action.GoToWaypoint_Feedback(actual_speed=0.5794257521629333, actual_distance_to_goal=2.3083035945892334)
[DEBUG] [1789468415.379928835] [x500_px4.x500_px4_interface]: Received feedback: as2_msgs.action.GoToWaypoint_Feedback(actual_speed=0.5795407891273499, actual_distance_to_goal=2.024461030960083)
[DEBUG] [1789468415.887184525] [x500_px4.x500_px4_interface]: Received feedback: as2_msgs.action.GoToWaypoint_Feedback(actual_speed=0.5799875855445862, actual_distance_to_goal=1.7334637641906738)
[DEBUG] [1789468416.396266690] [x500_px4.x500_px4_interface]: Received feedback: as2_msgs.action.GoToWaypoint_Feedback(actual_speed=0.5807921290397644, actual_distance_to_goal=1.4491506814956665)
[DEBUG] [1789468416.904093266] [x500_px4.x500_px4_interface]: Received feedback: as2_msgs.action.GoToWaypoint_Feedback(actual_speed=0.5817755460739136, actual_distance_to_goal=1.1435127258300781)
[DEBUG] [1789468417.364455354] [x500_px4.x500_px4_interface]: Received feedback: as2_msgs.action.GoToWaypoint_Feedback(actual_speed=0.5817995071411133, actual_distance_to_goal=1.101761817932129)
[DEBUG] [1789468417.364969139] [x500_px4.x500_px4_interface]: Result: as2_msgs.action.GoToWaypoint_Result(go_to_success=True)
[DEBUG] [1789468419.494200516] [x500_px4.x500_px4_interface]: Received feedback: as2_msgs.action.GoToWaypoint_Feedback(actual_speed=0.19467586278915405, actual_distance_to_goal=4.087108612060547)
[DEBUG] [1789468420.002792034] [x500_px4.x500_px4_interface]: Received feedback: as2_msgs.action.GoToWaypoint_Feedback(actual_speed=0.25641152262687683, actual_distance_to_goal=4.039036750793457)
[DEBUG] [1789468420.511733108] [x500_px4.x500_px4_interface]: Received feedback: as2_msgs.action.GoToWaypoint_Feedback(actual_speed=0.6539127826690674, actual_distance_to_goal=3.7987122535705566)
[DEBUG] [1789468421.020917647] [x500_px4.x500_px4_interface]: Received feedback: as2_msgs.action.GoToWaypoint_Feedback(actual_speed=0.5730296969413757, actual_distance_to_goal=3.501509428024292)
[DEBUG] [1789468421.530058245] [x500_px4.x500_px4_interface]: Received feedback: as2_msgs.action.GoToWaypoint_Feedback(actual_speed=0.4949125349521637, actual_distance_to_goal=3.235544204711914)
[DEBUG] [1789468422.036683123] [x500_px4.x500_px4_interface]: Received feedback: as2_msgs.action.GoToWaypoint_Feedback(actual_speed=0.5174890756607056, actual_distance_to_goal=2.931654214859009)
[DEBUG] [1789468422.546167119] [x500_px4.x500_px4_interface]: Received feedback: as2_msgs.action.GoToWaypoint_Feedback(actual_speed=0.5271691083908081, actual_distance_to_goal=2.674341917037964)
[DEBUG] [1789468423.053757155] [x500_px4.x500_px4_interface]: Received feedback: as2_msgs.action.GoToWaypoint_Feedback(actual_speed=0.5222320556640625, actual_distance_to_goal=2.4100699424743652)
[DEBUG] [1789468423.560226657] [x500_px4.x500_px4_interface]: Received feedback: as2_msgs.action.GoToWaypoint_Feedback(actual_speed=0.5204389691352844, actual_distance_to_goal=2.1473894119262695)
[DEBUG] [1789468424.068241382] [x500_px4.x500_px4_interface]: Received feedback: as2_msgs.action.GoToWaypoint_Feedback(actual_speed=0.5214822888374329, actual_distance_to_goal=1.884792447090149)
[DEBUG] [1789468424.576918294] [x500_px4.x500_px4_interface]: Received feedback: as2_msgs.action.GoToWaypoint_Feedback(actual_speed=0.5217917561531067, actual_distance_to_goal=1.6281427145004272)
[DEBUG] [1789468425.084348445] [x500_px4.x500_px4_interface]: Received feedback: as2_msgs.action.GoToWaypoint_Feedback(actual_speed=0.5215508341789246, actual_distance_to_goal=1.3652361631393433)
[DEBUG] [1789468425.591734297] [x500_px4.x500_px4_interface]: Received feedback: as2_msgs.action.GoToWaypoint_Feedback(actual_speed=0.5220931172370911, actual_distance_to_goal=1.1087661981582642)
[DEBUG] [1789468426.100016284] [x500_px4.x500_px4_interface]: Received feedback: as2_msgs.action.GoToWaypoint_Feedback(actual_speed=0.5208302140235901, actual_distance_to_goal=1.052526593208313)
[DEBUG] [1789468426.187988971] [x500_px4.x500_px4_interface]: Result: as2_msgs.action.GoToWaypoint_Result(go_to_success=True)
[DEBUG] [1789468428.229894582] [x500_px4.x500_px4_interface]: Received feedback: as2_msgs.action.GoToWaypoint_Feedback(actual_speed=0.1426037847995758, actual_distance_to_goal=6.001877307891846)
[DEBUG] [1789468428.737732775] [x500_px4.x500_px4_interface]: Received feedback: as2_msgs.action.GoToWaypoint_Feedback(actual_speed=0.340035080909729, actual_distance_to_goal=5.949965476989746)
[DEBUG] [1789468429.243856385] [x500_px4.x500_px4_interface]: Received feedback: as2_msgs.action.GoToWaypoint_Feedback(actual_speed=0.7416714429855347, actual_distance_to_goal=5.7019524574279785)
[DEBUG] [1789468429.751024762] [x500_px4.x500_px4_interface]: Received feedback: as2_msgs.action.GoToWaypoint_Feedback(actual_speed=0.6427830457687378, actual_distance_to_goal=5.360499858856201)
[DEBUG] [1789468430.257517498] [x500_px4.x500_px4_interface]: Received feedback: as2_msgs.action.GoToWaypoint_Feedback(actual_speed=0.5499609112739563, actual_distance_to_goal=5.0444865226745605)
[DEBUG] [1789468430.766097713] [x500_px4.x500_px4_interface]: Received feedback: as2_msgs.action.GoToWaypoint_Feedback(actual_speed=0.574617862701416, actual_distance_to_goal=4.768117904663086)
[DEBUG] [1789468431.273298010] [x500_px4.x500_px4_interface]: Received feedback: as2_msgs.action.GoToWaypoint_Feedback(actual_speed=0.5900723338127136, actual_distance_to_goal=4.482553958892822)
[DEBUG] [1789468431.780914605] [x500_px4.x500_px4_interface]: Received feedback: as2_msgs.action.GoToWaypoint_Feedback(actual_speed=0.5844696164131165, actual_distance_to_goal=4.1882171630859375)
[DEBUG] [1789468432.289771140] [x500_px4.x500_px4_interface]: Received feedback: as2_msgs.action.GoToWaypoint_Feedback(actual_speed=0.5815058946609497, actual_distance_to_goal=3.9028267860412598)
[DEBUG] [1789468432.797188062] [x500_px4.x500_px4_interface]: Received feedback: as2_msgs.action.GoToWaypoint_Feedback(actual_speed=0.5825852751731873, actual_distance_to_goal=3.6108269691467285)
[DEBUG] [1789468433.304521466] [x500_px4.x500_px4_interface]: Received feedback: as2_msgs.action.GoToWaypoint_Feedback(actual_speed=0.5830574631690979, actual_distance_to_goal=3.3184421062469482)
[DEBUG] [1789468433.811224468] [x500_px4.x500_px4_interface]: Received feedback: as2_msgs.action.GoToWaypoint_Feedback(actual_speed=0.5827434659004211, actual_distance_to_goal=3.032994031906128)
[DEBUG] [1789468434.318803041] [x500_px4.x500_px4_interface]: Received feedback: as2_msgs.action.GoToWaypoint_Feedback(actual_speed=0.5827139616012573, actual_distance_to_goal=2.740609884262085)
[DEBUG] [1789468434.827375873] [x500_px4.x500_px4_interface]: Received feedback: as2_msgs.action.GoToWaypoint_Feedback(actual_speed=0.5828877687454224, actual_distance_to_goal=2.4481546878814697)
[DEBUG] [1789468435.338081659] [x500_px4.x500_px4_interface]: Received feedback: as2_msgs.action.GoToWaypoint_Feedback(actual_speed=0.5830050110816956, actual_distance_to_goal=2.1068246364593506)
[DEBUG] [1789468435.849137354] [x500_px4.x500_px4_interface]: Received feedback: as2_msgs.action.GoToWaypoint_Feedback(actual_speed=0.5835753083229065, actual_distance_to_goal=1.8140475749969482)
[DEBUG] [1789468436.355211828] [x500_px4.x500_px4_interface]: Received feedback: as2_msgs.action.GoToWaypoint_Feedback(actual_speed=0.5843133926391602, actual_distance_to_goal=1.5209143161773682)
[DEBUG] [1789468436.862379954] [x500_px4.x500_px4_interface]: Received feedback: as2_msgs.action.GoToWaypoint_Feedback(actual_speed=0.5855067372322083, actual_distance_to_goal=1.2341169118881226)
[DEBUG] [1789468437.367623484] [x500_px4.x500_px4_interface]: Received feedback: as2_msgs.action.GoToWaypoint_Feedback(actual_speed=0.5854436159133911, actual_distance_to_goal=1.1150352954864502)
[DEBUG] [1789468437.415062886] [x500_px4.x500_px4_interface]: Result: as2_msgs.action.GoToWaypoint_Result(go_to_success=True)
[DEBUG] [1789468439.903979796] [x500_px4.x500_px4_interface]: Received feedback: as2_msgs.action.GoToWaypoint_Feedback(actual_speed=0.1427180916070938, actual_distance_to_goal=6.130279064178467)
[DEBUG] [1789468440.412748558] [x500_px4.x500_px4_interface]: Received feedback: as2_msgs.action.GoToWaypoint_Feedback(actual_speed=0.682039201259613, actual_distance_to_goal=5.899170875549316)
[DEBUG] [1789468440.931119698] [x500_px4.x500_px4_interface]: Received feedback: as2_msgs.action.GoToWaypoint_Feedback(actual_speed=0.6597392559051514, actual_distance_to_goal=5.565164089202881)
[DEBUG] [1789468441.441319909] [x500_px4.x500_px4_interface]: Received feedback: as2_msgs.action.GoToWaypoint_Feedback(actual_speed=0.5632139444351196, actual_distance_to_goal=5.269190788269043)
[DEBUG] [1789468441.951506810] [x500_px4.x500_px4_interface]: Received feedback: as2_msgs.action.GoToWaypoint_Feedback(actual_speed=0.5692949295043945, actual_distance_to_goal=4.984949588775635)
[DEBUG] [1789468442.458984082] [x500_px4.x500_px4_interface]: Received feedback: as2_msgs.action.GoToWaypoint_Feedback(actual_speed=0.5882495045661926, actual_distance_to_goal=4.700889587402344)
[DEBUG] [1789468442.974514053] [x500_px4.x500_px4_interface]: Received feedback: as2_msgs.action.GoToWaypoint_Feedback(actual_speed=0.585133969783783, actual_distance_to_goal=4.35045862197876)
[DEBUG] [1789468443.482393500] [x500_px4.x500_px4_interface]: Received feedback: as2_msgs.action.GoToWaypoint_Feedback(actual_speed=0.5821883082389832, actual_distance_to_goal=4.064753532409668)
[DEBUG] [1789468443.988943069] [x500_px4.x500_px4_interface]: Received feedback: as2_msgs.action.GoToWaypoint_Feedback(actual_speed=0.5828711986541748, actual_distance_to_goal=3.772516965866089)
[DEBUG] [1789468444.501330450] [x500_px4.x500_px4_interface]: Received feedback: as2_msgs.action.GoToWaypoint_Feedback(actual_speed=0.5832577347755432, actual_distance_to_goal=3.486994981765747)
[DEBUG] [1789468445.013301504] [x500_px4.x500_px4_interface]: Received feedback: as2_msgs.action.GoToWaypoint_Feedback(actual_speed=0.5829248428344727, actual_distance_to_goal=3.201467275619507)
[DEBUG] [1789468445.526680132] [x500_px4.x500_px4_interface]: Received feedback: as2_msgs.action.GoToWaypoint_Feedback(actual_speed=0.5826964378356934, actual_distance_to_goal=2.9090657234191895)
[DEBUG] [1789468445.986426672] [x500_px4.x500_px4_interface]: Received feedback: as2_msgs.action.GoToWaypoint_Feedback(actual_speed=0.5826979279518127, actual_distance_to_goal=2.679316282272339)
[DEBUG] [1789468446.494867425] [x500_px4.x500_px4_interface]: Received feedback: as2_msgs.action.GoToWaypoint_Feedback(actual_speed=0.5827341079711914, actual_distance_to_goal=2.3729751110076904)
[DEBUG] [1789468447.000942162] [x500_px4.x500_px4_interface]: Received feedback: as2_msgs.action.GoToWaypoint_Feedback(actual_speed=0.5829272866249084, actual_distance_to_goal=2.045701742172241)
[DEBUG] [1789468447.507641867] [x500_px4.x500_px4_interface]: Received feedback: as2_msgs.action.GoToWaypoint_Feedback(actual_speed=0.5832357406616211, actual_distance_to_goal=1.7391681671142578)
[DEBUG] [1789468448.014029353] [x500_px4.x500_px4_interface]: Received feedback: as2_msgs.action.GoToWaypoint_Feedback(actual_speed=0.5840387344360352, actual_distance_to_goal=1.4531736373901367)
[DEBUG] [1789468448.520834404] [x500_px4.x500_px4_interface]: Received feedback: as2_msgs.action.GoToWaypoint_Feedback(actual_speed=0.5841765999794006, actual_distance_to_goal=1.1597909927368164)
[DEBUG] [1789468449.029868794] [x500_px4.x500_px4_interface]: Received feedback: as2_msgs.action.GoToWaypoint_Feedback(actual_speed=0.5846885442733765, actual_distance_to_goal=1.1038557291030884)
[DEBUG] [1789468449.047324238] [x500_px4.x500_px4_interface]: Result: as2_msgs.action.GoToWaypoint_Result(go_to_success=True)
[DEBUG] [1789468454.352673304] [x500_px4.x500_px4_interface]: Received feedback: as2_msgs.action.GoToWaypoint_Feedback(actual_speed=0.009129304438829422, actual_distance_to_goal=9.899728775024414)
[DEBUG] [1789468454.908991718] [x500_px4.x500_px4_interface]: Received feedback: as2_msgs.action.GoToWaypoint_Feedback(actual_speed=0.0086637232452631, actual_distance_to_goal=9.900023460388184)
[DEBUG] [1789468455.416135327] [x500_px4.x500_px4_interface]: Received feedback: as2_msgs.action.GoToWaypoint_Feedback(actual_speed=0.06753908097743988, actual_distance_to_goal=9.893898010253906)
[DEBUG] [1789468455.926820819] [x500_px4.x500_px4_interface]: Received feedback: as2_msgs.action.GoToWaypoint_Feedback(actual_speed=0.670823872089386, actual_distance_to_goal=9.70407485961914)
[DEBUG] [1789468456.438297072] [x500_px4.x500_px4_interface]: Received feedback: as2_msgs.action.GoToWaypoint_Feedback(actual_speed=0.696990430355072, actual_distance_to_goal=9.369150161743164)
[DEBUG] [1789468456.948985967] [x500_px4.x500_px4_interface]: Received feedback: as2_msgs.action.GoToWaypoint_Feedback(actual_speed=0.5624157190322876, actual_distance_to_goal=9.057205200195312)
[DEBUG] [1789468457.458429684] [x500_px4.x500_px4_interface]: Received feedback: as2_msgs.action.GoToWaypoint_Feedback(actual_speed=0.5601794123649597, actual_distance_to_goal=8.781363487243652)
[DEBUG] [1789468457.966328072] [x500_px4.x500_px4_interface]: Received feedback: as2_msgs.action.GoToWaypoint_Feedback(actual_speed=0.5873729586601257, actual_distance_to_goal=8.498396873474121)
[DEBUG] [1789468458.473033713] [x500_px4.x500_px4_interface]: Received feedback: as2_msgs.action.GoToWaypoint_Feedback(actual_speed=0.5879475474357605, actual_distance_to_goal=8.20956802368164)
[DEBUG] [1789468458.979253687] [x500_px4.x500_px4_interface]: Received feedback: as2_msgs.action.GoToWaypoint_Feedback(actual_speed=0.5827891230583191, actual_distance_to_goal=7.915030479431152)
[DEBUG] [1789468459.485578490] [x500_px4.x500_px4_interface]: Received feedback: as2_msgs.action.GoToWaypoint_Feedback(actual_speed=0.5832118988037109, actual_distance_to_goal=7.621470928192139)
[DEBUG] [1789468459.994698512] [x500_px4.x500_px4_interface]: Received feedback: as2_msgs.action.GoToWaypoint_Feedback(actual_speed=0.5846550464630127, actual_distance_to_goal=7.334413528442383)
[DEBUG] [1789468460.504352359] [x500_px4.x500_px4_interface]: Received feedback: as2_msgs.action.GoToWaypoint_Feedback(actual_speed=0.5850722789764404, actual_distance_to_goal=6.983842849731445)
[DEBUG] [1789468461.018356627] [x500_px4.x500_px4_interface]: Received feedback: as2_msgs.action.GoToWaypoint_Feedback(actual_speed=0.5853284001350403, actual_distance_to_goal=6.689210414886475)
[DEBUG] [1789468461.526867936] [x500_px4.x500_px4_interface]: Received feedback: as2_msgs.action.GoToWaypoint_Feedback(actual_speed=0.5856719017028809, actual_distance_to_goal=6.401406764984131)
[DEBUG] [1789468462.033770870] [x500_px4.x500_px4_interface]: Received feedback: as2_msgs.action.GoToWaypoint_Feedback(actual_speed=0.5863130688667297, actual_distance_to_goal=6.106328964233398)
[DEBUG] [1789468462.542004676] [x500_px4.x500_px4_interface]: Received feedback: as2_msgs.action.GoToWaypoint_Feedback(actual_speed=0.5867188572883606, actual_distance_to_goal=5.818001747131348)
[DEBUG] [1789468463.048071967] [x500_px4.x500_px4_interface]: Received feedback: as2_msgs.action.GoToWaypoint_Feedback(actual_speed=0.5872748494148254, actual_distance_to_goal=5.508352756500244)
[DEBUG] [1789468463.554950912] [x500_px4.x500_px4_interface]: Received feedback: as2_msgs.action.GoToWaypoint_Feedback(actual_speed=0.5879929661750793, actual_distance_to_goal=5.219521999359131)
[DEBUG] [1789468464.063446077] [x500_px4.x500_px4_interface]: Received feedback: as2_msgs.action.GoToWaypoint_Feedback(actual_speed=0.588481068611145, actual_distance_to_goal=4.92331075668335)
[DEBUG] [1789468464.572813836] [x500_px4.x500_px4_interface]: Received feedback: as2_msgs.action.GoToWaypoint_Feedback(actual_speed=0.5889051556587219, actual_distance_to_goal=4.626832485198975)
[DEBUG] [1789468465.079711121] [x500_px4.x500_px4_interface]: Received feedback: as2_msgs.action.GoToWaypoint_Feedback(actual_speed=0.5899244546890259, actual_distance_to_goal=4.337075233459473)
[DEBUG] [1789468465.592225060] [x500_px4.x500_px4_interface]: Received feedback: as2_msgs.action.GoToWaypoint_Feedback(actual_speed=0.5905434489250183, actual_distance_to_goal=4.046929836273193)
[DEBUG] [1789468466.098374169] [x500_px4.x500_px4_interface]: Received feedback: as2_msgs.action.GoToWaypoint_Feedback(actual_speed=0.591429591178894, actual_distance_to_goal=3.7564072608947754)
[DEBUG] [1789468466.555657151] [x500_px4.x500_px4_interface]: Received feedback: as2_msgs.action.GoToWaypoint_Feedback(actual_speed=0.592369019985199, actual_distance_to_goal=3.4583795070648193)
[DEBUG] [1789468467.013531999] [x500_px4.x500_px4_interface]: Received feedback: as2_msgs.action.GoToWaypoint_Feedback(actual_speed=0.5931910276412964, actual_distance_to_goal=3.2238543033599854)
[DEBUG] [1789468467.520174473] [x500_px4.x500_px4_interface]: Received feedback: as2_msgs.action.GoToWaypoint_Feedback(actual_speed=0.5945559144020081, actual_distance_to_goal=2.9248383045196533)
[DEBUG] [1789468468.029184956] [x500_px4.x500_px4_interface]: Received feedback: as2_msgs.action.GoToWaypoint_Feedback(actual_speed=0.5954856872558594, actual_distance_to_goal=2.6323413848876953)
[DEBUG] [1789468468.535997750] [x500_px4.x500_px4_interface]: Received feedback: as2_msgs.action.GoToWaypoint_Feedback(actual_speed=0.5977033972740173, actual_distance_to_goal=2.2748196125030518)
[DEBUG] [1789468469.043918133] [x500_px4.x500_px4_interface]: Received feedback: as2_msgs.action.GoToWaypoint_Feedback(actual_speed=0.5999318361282349, actual_distance_to_goal=1.9734970331192017)
[DEBUG] [1789468469.552943685] [x500_px4.x500_px4_interface]: Received feedback: as2_msgs.action.GoToWaypoint_Feedback(actual_speed=0.601010262966156, actual_distance_to_goal=1.7359834909439087)
[DEBUG] [1789468470.059803171] [x500_px4.x500_px4_interface]: Received feedback: as2_msgs.action.GoToWaypoint_Feedback(actual_speed=0.6038729548454285, actual_distance_to_goal=1.432772159576416)
[DEBUG] [1789468470.569075312] [x500_px4.x500_px4_interface]: Received feedback: as2_msgs.action.GoToWaypoint_Feedback(actual_speed=0.6056724786758423, actual_distance_to_goal=1.1790062189102173)
[DEBUG] [1789468470.601477090] [x500_px4.x500_px4_interface]: Result: as2_msgs.action.GoToWaypoint_Result(go_to_success=True)
[DEBUG] [1789468481.425166168] [x500_px4.x500_px4_interface]: Received feedback: as2_msgs.action.Land_Feedback(actual_land_speed=-0.0001081580194295384, actual_land_height=4.995250225067139)
[DEBUG] [1789468481.882612473] [x500_px4.x500_px4_interface]: Received feedback: as2_msgs.action.Land_Feedback(actual_land_speed=-8.135217649396509e-05, actual_land_height=4.995240211486816)
[DEBUG] [1789468482.390945623] [x500_px4.x500_px4_interface]: Received feedback: as2_msgs.action.Land_Feedback(actual_land_speed=0.007874442264437675, actual_land_height=4.995969295501709)
[DEBUG] [1789468482.902182221] [x500_px4.x500_px4_interface]: Received feedback: as2_msgs.action.Land_Feedback(actual_land_speed=0.002625952707603574, actual_land_height=5.000652313232422)
[DEBUG] [1789468483.359792645] [x500_px4.x500_px4_interface]: Received feedback: as2_msgs.action.Land_Feedback(actual_land_speed=-0.01036995928734541, actual_land_height=4.998971939086914)
[DEBUG] [1789468483.827032531] [x500_px4.x500_px4_interface]: Received feedback: as2_msgs.action.Land_Feedback(actual_land_speed=-0.03298516198992729, actual_land_height=4.987847328186035)
[DEBUG] [1789468484.348053526] [x500_px4.x500_px4_interface]: Received feedback: as2_msgs.action.Land_Feedback(actual_land_speed=-0.0622541606426239, actual_land_height=4.964080333709717)
[DEBUG] [1789468484.860485853] [x500_px4.x500_px4_interface]: Received feedback: as2_msgs.action.Land_Feedback(actual_land_speed=-0.09946087747812271, actual_land_height=4.922820091247559)
[DEBUG] [1789468485.367717672] [x500_px4.x500_px4_interface]: Received feedback: as2_msgs.action.Land_Feedback(actual_land_speed=-0.14034363627433777, actual_land_height=4.864725112915039)
[DEBUG] [1789468485.875952887] [x500_px4.x500_px4_interface]: Received feedback: as2_msgs.action.Land_Feedback(actual_land_speed=-0.1897438019514084, actual_land_height=4.77872896194458)
[DEBUG] [1789468486.382869810] [x500_px4.x500_px4_interface]: Received feedback: as2_msgs.action.Land_Feedback(actual_land_speed=-0.24087019264698029, actual_land_height=4.671836853027344)
[DEBUG] [1789468486.891828440] [x500_px4.x500_px4_interface]: Received feedback: as2_msgs.action.Land_Feedback(actual_land_speed=-0.2964125871658325, actual_land_height=4.535480976104736)
[DEBUG] [1789468487.397649956] [x500_px4.x500_px4_interface]: Received feedback: as2_msgs.action.Land_Feedback(actual_land_speed=-0.3520365357398987, actual_land_height=4.371002197265625)
[DEBUG] [1789468487.853661297] [x500_px4.x500_px4_interface]: Received feedback: as2_msgs.action.Land_Feedback(actual_land_speed=-0.4053169786930084, actual_land_height=4.183603286743164)
[DEBUG] [1789468488.310310092] [x500_px4.x500_px4_interface]: Received feedback: as2_msgs.action.Land_Feedback(actual_land_speed=-0.44405442476272583, actual_land_height=4.009141445159912)
[DEBUG] [1789468488.817534215] [x500_px4.x500_px4_interface]: Received feedback: as2_msgs.action.Land_Feedback(actual_land_speed=-0.47044000029563904, actual_land_height=3.7829604148864746)
[DEBUG] [1789468489.327208944] [x500_px4.x500_px4_interface]: Received feedback: as2_msgs.action.Land_Feedback(actual_land_speed=-0.4840918779373169, actual_land_height=3.5360121726989746)
[DEBUG] [1789468489.838331941] [x500_px4.x500_px4_interface]: Received feedback: as2_msgs.action.Land_Feedback(actual_land_speed=-0.49109479784965515, actual_land_height=3.243147373199463)
[DEBUG] [1789468490.345692469] [x500_px4.x500_px4_interface]: Received feedback: as2_msgs.action.Land_Feedback(actual_land_speed=-0.4941987991333008, actual_land_height=2.9946959018707275)
[DEBUG] [1789468490.852194496] [x500_px4.x500_px4_interface]: Received feedback: as2_msgs.action.Land_Feedback(actual_land_speed=-0.49536392092704773, actual_land_height=2.7571442127227783)
[DEBUG] [1789468491.359436040] [x500_px4.x500_px4_interface]: Received feedback: as2_msgs.action.Land_Feedback(actual_land_speed=-0.49634063243865967, actual_land_height=2.5072224140167236)
[DEBUG] [1789468491.865669231] [x500_px4.x500_px4_interface]: Received feedback: as2_msgs.action.Land_Feedback(actual_land_speed=-0.4973337948322296, actual_land_height=2.256726026535034)
[DEBUG] [1789468492.372463160] [x500_px4.x500_px4_interface]: Received feedback: as2_msgs.action.Land_Feedback(actual_land_speed=-0.4975866973400116, actual_land_height=2.0060207843780518)
[DEBUG] [1789468492.880025901] [x500_px4.x500_px4_interface]: Received feedback: as2_msgs.action.Land_Feedback(actual_land_speed=-0.49803799390792847, actual_land_height=1.7610626220703125)
[DEBUG] [1789468493.387548877] [x500_px4.x500_px4_interface]: Received feedback: as2_msgs.action.Land_Feedback(actual_land_speed=-0.49805277585983276, actual_land_height=1.5100370645523071)
[DEBUG] [1789468493.897492231] [x500_px4.x500_px4_interface]: Received feedback: as2_msgs.action.Land_Feedback(actual_land_speed=-0.487954318523407, actual_land_height=1.2603981494903564)
[DEBUG] [1789468494.409801520] [x500_px4.x500_px4_interface]: Received feedback: as2_msgs.action.Land_Feedback(actual_land_speed=-0.44844046235084534, actual_land_height=1.0298517942428589)
[DEBUG] [1789468494.919251483] [x500_px4.x500_px4_interface]: Received feedback: as2_msgs.action.Land_Feedback(actual_land_speed=-0.4277757704257965, actual_land_height=0.946115255355835)
[DEBUG] [1789468494.972015157] [x500_px4.x500_px4_interface]: Goal failed with status code: 6
[SimpleMission] Inicializando ROS2 e conectando ao drone "x500_px4"...
[SimpleMission] Posicao inicial (home) capturada: (9.000000000154685, -8.889775027093823e-13, -0.013000195922959812)
[SimpleMission] Armando motores...
[SimpleMission] Ativando modo offboard...
[SimpleMission] Decolando até 5.0 m...
[SimpleMission] Decolagem concluída até 5.0!
[DEBUG] Home position capturada: (9.000000000154685, -8.889775027093823e-13, -0.013000195922959812)
[SimpleMission] Resetando percepcao antes da trajetoria de busca...
[SimpleMission] Percepcao resetada: 27 areas descartadas
[missao] Iniciando varredura do cenario...
[SimpleMission] Indo para posicao (-6.00, -6.00, 5.00)...
[SimpleMission] Chegou na posicao de destino!
[SimpleMission] Indo para posicao (-6.00, 0.00, 5.00)...
[SimpleMission] Chegou na posicao de destino!
[SimpleMission] Indo para posicao (-6.00, 6.00, 5.00)...
[SimpleMission] Chegou na posicao de destino!
[SimpleMission] Indo para posicao (-2.00, 6.00, 5.00)...
[SimpleMission] Chegou na posicao de destino!
[SimpleMission] Indo para posicao (-2.00, 0.00, 5.00)...
[SimpleMission] Chegou na posicao de destino!
[SimpleMission] Indo para posicao (-2.00, -6.00, 5.00)...
[SimpleMission] Chegou na posicao de destino!
[SimpleMission] Indo para posicao (2.00, -6.00, 5.00)...
[SimpleMission] Chegou na posicao de destino!
[SimpleMission] Indo para posicao (2.00, 0.00, 5.00)...
[SimpleMission] Chegou na posicao de destino!
[SimpleMission] Indo para posicao (2.00, 6.00, 5.00)...
[SimpleMission] Chegou na posicao de destino!
[SimpleMission] Indo para posicao (6.00, 6.00, 5.00)...
[SimpleMission] Chegou na posicao de destino!
[SimpleMission] Indo para posicao (6.00, 0.00, 5.00)...
[SimpleMission] Chegou na posicao de destino!
[SimpleMission] Indo para posicao (6.00, -6.00, 5.00)...
[SimpleMission] Chegou na posicao de destino!
[missao] Varredura concluida.
[SimpleMission] Esperando candidato estavel (timeout 30.0s)...
[SimpleMission] Candidato ESTAVEL recebido: (-3.15, -2.08, 0.03)
[missao] Indo verificar area em (-3.15, -2.08)
[SimpleMission] Indo para posicao (-3.15, -2.08, 5.00)...
[SimpleMission] Chegou na posicao de destino!
[DEBUG] Alvo: (-3.15, -2.08) | Pose apos go_to: (-3.042636263756258, -2.1667322760149044, 4.8345260031493416)
[missao] Pairando 5s sobre a area candidata antes de pousar...
[DEBUG] Pose durante hover (s=1): (-3.1579980460657797, -2.106484852873524, 4.8037710537112845)
[DEBUG] Pose durante hover (s=2): (-3.1975522267432446, -2.0862024426043893, 4.775186108533642)
[DEBUG] Pose durante hover (s=3): (-3.2111825648868586, -2.0791506679100937, 4.759234805621962)
[DEBUG] Pose durante hover (s=4): (-3.2136638707719727, -2.0775010944322387, 4.756010603180358)
[DEBUG] Pose durante hover (s=5): (-3.2135010785798817, -2.0770491220698517, 4.755265460794385)
[missao] Pouso confirmado.
[SimpleMission] Pousando...
[SimpleMission] Pouso concluído!
[DEBUG] Pose apos land: (-3.545371146624097, -2.0871517258746426, 0.12288296739179677)
[SimpleMission] Garantindo desarme antes de encerrar...
[SimpleMission] Encerrando conexão com o drone...
[SimpleMission] Missão finalizada.
