[0.005s] Invoking command in '/home/developer/aerostack2_ws/build/as2_cli': CMAKE_PREFIX_PATH=/opt/ros/humble /usr/bin/cmake --build /home/developer/aerostack2_ws/build/as2_cli -- -j20 -l20
[0.032s] Invoked command in '/home/developer/aerostack2_ws/build/as2_cli' returned '0': CMAKE_PREFIX_PATH=/opt/ros/humble /usr/bin/cmake --build /home/developer/aerostack2_ws/build/as2_cli -- -j20 -l20
[0.034s] Invoking command in '/home/developer/aerostack2_ws/build/as2_cli': CMAKE_PREFIX_PATH=/opt/ros/humble /usr/bin/cmake --install /home/developer/aerostack2_ws/build/as2_cli
[0.040s] -- Install configuration: ""
[0.041s] -- Execute custom install script
[0.041s] -- Up-to-date symlink: /home/developer/aerostack2_ws/install/as2_cli/share/ament_index/resource_index/package_run_dependencies/as2_cli
[0.041s] -- Up-to-date symlink: /home/developer/aerostack2_ws/install/as2_cli/share/ament_index/resource_index/parent_prefix_path/as2_cli
[0.041s] -- Up-to-date symlink: /home/developer/aerostack2_ws/install/as2_cli/share/as2_cli/environment/ament_prefix_path.sh
[0.041s] -- Up-to-date symlink: /home/developer/aerostack2_ws/install/as2_cli/share/as2_cli/environment/ament_prefix_path.dsv
[0.042s] -- Up-to-date symlink: /home/developer/aerostack2_ws/install/as2_cli/share/as2_cli/environment/path.sh
[0.042s] -- Up-to-date symlink: /home/developer/aerostack2_ws/install/as2_cli/share/as2_cli/environment/path.dsv
[0.042s] -- Up-to-date symlink: /home/developer/aerostack2_ws/install/as2_cli/share/as2_cli/local_setup.bash
[0.042s] -- Up-to-date symlink: /home/developer/aerostack2_ws/install/as2_cli/share/as2_cli/local_setup.sh
[0.042s] -- Up-to-date symlink: /home/developer/aerostack2_ws/install/as2_cli/share/as2_cli/local_setup.zsh
[0.042s] -- Up-to-date symlink: /home/developer/aerostack2_ws/install/as2_cli/share/as2_cli/local_setup.dsv
[0.042s] -- Symlinking: /home/developer/aerostack2_ws/install/as2_cli/share/as2_cli/package.dsv
[0.050s] -- Up-to-date symlink: /home/developer/aerostack2_ws/install/as2_cli/share/ament_index/resource_index/packages/as2_cli
[0.050s] -- Up-to-date symlink: /home/developer/aerostack2_ws/install/as2_cli/share/as2_cli/cmake/as2_cliConfig.cmake
[0.050s] -- Up-to-date symlink: /home/developer/aerostack2_ws/install/as2_cli/share/as2_cli/cmake/as2_cliConfig-version.cmake
[0.050s] -- Up-to-date symlink: /home/developer/aerostack2_ws/install/as2_cli/share/as2_cli/package.xml
[0.051s] Invoked command in '/home/developer/aerostack2_ws/build/as2_cli' returned '0': CMAKE_PREFIX_PATH=/opt/ros/humble /usr/bin/cmake --install /home/developer/aerostack2_ws/build/as2_cli
