[0.010s] Invoking command in '/home/developer/aerostack2_ws/build/as2_alphanumeric_viewer': AMENT_PREFIX_PATH=/home/developer/aerostack2_ws/install/as2_core:/home/developer/aerostack2_ws/install/as2_msgs:${AMENT_PREFIX_PATH} CMAKE_PREFIX_PATH=/home/developer/aerostack2_ws/install/as2_core:/home/developer/aerostack2_ws/install/as2_msgs:/opt/ros/humble LD_LIBRARY_PATH=/home/developer/aerostack2_ws/install/as2_core/lib:/home/developer/aerostack2_ws/install/as2_msgs/lib:${LD_LIBRARY_PATH} PYTHONPATH=/home/developer/aerostack2_ws/install/as2_core/local/lib/python3.10/dist-packages:/home/developer/aerostack2_ws/install/as2_msgs/local/lib/python3.10/dist-packages:${PYTHONPATH} /usr/bin/cmake --build /home/developer/aerostack2_ws/build/as2_alphanumeric_viewer -- -j20 -l20
[0.041s] [35m[1mConsolidate compiler generated dependencies of target as2_alphanumeric_viewer_node[0m
[0.055s] [100%] Built target as2_alphanumeric_viewer_node
[0.061s] Invoked command in '/home/developer/aerostack2_ws/build/as2_alphanumeric_viewer' returned '0': AMENT_PREFIX_PATH=/home/developer/aerostack2_ws/install/as2_core:/home/developer/aerostack2_ws/install/as2_msgs:${AMENT_PREFIX_PATH} CMAKE_PREFIX_PATH=/home/developer/aerostack2_ws/install/as2_core:/home/developer/aerostack2_ws/install/as2_msgs:/opt/ros/humble LD_LIBRARY_PATH=/home/developer/aerostack2_ws/install/as2_core/lib:/home/developer/aerostack2_ws/install/as2_msgs/lib:${LD_LIBRARY_PATH} PYTHONPATH=/home/developer/aerostack2_ws/install/as2_core/local/lib/python3.10/dist-packages:/home/developer/aerostack2_ws/install/as2_msgs/local/lib/python3.10/dist-packages:${PYTHONPATH} /usr/bin/cmake --build /home/developer/aerostack2_ws/build/as2_alphanumeric_viewer -- -j20 -l20
[0.062s] Invoking command in '/home/developer/aerostack2_ws/build/as2_alphanumeric_viewer': AMENT_PREFIX_PATH=/home/developer/aerostack2_ws/install/as2_core:/home/developer/aerostack2_ws/install/as2_msgs:${AMENT_PREFIX_PATH} CMAKE_PREFIX_PATH=/home/developer/aerostack2_ws/install/as2_core:/home/developer/aerostack2_ws/install/as2_msgs:/opt/ros/humble LD_LIBRARY_PATH=/home/developer/aerostack2_ws/install/as2_core/lib:/home/developer/aerostack2_ws/install/as2_msgs/lib:${LD_LIBRARY_PATH} PYTHONPATH=/home/developer/aerostack2_ws/install/as2_core/local/lib/python3.10/dist-packages:/home/developer/aerostack2_ws/install/as2_msgs/local/lib/python3.10/dist-packages:${PYTHONPATH} /usr/bin/cmake --install /home/developer/aerostack2_ws/build/as2_alphanumeric_viewer
[0.069s] -- Install configuration: "Release"
[0.070s] -- Execute custom install script
[0.070s] -- Up-to-date symlink: /home/developer/aerostack2_ws/install/as2_alphanumeric_viewer/share/as2_alphanumeric_viewer/launch/alphanumeric_viewer_launch.py
[0.070s] -- Up-to-date symlink: /home/developer/aerostack2_ws/install/as2_alphanumeric_viewer/lib/as2_alphanumeric_viewer/as2_alphanumeric_viewer_node
[0.071s] -- Up-to-date symlink: /home/developer/aerostack2_ws/install/as2_alphanumeric_viewer/share/ament_index/resource_index/package_run_dependencies/as2_alphanumeric_viewer
[0.071s] -- Up-to-date symlink: /home/developer/aerostack2_ws/install/as2_alphanumeric_viewer/share/ament_index/resource_index/parent_prefix_path/as2_alphanumeric_viewer
[0.071s] -- Up-to-date symlink: /home/developer/aerostack2_ws/install/as2_alphanumeric_viewer/share/as2_alphanumeric_viewer/environment/ament_prefix_path.sh
[0.071s] -- Up-to-date symlink: /home/developer/aerostack2_ws/install/as2_alphanumeric_viewer/share/as2_alphanumeric_viewer/environment/ament_prefix_path.dsv
[0.071s] -- Up-to-date symlink: /home/developer/aerostack2_ws/install/as2_alphanumeric_viewer/share/as2_alphanumeric_viewer/environment/path.sh
[0.071s] -- Up-to-date symlink: /home/developer/aerostack2_ws/install/as2_alphanumeric_viewer/share/as2_alphanumeric_viewer/environment/path.dsv
[0.072s] -- Up-to-date symlink: /home/developer/aerostack2_ws/install/as2_alphanumeric_viewer/share/as2_alphanumeric_viewer/local_setup.bash
[0.072s] -- Up-to-date symlink: /home/developer/aerostack2_ws/install/as2_alphanumeric_viewer/share/as2_alphanumeric_viewer/local_setup.sh
[0.072s] -- Up-to-date symlink: /home/developer/aerostack2_ws/install/as2_alphanumeric_viewer/share/as2_alphanumeric_viewer/local_setup.zsh
[0.072s] -- Up-to-date symlink: /home/developer/aerostack2_ws/install/as2_alphanumeric_viewer/share/as2_alphanumeric_viewer/local_setup.dsv
[0.072s] -- Symlinking: /home/developer/aerostack2_ws/install/as2_alphanumeric_viewer/share/as2_alphanumeric_viewer/package.dsv
[0.079s] -- Up-to-date symlink: /home/developer/aerostack2_ws/install/as2_alphanumeric_viewer/share/ament_index/resource_index/packages/as2_alphanumeric_viewer
[0.079s] -- Up-to-date symlink: /home/developer/aerostack2_ws/install/as2_alphanumeric_viewer/share/as2_alphanumeric_viewer/cmake/as2_alphanumeric_viewerConfig.cmake
[0.079s] -- Up-to-date symlink: /home/developer/aerostack2_ws/install/as2_alphanumeric_viewer/share/as2_alphanumeric_viewer/cmake/as2_alphanumeric_viewerConfig-version.cmake
[0.079s] -- Up-to-date symlink: /home/developer/aerostack2_ws/install/as2_alphanumeric_viewer/share/as2_alphanumeric_viewer/package.xml
[0.081s] Invoked command in '/home/developer/aerostack2_ws/build/as2_alphanumeric_viewer' returned '0': AMENT_PREFIX_PATH=/home/developer/aerostack2_ws/install/as2_core:/home/developer/aerostack2_ws/install/as2_msgs:${AMENT_PREFIX_PATH} CMAKE_PREFIX_PATH=/home/developer/aerostack2_ws/install/as2_core:/home/developer/aerostack2_ws/install/as2_msgs:/opt/ros/humble LD_LIBRARY_PATH=/home/developer/aerostack2_ws/install/as2_core/lib:/home/developer/aerostack2_ws/install/as2_msgs/lib:${LD_LIBRARY_PATH} PYTHONPATH=/home/developer/aerostack2_ws/install/as2_core/local/lib/python3.10/dist-packages:/home/developer/aerostack2_ws/install/as2_msgs/local/lib/python3.10/dist-packages:${PYTHONPATH} /usr/bin/cmake --install /home/developer/aerostack2_ws/build/as2_alphanumeric_viewer
