[0.006s] Invoking command in '/home/developer/aerostack2_ws/build/as2_cli': CMAKE_PREFIX_PATH=/opt/ros/humble /usr/bin/cmake /home/developer/aerostack2_ws/src/aerostack2-tcc_lucca/as2_cli -DAMENT_CMAKE_SYMLINK_INSTALL=1 -DCMAKE_INSTALL_PREFIX=/home/developer/aerostack2_ws/install/as2_cli
[0.091s] -- The C compiler identification is GNU 11.4.0
[0.158s] -- The CXX compiler identification is GNU 11.4.0
[0.162s] -- Detecting C compiler ABI info
[0.215s] -- Detecting C compiler ABI info - done
[0.219s] -- Check for working C compiler: /usr/bin/cc - skipped
[0.219s] -- Detecting C compile features
[0.220s] -- Detecting C compile features - done
[0.222s] -- Detecting CXX compiler ABI info
[0.277s] -- Detecting CXX compiler ABI info - done
[0.284s] -- Check for working CXX compiler: /usr/bin/c++ - skipped
[0.284s] -- Detecting CXX compile features
[0.284s] -- Detecting CXX compile features - done
[0.289s] -- Found ament_cmake: 1.3.14 (/opt/ros/humble/share/ament_cmake/cmake)
[0.389s] -- Found Python3: /usr/bin/python3 (found version "3.10.12") found components: Interpreter 
[0.430s] -- Override CMake install command with custom implementation using symlinks instead of copying resources
[0.494s] -- Configuring done
[0.496s] -- Generating done
[0.498s] -- Build files have been written to: /home/developer/aerostack2_ws/build/as2_cli
[0.502s] Invoked command in '/home/developer/aerostack2_ws/build/as2_cli' returned '0': CMAKE_PREFIX_PATH=/opt/ros/humble /usr/bin/cmake /home/developer/aerostack2_ws/src/aerostack2-tcc_lucca/as2_cli -DAMENT_CMAKE_SYMLINK_INSTALL=1 -DCMAKE_INSTALL_PREFIX=/home/developer/aerostack2_ws/install/as2_cli
[0.503s] Invoking command in '/home/developer/aerostack2_ws/build/as2_cli': CMAKE_PREFIX_PATH=/opt/ros/humble /usr/bin/cmake --build /home/developer/aerostack2_ws/build/as2_cli -- -j20 -l20
[0.533s] Invoked command in '/home/developer/aerostack2_ws/build/as2_cli' returned '0': CMAKE_PREFIX_PATH=/opt/ros/humble /usr/bin/cmake --build /home/developer/aerostack2_ws/build/as2_cli -- -j20 -l20
[0.540s] Invoking command in '/home/developer/aerostack2_ws/build/as2_cli': CMAKE_PREFIX_PATH=/opt/ros/humble /usr/bin/cmake --install /home/developer/aerostack2_ws/build/as2_cli
[0.543s] -- Install configuration: ""
[0.543s] -- Execute custom install script
[0.543s] -- Symlinking: /home/developer/aerostack2_ws/install/as2_cli/share/ament_index/resource_index/package_run_dependencies/as2_cli
[0.548s] -- Symlinking: /home/developer/aerostack2_ws/install/as2_cli/share/ament_index/resource_index/parent_prefix_path/as2_cli
[0.552s] -- Symlinking: /home/developer/aerostack2_ws/install/as2_cli/share/as2_cli/environment/ament_prefix_path.sh
[0.557s] -- Symlinking: /home/developer/aerostack2_ws/install/as2_cli/share/as2_cli/environment/ament_prefix_path.dsv
[0.564s] -- Symlinking: /home/developer/aerostack2_ws/install/as2_cli/share/as2_cli/environment/path.sh
[0.568s] -- Symlinking: /home/developer/aerostack2_ws/install/as2_cli/share/as2_cli/environment/path.dsv
[0.572s] -- Symlinking: /home/developer/aerostack2_ws/install/as2_cli/share/as2_cli/local_setup.bash
[0.577s] -- Symlinking: /home/developer/aerostack2_ws/install/as2_cli/share/as2_cli/local_setup.sh
[0.582s] -- Symlinking: /home/developer/aerostack2_ws/install/as2_cli/share/as2_cli/local_setup.zsh
[0.586s] -- Symlinking: /home/developer/aerostack2_ws/install/as2_cli/share/as2_cli/local_setup.dsv
[0.591s] -- Symlinking: /home/developer/aerostack2_ws/install/as2_cli/share/as2_cli/package.dsv
[0.597s] -- Symlinking: /home/developer/aerostack2_ws/install/as2_cli/share/ament_index/resource_index/packages/as2_cli
[0.602s] -- Symlinking: /home/developer/aerostack2_ws/install/as2_cli/share/as2_cli/cmake/as2_cliConfig.cmake
[0.608s] -- Symlinking: /home/developer/aerostack2_ws/install/as2_cli/share/as2_cli/cmake/as2_cliConfig-version.cmake
[0.614s] -- Symlinking: /home/developer/aerostack2_ws/install/as2_cli/share/as2_cli/package.xml
[0.620s] Invoked command in '/home/developer/aerostack2_ws/build/as2_cli' returned '0': CMAKE_PREFIX_PATH=/opt/ros/humble /usr/bin/cmake --install /home/developer/aerostack2_ws/build/as2_cli
