[0.020s] Invoking command in '/home/developer/aerostack2_ws/build/as2_behavior_tree': AMENT_PREFIX_PATH=/home/developer/aerostack2_ws/install/as2_core:/home/developer/aerostack2_ws/install/as2_msgs:${AMENT_PREFIX_PATH} CMAKE_PREFIX_PATH=/home/developer/aerostack2_ws/install/as2_core:/home/developer/aerostack2_ws/install/as2_msgs:/opt/ros/humble LD_LIBRARY_PATH=/home/developer/aerostack2_ws/install/as2_core/lib:/home/developer/aerostack2_ws/install/as2_msgs/lib:${LD_LIBRARY_PATH} PYTHONPATH=/home/developer/aerostack2_ws/install/as2_core/local/lib/python3.10/dist-packages:/home/developer/aerostack2_ws/install/as2_msgs/local/lib/python3.10/dist-packages:${PYTHONPATH} /usr/bin/cmake /home/developer/aerostack2_ws/src/aerostack2-tcc_lucca/as2_behavior_tree -DAMENT_CMAKE_SYMLINK_INSTALL=1 -DCMAKE_INSTALL_PREFIX=/home/developer/aerostack2_ws/install/as2_behavior_tree
[0.053s] -- The C compiler identification is GNU 11.4.0
[0.101s] -- The CXX compiler identification is GNU 11.4.0
[0.105s] -- Detecting C compiler ABI info
[0.150s] -- Detecting C compiler ABI info - done
[0.154s] -- Check for working C compiler: /usr/bin/cc - skipped
[0.154s] -- Detecting C compile features
[0.154s] -- Detecting C compile features - done
[0.156s] -- Detecting CXX compiler ABI info
[0.200s] -- Detecting CXX compiler ABI info - done
[0.207s] -- Check for working CXX compiler: /usr/bin/c++ - skipped
[0.207s] -- Detecting CXX compile features
[0.208s] -- Detecting CXX compile features - done
[0.211s] -- Found ament_cmake: 1.3.14 (/opt/ros/humble/share/ament_cmake/cmake)
[0.319s] -- Found Python3: /usr/bin/python3 (found version "3.10.12") found components: Interpreter 
[0.360s] -- Override CMake install command with custom implementation using symlinks instead of copying resources
[0.393s] -- Found ament_cmake_ros: 0.10.0 (/opt/ros/humble/share/ament_cmake_ros/cmake)
[0.412s] [31mCMake Error at CMakeLists.txt:33 (find_package):
[0.412s]   By not providing "Findbehaviortree_cpp.cmake" in CMAKE_MODULE_PATH this
[0.412s]   project has asked CMake to find a package configuration file provided by
[0.412s]   "behaviortree_cpp", but CMake did not find one.
[0.412s] 
[0.413s]   Could not find a package configuration file provided by "behaviortree_cpp"
[0.413s]   with any of the following names:
[0.413s] 
[0.413s]     behaviortree_cppConfig.cmake
[0.413s]     behaviortree_cpp-config.cmake
[0.413s] 
[0.413s]   Add the installation prefix of "behaviortree_cpp" to CMAKE_PREFIX_PATH or
[0.413s]   set "behaviortree_cpp_DIR" to a directory containing one of the above
[0.413s]   files.  If "behaviortree_cpp" provides a separate development package or
[0.413s]   SDK, be sure it has been installed.
[0.413s] 
[0.413s] [0m
[0.413s] -- Configuring incomplete, errors occurred!
[0.413s] See also "/home/developer/aerostack2_ws/build/as2_behavior_tree/CMakeFiles/CMakeOutput.log".
[0.417s] Invoked command in '/home/developer/aerostack2_ws/build/as2_behavior_tree' returned '1': AMENT_PREFIX_PATH=/home/developer/aerostack2_ws/install/as2_core:/home/developer/aerostack2_ws/install/as2_msgs:${AMENT_PREFIX_PATH} CMAKE_PREFIX_PATH=/home/developer/aerostack2_ws/install/as2_core:/home/developer/aerostack2_ws/install/as2_msgs:/opt/ros/humble LD_LIBRARY_PATH=/home/developer/aerostack2_ws/install/as2_core/lib:/home/developer/aerostack2_ws/install/as2_msgs/lib:${LD_LIBRARY_PATH} PYTHONPATH=/home/developer/aerostack2_ws/install/as2_core/local/lib/python3.10/dist-packages:/home/developer/aerostack2_ws/install/as2_msgs/local/lib/python3.10/dist-packages:${PYTHONPATH} /usr/bin/cmake /home/developer/aerostack2_ws/src/aerostack2-tcc_lucca/as2_behavior_tree -DAMENT_CMAKE_SYMLINK_INSTALL=1 -DCMAKE_INSTALL_PREFIX=/home/developer/aerostack2_ws/install/as2_behavior_tree
