[0.017s] Invoking command in '/home/developer/aerostack2_ws/build/as2_platform_multirotor_simulator': AMENT_PREFIX_PATH=/home/developer/aerostack2_ws/install/as2_core:/home/developer/aerostack2_ws/install/as2_msgs:${AMENT_PREFIX_PATH} CMAKE_PREFIX_PATH=/home/developer/aerostack2_ws/install/as2_core:/home/developer/aerostack2_ws/install/as2_msgs:/opt/ros/humble LD_LIBRARY_PATH=/home/developer/aerostack2_ws/install/as2_core/lib:/home/developer/aerostack2_ws/install/as2_msgs/lib:${LD_LIBRARY_PATH} PYTHONPATH=/home/developer/aerostack2_ws/install/as2_core/local/lib/python3.10/dist-packages:/home/developer/aerostack2_ws/install/as2_msgs/local/lib/python3.10/dist-packages:${PYTHONPATH} /usr/bin/cmake /home/developer/aerostack2_ws/src/aerostack2-tcc_lucca/as2_aerial_platforms/as2_platform_multirotor_simulator -DAMENT_CMAKE_SYMLINK_INSTALL=1 -DCMAKE_INSTALL_PREFIX=/home/developer/aerostack2_ws/install/as2_platform_multirotor_simulator
[0.055s] -- The C compiler identification is GNU 11.4.0
[0.086s] -- The CXX compiler identification is GNU 11.4.0
[0.091s] -- Detecting C compiler ABI info
[0.142s] -- Detecting C compiler ABI info - done
[0.147s] -- Check for working C compiler: /usr/bin/cc - skipped
[0.147s] -- Detecting C compile features
[0.147s] -- Detecting C compile features - done
[0.149s] -- Detecting CXX compiler ABI info
[0.193s] -- Detecting CXX compiler ABI info - done
[0.198s] -- Check for working CXX compiler: /usr/bin/c++ - skipped
[0.198s] -- Detecting CXX compile features
[0.198s] -- Detecting CXX compile features - done
[0.203s] -- Found ament_cmake: 1.3.14 (/opt/ros/humble/share/ament_cmake/cmake)
[0.301s] -- Found Python3: /usr/bin/python3 (found version "3.10.12") found components: Interpreter 
[0.342s] -- Override CMake install command with custom implementation using symlinks instead of copying resources
[0.375s] -- Found rclcpp: 16.0.19 (/opt/ros/humble/share/rclcpp/cmake)
[0.411s] -- Found rosidl_generator_c: 3.1.8 (/opt/ros/humble/share/rosidl_generator_c/cmake)
[0.416s] -- Found rosidl_adapter: 3.1.8 (/opt/ros/humble/share/rosidl_adapter/cmake)
[0.422s] -- Found rosidl_generator_cpp: 3.1.8 (/opt/ros/humble/share/rosidl_generator_cpp/cmake)
[0.432s] -- Using all available rosidl_typesupport_c: rosidl_typesupport_fastrtps_c;rosidl_typesupport_introspection_c
[0.447s] -- Using all available rosidl_typesupport_cpp: rosidl_typesupport_fastrtps_cpp;rosidl_typesupport_introspection_cpp
[0.479s] -- Found rmw_implementation_cmake: 6.1.2 (/opt/ros/humble/share/rmw_implementation_cmake/cmake)
[0.481s] -- Found rmw_fastrtps_cpp: 6.2.10 (/opt/ros/humble/share/rmw_fastrtps_cpp/cmake)
[0.538s] -- Found OpenSSL: /usr/lib/x86_64-linux-gnu/libcrypto.so (found version "3.0.2")  
[0.556s] -- Found FastRTPS: /opt/ros/humble/include  
[0.589s] -- Using RMW implementation 'rmw_fastrtps_cpp' as default
[0.595s] -- Looking for pthread.h
[0.641s] -- Looking for pthread.h - found
[0.641s] -- Performing Test CMAKE_HAVE_LIBC_PTHREAD
[0.694s] -- Performing Test CMAKE_HAVE_LIBC_PTHREAD - Success
[0.695s] -- Found Threads: TRUE  
[0.749s] -- Found as2_core: 1.1.3 (/home/developer/aerostack2_ws/install/as2_core/share/as2_core/cmake)
[0.752s] -- Created yaml-cpp::yaml-cpp alias from yaml-cpp target
[0.754s] -- Created GeographicLib::GeographicLib target from legacy variables
[0.886s] -- Found eigen3_cmake_module: 0.1.1 (/opt/ros/humble/share/eigen3_cmake_module/cmake)
[0.887s] -- Found Eigen3: TRUE (found version "3.4.0") 
[0.887s] -- Ensuring Eigen3 include directory is part of orocos-kdl CMake target
[1.008s] -- multirotor_simulator not found
[2.610s] -- Found GTest: /usr/lib/x86_64-linux-gnu/cmake/GTest/GTestConfig.cmake (found version "1.11.0")  
[2.618s] -- Found ament_lint_auto: 0.12.15 (/opt/ros/humble/share/ament_lint_auto/cmake)
[2.676s] -- Found gtest sources under '/opt/ros/humble/src/gtest_vendor': C++ tests using 'Google Test' will be built
[2.683s] -- Added test 'copyright' to check source files copyright and LICENSE
[2.684s] -- Added test 'cppcheck' to perform static code analysis on C / C++ code
[2.684s] -- Configured cppcheck include dirs: /home/developer/aerostack2_ws/src/aerostack2-tcc_lucca/as2_aerial_platforms/as2_platform_multirotor_simulator/include;/home/developer/aerostack2_ws/src/aerostack2-tcc_lucca/as2_aerial_platforms/as2_platform_multirotor_simulator/include/as2_platform_multirotor_simulator;/home/developer/aerostack2_ws/src/aerostack2-tcc_lucca/as2_aerial_platforms/as2_platform_multirotor_simulator/{EIGEN3_INCLUDE_DIRS}
[2.685s] -- Configured cppcheck exclude dirs and/or files: 
[2.686s] -- Added test 'cpplint' to check C / C++ code against the Google style
[2.686s] -- Configured cpplint exclude dirs and/or files: 
[2.686s] -- Added test 'flake8' to check Python code syntax and style conventions
[2.686s] -- Added test 'lint_cmake' to check CMake code style
[2.686s] -- Added test 'pep257' to check Python code against some of the docstring style conventions in PEP 257
[2.687s] -- Added test 'uncrustify' to check C / C++ code style
[2.687s] -- Configured uncrustify additional arguments: 
[2.687s] -- Added test 'xmllint' to check XML markup files
[2.688s] -- Configuring done
[2.725s] -- Generating done
[2.738s] -- Build files have been written to: /home/developer/aerostack2_ws/build/as2_platform_multirotor_simulator
