running develop
running egg_info
creating as2_keyboard_teleoperation.egg-info
writing as2_keyboard_teleoperation.egg-info/PKG-INFO
writing dependency_links to as2_keyboard_teleoperation.egg-info/dependency_links.txt
writing requirements to as2_keyboard_teleoperation.egg-info/requires.txt
writing top-level names to as2_keyboard_teleoperation.egg-info/top_level.txt
writing manifest file 'as2_keyboard_teleoperation.egg-info/SOURCES.txt'
reading manifest file 'as2_keyboard_teleoperation.egg-info/SOURCES.txt'
writing manifest file 'as2_keyboard_teleoperation.egg-info/SOURCES.txt'
running build_ext
Creating /home/developer/aerostack2_ws/install/as2_keyboard_teleoperation/lib/python3.10/site-packages/as2-keyboard-teleoperation.egg-link (link to .)

Installed /home/developer/aerostack2_ws/build/as2_keyboard_teleoperation
running symlink_data
creating /home/developer/aerostack2_ws/install/as2_keyboard_teleoperation/share/ament_index
creating /home/developer/aerostack2_ws/install/as2_keyboard_teleoperation/share/ament_index/resource_index
creating /home/developer/aerostack2_ws/install/as2_keyboard_teleoperation/share/ament_index/resource_index/packages
symbolically linking /home/developer/aerostack2_ws/build/as2_keyboard_teleoperation/resource/as2_keyboard_teleoperation -> /home/developer/aerostack2_ws/install/as2_keyboard_teleoperation/share/ament_index/resource_index/packages
symbolically linking /home/developer/aerostack2_ws/build/as2_keyboard_teleoperation/package.xml -> /home/developer/aerostack2_ws/install/as2_keyboard_teleoperation/share/as2_keyboard_teleoperation
creating /home/developer/aerostack2_ws/install/as2_keyboard_teleoperation/share/as2_keyboard_teleoperation/launch
symbolically linking /home/developer/aerostack2_ws/build/as2_keyboard_teleoperation/launch/as2_keyboard_teleoperation_launch.py -> /home/developer/aerostack2_ws/install/as2_keyboard_teleoperation/share/as2_keyboard_teleoperation/launch
symbolically linking /home/developer/aerostack2_ws/build/as2_keyboard_teleoperation/as2_keyboard_teleoperation/keyboard_teleoperation.py -> /home/developer/aerostack2_ws/install/as2_keyboard_teleoperation/share/as2_keyboard_teleoperation
symbolically linking /home/developer/aerostack2_ws/build/as2_keyboard_teleoperation/as2_keyboard_teleoperation/drone_manager.py -> /home/developer/aerostack2_ws/install/as2_keyboard_teleoperation/share/as2_keyboard_teleoperation
symbolically linking /home/developer/aerostack2_ws/build/as2_keyboard_teleoperation/as2_keyboard_teleoperation/main_window.py -> /home/developer/aerostack2_ws/install/as2_keyboard_teleoperation/share/as2_keyboard_teleoperation
symbolically linking /home/developer/aerostack2_ws/build/as2_keyboard_teleoperation/as2_keyboard_teleoperation/settings_window.py -> /home/developer/aerostack2_ws/install/as2_keyboard_teleoperation/share/as2_keyboard_teleoperation
symbolically linking /home/developer/aerostack2_ws/build/as2_keyboard_teleoperation/as2_keyboard_teleoperation/localization_window.py -> /home/developer/aerostack2_ws/install/as2_keyboard_teleoperation/share/as2_keyboard_teleoperation
symbolically linking /home/developer/aerostack2_ws/build/as2_keyboard_teleoperation/as2_keyboard_teleoperation/config_values.py -> /home/developer/aerostack2_ws/install/as2_keyboard_teleoperation/share/as2_keyboard_teleoperation
creating /home/developer/aerostack2_ws/install/as2_keyboard_teleoperation/share/as2_keyboard_teleoperation/config
symbolically linking /home/developer/aerostack2_ws/build/as2_keyboard_teleoperation/config/teleop_values_config.yaml -> /home/developer/aerostack2_ws/install/as2_keyboard_teleoperation/share/as2_keyboard_teleoperation/config
