[0.375s] Invoking command in '/home/developer/aerostack2_ws/build/as2_keyboard_teleoperation': AMENT_PREFIX_PATH=/home/developer/aerostack2_ws/install/as2_python_api:/home/developer/aerostack2_ws/install/as2_motion_reference_handlers:/home/developer/aerostack2_ws/install/as2_core:/home/developer/aerostack2_ws/install/as2_msgs:${AMENT_PREFIX_PATH} AS2_MODULES_PATH=/home/developer/aerostack2_ws/install/as2_python_api/share/as2_python_api/modules CMAKE_PREFIX_PATH=/home/developer/aerostack2_ws/install/as2_motion_reference_handlers:/home/developer/aerostack2_ws/install/as2_core:/home/developer/aerostack2_ws/install/as2_msgs LD_LIBRARY_PATH=/home/developer/aerostack2_ws/install/as2_python_api/lib:/home/developer/aerostack2_ws/install/as2_motion_reference_handlers/lib:/home/developer/aerostack2_ws/install/as2_core/lib:/home/developer/aerostack2_ws/install/as2_msgs/lib:${LD_LIBRARY_PATH} PYTHONPATH=/home/developer/aerostack2_ws/build/as2_keyboard_teleoperation/prefix_override:/usr/lib/python3/dist-packages/colcon_core/task/python/colcon_distutils_commands:/home/developer/aerostack2_ws/install/as2_keyboard_teleoperation/lib/python3.10/site-packages:/home/developer/aerostack2_ws/build/as2_python_api:/home/developer/aerostack2_ws/install/as2_python_api/lib/python3.10/site-packages:/home/developer/aerostack2_ws/install/as2_motion_reference_handlers/local/lib/python3.10/dist-packages:/home/developer/aerostack2_ws/install/as2_core/local/lib/python3.10/dist-packages:/home/developer/aerostack2_ws/install/as2_msgs/local/lib/python3.10/dist-packages:${PYTHONPATH} /usr/bin/python3 -W ignore:setup.py install is deprecated -W ignore:easy_install command is deprecated setup.py develop --editable --build-directory /home/developer/aerostack2_ws/build/as2_keyboard_teleoperation/build --no-deps symlink_data
[0.515s] running develop
[0.592s] running egg_info
[0.593s] creating as2_keyboard_teleoperation.egg-info
[0.593s] writing as2_keyboard_teleoperation.egg-info/PKG-INFO
[0.593s] writing dependency_links to as2_keyboard_teleoperation.egg-info/dependency_links.txt
[0.593s] writing requirements to as2_keyboard_teleoperation.egg-info/requires.txt
[0.593s] writing top-level names to as2_keyboard_teleoperation.egg-info/top_level.txt
[0.593s] writing manifest file 'as2_keyboard_teleoperation.egg-info/SOURCES.txt'
[0.594s] reading manifest file 'as2_keyboard_teleoperation.egg-info/SOURCES.txt'
[0.595s] writing manifest file 'as2_keyboard_teleoperation.egg-info/SOURCES.txt'
[0.595s] running build_ext
[0.595s] Creating /home/developer/aerostack2_ws/install/as2_keyboard_teleoperation/lib/python3.10/site-packages/as2-keyboard-teleoperation.egg-link (link to .)
[0.596s] 
[0.596s] Installed /home/developer/aerostack2_ws/build/as2_keyboard_teleoperation
[0.596s] running symlink_data
[0.596s] creating /home/developer/aerostack2_ws/install/as2_keyboard_teleoperation/share/ament_index
[0.596s] creating /home/developer/aerostack2_ws/install/as2_keyboard_teleoperation/share/ament_index/resource_index
[0.596s] creating /home/developer/aerostack2_ws/install/as2_keyboard_teleoperation/share/ament_index/resource_index/packages
[0.596s] symbolically linking /home/developer/aerostack2_ws/build/as2_keyboard_teleoperation/resource/as2_keyboard_teleoperation -> /home/developer/aerostack2_ws/install/as2_keyboard_teleoperation/share/ament_index/resource_index/packages
[0.596s] symbolically linking /home/developer/aerostack2_ws/build/as2_keyboard_teleoperation/package.xml -> /home/developer/aerostack2_ws/install/as2_keyboard_teleoperation/share/as2_keyboard_teleoperation
[0.596s] creating /home/developer/aerostack2_ws/install/as2_keyboard_teleoperation/share/as2_keyboard_teleoperation/launch
[0.596s] symbolically linking /home/developer/aerostack2_ws/build/as2_keyboard_teleoperation/launch/as2_keyboard_teleoperation_launch.py -> /home/developer/aerostack2_ws/install/as2_keyboard_teleoperation/share/as2_keyboard_teleoperation/launch
[0.596s] symbolically linking /home/developer/aerostack2_ws/build/as2_keyboard_teleoperation/as2_keyboard_teleoperation/keyboard_teleoperation.py -> /home/developer/aerostack2_ws/install/as2_keyboard_teleoperation/share/as2_keyboard_teleoperation
[0.596s] symbolically linking /home/developer/aerostack2_ws/build/as2_keyboard_teleoperation/as2_keyboard_teleoperation/drone_manager.py -> /home/developer/aerostack2_ws/install/as2_keyboard_teleoperation/share/as2_keyboard_teleoperation
[0.596s] symbolically linking /home/developer/aerostack2_ws/build/as2_keyboard_teleoperation/as2_keyboard_teleoperation/main_window.py -> /home/developer/aerostack2_ws/install/as2_keyboard_teleoperation/share/as2_keyboard_teleoperation
[0.596s] symbolically linking /home/developer/aerostack2_ws/build/as2_keyboard_teleoperation/as2_keyboard_teleoperation/settings_window.py -> /home/developer/aerostack2_ws/install/as2_keyboard_teleoperation/share/as2_keyboard_teleoperation
[0.596s] symbolically linking /home/developer/aerostack2_ws/build/as2_keyboard_teleoperation/as2_keyboard_teleoperation/localization_window.py -> /home/developer/aerostack2_ws/install/as2_keyboard_teleoperation/share/as2_keyboard_teleoperation
[0.597s] symbolically linking /home/developer/aerostack2_ws/build/as2_keyboard_teleoperation/as2_keyboard_teleoperation/config_values.py -> /home/developer/aerostack2_ws/install/as2_keyboard_teleoperation/share/as2_keyboard_teleoperation
[0.597s] creating /home/developer/aerostack2_ws/install/as2_keyboard_teleoperation/share/as2_keyboard_teleoperation/config
[0.597s] symbolically linking /home/developer/aerostack2_ws/build/as2_keyboard_teleoperation/config/teleop_values_config.yaml -> /home/developer/aerostack2_ws/install/as2_keyboard_teleoperation/share/as2_keyboard_teleoperation/config
[0.614s] Invoked command in '/home/developer/aerostack2_ws/build/as2_keyboard_teleoperation' returned '0': AMENT_PREFIX_PATH=/home/developer/aerostack2_ws/install/as2_python_api:/home/developer/aerostack2_ws/install/as2_motion_reference_handlers:/home/developer/aerostack2_ws/install/as2_core:/home/developer/aerostack2_ws/install/as2_msgs:${AMENT_PREFIX_PATH} AS2_MODULES_PATH=/home/developer/aerostack2_ws/install/as2_python_api/share/as2_python_api/modules CMAKE_PREFIX_PATH=/home/developer/aerostack2_ws/install/as2_motion_reference_handlers:/home/developer/aerostack2_ws/install/as2_core:/home/developer/aerostack2_ws/install/as2_msgs LD_LIBRARY_PATH=/home/developer/aerostack2_ws/install/as2_python_api/lib:/home/developer/aerostack2_ws/install/as2_motion_reference_handlers/lib:/home/developer/aerostack2_ws/install/as2_core/lib:/home/developer/aerostack2_ws/install/as2_msgs/lib:${LD_LIBRARY_PATH} PYTHONPATH=/home/developer/aerostack2_ws/build/as2_keyboard_teleoperation/prefix_override:/usr/lib/python3/dist-packages/colcon_core/task/python/colcon_distutils_commands:/home/developer/aerostack2_ws/install/as2_keyboard_teleoperation/lib/python3.10/site-packages:/home/developer/aerostack2_ws/build/as2_python_api:/home/developer/aerostack2_ws/install/as2_python_api/lib/python3.10/site-packages:/home/developer/aerostack2_ws/install/as2_motion_reference_handlers/local/lib/python3.10/dist-packages:/home/developer/aerostack2_ws/install/as2_core/local/lib/python3.10/dist-packages:/home/developer/aerostack2_ws/install/as2_msgs/local/lib/python3.10/dist-packages:${PYTHONPATH} /usr/bin/python3 -W ignore:setup.py install is deprecated -W ignore:easy_install command is deprecated setup.py develop --editable --build-directory /home/developer/aerostack2_ws/build/as2_keyboard_teleoperation/build --no-deps symlink_data
