[0.008s] Invoking command in '/home/developer/aerostack2_ws/build/as2_realsense_interface': AMENT_PREFIX_PATH=/home/developer/aerostack2_ws/install/as2_core:/home/developer/aerostack2_ws/install/as2_msgs:${AMENT_PREFIX_PATH} CMAKE_PREFIX_PATH=/home/developer/aerostack2_ws/install/as2_core:/home/developer/aerostack2_ws/install/as2_msgs:/opt/ros/humble LD_LIBRARY_PATH=/home/developer/aerostack2_ws/install/as2_core/lib:/home/developer/aerostack2_ws/install/as2_msgs/lib:${LD_LIBRARY_PATH} PYTHONPATH=/home/developer/aerostack2_ws/install/as2_core/local/lib/python3.10/dist-packages:/home/developer/aerostack2_ws/install/as2_msgs/local/lib/python3.10/dist-packages:${PYTHONPATH} /usr/bin/cmake --build /home/developer/aerostack2_ws/build/as2_realsense_interface -- -j20 -l20
[0.047s] [35m[1mConsolidate compiler generated dependencies of target gtest[0m
[0.047s] [35m[1mConsolidate compiler generated dependencies of target as2_realsense_interface_node[0m
[0.047s] [35m[1mConsolidate compiler generated dependencies of target as2_realsense_interface[0m
[0.057s] [ 36%] Built target gtest_main
[0.057s] [ 36%] Built target gtest
[0.061s] [ 54%] Built target as2_realsense_interface
[0.066s] [ 81%] Built target as2_realsense_interface_node
[0.070s] [35m[1mConsolidate compiler generated dependencies of target as2_realsense_interface_as2_realsense_interface_gtest[0m
[0.083s] [100%] Built target as2_realsense_interface_as2_realsense_interface_gtest
[0.091s] Invoked command in '/home/developer/aerostack2_ws/build/as2_realsense_interface' returned '0': AMENT_PREFIX_PATH=/home/developer/aerostack2_ws/install/as2_core:/home/developer/aerostack2_ws/install/as2_msgs:${AMENT_PREFIX_PATH} CMAKE_PREFIX_PATH=/home/developer/aerostack2_ws/install/as2_core:/home/developer/aerostack2_ws/install/as2_msgs:/opt/ros/humble LD_LIBRARY_PATH=/home/developer/aerostack2_ws/install/as2_core/lib:/home/developer/aerostack2_ws/install/as2_msgs/lib:${LD_LIBRARY_PATH} PYTHONPATH=/home/developer/aerostack2_ws/install/as2_core/local/lib/python3.10/dist-packages:/home/developer/aerostack2_ws/install/as2_msgs/local/lib/python3.10/dist-packages:${PYTHONPATH} /usr/bin/cmake --build /home/developer/aerostack2_ws/build/as2_realsense_interface -- -j20 -l20
[0.092s] Invoking command in '/home/developer/aerostack2_ws/build/as2_realsense_interface': AMENT_PREFIX_PATH=/home/developer/aerostack2_ws/install/as2_core:/home/developer/aerostack2_ws/install/as2_msgs:${AMENT_PREFIX_PATH} CMAKE_PREFIX_PATH=/home/developer/aerostack2_ws/install/as2_core:/home/developer/aerostack2_ws/install/as2_msgs:/opt/ros/humble LD_LIBRARY_PATH=/home/developer/aerostack2_ws/install/as2_core/lib:/home/developer/aerostack2_ws/install/as2_msgs/lib:${LD_LIBRARY_PATH} PYTHONPATH=/home/developer/aerostack2_ws/install/as2_core/local/lib/python3.10/dist-packages:/home/developer/aerostack2_ws/install/as2_msgs/local/lib/python3.10/dist-packages:${PYTHONPATH} /usr/bin/cmake --install /home/developer/aerostack2_ws/build/as2_realsense_interface
[0.099s] -- Install configuration: "Release"
[0.100s] -- Execute custom install script
[0.100s] -- Up-to-date symlink: /home/developer/aerostack2_ws/install/as2_realsense_interface/include/as2_realsense_interface/as2_realsense_interface.hpp
[0.100s] -- Up-to-date symlink: /home/developer/aerostack2_ws/install/as2_realsense_interface/lib/as2_realsense_interface/as2_realsense_interface_node
[0.101s] -- Up-to-date symlink: /home/developer/aerostack2_ws/install/as2_realsense_interface/share/as2_realsense_interface/launch/as2_realsense_interface_launch.py
[0.101s] -- Up-to-date symlink: /home/developer/aerostack2_ws/install/as2_realsense_interface/share/as2_realsense_interface/launch/as2_realsense_interface_t265_launch.py
[0.102s] -- Up-to-date symlink: /home/developer/aerostack2_ws/install/as2_realsense_interface/share/as2_realsense_interface/config/realsense_interface/d435i/params.yaml
[0.102s] -- Up-to-date symlink: /home/developer/aerostack2_ws/install/as2_realsense_interface/share/as2_realsense_interface/config/realsense_interface/d435i/tf_sensors.yaml
[0.102s] -- Up-to-date symlink: /home/developer/aerostack2_ws/install/as2_realsense_interface/share/as2_realsense_interface/config/realsense_interface/t265/params.yaml
[0.102s] -- Up-to-date symlink: /home/developer/aerostack2_ws/install/as2_realsense_interface/share/as2_realsense_interface/config/realsense_interface/t265/tf_sensors.yaml
[0.102s] -- Up-to-date symlink: /home/developer/aerostack2_ws/install/as2_realsense_interface/share/as2_realsense_interface/config/tf_device/d435i.yaml
[0.102s] -- Up-to-date symlink: /home/developer/aerostack2_ws/install/as2_realsense_interface/share/as2_realsense_interface/config/tf_device/t265.yaml
[0.103s] -- Up-to-date symlink: /home/developer/aerostack2_ws/install/as2_realsense_interface/share/ament_index/resource_index/package_run_dependencies/as2_realsense_interface
[0.103s] -- Up-to-date symlink: /home/developer/aerostack2_ws/install/as2_realsense_interface/share/ament_index/resource_index/parent_prefix_path/as2_realsense_interface
[0.103s] -- Up-to-date symlink: /home/developer/aerostack2_ws/install/as2_realsense_interface/share/as2_realsense_interface/environment/ament_prefix_path.sh
[0.103s] -- Up-to-date symlink: /home/developer/aerostack2_ws/install/as2_realsense_interface/share/as2_realsense_interface/environment/ament_prefix_path.dsv
[0.103s] -- Up-to-date symlink: /home/developer/aerostack2_ws/install/as2_realsense_interface/share/as2_realsense_interface/environment/path.sh
[0.104s] -- Up-to-date symlink: /home/developer/aerostack2_ws/install/as2_realsense_interface/share/as2_realsense_interface/environment/path.dsv
[0.104s] -- Up-to-date symlink: /home/developer/aerostack2_ws/install/as2_realsense_interface/share/as2_realsense_interface/local_setup.bash
[0.104s] -- Up-to-date symlink: /home/developer/aerostack2_ws/install/as2_realsense_interface/share/as2_realsense_interface/local_setup.sh
[0.104s] -- Up-to-date symlink: /home/developer/aerostack2_ws/install/as2_realsense_interface/share/as2_realsense_interface/local_setup.zsh
[0.104s] -- Up-to-date symlink: /home/developer/aerostack2_ws/install/as2_realsense_interface/share/as2_realsense_interface/local_setup.dsv
[0.104s] -- Symlinking: /home/developer/aerostack2_ws/install/as2_realsense_interface/share/as2_realsense_interface/package.dsv
[0.110s] -- Up-to-date symlink: /home/developer/aerostack2_ws/install/as2_realsense_interface/share/ament_index/resource_index/packages/as2_realsense_interface
[0.110s] -- Up-to-date symlink: /home/developer/aerostack2_ws/install/as2_realsense_interface/share/as2_realsense_interface/cmake/as2_realsense_interfaceConfig.cmake
[0.110s] -- Up-to-date symlink: /home/developer/aerostack2_ws/install/as2_realsense_interface/share/as2_realsense_interface/cmake/as2_realsense_interfaceConfig-version.cmake
[0.110s] -- Up-to-date symlink: /home/developer/aerostack2_ws/install/as2_realsense_interface/share/as2_realsense_interface/package.xml
[0.110s] -- Up-to-date: /home/developer/aerostack2_ws/install/as2_realsense_interface/lib/libas2_realsense_interface.a
[0.112s] Invoked command in '/home/developer/aerostack2_ws/build/as2_realsense_interface' returned '0': AMENT_PREFIX_PATH=/home/developer/aerostack2_ws/install/as2_core:/home/developer/aerostack2_ws/install/as2_msgs:${AMENT_PREFIX_PATH} CMAKE_PREFIX_PATH=/home/developer/aerostack2_ws/install/as2_core:/home/developer/aerostack2_ws/install/as2_msgs:/opt/ros/humble LD_LIBRARY_PATH=/home/developer/aerostack2_ws/install/as2_core/lib:/home/developer/aerostack2_ws/install/as2_msgs/lib:${LD_LIBRARY_PATH} PYTHONPATH=/home/developer/aerostack2_ws/install/as2_core/local/lib/python3.10/dist-packages:/home/developer/aerostack2_ws/install/as2_msgs/local/lib/python3.10/dist-packages:${PYTHONPATH} /usr/bin/cmake --install /home/developer/aerostack2_ws/build/as2_realsense_interface
